W_Complete_application W_Call_after_offers W_Validate_application W_Call_incomplete_files W_Validate_application W_Call_incomplete_files W_Validate_application W_Call_incomplete_files 
W_Complete_application W_Call_after_offers W_Validate_application W_Call_incomplete_files W_Validate_application W_Call_incomplete_files W_Validate_application W_Call_incomplete_files 
W_Complete_application W_Call_after_offers W_Validate_application W_Call_incomplete_files W_Validate_application W_Call_incomplete_files W_Validate_application 
W_Complete_application W_Call_after_offers W_Validate_application W_Call_incomplete_files W_Validate_application W_Call_incomplete_files W_Validate_application 
W_Complete_application W_Call_after_offers W_Validate_application 
W_Complete_application W_Call_after_offers W_Validate_application 
W_Call_after_offers W_Validate_application 
W_Complete_application W_Call_after_offers W_Validate_application 
W_Complete_application W_Call_after_offers W_Validate_application W_Call_incomplete_files 
W_Complete_application W_Call_after_offers W_Validate_application W_Call_incomplete_files W_Validate_application W_Call_incomplete_files W_Validate_application W_Assess_potential_fraud W_Validate_application 
W_Complete_application W_Call_after_offers 
W_Complete_application W_Call_after_offers W_Validate_application 
W_Call_after_offers W_Validate_application W_Call_incomplete_files W_Validate_application W_Validate_application 
W_Complete_application W_Call_after_offers 
W_Complete_application W_Call_after_offers W_Validate_application W_Call_incomplete_files 
W_Handle_leads W_Complete_application W_Call_after_offers W_Validate_application W_Call_incomplete_files W_Validate_application 
W_Complete_application W_Call_after_offers W_Validate_application W_Call_incomplete_files W_Validate_application 
W_Complete_application W_Call_after_offers W_Validate_application W_Call_incomplete_files W_Validate_application 
W_Handle_leads W_Complete_application W_Call_after_offers W_Validate_application W_Call_incomplete_files W_Validate_application W_Call_incomplete_files W_Validate_application W_Call_incomplete_files W_Validate_application W_Call_incomplete_files W_Validate_application W_Call_incomplete_files W_Validate_application W_Call_incomplete_files W_Validate_application 
W_Complete_application W_Call_after_offers W_Validate_application 
W_Complete_application W_Call_after_offers W_Validate_application W_Call_incomplete_files W_Validate_application W_Call_incomplete_files W_Validate_application 
W_Complete_application W_Call_after_offers W_Validate_application W_Call_incomplete_files W_Validate_application W_Call_incomplete_files 
W_Complete_application W_Call_after_offers W_Validate_application W_Call_incomplete_files W_Validate_application W_Call_incomplete_files W_Validate_application W_Call_incomplete_files 
W_Complete_application W_Call_after_offers W_Validate_application W_Call_incomplete_files W_Validate_application W_Call_incomplete_files W_Validate_application 
W_Complete_application W_Call_after_offers 
W_Complete_application W_Call_after_offers W_Validate_application 
W_Complete_application W_Call_after_offers 
W_Complete_application W_Call_after_offers 
W_Complete_application W_Call_after_offers W_Validate_application W_Call_incomplete_files W_Validate_application W_Call_incomplete_files W_Validate_application 
W_Complete_application W_Call_after_offers 
W_Complete_application W_Call_after_offers 
W_Complete_application W_Call_after_offers 
W_Complete_application W_Call_after_offers W_Validate_application 
W_Complete_application W_Call_after_offers 
W_Complete_application W_Call_after_offers W_Validate_application W_Call_incomplete_files W_Validate_application W_Call_incomplete_files W_Validate_application W_Call_incomplete_files 
W_Complete_application W_Call_after_offers 
W_Complete_application W_Call_after_offers W_Validate_application 
W_Handle_leads W_Complete_application W_Call_after_offers W_Validate_application W_Call_incomplete_files W_Validate_application W_Call_incomplete_files 
W_Complete_application W_Call_after_offers W_Validate_application W_Call_incomplete_files W_Validate_application 
W_Complete_application W_Call_after_offers 
W_Handle_leads W_Complete_application W_Call_after_offers W_Validate_application W_Call_incomplete_files W_Validate_application 
W_Complete_application W_Call_after_offers W_Validate_application W_Call_incomplete_files W_Validate_application W_Call_incomplete_files W_Validate_application 
W_Complete_application W_Call_after_offers W_Validate_application W_Call_incomplete_files 
W_Handle_leads W_Complete_application W_Call_after_offers 
W_Complete_application W_Call_after_offers 
W_Handle_leads W_Complete_application W_Call_after_offers W_Validate_application W_Call_incomplete_files W_Validate_application W_Call_incomplete_files W_Validate_application W_Call_incomplete_files 
W_Complete_application W_Call_after_offers W_Validate_application W_Call_incomplete_files W_Validate_application 
W_Complete_application W_Call_after_offers 
W_Complete_application W_Call_after_offers W_Validate_application 
W_Complete_application W_Call_after_offers W_Validate_application 
W_Complete_application W_Call_after_offers W_Validate_application 
W_Complete_application W_Call_after_offers W_Validate_application W_Call_incomplete_files 
W_Handle_leads W_Complete_application W_Call_after_offers W_Validate_application W_Call_incomplete_files 
W_Complete_application W_Call_after_offers W_Validate_application W_Call_incomplete_files 
W_Complete_application W_Call_after_offers 
W_Complete_application W_Call_after_offers W_Validate_application W_Call_incomplete_files W_Validate_application W_Call_incomplete_files W_Validate_application W_Call_incomplete_files W_Validate_application W_Call_incomplete_files 
W_Call_after_offers W_Validate_application W_Call_incomplete_files W_Validate_application 
W_Complete_application W_Call_after_offers W_Validate_application W_Call_incomplete_files W_Validate_application W_Call_incomplete_files 
W_Complete_application W_Call_after_offers 
W_Complete_application W_Call_after_offers W_Validate_application 
W_Complete_application W_Call_after_offers W_Validate_application W_Call_incomplete_files W_Validate_application 
W_Complete_application W_Call_after_offers W_Validate_application W_Call_incomplete_files W_Validate_application W_Call_incomplete_files 
W_Complete_application W_Call_after_offers W_Validate_application W_Call_incomplete_files W_Validate_application 
W_Complete_application W_Call_after_offers W_Validate_application W_Call_incomplete_files 
W_Complete_application W_Call_after_offers W_Validate_application W_Call_incomplete_files W_Call_incomplete_files W_Validate_application 
W_Complete_application W_Call_after_offers 
W_Complete_application W_Call_after_offers 
W_Complete_application W_Call_after_offers W_Validate_application W_Call_incomplete_files W_Validate_application W_Call_incomplete_files W_Validate_application W_Call_incomplete_files W_Validate_application 
W_Complete_application W_Call_after_offers W_Validate_application W_Call_incomplete_files W_Validate_application W_Call_incomplete_files W_Validate_application 
W_Complete_application W_Call_after_offers W_Validate_application W_Call_incomplete_files W_Validate_application W_Call_incomplete_files W_Validate_application W_Call_incomplete_files W_Validate_application 
W_Complete_application W_Call_after_offers W_Validate_application W_Call_incomplete_files W_Validate_application W_Call_incomplete_files 
W_Complete_application W_Call_after_offers 
W_Handle_leads W_Complete_application W_Call_after_offers 
W_Complete_application W_Call_after_offers W_Validate_application W_Call_incomplete_files W_Validate_application W_Call_incomplete_files W_Validate_application 
W_Complete_application W_Call_after_offers W_Validate_application W_Call_incomplete_files W_Validate_application W_Call_incomplete_files 
W_Complete_application W_Call_after_offers W_Validate_application W_Call_incomplete_files W_Validate_application 
W_Call_after_offers W_Validate_application W_Call_incomplete_files W_Validate_application 
W_Complete_application W_Call_after_offers W_Validate_application W_Call_incomplete_files W_Validate_application W_Call_incomplete_files W_Validate_application W_Call_incomplete_files 
W_Call_after_offers 
W_Complete_application W_Call_after_offers W_Validate_application W_Call_incomplete_files W_Validate_application W_Call_incomplete_files W_Validate_application W_Call_incomplete_files W_Validate_application W_Call_incomplete_files 
W_Complete_application W_Call_after_offers W_Validate_application W_Call_incomplete_files W_Validate_application W_Call_incomplete_files 
W_Complete_application W_Call_after_offers 
W_Complete_application W_Call_after_offers 
W_Handle_leads W_Complete_application W_Call_after_offers 
W_Complete_application W_Call_after_offers W_Validate_application W_Call_incomplete_files W_Validate_application 
W_Complete_application W_Call_after_offers W_Validate_application W_Call_incomplete_files W_Validate_application W_Call_incomplete_files 
W_Complete_application W_Call_after_offers W_Validate_application W_Call_incomplete_files W_Validate_application W_Call_incomplete_files W_Validate_application W_Call_incomplete_files 
W_Complete_application W_Call_after_offers W_Validate_application W_Call_incomplete_files W_Validate_application W_Call_incomplete_files 
W_Complete_application W_Call_after_offers W_Validate_application W_Call_incomplete_files W_Validate_application W_Call_incomplete_files 
W_Complete_application W_Call_after_offers W_Validate_application W_Call_incomplete_files W_Validate_application W_Call_incomplete_files W_Validate_application 
W_Complete_application W_Call_after_offers W_Validate_application W_Call_incomplete_files W_Validate_application W_Call_incomplete_files W_Validate_application 
W_Handle_leads W_Complete_application W_Call_after_offers W_Validate_application W_Call_incomplete_files 
W_Complete_application W_Call_after_offers W_Validate_application W_Call_incomplete_files W_Validate_application W_Call_incomplete_files W_Validate_application 
W_Complete_application W_Call_after_offers W_Validate_application W_Call_incomplete_files 
W_Complete_application W_Call_after_offers W_Validate_application W_Call_incomplete_files W_Validate_application W_Call_incomplete_files W_Call_incomplete_files 
W_Call_after_offers 
W_Handle_leads W_Complete_application W_Call_after_offers W_Validate_application W_Call_incomplete_files W_Validate_application 
W_Complete_application W_Call_after_offers W_Validate_application W_Call_incomplete_files W_Validate_application W_Call_incomplete_files W_Validate_application W_Call_incomplete_files 
W_Handle_leads W_Complete_application W_Call_after_offers 
W_Complete_application W_Call_after_offers W_Validate_application W_Call_incomplete_files 
W_Complete_application W_Call_after_offers W_Validate_application W_Call_incomplete_files 
W_Complete_application W_Call_after_offers 
W_Complete_application W_Call_after_offers 
W_Call_after_offers W_Validate_application 
W_Complete_application W_Call_after_offers W_Validate_application W_Call_incomplete_files W_Validate_application W_Call_incomplete_files W_Validate_application W_Call_incomplete_files W_Validate_application 
W_Complete_application W_Call_after_offers W_Validate_application W_Call_incomplete_files W_Validate_application W_Call_incomplete_files 
W_Complete_application W_Call_after_offers W_Validate_application W_Call_incomplete_files W_Validate_application 
W_Complete_application W_Call_after_offers 
W_Call_after_offers W_Validate_application W_Call_incomplete_files 
W_Complete_application W_Call_after_offers W_Validate_application W_Call_incomplete_files 
W_Complete_application W_Call_after_offers W_Validate_application W_Call_incomplete_files W_Validate_application 
W_Complete_application W_Call_after_offers W_Validate_application W_Call_incomplete_files W_Validate_application 
W_Complete_application W_Call_after_offers 
W_Complete_application W_Call_after_offers W_Validate_application W_Call_incomplete_files W_Validate_application W_Call_incomplete_files W_Validate_application 
W_Handle_leads W_Complete_application W_Call_after_offers 
W_Complete_application W_Call_after_offers W_Validate_application W_Call_incomplete_files 
W_Complete_application W_Call_after_offers W_Validate_application 
W_Complete_application W_Call_after_offers 
W_Complete_application W_Call_after_offers W_Validate_application W_Call_incomplete_files W_Validate_application 
W_Complete_application W_Call_after_offers 
W_Complete_application W_Call_after_offers W_Validate_application 
W_Handle_leads W_Complete_application W_Call_after_offers W_Validate_application W_Call_incomplete_files W_Validate_application 
W_Call_after_offers W_Validate_application W_Call_incomplete_files W_Validate_application W_Call_incomplete_files W_Validate_application W_Call_incomplete_files W_Validate_application W_Call_incomplete_files 
W_Complete_application W_Call_after_offers W_Validate_application W_Call_incomplete_files W_Validate_application 
W_Complete_application W_Call_after_offers W_Validate_application W_Call_incomplete_files 
W_Complete_application W_Call_after_offers W_Validate_application 
W_Complete_application W_Call_after_offers W_Validate_application W_Call_incomplete_files W_Validate_application W_Call_incomplete_files W_Validate_application W_Call_incomplete_files W_Validate_application W_Call_incomplete_files W_Validate_application W_Call_incomplete_files W_Validate_application 
W_Complete_application W_Call_after_offers 
W_Complete_application W_Call_after_offers W_Validate_application 
W_Complete_application W_Call_after_offers W_Validate_application W_Call_incomplete_files W_Validate_application W_Call_incomplete_files W_Validate_application 
W_Complete_application W_Call_after_offers W_Validate_application W_Call_incomplete_files W_Validate_application W_Call_incomplete_files 
W_Call_after_offers W_Validate_application W_Call_incomplete_files W_Validate_application W_Call_incomplete_files 
W_Complete_application W_Call_after_offers W_Validate_application 
W_Complete_application W_Call_after_offers W_Validate_application 
W_Complete_application W_Call_after_offers W_Validate_application 
W_Complete_application W_Call_after_offers W_Validate_application W_Call_incomplete_files 
W_Complete_application W_Call_after_offers W_Validate_application 
W_Complete_application W_Call_after_offers 
W_Complete_application W_Call_after_offers W_Validate_application W_Call_incomplete_files W_Validate_application W_Call_incomplete_files W_Validate_application 
W_Complete_application W_Call_after_offers W_Validate_application 
W_Call_after_offers W_Validate_application 
W_Call_after_offers W_Validate_application W_Call_incomplete_files W_Validate_application W_Call_incomplete_files 
W_Call_after_offers 
W_Call_after_offers 
W_Complete_application W_Call_after_offers W_Validate_application 
W_Complete_application W_Call_after_offers 
W_Call_after_offers W_Validate_application 
W_Complete_application W_Call_after_offers W_Validate_application W_Call_incomplete_files 
W_Complete_application W_Call_after_offers 
W_Call_after_offers W_Validate_application W_Call_incomplete_files W_Validate_application 
W_Complete_application W_Call_after_offers W_Validate_application 
W_Complete_application W_Call_after_offers W_Validate_application W_Call_incomplete_files W_Validate_application W_Call_incomplete_files 
W_Complete_application W_Call_after_offers W_Validate_application 
W_Call_after_offers W_Validate_application 
W_Complete_application W_Call_after_offers W_Validate_application W_Call_incomplete_files 
W_Complete_application W_Call_after_offers W_Validate_application W_Call_incomplete_files W_Validate_application 
W_Complete_application W_Call_after_offers W_Validate_application W_Call_incomplete_files W_Validate_application 
W_Complete_application W_Call_after_offers W_Validate_application W_Call_incomplete_files 
W_Complete_application W_Call_after_offers 
W_Call_after_offers W_Validate_application 
W_Call_after_offers W_Validate_application W_Call_incomplete_files W_Validate_application 
W_Handle_leads W_Complete_application W_Call_after_offers W_Validate_application 
W_Call_after_offers W_Validate_application 
W_Complete_application W_Call_after_offers W_Validate_application 
W_Complete_application W_Call_after_offers 
W_Complete_application W_Call_after_offers W_Validate_application W_Call_incomplete_files W_Validate_application 
W_Handle_leads W_Complete_application W_Call_after_offers W_Validate_application W_Call_incomplete_files 
W_Handle_leads W_Complete_application W_Call_after_offers 
W_Complete_application W_Call_after_offers W_Validate_application W_Call_incomplete_files W_Validate_application W_Call_incomplete_files W_Validate_application 
W_Complete_application W_Call_after_offers W_Validate_application 
W_Call_after_offers W_Validate_application W_Call_incomplete_files W_Validate_application W_Call_incomplete_files 
W_Complete_application W_Call_after_offers 
W_Call_after_offers 
W_Complete_application W_Call_after_offers W_Validate_application 
W_Complete_application W_Call_after_offers W_Validate_application W_Call_incomplete_files W_Validate_application W_Call_incomplete_files W_Validate_application 
W_Call_after_offers W_Validate_application W_Call_incomplete_files 
W_Call_after_offers W_Validate_application W_Call_incomplete_files W_Validate_application 
W_Complete_application W_Call_after_offers W_Validate_application 
W_Complete_application W_Call_after_offers 
W_Call_after_offers W_Validate_application W_Call_incomplete_files W_Validate_application W_Call_incomplete_files 
W_Complete_application W_Call_after_offers W_Validate_application 
W_Complete_application W_Call_after_offers 
W_Handle_leads W_Complete_application W_Call_after_offers W_Validate_application W_Call_incomplete_files 
W_Complete_application W_Call_after_offers W_Validate_application W_Call_incomplete_files 
W_Complete_application W_Call_after_offers W_Validate_application 
W_Call_after_offers 
W_Call_after_offers W_Validate_application 
W_Complete_application W_Call_after_offers W_Validate_application W_Call_incomplete_files W_Call_incomplete_files W_Validate_application W_Call_incomplete_files W_Validate_application W_Call_incomplete_files W_Validate_application 
W_Complete_application W_Call_after_offers 
W_Complete_application W_Call_after_offers 
W_Call_after_offers W_Validate_application W_Call_incomplete_files W_Validate_application 
W_Call_after_offers W_Validate_application W_Call_incomplete_files 
W_Complete_application W_Call_after_offers W_Validate_application W_Call_incomplete_files 
W_Call_after_offers W_Validate_application W_Call_incomplete_files W_Validate_application W_Call_incomplete_files 
W_Call_after_offers W_Validate_application W_Call_incomplete_files 
W_Call_after_offers W_Validate_application W_Call_incomplete_files 
W_Complete_application W_Call_after_offers W_Validate_application 
W_Call_after_offers W_Validate_application W_Call_incomplete_files W_Validate_application 
W_Call_after_offers W_Validate_application 
W_Handle_leads W_Complete_application W_Call_after_offers W_Validate_application W_Call_incomplete_files W_Validate_application 
W_Complete_application 
W_Call_after_offers 
W_Handle_leads W_Complete_application W_Call_after_offers W_Validate_application W_Call_incomplete_files W_Validate_application 
W_Call_after_offers 
W_Call_after_offers W_Validate_application 
W_Complete_application W_Call_after_offers W_Validate_application W_Call_incomplete_files 
W_Call_after_offers W_Validate_application W_Call_incomplete_files 
W_Complete_application W_Call_after_offers W_Validate_application W_Call_incomplete_files 
W_Complete_application W_Call_after_offers W_Validate_application 
W_Call_after_offers 
W_Complete_application W_Call_after_offers W_Validate_application 
W_Call_after_offers W_Validate_application W_Call_incomplete_files W_Validate_application 
W_Call_after_offers W_Validate_application W_Call_incomplete_files W_Validate_application 
W_Complete_application W_Call_after_offers W_Validate_application W_Call_incomplete_files 
W_Complete_application W_Call_after_offers W_Validate_application W_Call_incomplete_files 
W_Complete_application W_Call_after_offers W_Validate_application W_Call_incomplete_files W_Validate_application W_Call_incomplete_files W_Validate_application 
W_Complete_application W_Call_after_offers W_Validate_application W_Assess_potential_fraud W_Validate_application 
W_Complete_application W_Call_after_offers W_Validate_application W_Call_incomplete_files W_Validate_application W_Call_incomplete_files 
W_Complete_application W_Call_after_offers W_Validate_application 
W_Complete_application W_Call_after_offers W_Validate_application W_Call_incomplete_files W_Validate_application W_Call_incomplete_files W_Validate_application W_Call_incomplete_files W_Validate_application W_Call_incomplete_files W_Validate_application W_Call_incomplete_files W_Validate_application 
W_Complete_application W_Call_after_offers 
W_Complete_application W_Call_after_offers W_Validate_application W_Call_incomplete_files W_Validate_application W_Call_incomplete_files W_Validate_application W_Call_incomplete_files W_Validate_application 
W_Complete_application W_Call_after_offers W_Validate_application W_Call_incomplete_files 
W_Complete_application W_Call_after_offers 
W_Handle_leads W_Complete_application W_Call_after_offers W_Validate_application W_Call_incomplete_files W_Validate_application 
W_Complete_application W_Call_after_offers W_Validate_application W_Call_incomplete_files W_Validate_application W_Call_incomplete_files 
W_Handle_leads W_Complete_application W_Call_after_offers W_Validate_application W_Call_incomplete_files W_Validate_application W_Call_incomplete_files 
W_Complete_application W_Call_after_offers 
W_Complete_application W_Call_after_offers W_Validate_application W_Call_incomplete_files W_Validate_application W_Call_incomplete_files 
W_Complete_application W_Call_after_offers W_Validate_application W_Call_incomplete_files W_Validate_application 
W_Complete_application W_Call_after_offers 
W_Complete_application W_Call_after_offers W_Validate_application W_Call_incomplete_files 
W_Complete_application W_Call_after_offers W_Validate_application 
W_Complete_application W_Call_after_offers W_Validate_application W_Call_incomplete_files W_Validate_application W_Call_incomplete_files W_Validate_application 
W_Complete_application W_Call_after_offers 
W_Complete_application W_Call_after_offers W_Validate_application W_Call_incomplete_files 
W_Complete_application W_Call_after_offers 
W_Complete_application W_Call_after_offers W_Validate_application W_Call_incomplete_files W_Validate_application W_Call_incomplete_files 
W_Handle_leads W_Complete_application W_Call_after_offers W_Validate_application 
W_Complete_application W_Call_after_offers W_Validate_application W_Call_incomplete_files W_Validate_application W_Call_incomplete_files W_Validate_application W_Call_incomplete_files 
W_Handle_leads W_Complete_application W_Call_after_offers W_Validate_application W_Call_incomplete_files W_Validate_application W_Call_incomplete_files 
W_Complete_application 
W_Complete_application W_Call_after_offers W_Validate_application 
W_Complete_application W_Call_after_offers W_Validate_application 
W_Handle_leads W_Complete_application W_Call_after_offers 
W_Complete_application W_Call_after_offers W_Validate_application 
W_Complete_application W_Call_after_offers W_Validate_application 
W_Complete_application W_Call_after_offers W_Validate_application W_Call_incomplete_files W_Validate_application 
W_Complete_application W_Call_after_offers W_Validate_application 
W_Complete_application W_Call_after_offers W_Validate_application W_Call_incomplete_files W_Validate_application W_Call_incomplete_files W_Validate_application 
W_Complete_application W_Call_after_offers W_Validate_application 
W_Complete_application W_Call_after_offers W_Validate_application W_Call_incomplete_files W_Validate_application 
W_Complete_application W_Call_after_offers W_Validate_application W_Call_incomplete_files W_Validate_application W_Call_incomplete_files W_Validate_application 
W_Complete_application W_Call_after_offers W_Validate_application 
W_Call_after_offers W_Validate_application 
W_Complete_application W_Call_after_offers 
W_Call_after_offers W_Validate_application W_Call_incomplete_files 
W_Complete_application W_Call_after_offers 
W_Complete_application W_Call_after_offers 
W_Complete_application W_Call_after_offers 
W_Call_after_offers W_Validate_application 
W_Complete_application W_Call_after_offers 
W_Complete_application W_Call_after_offers W_Validate_application 
W_Complete_application W_Call_after_offers 
W_Complete_application W_Call_after_offers W_Validate_application W_Call_incomplete_files 
W_Complete_application W_Call_after_offers 
W_Complete_application W_Call_after_offers W_Validate_application 
W_Complete_application W_Call_after_offers W_Validate_application W_Call_incomplete_files W_Validate_application 
W_Complete_application W_Call_after_offers W_Validate_application W_Call_incomplete_files W_Validate_application W_Call_incomplete_files W_Validate_application W_Call_incomplete_files W_Validate_application 
W_Complete_application W_Call_after_offers 
W_Complete_application W_Call_after_offers W_Validate_application W_Call_incomplete_files W_Validate_application W_Call_incomplete_files W_Validate_application 
W_Complete_application W_Call_after_offers W_Validate_application W_Call_incomplete_files W_Validate_application W_Call_incomplete_files W_Validate_application 
W_Handle_leads W_Complete_application W_Call_after_offers W_Validate_application W_Call_incomplete_files W_Validate_application 
W_Complete_application W_Call_after_offers W_Validate_application 
W_Complete_application W_Call_after_offers 
W_Complete_application W_Call_after_offers W_Validate_application W_Call_incomplete_files W_Validate_application W_Call_incomplete_files W_Validate_application W_Call_incomplete_files W_Validate_application W_Call_incomplete_files W_Validate_application W_Call_incomplete_files 
W_Complete_application W_Call_after_offers W_Validate_application 
W_Complete_application W_Call_after_offers W_Validate_application 
W_Complete_application W_Call_after_offers W_Validate_application 
W_Handle_leads W_Complete_application W_Call_after_offers 
W_Handle_leads W_Complete_application W_Call_after_offers W_Validate_application W_Call_incomplete_files 
W_Complete_application W_Call_after_offers W_Validate_application W_Call_incomplete_files W_Validate_application W_Call_incomplete_files 
W_Complete_application W_Call_after_offers 
W_Complete_application W_Call_after_offers 
W_Complete_application W_Call_after_offers W_Validate_application W_Call_incomplete_files 
W_Complete_application W_Call_after_offers 
W_Complete_application W_Call_after_offers 
W_Complete_application W_Call_after_offers W_Validate_application W_Call_incomplete_files W_Validate_application W_Call_incomplete_files W_Validate_application 
W_Complete_application W_Call_after_offers 
W_Handle_leads W_Complete_application W_Call_after_offers W_Validate_application 
W_Complete_application W_Call_after_offers W_Validate_application W_Call_incomplete_files W_Validate_application 
W_Complete_application W_Call_after_offers W_Validate_application W_Call_incomplete_files 
W_Complete_application W_Call_after_offers W_Validate_application W_Call_incomplete_files W_Validate_application 
W_Complete_application W_Call_after_offers W_Validate_application W_Call_incomplete_files W_Validate_application W_Call_incomplete_files W_Validate_application 
W_Complete_application W_Call_after_offers W_Validate_application W_Call_incomplete_files 
W_Complete_application W_Call_after_offers W_Validate_application W_Call_incomplete_files W_Validate_application 
W_Call_after_offers 
W_Handle_leads W_Complete_application W_Call_after_offers W_Validate_application W_Call_incomplete_files W_Validate_application W_Call_incomplete_files W_Validate_application 
W_Complete_application W_Call_after_offers 
W_Complete_application W_Call_after_offers W_Validate_application W_Call_incomplete_files W_Validate_application W_Call_incomplete_files W_Validate_application W_Call_incomplete_files W_Validate_application 
W_Call_after_offers 
W_Complete_application W_Call_after_offers 
W_Complete_application W_Call_after_offers 
W_Complete_application W_Call_after_offers W_Validate_application W_Assess_potential_fraud 
W_Complete_application W_Call_after_offers W_Validate_application W_Call_incomplete_files 
W_Call_after_offers W_Validate_application W_Call_incomplete_files 
W_Complete_application W_Call_after_offers W_Validate_application W_Call_incomplete_files W_Validate_application W_Call_incomplete_files 
W_Call_after_offers W_Validate_application W_Call_incomplete_files W_Validate_application W_Call_incomplete_files W_Validate_application 
W_Complete_application W_Call_after_offers W_Validate_application W_Call_incomplete_files 
W_Complete_application W_Call_after_offers 
W_Complete_application W_Call_after_offers W_Validate_application W_Call_incomplete_files W_Validate_application 
W_Call_after_offers W_Validate_application 
W_Complete_application W_Call_after_offers W_Validate_application W_Call_incomplete_files 
W_Complete_application W_Call_after_offers 
W_Complete_application W_Call_after_offers 
W_Complete_application W_Call_after_offers 
W_Complete_application W_Call_after_offers W_Validate_application W_Call_incomplete_files W_Validate_application W_Call_incomplete_files W_Validate_application W_Call_incomplete_files W_Validate_application 
W_Complete_application W_Call_after_offers 
W_Complete_application W_Call_after_offers 
W_Complete_application W_Call_after_offers W_Validate_application W_Call_incomplete_files 
W_Complete_application W_Call_after_offers 
W_Complete_application W_Call_after_offers W_Validate_application W_Call_incomplete_files W_Validate_application W_Call_incomplete_files 
W_Complete_application W_Call_after_offers 
W_Complete_application W_Call_after_offers W_Validate_application W_Call_incomplete_files 
W_Complete_application W_Call_after_offers W_Validate_application W_Call_incomplete_files 
W_Complete_application W_Call_after_offers W_Validate_application W_Call_incomplete_files W_Validate_application 
W_Call_after_offers 
W_Complete_application W_Call_after_offers W_Validate_application 
W_Complete_application W_Call_after_offers W_Validate_application W_Call_incomplete_files W_Validate_application 
W_Complete_application W_Call_after_offers W_Validate_application W_Call_incomplete_files W_Validate_application 
W_Complete_application W_Call_after_offers W_Validate_application 
W_Complete_application W_Call_after_offers W_Validate_application W_Call_incomplete_files W_Validate_application W_Call_incomplete_files 
W_Complete_application W_Call_after_offers W_Validate_application 
W_Complete_application W_Call_after_offers 
W_Complete_application W_Call_after_offers W_Validate_application W_Call_incomplete_files W_Validate_application W_Call_incomplete_files W_Validate_application 
W_Complete_application W_Call_after_offers W_Validate_application 
W_Complete_application W_Call_after_offers W_Validate_application W_Call_incomplete_files 
W_Complete_application W_Call_after_offers W_Validate_application W_Call_incomplete_files W_Validate_application 
W_Complete_application W_Call_after_offers 
W_Complete_application W_Call_after_offers W_Validate_application W_Call_incomplete_files W_Validate_application 
W_Complete_application W_Call_after_offers 
W_Complete_application W_Call_after_offers 
W_Call_after_offers 
W_Complete_application W_Call_after_offers W_Validate_application W_Call_incomplete_files W_Validate_application W_Call_incomplete_files 
W_Complete_application W_Call_after_offers W_Validate_application W_Call_incomplete_files 
W_Complete_application W_Call_after_offers W_Validate_application 
W_Complete_application W_Call_after_offers W_Validate_application 
W_Complete_application W_Call_after_offers W_Validate_application W_Call_incomplete_files 
W_Complete_application W_Call_after_offers W_Validate_application 
W_Complete_application W_Call_after_offers 
W_Complete_application W_Call_after_offers W_Validate_application 
W_Complete_application W_Call_after_offers W_Assess_potential_fraud W_Call_after_offers W_Validate_application W_Call_incomplete_files W_Validate_application W_Call_incomplete_files 
W_Call_after_offers W_Validate_application W_Call_incomplete_files W_Validate_application W_Call_incomplete_files W_Validate_application 
W_Complete_application W_Call_after_offers W_Validate_application W_Call_incomplete_files W_Validate_application 
W_Complete_application W_Call_after_offers W_Validate_application W_Call_incomplete_files W_Validate_application 
W_Complete_application W_Call_after_offers 
W_Handle_leads W_Complete_application W_Call_after_offers 
W_Complete_application W_Call_after_offers W_Validate_application 
W_Complete_application W_Call_after_offers W_Validate_application W_Call_incomplete_files 
W_Call_after_offers W_Validate_application W_Call_incomplete_files 
W_Complete_application W_Call_after_offers 
W_Call_after_offers W_Validate_application W_Call_incomplete_files W_Validate_application 
W_Call_after_offers W_Validate_application W_Call_incomplete_files W_Validate_application 
W_Complete_application W_Call_after_offers W_Validate_application W_Call_incomplete_files W_Validate_application 
W_Call_after_offers W_Validate_application 
W_Complete_application W_Call_after_offers W_Validate_application W_Call_incomplete_files W_Validate_application W_Call_incomplete_files W_Validate_application 
W_Complete_application W_Call_after_offers 
W_Complete_application W_Call_after_offers 
W_Call_after_offers W_Validate_application W_Call_incomplete_files 
W_Complete_application W_Call_after_offers 
W_Complete_application W_Call_after_offers W_Validate_application 
W_Complete_application W_Call_after_offers W_Validate_application W_Call_incomplete_files W_Validate_application W_Call_incomplete_files 
W_Handle_leads W_Complete_application W_Call_after_offers 

W_Complete_application W_Call_after_offers 
W_Complete_application W_Call_after_offers W_Validate_application W_Call_incomplete_files W_Validate_application W_Call_incomplete_files 
W_Complete_application W_Call_after_offers 
W_Complete_application W_Call_after_offers W_Validate_application W_Call_incomplete_files 
W_Call_after_offers 
W_Complete_application W_Call_after_offers W_Validate_application W_Call_incomplete_files W_Validate_application W_Call_incomplete_files W_Validate_application 
W_Complete_application W_Call_after_offers W_Validate_application W_Call_incomplete_files W_Validate_application W_Call_incomplete_files W_Validate_application W_Call_incomplete_files 
W_Handle_leads W_Complete_application W_Call_after_offers W_Validate_application W_Call_incomplete_files W_Validate_application 
W_Call_after_offers W_Validate_application W_Call_incomplete_files W_Validate_application 
W_Call_after_offers 
W_Handle_leads W_Complete_application W_Call_after_offers 
W_Shortened_completion_ W_Shortened_completion_ W_Call_after_offers W_Validate_application W_Call_incomplete_files 
W_Call_after_offers W_Validate_application W_Call_incomplete_files W_Validate_application 
W_Call_after_offers W_Validate_application W_Call_incomplete_files W_Validate_application W_Call_incomplete_files W_Validate_application W_Call_incomplete_files W_Validate_application W_Call_incomplete_files W_Validate_application 
W_Call_after_offers 
W_Call_after_offers W_Validate_application W_Call_incomplete_files W_Validate_application W_Call_incomplete_files W_Validate_application W_Call_incomplete_files 
W_Call_after_offers W_Validate_application W_Call_incomplete_files W_Validate_application W_Call_incomplete_files W_Validate_application W_Call_incomplete_files 
W_Handle_leads W_Complete_application W_Call_after_offers W_Validate_application 
W_Handle_leads W_Complete_application W_Call_after_offers W_Validate_application W_Call_incomplete_files 
W_Complete_application W_Call_after_offers W_Validate_application W_Call_incomplete_files 
W_Call_after_offers W_Validate_application W_Call_incomplete_files W_Validate_application W_Call_incomplete_files W_Validate_application 
W_Call_after_offers W_Validate_application W_Call_incomplete_files W_Validate_application W_Assess_potential_fraud W_Validate_application 
W_Handle_leads W_Complete_application W_Call_after_offers W_Validate_application W_Call_incomplete_files W_Validate_application W_Call_incomplete_files 
W_Handle_leads W_Complete_application W_Call_after_offers W_Validate_application 
W_Call_after_offers 
W_Complete_application W_Call_after_offers W_Validate_application W_Call_incomplete_files W_Validate_application W_Call_incomplete_files W_Validate_application 
W_Complete_application W_Call_after_offers 
W_Complete_application W_Call_after_offers W_Validate_application W_Call_incomplete_files W_Validate_application W_Call_incomplete_files W_Validate_application 
W_Complete_application W_Call_after_offers 
W_Call_after_offers W_Validate_application 
W_Call_after_offers W_Validate_application W_Call_incomplete_files W_Validate_application W_Call_incomplete_files W_Validate_application W_Call_incomplete_files W_Validate_application 
W_Call_after_offers W_Validate_application 
W_Call_after_offers W_Validate_application 
W_Handle_leads W_Complete_application W_Call_after_offers W_Validate_application W_Call_incomplete_files W_Validate_application W_Call_incomplete_files W_Validate_application W_Call_incomplete_files 
W_Complete_application W_Call_after_offers W_Validate_application W_Call_incomplete_files W_Validate_application W_Call_incomplete_files W_Validate_application 
W_Call_after_offers 
W_Call_after_offers W_Validate_application W_Call_incomplete_files 
W_Call_after_offers W_Validate_application W_Call_incomplete_files W_Validate_application 
W_Complete_application W_Call_after_offers W_Validate_application W_Call_incomplete_files W_Validate_application W_Call_incomplete_files W_Validate_application 
W_Complete_application W_Call_after_offers W_Validate_application W_Call_incomplete_files 
W_Call_after_offers W_Validate_application W_Call_incomplete_files W_Validate_application 
W_Call_after_offers W_Validate_application W_Call_incomplete_files W_Validate_application W_Call_incomplete_files W_Validate_application W_Validate_application W_Call_incomplete_files 
W_Call_after_offers W_Validate_application W_Call_incomplete_files W_Validate_application W_Call_incomplete_files W_Validate_application 
W_Call_after_offers 
W_Complete_application W_Call_after_offers 
W_Handle_leads W_Complete_application W_Call_after_offers 
W_Handle_leads W_Complete_application W_Call_after_offers W_Validate_application 
W_Call_after_offers W_Validate_application W_Call_incomplete_files W_Validate_application W_Call_incomplete_files 
W_Handle_leads W_Complete_application W_Call_after_offers W_Validate_application 
W_Complete_application W_Call_after_offers W_Validate_application W_Call_incomplete_files W_Validate_application W_Call_incomplete_files W_Validate_application 
W_Complete_application W_Call_after_offers 
W_Complete_application W_Call_after_offers W_Validate_application 
W_Complete_application W_Call_after_offers 
W_Complete_application W_Call_after_offers W_Validate_application W_Call_incomplete_files W_Validate_application 
W_Call_after_offers W_Validate_application 
W_Call_after_offers W_Validate_application W_Call_incomplete_files W_Validate_application W_Call_incomplete_files W_Validate_application W_Call_incomplete_files W_Call_incomplete_files 
W_Complete_application W_Call_after_offers W_Validate_application W_Call_incomplete_files 
W_Complete_application W_Call_after_offers 
W_Complete_application W_Call_after_offers W_Validate_application W_Call_incomplete_files 
W_Complete_application W_Call_after_offers 
W_Complete_application W_Call_after_offers W_Validate_application 
W_Complete_application W_Call_after_offers W_Validate_application W_Call_incomplete_files W_Validate_application 
W_Complete_application W_Call_after_offers W_Validate_application W_Call_incomplete_files W_Validate_application W_Call_incomplete_files W_Validate_application 
W_Complete_application W_Call_after_offers W_Validate_application W_Call_incomplete_files W_Validate_application W_Call_incomplete_files W_Validate_application W_Call_incomplete_files 
W_Complete_application W_Call_after_offers W_Validate_application 
W_Complete_application W_Call_after_offers 
W_Complete_application W_Call_after_offers 
W_Complete_application W_Call_after_offers 
W_Complete_application W_Call_after_offers W_Validate_application 
W_Call_after_offers W_Validate_application W_Call_incomplete_files 
W_Complete_application W_Call_after_offers W_Validate_application W_Call_incomplete_files W_Validate_application 
W_Complete_application W_Call_after_offers W_Validate_application W_Call_incomplete_files 
W_Call_after_offers W_Validate_application W_Call_incomplete_files W_Validate_application W_Call_incomplete_files W_Validate_application 
W_Complete_application W_Call_after_offers 
W_Complete_application W_Call_after_offers W_Validate_application 
W_Complete_application W_Call_after_offers W_Validate_application W_Call_incomplete_files W_Validate_application 
W_Complete_application W_Call_after_offers W_Validate_application W_Call_incomplete_files 
W_Complete_application W_Call_after_offers W_Validate_application 
W_Complete_application W_Call_after_offers W_Validate_application W_Assess_potential_fraud W_Validate_application W_Call_incomplete_files W_Validate_application W_Call_incomplete_files 
W_Complete_application W_Call_after_offers W_Validate_application 
W_Complete_application W_Call_after_offers 
W_Handle_leads W_Complete_application W_Call_after_offers 
W_Complete_application W_Call_after_offers 
W_Complete_application W_Call_after_offers 
W_Complete_application W_Call_after_offers W_Validate_application W_Call_incomplete_files W_Validate_application W_Call_incomplete_files 
W_Complete_application W_Call_after_offers W_Validate_application W_Call_incomplete_files W_Validate_application 
W_Complete_application W_Call_after_offers W_Validate_application W_Call_incomplete_files 
W_Complete_application W_Call_after_offers W_Validate_application 
W_Complete_application W_Call_after_offers W_Validate_application W_Call_incomplete_files W_Validate_application 
W_Call_after_offers W_Validate_application W_Call_incomplete_files W_Validate_application 
W_Complete_application W_Call_after_offers W_Validate_application W_Call_incomplete_files W_Validate_application W_Call_incomplete_files 
W_Complete_application W_Call_after_offers 
W_Complete_application W_Call_after_offers W_Validate_application W_Call_incomplete_files W_Validate_application W_Call_incomplete_files W_Validate_application 
W_Complete_application W_Call_after_offers W_Validate_application W_Call_incomplete_files 
W_Complete_application W_Call_after_offers W_Validate_application W_Call_incomplete_files W_Validate_application W_Call_incomplete_files W_Validate_application W_Call_incomplete_files W_Validate_application 
W_Complete_application W_Call_after_offers W_Validate_application W_Call_incomplete_files W_Validate_application W_Call_incomplete_files W_Validate_application W_Call_incomplete_files W_Validate_application 
W_Complete_application W_Call_after_offers W_Validate_application W_Call_incomplete_files W_Validate_application 
W_Complete_application W_Call_after_offers W_Validate_application W_Call_incomplete_files W_Validate_application 
W_Call_after_offers 
W_Complete_application W_Call_after_offers 
W_Complete_application W_Call_after_offers W_Validate_application W_Call_incomplete_files W_Validate_application W_Validate_application 
W_Complete_application W_Call_after_offers W_Validate_application W_Call_incomplete_files W_Validate_application W_Call_incomplete_files W_Validate_application W_Call_incomplete_files W_Validate_application W_Call_incomplete_files 
W_Assess_potential_fraud W_Handle_leads W_Complete_application W_Call_after_offers W_Validate_application W_Call_incomplete_files W_Validate_application W_Call_incomplete_files 
W_Complete_application W_Call_after_offers W_Validate_application W_Call_incomplete_files W_Validate_application W_Call_incomplete_files 
W_Handle_leads W_Complete_application W_Call_after_offers W_Validate_application W_Call_incomplete_files W_Validate_application W_Call_incomplete_files 
W_Complete_application W_Call_after_offers W_Validate_application 
W_Complete_application W_Call_after_offers W_Validate_application 
W_Complete_application W_Call_after_offers W_Validate_application W_Call_incomplete_files 
W_Complete_application W_Call_after_offers W_Validate_application W_Call_incomplete_files W_Validate_application W_Call_incomplete_files W_Validate_application W_Call_incomplete_files W_Validate_application 
W_Complete_application W_Call_after_offers W_Validate_application 
W_Complete_application W_Call_after_offers W_Validate_application 
W_Call_after_offers 
W_Complete_application W_Call_after_offers W_Validate_application W_Call_incomplete_files 
W_Complete_application W_Call_after_offers 
W_Complete_application W_Call_after_offers W_Validate_application W_Call_incomplete_files W_Validate_application 
W_Complete_application W_Call_after_offers W_Validate_application 
W_Call_after_offers 
W_Complete_application W_Call_after_offers W_Validate_application W_Call_incomplete_files 
W_Complete_application W_Call_after_offers W_Validate_application 
W_Complete_application W_Call_after_offers 
W_Complete_application 
W_Complete_application W_Call_after_offers W_Validate_application W_Call_incomplete_files W_Validate_application W_Call_incomplete_files W_Validate_application W_Call_incomplete_files W_Validate_application W_Call_incomplete_files 
W_Complete_application W_Call_after_offers W_Validate_application W_Call_incomplete_files W_Validate_application 
W_Call_after_offers 
W_Complete_application W_Call_after_offers W_Validate_application W_Call_incomplete_files W_Validate_application W_Call_incomplete_files W_Validate_application W_Call_incomplete_files W_Validate_application W_Call_incomplete_files 
W_Handle_leads W_Call_after_offers W_Validate_application W_Call_incomplete_files 
W_Handle_leads W_Call_after_offers W_Validate_application W_Call_incomplete_files 
W_Complete_application W_Call_after_offers W_Validate_application W_Call_incomplete_files W_Validate_application W_Call_incomplete_files 
W_Complete_application W_Call_after_offers 
W_Complete_application W_Call_after_offers W_Validate_application W_Call_incomplete_files W_Validate_application 
W_Call_after_offers W_Validate_application W_Call_incomplete_files W_Validate_application W_Call_incomplete_files 
W_Complete_application W_Call_after_offers 
W_Call_after_offers 
W_Complete_application W_Call_after_offers 
W_Complete_application W_Call_after_offers W_Validate_application 
W_Complete_application W_Call_after_offers W_Validate_application W_Call_incomplete_files W_Validate_application 
W_Call_after_offers W_Validate_application 
W_Call_after_offers 
W_Call_after_offers W_Validate_application W_Call_incomplete_files W_Validate_application 
W_Complete_application W_Call_after_offers W_Validate_application W_Call_incomplete_files W_Validate_application 
W_Handle_leads W_Complete_application W_Call_after_offers W_Validate_application W_Call_incomplete_files W_Validate_application W_Call_incomplete_files W_Validate_application W_Call_incomplete_files W_Validate_application 
W_Complete_application W_Call_after_offers W_Validate_application W_Call_incomplete_files W_Validate_application W_Call_incomplete_files W_Validate_application W_Call_incomplete_files 
W_Call_after_offers W_Validate_application 
W_Handle_leads W_Complete_application W_Call_after_offers 
W_Complete_application W_Call_after_offers 
W_Complete_application W_Call_after_offers W_Validate_application 
W_Complete_application W_Call_after_offers W_Validate_application W_Call_incomplete_files W_Validate_application W_Call_incomplete_files 
W_Handle_leads W_Complete_application W_Call_after_offers W_Validate_application W_Call_incomplete_files W_Validate_application W_Call_incomplete_files 
W_Complete_application W_Call_after_offers W_Validate_application W_Call_incomplete_files W_Validate_application W_Call_incomplete_files W_Validate_application W_Call_incomplete_files 
W_Complete_application W_Call_after_offers 
W_Complete_application W_Call_after_offers W_Validate_application 
W_Complete_application W_Call_after_offers W_Validate_application 
W_Complete_application W_Call_after_offers W_Validate_application W_Call_incomplete_files 
W_Handle_leads W_Complete_application W_Call_after_offers 
W_Complete_application W_Call_after_offers 
W_Handle_leads W_Complete_application W_Call_after_offers W_Validate_application W_Call_incomplete_files 
W_Handle_leads W_Complete_application W_Call_after_offers 
W_Call_after_offers 
W_Call_after_offers 
W_Complete_application W_Call_after_offers 
W_Complete_application W_Call_after_offers W_Validate_application W_Call_incomplete_files 
W_Handle_leads W_Complete_application W_Call_after_offers W_Validate_application W_Call_incomplete_files W_Validate_application W_Call_incomplete_files 
W_Call_after_offers W_Validate_application W_Call_incomplete_files W_Validate_application W_Call_incomplete_files W_Validate_application W_Call_incomplete_files W_Validate_application 
W_Complete_application W_Call_after_offers 
W_Complete_application W_Call_after_offers W_Validate_application W_Call_incomplete_files W_Validate_application W_Call_incomplete_files W_Validate_application 
W_Call_after_offers W_Validate_application W_Call_incomplete_files 
W_Complete_application W_Call_after_offers W_Validate_application W_Call_incomplete_files 
W_Complete_application W_Call_after_offers 
W_Complete_application W_Call_after_offers W_Validate_application W_Call_incomplete_files W_Validate_application 
W_Call_after_offers W_Validate_application W_Call_incomplete_files 
W_Complete_application W_Call_after_offers W_Validate_application W_Call_incomplete_files W_Validate_application W_Call_incomplete_files W_Validate_application W_Call_incomplete_files 
W_Complete_application W_Call_after_offers W_Validate_application 
W_Call_after_offers 
W_Handle_leads W_Complete_application W_Call_after_offers W_Validate_application W_Call_incomplete_files 
W_Call_after_offers W_Validate_application W_Call_incomplete_files 
W_Handle_leads W_Call_after_offers 
W_Complete_application W_Call_after_offers W_Validate_application W_Call_incomplete_files W_Validate_application W_Call_incomplete_files 
W_Call_after_offers W_Validate_application 
W_Call_after_offers W_Validate_application 
W_Call_after_offers W_Validate_application W_Call_incomplete_files W_Validate_application W_Call_incomplete_files 
W_Call_after_offers W_Validate_application W_Call_incomplete_files W_Validate_application W_Call_incomplete_files W_Validate_application 
W_Call_after_offers W_Validate_application W_Call_incomplete_files W_Validate_application 
W_Call_after_offers 
W_Call_after_offers 
W_Call_after_offers W_Validate_application W_Call_incomplete_files 
W_Complete_application W_Call_after_offers W_Validate_application W_Call_incomplete_files W_Validate_application W_Call_incomplete_files 
W_Call_after_offers 
W_Handle_leads W_Complete_application W_Call_after_offers W_Validate_application W_Call_incomplete_files W_Validate_application W_Call_incomplete_files W_Validate_application W_Call_incomplete_files 
W_Call_after_offers W_Validate_application 
W_Handle_leads W_Complete_application W_Call_after_offers W_Validate_application 
W_Call_after_offers W_Validate_application W_Call_incomplete_files 
W_Call_after_offers W_Validate_application W_Call_incomplete_files W_Validate_application W_Call_incomplete_files W_Validate_application W_Call_incomplete_files W_Validate_application W_Call_incomplete_files W_Validate_application W_Call_incomplete_files 
W_Call_after_offers 
W_Call_after_offers 
W_Complete_application W_Call_after_offers W_Validate_application W_Call_incomplete_files W_Validate_application 
W_Complete_application W_Call_after_offers W_Validate_application W_Call_incomplete_files W_Validate_application W_Call_incomplete_files W_Validate_application W_Call_incomplete_files 
W_Complete_application W_Call_after_offers W_Validate_application W_Call_incomplete_files W_Validate_application 
W_Call_after_offers W_Validate_application W_Call_incomplete_files W_Validate_application W_Call_incomplete_files W_Validate_application W_Call_incomplete_files 
W_Complete_application W_Call_after_offers 
W_Complete_application W_Call_after_offers W_Validate_application W_Call_incomplete_files W_Validate_application W_Call_incomplete_files W_Validate_application W_Call_incomplete_files W_Validate_application W_Call_incomplete_files W_Validate_application 
W_Complete_application W_Call_after_offers W_Validate_application W_Call_incomplete_files W_Validate_application W_Validate_application 
W_Call_after_offers 
W_Complete_application W_Call_after_offers W_Validate_application 
W_Call_after_offers W_Validate_application W_Call_incomplete_files W_Validate_application W_Call_incomplete_files 
W_Call_after_offers 
W_Complete_application W_Call_after_offers 
W_Call_after_offers W_Validate_application W_Call_incomplete_files W_Validate_application 
W_Complete_application W_Call_after_offers W_Validate_application W_Call_incomplete_files W_Validate_application W_Call_incomplete_files W_Validate_application W_Call_incomplete_files W_Validate_application 
W_Complete_application W_Call_after_offers 
W_Call_after_offers 
W_Complete_application W_Call_after_offers W_Validate_application W_Call_incomplete_files W_Validate_application W_Call_incomplete_files 
W_Complete_application W_Call_after_offers 
W_Complete_application W_Call_after_offers W_Validate_application W_Call_incomplete_files 
W_Complete_application W_Call_after_offers W_Validate_application W_Call_incomplete_files W_Validate_application W_Call_incomplete_files 
W_Complete_application W_Call_after_offers 
W_Call_after_offers W_Validate_application W_Call_incomplete_files W_Validate_application W_Call_incomplete_files 
W_Complete_application W_Call_after_offers W_Validate_application W_Call_incomplete_files W_Validate_application W_Call_incomplete_files W_Validate_application 
W_Complete_application W_Call_after_offers W_Validate_application W_Call_incomplete_files W_Validate_application W_Call_incomplete_files W_Validate_application 
W_Call_after_offers W_Validate_application 
W_Complete_application W_Call_after_offers W_Validate_application W_Call_incomplete_files 
W_Call_after_offers W_Assess_potential_fraud 
W_Call_after_offers 
W_Complete_application W_Call_after_offers W_Validate_application W_Call_incomplete_files W_Validate_application 
W_Complete_application W_Call_after_offers 
W_Complete_application W_Call_after_offers W_Validate_application 
W_Complete_application W_Call_after_offers W_Validate_application W_Call_incomplete_files W_Validate_application W_Call_incomplete_files 
W_Complete_application W_Call_after_offers W_Validate_application W_Call_incomplete_files 
W_Handle_leads W_Complete_application W_Call_after_offers 
W_Call_after_offers W_Validate_application 
W_Complete_application W_Call_after_offers W_Validate_application W_Call_incomplete_files W_Validate_application W_Call_incomplete_files W_Validate_application W_Call_incomplete_files W_Validate_application W_Call_incomplete_files W_Validate_application 
W_Complete_application W_Call_after_offers W_Validate_application W_Call_incomplete_files W_Validate_application W_Call_incomplete_files W_Validate_application W_Call_incomplete_files 
W_Complete_application W_Call_after_offers W_Validate_application W_Call_incomplete_files 
W_Complete_application W_Call_after_offers W_Validate_application W_Call_incomplete_files W_Validate_application W_Call_incomplete_files W_Validate_application W_Call_incomplete_files W_Validate_application 
W_Complete_application W_Call_after_offers 
W_Complete_application W_Call_after_offers W_Validate_application 
W_Complete_application W_Call_after_offers 
W_Complete_application W_Call_after_offers W_Validate_application W_Call_incomplete_files 
W_Call_after_offers W_Validate_application W_Call_incomplete_files W_Validate_application W_Call_incomplete_files 
W_Complete_application W_Call_after_offers W_Validate_application W_Call_incomplete_files 
W_Complete_application W_Call_after_offers W_Validate_application W_Call_incomplete_files W_Validate_application W_Call_incomplete_files 
W_Complete_application W_Call_after_offers W_Validate_application W_Call_incomplete_files 
W_Complete_application W_Call_after_offers W_Validate_application W_Call_incomplete_files W_Validate_application W_Call_incomplete_files 
W_Handle_leads W_Complete_application W_Call_after_offers 
W_Complete_application W_Call_after_offers W_Validate_application W_Call_incomplete_files W_Validate_application 
W_Handle_leads W_Complete_application W_Call_after_offers W_Validate_application W_Call_incomplete_files W_Validate_application W_Call_incomplete_files W_Validate_application W_Call_incomplete_files 
W_Complete_application W_Call_after_offers W_Validate_application 
W_Handle_leads W_Complete_application W_Call_after_offers W_Validate_application 
W_Complete_application W_Call_after_offers W_Validate_application W_Call_incomplete_files W_Validate_application W_Call_incomplete_files W_Validate_application 
W_Handle_leads W_Complete_application W_Call_after_offers 
W_Complete_application W_Call_after_offers W_Validate_application 
W_Complete_application W_Call_after_offers W_Validate_application W_Call_incomplete_files W_Validate_application 
W_Complete_application W_Call_after_offers W_Validate_application W_Call_incomplete_files W_Validate_application W_Call_incomplete_files 
W_Complete_application W_Call_after_offers W_Validate_application W_Call_incomplete_files 
W_Complete_application W_Call_after_offers 
W_Complete_application W_Call_after_offers W_Validate_application W_Call_incomplete_files W_Validate_application 
W_Complete_application W_Call_after_offers W_Validate_application W_Call_incomplete_files W_Validate_application 
W_Handle_leads W_Complete_application W_Call_after_offers W_Validate_application 
W_Complete_application W_Call_after_offers W_Validate_application 
W_Complete_application W_Call_after_offers W_Validate_application W_Call_incomplete_files 
W_Complete_application W_Call_after_offers W_Validate_application W_Call_incomplete_files W_Validate_application W_Call_incomplete_files W_Validate_application 
W_Complete_application W_Call_after_offers 
W_Complete_application W_Call_after_offers 
W_Complete_application W_Call_after_offers W_Validate_application W_Call_incomplete_files W_Validate_application W_Call_incomplete_files W_Validate_application W_Call_incomplete_files 
W_Complete_application W_Call_after_offers W_Validate_application W_Call_incomplete_files W_Validate_application 
W_Complete_application W_Call_after_offers 
W_Complete_application W_Call_after_offers W_Validate_application 
W_Complete_application W_Call_after_offers W_Validate_application W_Call_incomplete_files 
W_Complete_application W_Call_after_offers W_Validate_application W_Call_incomplete_files 
W_Complete_application W_Call_after_offers W_Validate_application W_Call_incomplete_files W_Validate_application W_Call_incomplete_files W_Validate_application W_Call_incomplete_files 
W_Handle_leads W_Complete_application W_Call_after_offers 
W_Complete_application W_Call_after_offers W_Validate_application W_Call_incomplete_files 
W_Complete_application W_Call_after_offers 
W_Complete_application W_Call_after_offers W_Validate_application 
W_Complete_application W_Call_after_offers W_Validate_application W_Call_incomplete_files W_Validate_application W_Call_incomplete_files 
W_Complete_application W_Call_after_offers W_Validate_application W_Call_incomplete_files 
W_Complete_application W_Call_after_offers 
W_Complete_application W_Call_after_offers W_Validate_application W_Call_incomplete_files W_Validate_application W_Call_incomplete_files 
W_Complete_application W_Call_after_offers W_Validate_application W_Call_incomplete_files W_Validate_application W_Call_incomplete_files W_Validate_application 
W_Complete_application W_Call_after_offers W_Validate_application 
W_Complete_application W_Call_after_offers 
W_Complete_application W_Call_after_offers W_Validate_application W_Call_incomplete_files W_Validate_application W_Call_incomplete_files 
W_Complete_application W_Call_after_offers W_Validate_application 
W_Complete_application W_Call_after_offers W_Validate_application W_Call_incomplete_files W_Validate_application W_Call_incomplete_files 
W_Complete_application W_Call_after_offers W_Validate_application W_Call_incomplete_files 
W_Complete_application W_Call_after_offers W_Validate_application W_Call_incomplete_files W_Validate_application 
W_Complete_application W_Call_after_offers W_Validate_application 
W_Complete_application W_Call_after_offers W_Validate_application W_Call_incomplete_files 
W_Complete_application W_Call_after_offers 
W_Complete_application W_Call_after_offers 
W_Handle_leads W_Complete_application W_Call_after_offers 
W_Handle_leads W_Complete_application W_Call_after_offers 
W_Complete_application W_Call_after_offers W_Validate_application 
W_Complete_application W_Call_after_offers W_Validate_application W_Call_incomplete_files 
W_Complete_application W_Call_after_offers W_Validate_application W_Call_incomplete_files W_Validate_application W_Call_incomplete_files 
W_Complete_application W_Call_after_offers W_Validate_application W_Call_incomplete_files W_Validate_application W_Call_incomplete_files 
W_Complete_application W_Call_after_offers W_Validate_application W_Call_incomplete_files 
W_Handle_leads W_Complete_application W_Call_after_offers 
W_Call_after_offers W_Validate_application 
W_Complete_application W_Call_after_offers W_Validate_application W_Call_incomplete_files W_Validate_application 
W_Complete_application W_Call_after_offers W_Validate_application W_Call_incomplete_files 
W_Complete_application W_Call_after_offers W_Validate_application W_Call_incomplete_files W_Validate_application 
W_Complete_application W_Call_after_offers W_Validate_application 
W_Complete_application W_Call_after_offers 
W_Complete_application W_Call_after_offers W_Validate_application W_Call_incomplete_files W_Validate_application W_Call_incomplete_files W_Validate_application W_Call_incomplete_files 
W_Complete_application W_Call_after_offers W_Validate_application 
W_Complete_application W_Call_after_offers W_Validate_application W_Call_incomplete_files 
W_Complete_application W_Call_after_offers W_Validate_application W_Call_incomplete_files 
W_Complete_application W_Call_after_offers W_Validate_application 
W_Complete_application W_Call_after_offers W_Validate_application W_Call_incomplete_files W_Validate_application W_Call_incomplete_files 
W_Complete_application W_Call_after_offers W_Validate_application W_Call_incomplete_files W_Validate_application 
W_Handle_leads W_Complete_application W_Call_after_offers W_Validate_application W_Call_incomplete_files 
W_Complete_application W_Call_after_offers W_Validate_application W_Call_incomplete_files 
W_Complete_application W_Call_after_offers W_Validate_application 
W_Call_after_offers W_Validate_application W_Call_incomplete_files W_Validate_application W_Call_incomplete_files W_Validate_application 
W_Complete_application W_Call_after_offers 
W_Complete_application W_Call_after_offers W_Validate_application W_Call_incomplete_files W_Validate_application 
W_Complete_application W_Call_after_offers W_Validate_application W_Call_incomplete_files W_Validate_application W_Call_incomplete_files 
W_Complete_application W_Call_after_offers W_Validate_application W_Call_incomplete_files W_Validate_application W_Call_incomplete_files W_Validate_application W_Call_incomplete_files W_Validate_application W_Call_incomplete_files 
W_Call_after_offers 
W_Complete_application W_Call_after_offers W_Validate_application W_Call_incomplete_files W_Validate_application 
W_Complete_application W_Call_after_offers 
W_Complete_application W_Call_after_offers 
W_Complete_application W_Call_after_offers 
W_Complete_application W_Call_after_offers 
W_Complete_application W_Call_after_offers 
W_Complete_application W_Call_after_offers W_Validate_application W_Call_incomplete_files 
W_Complete_application W_Call_after_offers W_Validate_application W_Call_incomplete_files W_Validate_application W_Call_incomplete_files W_Validate_application W_Call_incomplete_files W_Validate_application W_Call_incomplete_files W_Validate_application 
W_Complete_application W_Call_after_offers 
W_Complete_application W_Call_after_offers W_Validate_application W_Call_incomplete_files W_Validate_application W_Call_incomplete_files 
W_Complete_application W_Call_after_offers W_Validate_application W_Call_incomplete_files 
W_Complete_application W_Call_after_offers W_Validate_application W_Call_incomplete_files 
W_Complete_application W_Call_after_offers W_Validate_application W_Call_incomplete_files W_Validate_application 
W_Complete_application W_Call_after_offers 
W_Complete_application W_Call_after_offers W_Validate_application W_Call_incomplete_files 
W_Complete_application W_Call_after_offers W_Validate_application W_Call_incomplete_files 
W_Complete_application W_Call_after_offers 
W_Complete_application W_Call_after_offers W_Validate_application W_Call_incomplete_files W_Validate_application 
W_Complete_application W_Call_after_offers W_Validate_application W_Call_incomplete_files W_Validate_application 
W_Complete_application W_Call_after_offers W_Validate_application W_Call_incomplete_files 
W_Complete_application W_Call_after_offers W_Validate_application W_Call_incomplete_files 
W_Complete_application W_Call_after_offers 
W_Complete_application W_Call_after_offers 
W_Complete_application W_Call_after_offers 
W_Complete_application W_Call_after_offers W_Validate_application W_Call_incomplete_files W_Validate_application 
W_Complete_application W_Call_after_offers W_Validate_application 
W_Complete_application W_Call_after_offers W_Validate_application 
W_Complete_application W_Call_after_offers W_Validate_application W_Call_incomplete_files W_Validate_application W_Call_incomplete_files W_Validate_application 
W_Handle_leads W_Complete_application W_Call_after_offers 
W_Complete_application W_Call_after_offers W_Validate_application W_Call_incomplete_files W_Validate_application 
W_Handle_leads W_Complete_application W_Call_after_offers W_Validate_application 
W_Complete_application W_Call_after_offers W_Validate_application W_Call_incomplete_files W_Validate_application 
W_Complete_application W_Call_after_offers 
W_Handle_leads W_Complete_application W_Call_after_offers W_Validate_application 
W_Complete_application W_Call_after_offers W_Validate_application W_Call_incomplete_files 
W_Complete_application W_Call_after_offers 
W_Call_after_offers W_Validate_application 
W_Complete_application W_Call_after_offers 
W_Complete_application W_Call_after_offers W_Validate_application W_Call_incomplete_files W_Validate_application W_Call_incomplete_files W_Validate_application 
W_Handle_leads W_Complete_application W_Call_after_offers W_Validate_application 
W_Complete_application W_Call_after_offers W_Validate_application W_Call_incomplete_files W_Validate_application 
W_Complete_application W_Call_after_offers W_Validate_application W_Call_incomplete_files W_Validate_application W_Call_incomplete_files 
W_Complete_application W_Call_after_offers W_Validate_application 
W_Complete_application W_Call_after_offers W_Validate_application W_Call_incomplete_files W_Validate_application W_Call_incomplete_files W_Validate_application W_Call_incomplete_files W_Validate_application 
W_Handle_leads W_Complete_application W_Call_after_offers W_Validate_application W_Call_incomplete_files W_Validate_application W_Call_incomplete_files W_Validate_application W_Call_incomplete_files W_Validate_application 
W_Complete_application W_Call_after_offers 
W_Complete_application W_Call_after_offers W_Validate_application W_Call_incomplete_files 
W_Complete_application W_Call_after_offers 
W_Complete_application W_Complete_application W_Call_after_offers W_Validate_application W_Call_incomplete_files W_Validate_application W_Call_incomplete_files W_Validate_application 
W_Complete_application W_Call_after_offers W_Validate_application W_Call_incomplete_files W_Validate_application W_Call_incomplete_files 
W_Complete_application W_Call_after_offers W_Validate_application W_Call_incomplete_files W_Validate_application 
W_Complete_application W_Call_after_offers W_Validate_application W_Call_incomplete_files W_Validate_application 
W_Complete_application W_Call_after_offers W_Validate_application W_Call_incomplete_files W_Validate_application W_Call_incomplete_files W_Validate_application 
W_Complete_application W_Call_after_offers 
W_Complete_application W_Call_after_offers W_Validate_application W_Call_incomplete_files 
W_Complete_application W_Call_after_offers 
W_Complete_application W_Call_after_offers 
W_Complete_application W_Call_after_offers W_Validate_application W_Call_incomplete_files W_Validate_application 
W_Complete_application W_Call_after_offers W_Validate_application W_Call_incomplete_files W_Validate_application 
W_Complete_application W_Call_after_offers W_Validate_application W_Call_incomplete_files 
W_Complete_application W_Call_after_offers W_Validate_application 
W_Handle_leads W_Complete_application W_Call_after_offers W_Validate_application 
W_Complete_application W_Call_after_offers W_Validate_application W_Call_incomplete_files W_Validate_application W_Call_incomplete_files 
W_Complete_application W_Call_after_offers 
W_Complete_application W_Call_after_offers W_Validate_application W_Call_incomplete_files W_Validate_application W_Call_incomplete_files W_Validate_application 
W_Complete_application W_Call_after_offers W_Validate_application W_Call_incomplete_files W_Validate_application 
W_Handle_leads W_Complete_application W_Call_after_offers 
W_Complete_application W_Call_after_offers W_Validate_application W_Call_incomplete_files W_Validate_application 
W_Complete_application W_Call_after_offers W_Validate_application W_Call_incomplete_files W_Validate_application W_Call_incomplete_files W_Validate_application W_Call_incomplete_files W_Validate_application 
W_Handle_leads W_Complete_application W_Call_after_offers 
W_Complete_application W_Call_after_offers W_Validate_application W_Call_incomplete_files 
W_Complete_application W_Call_after_offers W_Validate_application 
W_Complete_application W_Call_after_offers W_Validate_application W_Call_incomplete_files W_Validate_application 
W_Complete_application W_Call_after_offers W_Validate_application W_Call_incomplete_files W_Validate_application W_Call_incomplete_files 
W_Complete_application W_Call_after_offers W_Validate_application W_Call_incomplete_files W_Validate_application 
W_Call_after_offers W_Validate_application 
W_Complete_application W_Call_after_offers W_Validate_application W_Call_incomplete_files W_Validate_application 
W_Complete_application W_Call_after_offers 
W_Complete_application W_Call_after_offers W_Validate_application W_Call_incomplete_files W_Validate_application W_Call_incomplete_files 
W_Complete_application W_Call_after_offers W_Validate_application W_Call_incomplete_files W_Validate_application 
W_Complete_application W_Call_after_offers 
W_Complete_application W_Call_after_offers W_Validate_application 
W_Complete_application W_Call_after_offers W_Validate_application W_Call_incomplete_files W_Validate_application W_Call_incomplete_files W_Validate_application 
W_Complete_application W_Call_after_offers 
W_Complete_application W_Call_after_offers W_Validate_application W_Call_incomplete_files W_Validate_application 
W_Complete_application W_Call_after_offers 
W_Complete_application W_Call_after_offers W_Validate_application W_Call_incomplete_files W_Validate_application W_Call_incomplete_files W_Validate_application W_Call_incomplete_files W_Validate_application W_Call_incomplete_files W_Validate_application 
W_Complete_application W_Call_after_offers W_Validate_application W_Call_incomplete_files W_Validate_application 
W_Complete_application W_Call_after_offers W_Validate_application W_Call_incomplete_files W_Validate_application W_Call_incomplete_files 
W_Complete_application W_Call_after_offers 
W_Complete_application W_Call_after_offers 
W_Complete_application W_Call_after_offers 
W_Complete_application W_Call_after_offers W_Validate_application 
W_Complete_application W_Call_after_offers W_Validate_application 
W_Complete_application W_Call_after_offers W_Validate_application W_Call_incomplete_files W_Validate_application 
W_Complete_application W_Call_after_offers W_Validate_application W_Call_incomplete_files 
W_Handle_leads W_Complete_application W_Call_after_offers W_Validate_application W_Call_incomplete_files W_Validate_application W_Call_incomplete_files 
W_Complete_application W_Call_after_offers W_Validate_application W_Call_incomplete_files W_Validate_application W_Call_incomplete_files W_Validate_application W_Call_incomplete_files 
W_Complete_application W_Call_after_offers W_Validate_application W_Call_incomplete_files W_Validate_application W_Call_incomplete_files 
W_Complete_application W_Call_after_offers W_Validate_application W_Call_incomplete_files 
W_Complete_application W_Call_after_offers W_Validate_application W_Call_incomplete_files 
W_Complete_application W_Call_after_offers W_Validate_application W_Call_incomplete_files 
W_Complete_application W_Call_after_offers W_Validate_application 
W_Handle_leads W_Complete_application W_Call_after_offers W_Validate_application 
W_Complete_application W_Call_after_offers W_Validate_application W_Call_incomplete_files W_Validate_application 
W_Handle_leads W_Complete_application W_Call_after_offers W_Validate_application W_Call_incomplete_files 
W_Complete_application W_Call_after_offers W_Validate_application W_Call_incomplete_files 
W_Complete_application W_Call_after_offers W_Validate_application W_Call_incomplete_files W_Validate_application W_Call_incomplete_files W_Validate_application 
W_Complete_application W_Call_after_offers 
W_Complete_application W_Call_after_offers W_Validate_application W_Call_incomplete_files 
W_Handle_leads W_Complete_application W_Call_after_offers W_Validate_application 
W_Complete_application W_Call_after_offers W_Validate_application W_Call_incomplete_files W_Validate_application W_Call_incomplete_files 
W_Complete_application W_Call_after_offers W_Validate_application W_Call_incomplete_files W_Validate_application 
W_Complete_application W_Call_after_offers W_Validate_application W_Call_incomplete_files 
W_Handle_leads W_Complete_application W_Call_after_offers W_Validate_application W_Call_incomplete_files W_Validate_application 
W_Complete_application W_Call_after_offers W_Validate_application W_Call_incomplete_files W_Validate_application 
W_Complete_application W_Call_after_offers 
W_Complete_application W_Call_after_offers W_Validate_application W_Call_incomplete_files W_Validate_application 
W_Complete_application W_Call_after_offers W_Validate_application W_Call_incomplete_files 
W_Call_after_offers W_Validate_application 
W_Handle_leads W_Complete_application W_Call_after_offers 
W_Complete_application W_Call_after_offers W_Validate_application W_Call_incomplete_files W_Validate_application 
W_Complete_application W_Call_after_offers 
W_Complete_application W_Call_after_offers W_Validate_application 
W_Complete_application W_Call_after_offers W_Validate_application 
W_Call_after_offers W_Validate_application W_Call_incomplete_files 
W_Handle_leads W_Complete_application W_Call_after_offers 
W_Complete_application W_Call_after_offers W_Validate_application W_Call_incomplete_files 
W_Complete_application W_Call_after_offers W_Validate_application W_Call_incomplete_files W_Validate_application 
W_Complete_application W_Call_after_offers W_Validate_application 
W_Complete_application W_Call_after_offers W_Validate_application W_Call_incomplete_files 
W_Complete_application W_Call_after_offers W_Validate_application W_Call_incomplete_files W_Validate_application 
W_Complete_application W_Call_after_offers W_Validate_application W_Call_incomplete_files W_Validate_application 
W_Complete_application W_Call_after_offers W_Validate_application W_Call_incomplete_files W_Validate_application W_Call_incomplete_files W_Validate_application W_Call_incomplete_files W_Validate_application 
W_Complete_application W_Call_after_offers 
W_Complete_application W_Call_after_offers W_Validate_application W_Call_incomplete_files 
W_Complete_application W_Call_after_offers W_Validate_application 
W_Complete_application W_Call_after_offers W_Validate_application W_Call_incomplete_files W_Validate_application W_Call_incomplete_files W_Validate_application W_Call_incomplete_files W_Validate_application 
W_Handle_leads W_Complete_application W_Call_after_offers 
W_Complete_application W_Call_after_offers W_Validate_application W_Call_incomplete_files W_Validate_application W_Call_incomplete_files W_Validate_application 
W_Complete_application W_Call_after_offers W_Validate_application 
W_Complete_application W_Call_after_offers W_Validate_application W_Call_incomplete_files W_Validate_application 
W_Complete_application W_Call_after_offers W_Validate_application W_Call_incomplete_files 
W_Complete_application W_Call_after_offers W_Validate_application 
W_Complete_application W_Call_after_offers W_Validate_application W_Call_incomplete_files 
W_Complete_application W_Call_after_offers W_Validate_application W_Call_incomplete_files W_Validate_application 
W_Complete_application W_Call_after_offers 
W_Complete_application W_Call_after_offers W_Validate_application W_Call_incomplete_files W_Validate_application W_Call_incomplete_files W_Validate_application W_Call_incomplete_files W_Validate_application W_Call_incomplete_files W_Validate_application W_Call_incomplete_files 
W_Complete_application W_Call_after_offers 
W_Complete_application W_Call_after_offers 
W_Handle_leads W_Complete_application W_Call_after_offers W_Validate_application 
W_Complete_application W_Call_after_offers 
W_Complete_application W_Call_after_offers W_Validate_application W_Call_incomplete_files W_Validate_application W_Call_incomplete_files W_Validate_application W_Call_incomplete_files 
W_Handle_leads W_Complete_application W_Call_after_offers W_Validate_application W_Call_incomplete_files 
W_Complete_application W_Call_after_offers W_Validate_application W_Call_incomplete_files 
W_Complete_application W_Call_after_offers W_Validate_application 
W_Complete_application W_Call_after_offers W_Validate_application W_Call_incomplete_files W_Validate_application W_Call_incomplete_files W_Validate_application W_Call_incomplete_files W_Validate_application W_Call_incomplete_files W_Validate_application 
W_Complete_application W_Call_after_offers W_Validate_application W_Call_incomplete_files W_Validate_application 
W_Complete_application W_Call_after_offers W_Validate_application W_Call_incomplete_files W_Validate_application 
W_Complete_application W_Call_after_offers W_Validate_application W_Call_incomplete_files W_Validate_application W_Call_incomplete_files W_Validate_application 
W_Complete_application W_Call_after_offers W_Validate_application W_Call_incomplete_files W_Validate_application W_Call_incomplete_files 
W_Complete_application W_Call_after_offers W_Validate_application W_Call_incomplete_files W_Validate_application 
W_Complete_application W_Call_after_offers W_Validate_application 
W_Complete_application W_Call_after_offers W_Validate_application 
W_Complete_application W_Call_after_offers 
W_Complete_application W_Call_after_offers 
W_Complete_application W_Call_after_offers W_Validate_application W_Call_incomplete_files 
W_Complete_application W_Call_after_offers 
W_Complete_application W_Call_after_offers W_Validate_application W_Call_incomplete_files 
W_Complete_application W_Call_after_offers 
W_Complete_application W_Call_after_offers 
W_Complete_application W_Call_after_offers W_Validate_application W_Call_incomplete_files W_Validate_application 
W_Complete_application W_Call_after_offers W_Validate_application W_Call_incomplete_files W_Validate_application W_Call_incomplete_files 
W_Complete_application W_Call_after_offers W_Validate_application W_Call_incomplete_files W_Validate_application 
W_Complete_application W_Call_after_offers W_Validate_application W_Call_incomplete_files W_Validate_application W_Call_incomplete_files W_Validate_application 
W_Complete_application W_Call_after_offers W_Validate_application W_Call_incomplete_files W_Validate_application 
W_Handle_leads W_Complete_application W_Call_after_offers 
W_Complete_application W_Call_after_offers W_Validate_application W_Call_incomplete_files W_Validate_application 
W_Handle_leads W_Complete_application W_Call_after_offers W_Validate_application W_Assess_potential_fraud W_Validate_application W_Call_incomplete_files W_Call_after_offers W_Validate_application W_Call_incomplete_files W_Validate_application 
W_Complete_application W_Call_after_offers W_Validate_application W_Call_incomplete_files W_Validate_application 
W_Handle_leads W_Complete_application W_Call_after_offers 
W_Complete_application W_Call_after_offers W_Validate_application W_Call_incomplete_files W_Validate_application W_Call_incomplete_files W_Validate_application W_Call_incomplete_files W_Validate_application 
W_Complete_application W_Call_after_offers 
W_Complete_application W_Call_after_offers W_Validate_application W_Call_incomplete_files W_Validate_application 
W_Complete_application W_Call_after_offers W_Validate_application 
W_Complete_application W_Call_after_offers W_Validate_application W_Call_incomplete_files 
W_Complete_application W_Call_after_offers W_Validate_application W_Call_incomplete_files W_Validate_application W_Call_incomplete_files 
W_Call_after_offers W_Validate_application W_Call_incomplete_files 
W_Complete_application W_Call_after_offers W_Validate_application W_Call_incomplete_files W_Validate_application 
W_Complete_application W_Call_after_offers 
W_Complete_application W_Call_after_offers W_Validate_application W_Call_incomplete_files W_Validate_application 
W_Complete_application W_Call_after_offers W_Validate_application W_Call_incomplete_files 
W_Complete_application W_Call_after_offers 
W_Call_after_offers W_Validate_application 
W_Complete_application W_Call_after_offers W_Validate_application W_Call_incomplete_files 
W_Complete_application 
W_Handle_leads W_Complete_application W_Call_after_offers W_Validate_application W_Call_incomplete_files 
W_Handle_leads W_Complete_application W_Call_after_offers W_Validate_application W_Call_incomplete_files 
W_Complete_application W_Call_after_offers 
W_Handle_leads W_Complete_application 
W_Handle_leads W_Complete_application W_Call_after_offers W_Validate_application W_Call_incomplete_files W_Validate_application W_Assess_potential_fraud 
W_Complete_application W_Call_after_offers W_Validate_application W_Call_incomplete_files 
W_Complete_application W_Call_after_offers 
W_Handle_leads W_Complete_application W_Call_after_offers 
W_Complete_application W_Call_after_offers W_Validate_application W_Call_incomplete_files W_Validate_application W_Call_incomplete_files 
W_Complete_application W_Call_after_offers 
W_Handle_leads W_Complete_application W_Call_after_offers 
W_Handle_leads W_Complete_application W_Call_after_offers W_Validate_application 
W_Handle_leads W_Complete_application W_Call_after_offers 
W_Complete_application W_Call_after_offers 
W_Complete_application W_Call_after_offers W_Validate_application W_Call_incomplete_files W_Validate_application W_Call_incomplete_files 

W_Call_after_offers W_Validate_application W_Call_incomplete_files W_Validate_application 
W_Handle_leads W_Complete_application W_Call_after_offers W_Validate_application W_Call_incomplete_files W_Validate_application W_Call_incomplete_files W_Validate_application W_Call_incomplete_files 
W_Shortened_completion_ W_Call_after_offers W_Validate_application W_Call_incomplete_files 
W_Complete_application W_Call_after_offers W_Validate_application W_Call_incomplete_files W_Validate_application 
W_Handle_leads W_Complete_application W_Call_after_offers 
W_Complete_application W_Call_after_offers W_Validate_application 
W_Call_after_offers W_Validate_application W_Call_incomplete_files 
W_Complete_application W_Call_after_offers W_Validate_application W_Call_incomplete_files W_Validate_application W_Call_incomplete_files 
W_Shortened_completion_ W_Call_after_offers 
W_Complete_application W_Call_after_offers W_Validate_application 
W_Complete_application W_Call_after_offers W_Validate_application 
W_Complete_application W_Call_after_offers W_Validate_application 
W_Complete_application W_Call_after_offers W_Validate_application W_Call_incomplete_files 
W_Handle_leads W_Complete_application W_Call_after_offers W_Validate_application 
W_Handle_leads W_Complete_application W_Call_after_offers 
W_Complete_application W_Call_after_offers 
W_Call_after_offers W_Validate_application W_Call_incomplete_files W_Validate_application 
W_Complete_application W_Call_after_offers W_Validate_application W_Call_incomplete_files W_Validate_application W_Call_incomplete_files 
W_Complete_application W_Call_after_offers 
W_Complete_application W_Call_after_offers W_Validate_application W_Call_incomplete_files W_Validate_application W_Call_incomplete_files W_Validate_application W_Call_incomplete_files 
W_Complete_application W_Call_after_offers 
W_Handle_leads W_Complete_application W_Call_after_offers W_Validate_application W_Call_incomplete_files W_Validate_application W_Call_incomplete_files 
W_Complete_application W_Call_after_offers W_Validate_application W_Call_incomplete_files W_Validate_application 
W_Complete_application W_Call_after_offers 
W_Complete_application W_Call_after_offers W_Validate_application 
W_Complete_application W_Call_after_offers W_Validate_application W_Call_incomplete_files W_Validate_application 
W_Complete_application W_Call_after_offers 
W_Complete_application W_Call_after_offers W_Validate_application W_Call_incomplete_files 
W_Complete_application W_Call_after_offers 
W_Complete_application W_Call_after_offers W_Validate_application W_Call_incomplete_files W_Validate_application W_Call_incomplete_files W_Validate_application W_Call_incomplete_files W_Validate_application W_Call_incomplete_files W_Validate_application 
W_Complete_application W_Call_after_offers W_Validate_application W_Call_incomplete_files W_Validate_application W_Call_incomplete_files W_Validate_application W_Call_incomplete_files W_Validate_application 
W_Complete_application W_Call_after_offers 
W_Complete_application W_Call_after_offers W_Validate_application W_Call_incomplete_files W_Validate_application W_Call_incomplete_files W_Validate_application 
W_Complete_application W_Call_after_offers W_Validate_application W_Call_incomplete_files 
W_Complete_application W_Call_after_offers W_Validate_application W_Call_incomplete_files W_Validate_application W_Call_incomplete_files W_Validate_application W_Call_incomplete_files W_Validate_application W_Call_incomplete_files W_Validate_application W_Call_incomplete_files W_Validate_application W_Call_incomplete_files W_Validate_application W_Call_incomplete_files W_Validate_application 
W_Complete_application W_Call_after_offers 
W_Complete_application W_Call_after_offers 
W_Call_after_offers W_Validate_application W_Call_incomplete_files 
W_Complete_application W_Call_after_offers 
W_Complete_application W_Call_after_offers 
W_Complete_application W_Call_after_offers W_Validate_application W_Call_incomplete_files 
W_Call_after_offers 
W_Complete_application W_Call_after_offers 
W_Call_after_offers W_Validate_application W_Call_incomplete_files W_Validate_application W_Call_incomplete_files 
W_Complete_application W_Call_after_offers W_Validate_application W_Call_incomplete_files W_Validate_application W_Call_incomplete_files 
W_Handle_leads W_Complete_application W_Call_after_offers W_Validate_application W_Call_incomplete_files 
W_Complete_application W_Call_after_offers W_Validate_application 
W_Call_after_offers 
W_Complete_application W_Call_after_offers W_Validate_application 
W_Handle_leads W_Complete_application W_Call_after_offers W_Validate_application W_Call_incomplete_files 
W_Complete_application W_Call_after_offers 
W_Complete_application W_Call_after_offers W_Validate_application W_Call_incomplete_files 
W_Complete_application W_Call_after_offers W_Validate_application W_Call_incomplete_files W_Validate_application W_Call_incomplete_files 
W_Complete_application W_Call_after_offers W_Validate_application 
W_Complete_application W_Call_after_offers W_Validate_application 
W_Complete_application W_Call_after_offers W_Validate_application W_Call_incomplete_files W_Validate_application W_Call_incomplete_files W_Validate_application 
W_Call_after_offers 
W_Complete_application W_Call_after_offers W_Validate_application W_Call_incomplete_files 
W_Call_after_offers 
W_Complete_application W_Call_after_offers 
W_Call_after_offers W_Validate_application W_Call_incomplete_files 
W_Call_after_offers W_Validate_application W_Call_incomplete_files 
W_Complete_application W_Call_after_offers W_Validate_application W_Call_incomplete_files W_Validate_application W_Call_incomplete_files W_Validate_application W_Call_incomplete_files W_Validate_application W_Call_incomplete_files W_Validate_application W_Call_incomplete_files 
W_Complete_application W_Call_after_offers 
W_Handle_leads W_Complete_application W_Call_after_offers W_Call_after_offers 
W_Complete_application W_Call_after_offers W_Validate_application W_Call_incomplete_files W_Validate_application 
W_Complete_application W_Call_after_offers 
W_Call_after_offers W_Validate_application W_Call_incomplete_files 
W_Complete_application W_Call_after_offers W_Validate_application W_Call_incomplete_files W_Validate_application 
W_Handle_leads W_Complete_application W_Call_after_offers W_Validate_application 
W_Complete_application W_Call_after_offers 
W_Complete_application W_Call_after_offers 
W_Complete_application W_Call_after_offers W_Validate_application W_Call_incomplete_files W_Validate_application W_Call_incomplete_files W_Validate_application 
W_Complete_application W_Call_after_offers 
W_Complete_application W_Call_after_offers W_Validate_application W_Call_incomplete_files W_Validate_application W_Call_incomplete_files W_Validate_application 
W_Complete_application W_Call_after_offers W_Validate_application W_Call_incomplete_files W_Validate_application 
W_Complete_application W_Call_after_offers W_Validate_application W_Call_incomplete_files 
W_Complete_application W_Call_after_offers W_Validate_application 
W_Handle_leads W_Complete_application W_Call_after_offers 
W_Complete_application W_Call_after_offers 
W_Complete_application W_Call_after_offers W_Validate_application W_Call_incomplete_files W_Validate_application W_Call_incomplete_files 
W_Complete_application W_Call_after_offers W_Validate_application 
W_Call_after_offers W_Validate_application W_Call_incomplete_files W_Validate_application 
W_Complete_application W_Call_after_offers W_Validate_application 
W_Complete_application W_Call_after_offers W_Validate_application W_Call_incomplete_files W_Validate_application W_Call_incomplete_files W_Validate_application W_Call_incomplete_files W_Validate_application 
W_Complete_application W_Call_after_offers W_Validate_application W_Call_incomplete_files W_Validate_application W_Call_incomplete_files W_Validate_application 
W_Complete_application W_Call_after_offers 
W_Complete_application W_Call_after_offers W_Validate_application W_Call_incomplete_files 
W_Complete_application W_Call_after_offers W_Validate_application W_Call_incomplete_files 
W_Complete_application W_Call_after_offers W_Validate_application W_Call_incomplete_files W_Validate_application W_Call_incomplete_files W_Validate_application 
W_Complete_application W_Call_after_offers W_Validate_application W_Call_incomplete_files 
W_Complete_application W_Call_after_offers 
W_Complete_application W_Call_after_offers W_Validate_application W_Call_incomplete_files W_Validate_application 
W_Handle_leads W_Complete_application W_Call_after_offers W_Validate_application W_Call_incomplete_files 
W_Handle_leads W_Complete_application W_Call_after_offers W_Validate_application 
W_Complete_application W_Call_after_offers W_Validate_application W_Call_incomplete_files 
W_Complete_application W_Call_after_offers W_Validate_application W_Call_incomplete_files W_Validate_application 
W_Complete_application W_Call_after_offers W_Validate_application W_Call_incomplete_files W_Validate_application 
W_Handle_leads W_Complete_application W_Call_after_offers 
W_Complete_application W_Call_after_offers W_Validate_application W_Call_incomplete_files W_Validate_application 
W_Call_after_offers W_Validate_application W_Call_incomplete_files W_Validate_application 
W_Complete_application W_Call_after_offers W_Validate_application 
W_Complete_application W_Call_after_offers 
W_Complete_application W_Call_after_offers W_Validate_application W_Call_incomplete_files W_Validate_application W_Call_incomplete_files W_Validate_application 
W_Complete_application W_Call_after_offers 
W_Complete_application W_Call_after_offers W_Validate_application W_Call_incomplete_files W_Validate_application 
W_Complete_application W_Call_after_offers W_Validate_application 
W_Complete_application W_Call_after_offers W_Validate_application W_Call_incomplete_files W_Validate_application W_Call_incomplete_files W_Validate_application W_Call_incomplete_files 
W_Complete_application W_Call_after_offers W_Validate_application 
W_Complete_application W_Call_after_offers W_Validate_application W_Call_incomplete_files 
W_Complete_application W_Call_after_offers W_Validate_application W_Call_incomplete_files 
W_Complete_application W_Call_after_offers W_Validate_application W_Call_incomplete_files 
W_Handle_leads W_Complete_application W_Call_after_offers W_Validate_application W_Call_incomplete_files 
W_Complete_application W_Call_after_offers 
W_Complete_application W_Call_after_offers W_Validate_application W_Call_incomplete_files 
W_Complete_application W_Call_after_offers W_Validate_application W_Call_incomplete_files W_Validate_application 
W_Complete_application W_Call_after_offers 
W_Complete_application W_Call_after_offers W_Validate_application W_Call_incomplete_files W_Validate_application W_Call_incomplete_files W_Validate_application 
W_Complete_application W_Call_after_offers W_Validate_application 
W_Complete_application W_Call_after_offers W_Validate_application W_Call_incomplete_files 
W_Complete_application 
W_Complete_application W_Call_after_offers W_Validate_application W_Call_incomplete_files 
W_Complete_application W_Call_after_offers W_Validate_application W_Call_incomplete_files 
W_Complete_application W_Call_after_offers 
W_Complete_application W_Call_after_offers W_Validate_application 
W_Handle_leads W_Complete_application W_Call_after_offers W_Validate_application 
W_Complete_application W_Call_after_offers W_Validate_application W_Call_incomplete_files 
W_Complete_application W_Call_after_offers W_Validate_application W_Call_incomplete_files W_Validate_application W_Call_incomplete_files 
W_Complete_application W_Call_after_offers W_Validate_application 
W_Complete_application W_Call_after_offers W_Validate_application W_Call_incomplete_files 
W_Complete_application W_Call_after_offers W_Validate_application W_Call_incomplete_files W_Validate_application W_Assess_potential_fraud W_Validate_application W_Validate_application W_Call_incomplete_files 
W_Complete_application W_Call_after_offers W_Validate_application W_Call_incomplete_files W_Validate_application 
W_Complete_application W_Call_after_offers W_Validate_application W_Call_incomplete_files 
W_Handle_leads W_Complete_application W_Call_after_offers W_Validate_application 
W_Complete_application W_Call_after_offers 
W_Handle_leads W_Complete_application W_Call_after_offers 
W_Complete_application W_Call_after_offers W_Validate_application W_Call_incomplete_files W_Validate_application 
W_Complete_application W_Call_after_offers W_Validate_application W_Call_incomplete_files W_Validate_application 
W_Complete_application W_Call_after_offers W_Validate_application W_Call_incomplete_files 
W_Complete_application W_Call_after_offers W_Validate_application W_Call_incomplete_files W_Validate_application 
W_Complete_application W_Call_after_offers W_Validate_application 
W_Complete_application W_Call_after_offers W_Validate_application W_Call_incomplete_files W_Validate_application W_Assess_potential_fraud W_Validate_application W_Call_incomplete_files W_Validate_application W_Call_incomplete_files W_Validate_application 
W_Complete_application W_Call_after_offers W_Validate_application 
W_Complete_application W_Call_after_offers W_Validate_application W_Call_incomplete_files 
W_Complete_application W_Call_after_offers W_Validate_application W_Call_incomplete_files W_Validate_application 
W_Complete_application W_Call_after_offers 
W_Complete_application W_Call_after_offers W_Validate_application 
W_Complete_application W_Call_after_offers 
W_Complete_application W_Call_after_offers W_Validate_application 
W_Complete_application W_Call_after_offers 
W_Complete_application W_Call_after_offers 
W_Complete_application W_Call_after_offers W_Validate_application W_Call_incomplete_files W_Validate_application W_Call_incomplete_files W_Validate_application W_Call_incomplete_files 
W_Handle_leads W_Complete_application W_Call_after_offers 
W_Handle_leads W_Complete_application W_Call_after_offers 
W_Handle_leads W_Complete_application W_Call_after_offers W_Validate_application 
W_Complete_application W_Call_after_offers 
W_Complete_application W_Call_after_offers W_Validate_application W_Call_incomplete_files W_Validate_application W_Call_incomplete_files 
W_Complete_application W_Call_after_offers 
W_Complete_application W_Call_after_offers W_Validate_application W_Call_incomplete_files W_Validate_application W_Call_incomplete_files 
W_Complete_application W_Call_after_offers W_Validate_application W_Call_incomplete_files 
W_Complete_application W_Call_after_offers W_Validate_application W_Call_incomplete_files W_Validate_application 
W_Complete_application W_Call_after_offers 
W_Complete_application W_Call_after_offers 
W_Complete_application W_Call_after_offers 
W_Complete_application W_Call_after_offers W_Validate_application W_Call_incomplete_files 
W_Complete_application W_Call_after_offers 
W_Complete_application W_Call_after_offers 
W_Handle_leads W_Complete_application W_Call_after_offers 
W_Handle_leads W_Complete_application W_Call_after_offers 
W_Handle_leads W_Complete_application W_Call_after_offers 
W_Handle_leads W_Complete_application W_Call_after_offers W_Validate_application W_Call_incomplete_files W_Validate_application 
W_Handle_leads W_Complete_application W_Call_after_offers 
W_Handle_leads W_Complete_application W_Call_after_offers W_Validate_application W_Call_incomplete_files 
W_Handle_leads W_Complete_application W_Call_after_offers W_Validate_application 
W_Complete_application W_Call_after_offers W_Validate_application W_Call_incomplete_files W_Validate_application W_Call_incomplete_files 
W_Complete_application W_Call_after_offers W_Validate_application 
W_Complete_application W_Call_after_offers 
W_Complete_application W_Call_after_offers W_Validate_application W_Call_incomplete_files W_Validate_application 
W_Complete_application W_Call_after_offers W_Validate_application W_Call_incomplete_files 
W_Call_after_offers W_Validate_application W_Call_incomplete_files W_Validate_application W_Call_incomplete_files 
W_Complete_application W_Call_after_offers 
W_Complete_application W_Call_after_offers 
W_Complete_application W_Call_after_offers W_Validate_application W_Call_incomplete_files 
W_Handle_leads W_Complete_application W_Call_after_offers W_Validate_application W_Call_incomplete_files W_Validate_application W_Call_incomplete_files W_Validate_application W_Call_incomplete_files W_Validate_application 
W_Handle_leads W_Complete_application W_Call_after_offers W_Validate_application W_Call_incomplete_files W_Validate_application W_Call_incomplete_files W_Validate_application W_Call_incomplete_files W_Validate_application W_Call_incomplete_files 
W_Handle_leads W_Complete_application W_Call_after_offers W_Validate_application W_Call_incomplete_files W_Validate_application W_Call_incomplete_files W_Validate_application W_Call_incomplete_files W_Validate_application W_Call_incomplete_files W_Validate_application 
W_Complete_application W_Call_after_offers W_Validate_application W_Call_incomplete_files W_Validate_application 
W_Complete_application W_Call_after_offers 
W_Complete_application W_Call_after_offers 
W_Complete_application W_Call_after_offers W_Validate_application 
W_Complete_application W_Call_after_offers W_Validate_application W_Call_incomplete_files 
W_Complete_application W_Call_after_offers 
W_Complete_application W_Call_after_offers W_Validate_application 
W_Complete_application W_Call_after_offers W_Validate_application 
W_Complete_application W_Call_after_offers 
W_Complete_application W_Call_after_offers W_Validate_application W_Call_incomplete_files 
W_Complete_application W_Call_after_offers W_Validate_application 
W_Handle_leads W_Complete_application W_Call_after_offers W_Validate_application W_Call_incomplete_files 
W_Complete_application W_Call_after_offers W_Call_after_offers 
W_Complete_application W_Call_after_offers W_Validate_application W_Call_incomplete_files W_Validate_application 
W_Complete_application W_Call_after_offers W_Validate_application 
W_Complete_application W_Call_after_offers 
W_Handle_leads W_Complete_application W_Call_after_offers 
W_Complete_application W_Call_after_offers W_Validate_application W_Call_incomplete_files W_Validate_application W_Call_incomplete_files 
W_Complete_application W_Call_after_offers 
W_Complete_application W_Call_after_offers W_Validate_application W_Call_incomplete_files W_Validate_application W_Call_incomplete_files 
W_Complete_application W_Call_after_offers W_Validate_application W_Call_incomplete_files W_Validate_application W_Call_incomplete_files W_Validate_application W_Call_incomplete_files W_Validate_application W_Call_incomplete_files W_Validate_application 
W_Complete_application W_Call_after_offers W_Validate_application W_Call_incomplete_files W_Validate_application 
W_Complete_application W_Call_after_offers W_Validate_application 
W_Complete_application W_Call_after_offers W_Validate_application 
W_Complete_application W_Call_after_offers W_Validate_application W_Call_incomplete_files W_Validate_application 
W_Complete_application W_Call_after_offers W_Validate_application W_Call_incomplete_files 
W_Complete_application W_Call_after_offers W_Validate_application W_Call_incomplete_files W_Validate_application W_Call_incomplete_files W_Validate_application W_Call_incomplete_files W_Validate_application 
W_Complete_application W_Call_after_offers W_Validate_application W_Call_incomplete_files W_Validate_application 
W_Complete_application W_Call_after_offers W_Validate_application 
W_Complete_application W_Call_after_offers W_Validate_application 
W_Complete_application W_Call_after_offers 
W_Complete_application W_Call_after_offers W_Validate_application 
W_Complete_application W_Call_after_offers W_Validate_application W_Call_incomplete_files 
W_Complete_application W_Call_after_offers 
W_Complete_application W_Call_after_offers W_Validate_application 
W_Complete_application W_Call_after_offers 
W_Complete_application W_Call_after_offers 
W_Complete_application W_Call_after_offers 
W_Complete_application W_Call_after_offers 
W_Complete_application W_Call_after_offers W_Validate_application W_Call_incomplete_files W_Validate_application 
W_Complete_application W_Call_after_offers 
W_Complete_application W_Call_after_offers W_Validate_application W_Call_incomplete_files W_Validate_application 
W_Complete_application W_Call_after_offers W_Validate_application 
W_Complete_application W_Call_after_offers W_Validate_application W_Call_incomplete_files W_Validate_application 
W_Complete_application W_Call_after_offers W_Validate_application W_Call_incomplete_files W_Validate_application 
W_Complete_application W_Call_after_offers W_Validate_application W_Call_incomplete_files 
W_Complete_application W_Call_after_offers W_Validate_application W_Call_incomplete_files 
W_Complete_application W_Call_after_offers 
W_Complete_application W_Call_after_offers W_Validate_application W_Call_incomplete_files W_Validate_application 
W_Complete_application W_Call_after_offers 
W_Complete_application W_Call_after_offers W_Validate_application W_Call_incomplete_files W_Validate_application W_Call_incomplete_files W_Validate_application 
W_Complete_application W_Call_after_offers W_Validate_application W_Call_incomplete_files 
W_Complete_application W_Call_after_offers 
W_Complete_application W_Call_after_offers W_Validate_application W_Call_incomplete_files W_Validate_application W_Call_incomplete_files 
W_Handle_leads W_Complete_application W_Complete_application W_Call_after_offers W_Validate_application 
W_Complete_application W_Call_after_offers W_Validate_application 
W_Complete_application W_Call_after_offers W_Validate_application W_Call_incomplete_files W_Validate_application 
W_Complete_application W_Call_after_offers W_Validate_application W_Call_incomplete_files W_Validate_application W_Call_incomplete_files W_Validate_application W_Call_incomplete_files W_Validate_application 
W_Complete_application W_Call_after_offers W_Validate_application W_Call_incomplete_files W_Validate_application 
W_Complete_application W_Call_after_offers 
W_Complete_application W_Call_after_offers W_Validate_application W_Call_incomplete_files W_Validate_application 
W_Complete_application W_Call_after_offers 
W_Complete_application W_Call_after_offers W_Validate_application W_Call_incomplete_files W_Validate_application W_Call_incomplete_files 
W_Complete_application W_Call_after_offers 
W_Complete_application W_Call_after_offers W_Validate_application 
W_Complete_application W_Call_after_offers W_Validate_application 
W_Handle_leads W_Complete_application W_Call_after_offers 
W_Complete_application W_Call_after_offers W_Validate_application W_Call_incomplete_files W_Validate_application W_Call_incomplete_files W_Validate_application W_Call_incomplete_files 
W_Complete_application W_Call_after_offers 
W_Complete_application W_Call_after_offers 
W_Complete_application W_Call_after_offers W_Validate_application W_Call_incomplete_files W_Validate_application 
W_Complete_application W_Call_after_offers W_Validate_application W_Call_incomplete_files W_Validate_application W_Call_incomplete_files W_Validate_application W_Call_incomplete_files W_Validate_application W_Call_incomplete_files W_Validate_application W_Call_incomplete_files 
W_Complete_application W_Call_after_offers W_Validate_application W_Call_incomplete_files W_Validate_application 
W_Complete_application W_Call_after_offers W_Validate_application W_Call_incomplete_files W_Validate_application 
W_Complete_application W_Call_after_offers 
W_Complete_application W_Call_after_offers W_Validate_application W_Call_incomplete_files W_Validate_application W_Call_incomplete_files 
W_Complete_application W_Call_after_offers W_Validate_application 
W_Complete_application W_Call_after_offers 
W_Complete_application W_Call_after_offers W_Validate_application W_Call_incomplete_files W_Validate_application W_Assess_potential_fraud W_Validate_application 
W_Complete_application W_Call_after_offers 
W_Complete_application W_Call_after_offers W_Validate_application W_Call_incomplete_files W_Validate_application W_Call_incomplete_files W_Validate_application W_Call_incomplete_files 
W_Complete_application W_Call_after_offers 
W_Complete_application W_Call_after_offers W_Validate_application W_Call_incomplete_files W_Validate_application W_Call_incomplete_files 
W_Complete_application W_Call_after_offers W_Validate_application W_Call_incomplete_files W_Validate_application W_Call_incomplete_files W_Validate_application 
W_Complete_application W_Call_after_offers W_Validate_application W_Call_incomplete_files 
W_Complete_application W_Call_after_offers W_Validate_application W_Call_incomplete_files W_Validate_application W_Call_incomplete_files 
W_Handle_leads W_Complete_application W_Call_after_offers W_Validate_application W_Call_incomplete_files W_Validate_application W_Call_incomplete_files W_Validate_application W_Call_incomplete_files W_Validate_application 
W_Complete_application W_Call_after_offers W_Validate_application W_Call_incomplete_files W_Validate_application 
W_Complete_application W_Call_after_offers W_Validate_application 
W_Complete_application W_Call_after_offers 
W_Complete_application W_Call_after_offers W_Validate_application W_Call_incomplete_files W_Validate_application W_Call_incomplete_files 
W_Complete_application W_Call_after_offers W_Validate_application W_Call_incomplete_files W_Validate_application W_Call_incomplete_files W_Validate_application W_Call_incomplete_files W_Validate_application 
W_Complete_application W_Call_after_offers W_Validate_application 
W_Complete_application W_Call_after_offers W_Validate_application W_Call_incomplete_files W_Validate_application 
W_Complete_application W_Call_after_offers W_Validate_application W_Call_incomplete_files W_Validate_application W_Call_incomplete_files W_Validate_application W_Call_incomplete_files 
W_Complete_application W_Call_after_offers 
W_Complete_application W_Call_after_offers W_Validate_application 
W_Complete_application W_Call_after_offers W_Validate_application 
W_Complete_application W_Call_after_offers 
W_Complete_application W_Call_after_offers W_Validate_application 
W_Complete_application W_Call_after_offers W_Validate_application 
W_Handle_leads W_Complete_application W_Call_after_offers W_Validate_application 
W_Complete_application W_Call_after_offers W_Validate_application W_Call_incomplete_files W_Validate_application W_Call_incomplete_files W_Validate_application 
W_Complete_application W_Call_after_offers W_Validate_application W_Call_incomplete_files 
W_Complete_application W_Call_after_offers W_Validate_application W_Call_incomplete_files W_Validate_application W_Call_incomplete_files W_Validate_application 
W_Complete_application W_Call_after_offers 
W_Complete_application W_Call_after_offers W_Validate_application 
W_Complete_application W_Call_after_offers 
W_Complete_application W_Call_after_offers W_Validate_application W_Call_incomplete_files 
W_Complete_application W_Call_after_offers 
W_Complete_application W_Call_after_offers 
W_Complete_application W_Call_after_offers W_Validate_application W_Call_incomplete_files W_Validate_application W_Call_incomplete_files W_Validate_application 
W_Complete_application W_Call_after_offers W_Validate_application W_Call_incomplete_files W_Validate_application W_Call_incomplete_files W_Validate_application W_Call_incomplete_files 
W_Complete_application W_Call_after_offers 
W_Handle_leads W_Complete_application W_Call_after_offers W_Validate_application W_Call_incomplete_files W_Validate_application 
W_Complete_application W_Call_after_offers W_Validate_application 
W_Complete_application W_Call_after_offers W_Validate_application 
W_Handle_leads W_Complete_application W_Call_after_offers W_Validate_application W_Call_incomplete_files 
W_Complete_application W_Call_after_offers 
W_Complete_application W_Call_after_offers W_Validate_application W_Call_incomplete_files W_Validate_application 
W_Handle_leads W_Complete_application W_Call_after_offers W_Validate_application 
W_Complete_application W_Call_after_offers W_Validate_application W_Call_incomplete_files W_Validate_application 
W_Complete_application W_Call_after_offers 
W_Complete_application W_Call_after_offers W_Validate_application W_Call_incomplete_files W_Validate_application 
W_Complete_application W_Call_after_offers W_Validate_application W_Call_incomplete_files W_Validate_application 
W_Complete_application W_Call_after_offers W_Validate_application W_Call_incomplete_files W_Validate_application 
W_Complete_application W_Call_after_offers 
W_Complete_application W_Call_after_offers W_Validate_application W_Call_incomplete_files W_Validate_application W_Call_incomplete_files W_Validate_application W_Validate_application W_Validate_application 
W_Complete_application W_Call_after_offers W_Validate_application W_Call_incomplete_files 
W_Complete_application W_Call_after_offers W_Validate_application W_Call_incomplete_files 
W_Complete_application W_Call_after_offers W_Validate_application 
W_Complete_application W_Call_after_offers W_Validate_application 
W_Complete_application W_Call_after_offers 
W_Complete_application W_Call_after_offers 
W_Complete_application W_Call_after_offers W_Validate_application W_Call_incomplete_files W_Validate_application 
W_Complete_application W_Call_after_offers W_Validate_application W_Call_incomplete_files W_Validate_application W_Call_incomplete_files 
W_Complete_application W_Call_after_offers W_Assess_potential_fraud W_Call_after_offers W_Validate_application W_Call_incomplete_files W_Validate_application W_Call_incomplete_files 
W_Complete_application W_Call_after_offers W_Validate_application W_Call_incomplete_files W_Validate_application W_Call_incomplete_files W_Validate_application W_Call_incomplete_files W_Validate_application 
W_Complete_application W_Call_after_offers W_Validate_application W_Call_incomplete_files W_Validate_application W_Call_incomplete_files 
W_Complete_application 
W_Complete_application W_Call_after_offers 
W_Complete_application W_Call_after_offers W_Validate_application 
W_Complete_application W_Call_after_offers W_Validate_application W_Call_incomplete_files W_Validate_application W_Call_incomplete_files 
W_Complete_application W_Call_after_offers 
W_Complete_application W_Call_after_offers 
W_Complete_application W_Call_after_offers W_Validate_application 
W_Complete_application W_Call_after_offers W_Validate_application W_Call_incomplete_files W_Validate_application W_Call_incomplete_files 
W_Complete_application W_Call_after_offers W_Validate_application W_Call_incomplete_files W_Validate_application W_Call_incomplete_files W_Validate_application W_Call_incomplete_files W_Validate_application W_Call_incomplete_files W_Validate_application 
W_Handle_leads W_Complete_application W_Call_after_offers W_Validate_application W_Assess_potential_fraud W_Assess_potential_fraud W_Assess_potential_fraud 
W_Handle_leads W_Complete_application W_Call_after_offers 
W_Complete_application W_Call_after_offers W_Validate_application 
W_Complete_application W_Call_after_offers W_Validate_application W_Call_incomplete_files 
W_Complete_application W_Call_after_offers W_Validate_application W_Call_incomplete_files W_Validate_application W_Call_incomplete_files W_Validate_application 
W_Complete_application W_Call_after_offers W_Validate_application W_Call_incomplete_files W_Validate_application 
W_Handle_leads W_Complete_application W_Call_after_offers 
W_Call_after_offers W_Validate_application W_Call_incomplete_files W_Validate_application W_Call_incomplete_files W_Validate_application W_Call_incomplete_files 
W_Handle_leads W_Complete_application W_Call_after_offers W_Validate_application 
W_Handle_leads W_Complete_application W_Call_after_offers W_Validate_application W_Call_incomplete_files W_Validate_application W_Call_incomplete_files W_Validate_application W_Call_incomplete_files 
W_Handle_leads W_Complete_application W_Call_after_offers 
W_Complete_application W_Call_after_offers W_Validate_application W_Call_incomplete_files 
W_Complete_application W_Call_after_offers W_Validate_application 
W_Complete_application W_Call_after_offers W_Validate_application W_Call_incomplete_files W_Validate_application W_Call_incomplete_files W_Validate_application 
W_Complete_application W_Call_after_offers W_Validate_application W_Call_incomplete_files W_Validate_application W_Call_incomplete_files 
W_Complete_application W_Call_after_offers W_Validate_application 
W_Handle_leads W_Complete_application W_Call_after_offers W_Validate_application 
W_Complete_application W_Call_after_offers W_Validate_application W_Call_incomplete_files W_Validate_application W_Call_incomplete_files W_Validate_application W_Call_incomplete_files 
W_Complete_application W_Call_after_offers W_Validate_application 
W_Complete_application W_Call_after_offers 

W_Handle_leads W_Complete_application W_Call_after_offers W_Validate_application W_Call_incomplete_files W_Validate_application W_Call_incomplete_files W_Validate_application 
W_Complete_application W_Call_after_offers W_Validate_application 
W_Call_after_offers W_Validate_application W_Call_incomplete_files W_Call_incomplete_files W_Validate_application W_Call_incomplete_files 
W_Call_after_offers W_Validate_application W_Call_incomplete_files W_Validate_application W_Call_incomplete_files 
W_Complete_application W_Call_after_offers 
W_Complete_application W_Call_after_offers W_Validate_application 
W_Complete_application W_Call_after_offers W_Validate_application 
W_Complete_application W_Call_after_offers W_Validate_application W_Call_incomplete_files W_Validate_application W_Call_incomplete_files W_Validate_application W_Call_incomplete_files W_Validate_application W_Call_incomplete_files 
W_Complete_application W_Call_after_offers W_Validate_application W_Call_incomplete_files W_Validate_application 
W_Complete_application W_Call_after_offers 
W_Complete_application W_Call_after_offers W_Validate_application 
W_Complete_application W_Call_after_offers W_Validate_application W_Call_incomplete_files W_Validate_application W_Call_incomplete_files 
W_Complete_application W_Call_after_offers 
W_Complete_application W_Call_after_offers W_Validate_application W_Call_incomplete_files W_Validate_application W_Call_incomplete_files W_Validate_application W_Call_incomplete_files W_Validate_application W_Call_incomplete_files 
W_Complete_application W_Call_after_offers W_Validate_application W_Call_incomplete_files W_Validate_application 
W_Complete_application W_Call_after_offers W_Validate_application W_Call_incomplete_files W_Validate_application W_Call_incomplete_files W_Validate_application W_Call_incomplete_files 
W_Complete_application W_Call_after_offers W_Validate_application W_Call_incomplete_files W_Validate_application 
W_Complete_application W_Call_after_offers 
W_Complete_application W_Call_after_offers W_Validate_application W_Call_incomplete_files W_Validate_application 
W_Complete_application W_Call_after_offers W_Validate_application W_Call_incomplete_files W_Validate_application 
W_Complete_application W_Call_after_offers W_Validate_application W_Call_incomplete_files W_Validate_application W_Call_incomplete_files 
W_Handle_leads W_Complete_application W_Call_after_offers W_Validate_application W_Call_incomplete_files W_Validate_application W_Call_incomplete_files 
W_Complete_application W_Call_after_offers 
W_Complete_application W_Call_after_offers W_Validate_application W_Call_incomplete_files 
W_Complete_application W_Call_after_offers W_Validate_application W_Call_incomplete_files W_Validate_application W_Call_incomplete_files 
W_Complete_application W_Call_after_offers W_Validate_application W_Call_incomplete_files W_Validate_application W_Call_incomplete_files 
W_Complete_application W_Call_after_offers 
W_Complete_application W_Call_after_offers W_Validate_application W_Call_incomplete_files W_Validate_application 
W_Complete_application W_Call_after_offers W_Validate_application W_Call_incomplete_files W_Validate_application W_Call_incomplete_files 
W_Complete_application W_Call_after_offers W_Validate_application W_Call_incomplete_files W_Validate_application 
W_Complete_application W_Call_after_offers 
W_Call_after_offers W_Validate_application W_Call_incomplete_files 
W_Complete_application W_Call_after_offers W_Validate_application W_Call_incomplete_files 
W_Complete_application W_Call_after_offers W_Validate_application W_Call_incomplete_files 
W_Complete_application W_Call_after_offers W_Validate_application 
W_Complete_application W_Call_after_offers 
W_Complete_application W_Call_after_offers W_Validate_application W_Call_incomplete_files 
W_Handle_leads W_Complete_application W_Call_after_offers 
W_Complete_application W_Call_after_offers W_Validate_application W_Call_incomplete_files W_Validate_application W_Call_incomplete_files 
W_Handle_leads W_Complete_application W_Call_after_offers W_Validate_application W_Assess_potential_fraud W_Assess_potential_fraud 
W_Complete_application W_Call_after_offers 
W_Complete_application W_Call_after_offers W_Validate_application 
W_Complete_application W_Call_after_offers W_Validate_application W_Call_incomplete_files 
W_Complete_application W_Call_after_offers 
W_Complete_application W_Call_after_offers W_Validate_application W_Call_incomplete_files W_Validate_application W_Call_incomplete_files W_Validate_application 
W_Complete_application W_Call_after_offers W_Validate_application W_Call_incomplete_files W_Validate_application 
W_Complete_application W_Call_after_offers W_Validate_application W_Call_incomplete_files 
W_Complete_application W_Call_after_offers 
W_Complete_application W_Call_after_offers W_Validate_application W_Call_incomplete_files W_Validate_application W_Call_incomplete_files 
W_Complete_application W_Call_after_offers W_Validate_application W_Call_incomplete_files 
W_Complete_application W_Call_after_offers W_Validate_application W_Call_incomplete_files W_Validate_application W_Call_incomplete_files W_Validate_application W_Call_incomplete_files 
W_Complete_application W_Call_after_offers 
W_Handle_leads W_Complete_application W_Call_after_offers W_Validate_application 
W_Complete_application W_Call_after_offers W_Validate_application W_Call_incomplete_files W_Validate_application W_Call_incomplete_files W_Validate_application 
W_Handle_leads W_Complete_application W_Call_after_offers 
W_Handle_leads W_Complete_application W_Call_after_offers 
W_Complete_application W_Call_after_offers 
W_Complete_application W_Call_after_offers W_Validate_application W_Call_incomplete_files W_Validate_application W_Call_incomplete_files W_Validate_application 
W_Complete_application W_Call_after_offers 
W_Complete_application W_Call_after_offers W_Validate_application W_Call_incomplete_files W_Validate_application W_Call_incomplete_files W_Validate_application W_Call_incomplete_files W_Validate_application W_Call_incomplete_files W_Validate_application 
W_Complete_application W_Call_after_offers W_Validate_application W_Call_incomplete_files W_Validate_application 
W_Complete_application W_Call_after_offers W_Validate_application W_Call_incomplete_files W_Validate_application W_Call_incomplete_files W_Validate_application W_Call_incomplete_files W_Validate_application 
W_Complete_application W_Call_after_offers W_Validate_application 
W_Complete_application W_Call_after_offers W_Validate_application W_Call_incomplete_files W_Validate_application W_Call_incomplete_files W_Validate_application W_Call_incomplete_files 
W_Complete_application W_Call_after_offers W_Validate_application W_Call_incomplete_files W_Validate_application W_Call_incomplete_files W_Validate_application W_Call_incomplete_files 
W_Complete_application W_Call_after_offers 
W_Complete_application W_Call_after_offers W_Validate_application W_Call_incomplete_files W_Validate_application W_Call_incomplete_files W_Validate_application W_Call_incomplete_files W_Validate_application W_Call_incomplete_files W_Validate_application 
W_Complete_application W_Call_after_offers W_Validate_application W_Call_incomplete_files 
W_Complete_application W_Call_after_offers W_Validate_application 
W_Complete_application W_Call_after_offers W_Validate_application 
W_Complete_application W_Call_after_offers W_Validate_application W_Call_incomplete_files 
W_Handle_leads W_Complete_application W_Call_after_offers W_Validate_application W_Call_incomplete_files W_Validate_application W_Call_incomplete_files W_Validate_application W_Call_incomplete_files W_Validate_application 
W_Complete_application W_Call_after_offers 
W_Complete_application W_Call_after_offers W_Validate_application W_Call_incomplete_files W_Validate_application W_Call_incomplete_files W_Validate_application 
W_Complete_application W_Call_after_offers 
W_Handle_leads W_Complete_application W_Call_after_offers W_Validate_application 
W_Handle_leads W_Complete_application W_Call_after_offers 
W_Complete_application W_Call_after_offers 
W_Complete_application W_Call_after_offers 
W_Complete_application W_Call_after_offers 
W_Complete_application W_Call_after_offers W_Validate_application W_Call_incomplete_files W_Validate_application W_Call_incomplete_files W_Validate_application W_Call_incomplete_files 
W_Handle_leads W_Complete_application W_Call_after_offers 
W_Complete_application W_Call_after_offers W_Validate_application W_Call_incomplete_files W_Validate_application 
W_Complete_application W_Call_after_offers 
W_Complete_application W_Call_after_offers 
W_Complete_application W_Call_after_offers W_Validate_application W_Call_incomplete_files W_Validate_application 
W_Complete_application W_Call_after_offers 
W_Complete_application W_Call_after_offers W_Validate_application W_Call_incomplete_files W_Validate_application W_Call_incomplete_files W_Validate_application 
W_Complete_application W_Call_after_offers 
W_Complete_application W_Call_after_offers W_Validate_application 
W_Complete_application W_Call_after_offers W_Validate_application W_Call_incomplete_files 
W_Complete_application W_Call_after_offers 
W_Complete_application W_Call_after_offers W_Validate_application W_Call_incomplete_files W_Validate_application W_Call_incomplete_files 
W_Complete_application W_Call_after_offers 
W_Complete_application W_Call_after_offers W_Validate_application W_Call_incomplete_files W_Validate_application W_Call_incomplete_files W_Validate_application W_Call_incomplete_files 
W_Complete_application W_Call_after_offers 
W_Handle_leads W_Complete_application W_Call_after_offers W_Validate_application W_Call_incomplete_files 
W_Complete_application W_Call_after_offers 
W_Complete_application W_Call_after_offers W_Validate_application W_Call_incomplete_files 
W_Handle_leads W_Complete_application W_Call_after_offers 
W_Complete_application W_Call_after_offers W_Validate_application W_Call_incomplete_files W_Validate_application 
W_Handle_leads W_Complete_application W_Call_after_offers W_Validate_application W_Call_incomplete_files 
W_Complete_application W_Call_after_offers W_Validate_application W_Call_incomplete_files W_Validate_application W_Call_incomplete_files 
W_Complete_application W_Call_after_offers W_Validate_application W_Call_incomplete_files W_Validate_application W_Call_incomplete_files W_Validate_application W_Call_incomplete_files W_Validate_application W_Call_incomplete_files W_Validate_application 
W_Complete_application W_Call_after_offers W_Validate_application W_Call_incomplete_files 
W_Complete_application W_Call_after_offers W_Validate_application W_Call_incomplete_files W_Validate_application 
W_Complete_application W_Call_after_offers W_Validate_application W_Call_incomplete_files W_Validate_application 
W_Complete_application W_Call_after_offers W_Validate_application W_Call_incomplete_files W_Validate_application W_Call_incomplete_files W_Validate_application W_Call_incomplete_files 
W_Handle_leads W_Complete_application W_Call_after_offers W_Validate_application W_Call_incomplete_files W_Validate_application W_Call_incomplete_files 
W_Complete_application W_Call_after_offers 
W_Complete_application W_Call_after_offers W_Validate_application W_Call_incomplete_files 
W_Complete_application W_Call_after_offers W_Validate_application W_Call_incomplete_files W_Validate_application 
W_Complete_application W_Call_after_offers W_Validate_application 
W_Complete_application W_Call_after_offers 
W_Complete_application W_Call_after_offers 
W_Complete_application W_Call_after_offers W_Validate_application 
W_Complete_application W_Call_after_offers 
W_Handle_leads W_Complete_application W_Call_after_offers 
W_Complete_application W_Call_after_offers 
W_Complete_application W_Call_after_offers 
W_Complete_application W_Call_after_offers W_Validate_application W_Call_incomplete_files W_Validate_application W_Call_incomplete_files 
W_Complete_application W_Call_after_offers W_Validate_application W_Call_incomplete_files 
W_Complete_application W_Call_after_offers W_Validate_application W_Call_incomplete_files W_Validate_application 
W_Complete_application W_Call_after_offers W_Validate_application W_Call_incomplete_files W_Validate_application 
W_Complete_application W_Call_after_offers 
W_Complete_application W_Call_after_offers W_Validate_application W_Call_incomplete_files 
W_Complete_application W_Call_after_offers 
W_Complete_application W_Call_after_offers W_Validate_application W_Call_incomplete_files W_Validate_application W_Call_incomplete_files W_Validate_application 
W_Complete_application W_Call_after_offers 
W_Complete_application W_Call_after_offers W_Validate_application W_Call_incomplete_files W_Validate_application W_Call_incomplete_files 
W_Call_after_offers W_Validate_application W_Call_incomplete_files W_Validate_application W_Call_incomplete_files W_Validate_application W_Call_incomplete_files W_Validate_application W_Call_incomplete_files 
W_Call_after_offers W_Validate_application W_Call_incomplete_files W_Validate_application W_Call_incomplete_files 
W_Complete_application W_Call_after_offers W_Validate_application W_Call_incomplete_files W_Validate_application W_Call_incomplete_files W_Validate_application W_Call_incomplete_files W_Validate_application W_Call_incomplete_files W_Validate_application 
W_Complete_application W_Call_after_offers W_Validate_application W_Call_incomplete_files 
W_Complete_application W_Call_after_offers W_Validate_application 
W_Complete_application W_Call_after_offers 
W_Complete_application W_Call_after_offers W_Validate_application W_Call_incomplete_files W_Validate_application W_Call_incomplete_files W_Validate_application W_Call_incomplete_files 
W_Complete_application W_Call_after_offers W_Validate_application W_Call_incomplete_files W_Validate_application 
W_Complete_application W_Call_after_offers W_Validate_application W_Call_incomplete_files W_Validate_application W_Call_incomplete_files W_Validate_application W_Call_incomplete_files 
W_Complete_application W_Call_after_offers W_Validate_application W_Call_incomplete_files 
W_Complete_application W_Call_after_offers 
W_Complete_application W_Call_after_offers W_Validate_application W_Call_incomplete_files 
W_Complete_application W_Call_after_offers 
W_Complete_application W_Call_after_offers 
W_Complete_application W_Call_after_offers W_Validate_application W_Call_incomplete_files W_Validate_application W_Call_incomplete_files 
W_Handle_leads W_Complete_application W_Call_after_offers W_Validate_application W_Call_incomplete_files 
W_Complete_application W_Call_after_offers W_Validate_application 
W_Complete_application W_Call_after_offers W_Validate_application W_Call_incomplete_files 
W_Complete_application W_Call_after_offers W_Validate_application W_Call_incomplete_files W_Validate_application W_Call_incomplete_files W_Call_incomplete_files W_Validate_application 
W_Complete_application W_Call_after_offers 
W_Complete_application W_Call_after_offers W_Validate_application W_Call_incomplete_files W_Validate_application W_Call_incomplete_files 
W_Complete_application W_Call_after_offers W_Validate_application W_Call_incomplete_files 
W_Complete_application W_Call_after_offers W_Validate_application W_Call_incomplete_files W_Validate_application 
W_Complete_application W_Call_after_offers 
W_Complete_application W_Call_after_offers 
W_Complete_application W_Call_after_offers W_Validate_application W_Call_incomplete_files 
W_Complete_application W_Call_after_offers W_Validate_application W_Call_incomplete_files 
W_Complete_application W_Call_after_offers 
W_Complete_application W_Call_after_offers 
W_Handle_leads W_Complete_application W_Call_after_offers W_Validate_application W_Call_incomplete_files W_Validate_application W_Call_incomplete_files W_Validate_application W_Call_incomplete_files W_Validate_application 
W_Complete_application W_Call_after_offers 
W_Handle_leads W_Complete_application W_Call_after_offers 
W_Complete_application W_Call_after_offers W_Validate_application 
W_Call_after_offers 
W_Complete_application W_Call_after_offers W_Validate_application 
W_Complete_application W_Call_after_offers W_Validate_application W_Call_incomplete_files W_Validate_application W_Call_incomplete_files 
W_Complete_application W_Call_after_offers 
W_Complete_application W_Call_after_offers W_Validate_application W_Call_incomplete_files 
W_Complete_application W_Call_after_offers W_Validate_application W_Call_incomplete_files W_Validate_application W_Validate_application 
W_Complete_application W_Call_after_offers W_Validate_application W_Call_incomplete_files W_Validate_application W_Call_incomplete_files 
W_Complete_application W_Call_after_offers W_Validate_application W_Call_incomplete_files W_Validate_application W_Call_incomplete_files W_Validate_application 
W_Complete_application W_Call_after_offers W_Validate_application W_Call_incomplete_files W_Validate_application W_Call_incomplete_files 
W_Complete_application W_Call_after_offers 
W_Complete_application W_Call_after_offers W_Validate_application W_Call_incomplete_files 
W_Complete_application W_Call_after_offers 
W_Complete_application W_Call_after_offers 
W_Complete_application W_Call_after_offers W_Validate_application 
W_Complete_application W_Call_after_offers 
W_Complete_application W_Call_after_offers W_Validate_application W_Call_incomplete_files W_Validate_application W_Call_incomplete_files W_Validate_application W_Call_incomplete_files 
W_Complete_application W_Call_after_offers W_Validate_application 
W_Complete_application W_Call_after_offers W_Validate_application W_Call_incomplete_files 
W_Complete_application W_Call_after_offers W_Validate_application W_Call_incomplete_files W_Validate_application W_Call_incomplete_files W_Validate_application W_Call_incomplete_files W_Validate_application 
W_Complete_application W_Call_after_offers W_Validate_application W_Call_incomplete_files W_Validate_application W_Call_incomplete_files W_Validate_application W_Call_incomplete_files W_Validate_application W_Call_incomplete_files W_Validate_application 
W_Complete_application W_Call_after_offers W_Validate_application W_Call_incomplete_files 
W_Complete_application W_Call_after_offers W_Validate_application W_Call_incomplete_files W_Validate_application W_Call_incomplete_files W_Validate_application W_Call_incomplete_files W_Validate_application W_Call_incomplete_files 
W_Complete_application W_Call_after_offers 
W_Complete_application W_Call_after_offers W_Validate_application 
W_Complete_application W_Call_after_offers W_Validate_application W_Call_incomplete_files 
W_Complete_application W_Call_after_offers 
W_Complete_application W_Call_after_offers 
W_Complete_application W_Call_after_offers W_Validate_application W_Call_incomplete_files W_Validate_application W_Call_incomplete_files W_Validate_application W_Call_incomplete_files W_Validate_application W_Validate_application W_Call_incomplete_files W_Validate_application W_Call_incomplete_files W_Validate_application W_Call_incomplete_files W_Validate_application 
W_Complete_application W_Call_after_offers W_Validate_application W_Call_incomplete_files 
W_Complete_application W_Call_after_offers W_Validate_application W_Call_incomplete_files W_Validate_application W_Call_incomplete_files 
W_Complete_application W_Call_after_offers W_Validate_application W_Call_incomplete_files W_Validate_application 
W_Complete_application W_Call_after_offers 
W_Complete_application W_Call_after_offers 
W_Complete_application W_Call_after_offers W_Validate_application W_Call_incomplete_files W_Validate_application 
W_Complete_application W_Call_after_offers W_Validate_application 
W_Complete_application W_Call_after_offers 
W_Complete_application W_Call_after_offers W_Validate_application W_Call_incomplete_files W_Validate_application 
W_Complete_application W_Call_after_offers W_Validate_application W_Call_incomplete_files 
W_Handle_leads W_Complete_application W_Call_after_offers W_Validate_application W_Call_incomplete_files W_Validate_application W_Call_incomplete_files W_Validate_application W_Call_incomplete_files W_Validate_application 
W_Complete_application W_Call_after_offers W_Validate_application 
W_Complete_application W_Call_after_offers W_Validate_application W_Call_incomplete_files W_Validate_application W_Call_incomplete_files 
W_Complete_application W_Call_after_offers W_Validate_application W_Call_incomplete_files 
W_Complete_application W_Call_after_offers 
W_Complete_application W_Call_after_offers 
W_Complete_application W_Call_after_offers W_Validate_application W_Call_incomplete_files W_Validate_application W_Call_incomplete_files W_Validate_application W_Call_incomplete_files 
W_Complete_application W_Call_after_offers W_Validate_application W_Call_incomplete_files 
W_Handle_leads W_Complete_application W_Call_after_offers 
W_Complete_application W_Call_after_offers W_Validate_application 
W_Complete_application W_Call_after_offers 
W_Complete_application W_Call_after_offers W_Validate_application W_Call_incomplete_files W_Validate_application W_Call_incomplete_files W_Validate_application W_Call_incomplete_files 
W_Complete_application W_Call_after_offers W_Validate_application 
W_Complete_application W_Call_after_offers W_Validate_application W_Call_incomplete_files W_Validate_application 
W_Complete_application W_Call_after_offers 
W_Complete_application W_Call_after_offers 
W_Handle_leads W_Complete_application W_Call_after_offers 
W_Complete_application W_Call_after_offers W_Validate_application W_Call_incomplete_files W_Validate_application W_Call_incomplete_files W_Validate_application W_Call_incomplete_files W_Validate_application W_Validate_application W_Call_incomplete_files W_Validate_application W_Call_incomplete_files 
W_Complete_application W_Call_after_offers 
W_Complete_application W_Call_after_offers W_Validate_application W_Call_incomplete_files W_Validate_application 
W_Call_after_offers W_Validate_application W_Call_incomplete_files 
W_Complete_application W_Call_after_offers W_Validate_application W_Call_incomplete_files W_Validate_application W_Call_incomplete_files W_Validate_application W_Call_incomplete_files 
W_Complete_application W_Call_after_offers W_Validate_application 
W_Complete_application W_Call_after_offers 
W_Handle_leads W_Complete_application W_Call_after_offers W_Validate_application W_Call_incomplete_files W_Validate_application W_Call_incomplete_files W_Validate_application W_Call_incomplete_files 
W_Complete_application 
W_Call_after_offers W_Validate_application W_Call_incomplete_files W_Validate_application 
W_Complete_application W_Call_after_offers 
W_Complete_application W_Call_after_offers 
W_Call_after_offers W_Validate_application W_Call_incomplete_files 
W_Complete_application W_Call_after_offers 
W_Complete_application W_Call_after_offers W_Validate_application W_Call_incomplete_files W_Validate_application 
W_Complete_application W_Call_after_offers W_Validate_application W_Call_incomplete_files W_Validate_application 
W_Complete_application W_Call_after_offers W_Validate_application 
W_Complete_application W_Call_after_offers 
W_Handle_leads W_Complete_application W_Call_after_offers 
W_Handle_leads W_Complete_application W_Call_after_offers 
W_Complete_application W_Call_after_offers 
W_Complete_application W_Call_after_offers 
W_Handle_leads W_Complete_application W_Call_after_offers W_Validate_application 
W_Complete_application W_Call_after_offers W_Validate_application 
W_Complete_application W_Call_after_offers 
W_Complete_application W_Call_after_offers 
W_Complete_application W_Call_after_offers W_Validate_application W_Call_incomplete_files W_Validate_application W_Call_incomplete_files W_Validate_application 
W_Complete_application W_Call_after_offers W_Validate_application W_Call_incomplete_files W_Validate_application W_Call_incomplete_files 
W_Call_after_offers W_Validate_application 
W_Complete_application W_Call_after_offers 
W_Complete_application W_Call_after_offers 
W_Complete_application W_Call_after_offers W_Validate_application W_Call_incomplete_files W_Validate_application 
W_Complete_application W_Call_after_offers W_Validate_application W_Call_incomplete_files W_Validate_application W_Call_incomplete_files 
W_Handle_leads W_Complete_application W_Call_after_offers W_Validate_application W_Call_incomplete_files W_Validate_application 
W_Complete_application W_Call_after_offers W_Validate_application W_Call_incomplete_files 
W_Complete_application W_Call_after_offers W_Validate_application W_Call_incomplete_files W_Validate_application 
W_Complete_application W_Call_after_offers 
W_Complete_application W_Call_after_offers W_Validate_application W_Call_incomplete_files 
W_Complete_application W_Call_after_offers 
W_Handle_leads W_Complete_application W_Call_after_offers 
W_Complete_application W_Call_after_offers W_Validate_application 
W_Complete_application W_Call_after_offers W_Validate_application 
W_Complete_application W_Call_after_offers W_Validate_application 
W_Complete_application W_Call_after_offers W_Validate_application 
W_Complete_application W_Call_after_offers W_Validate_application W_Call_incomplete_files W_Validate_application 
W_Call_after_offers W_Validate_application W_Call_incomplete_files W_Validate_application W_Call_incomplete_files W_Validate_application 
W_Complete_application W_Call_after_offers W_Validate_application W_Call_incomplete_files W_Validate_application W_Call_incomplete_files 
W_Complete_application W_Call_after_offers W_Validate_application W_Call_incomplete_files W_Validate_application W_Call_incomplete_files 
W_Complete_application W_Call_after_offers 
W_Call_after_offers 
W_Complete_application W_Call_after_offers W_Validate_application 
W_Complete_application W_Call_after_offers W_Validate_application W_Call_incomplete_files 
W_Complete_application W_Call_after_offers W_Validate_application W_Call_incomplete_files W_Validate_application W_Call_incomplete_files W_Validate_application W_Call_incomplete_files 
W_Complete_application W_Call_after_offers 
W_Complete_application W_Call_after_offers W_Validate_application W_Call_incomplete_files W_Validate_application 
W_Complete_application W_Call_after_offers W_Validate_application W_Call_incomplete_files W_Validate_application W_Call_incomplete_files W_Validate_application 
W_Complete_application W_Call_after_offers W_Validate_application W_Call_incomplete_files W_Validate_application 
W_Complete_application W_Call_after_offers 
W_Handle_leads W_Complete_application W_Call_after_offers W_Validate_application W_Call_incomplete_files W_Validate_application 
W_Complete_application W_Call_after_offers W_Validate_application W_Call_incomplete_files W_Validate_application W_Call_incomplete_files 
W_Complete_application W_Call_after_offers W_Validate_application W_Call_incomplete_files 
W_Call_after_offers 
W_Complete_application W_Call_after_offers W_Validate_application W_Call_incomplete_files 
W_Complete_application W_Call_after_offers W_Validate_application W_Call_incomplete_files W_Validate_application 
W_Complete_application W_Call_after_offers W_Validate_application W_Call_incomplete_files W_Validate_application 
W_Handle_leads W_Complete_application W_Call_after_offers W_Validate_application 
W_Complete_application W_Call_after_offers W_Validate_application W_Call_incomplete_files W_Validate_application 
W_Complete_application W_Call_after_offers W_Validate_application W_Call_incomplete_files W_Validate_application W_Call_incomplete_files W_Validate_application W_Call_incomplete_files W_Validate_application 
W_Complete_application W_Call_after_offers W_Validate_application W_Call_incomplete_files W_Validate_application W_Call_incomplete_files W_Validate_application 
W_Handle_leads W_Complete_application W_Call_after_offers W_Validate_application W_Call_incomplete_files W_Validate_application 
W_Call_after_offers 
W_Handle_leads W_Complete_application W_Call_after_offers W_Validate_application 
W_Complete_application W_Call_after_offers W_Validate_application 
W_Complete_application W_Call_after_offers W_Validate_application W_Call_incomplete_files 
W_Call_after_offers W_Validate_application W_Call_incomplete_files 
W_Call_after_offers 
W_Call_after_offers 
W_Complete_application W_Call_after_offers W_Validate_application 
W_Call_after_offers 
W_Complete_application W_Call_after_offers 
W_Call_after_offers W_Validate_application W_Call_incomplete_files 
W_Call_after_offers W_Validate_application 
W_Call_after_offers W_Validate_application W_Call_incomplete_files W_Validate_application 
W_Handle_leads W_Complete_application W_Call_after_offers W_Validate_application W_Call_incomplete_files W_Validate_application 
W_Call_after_offers 
W_Call_after_offers W_Validate_application W_Call_incomplete_files W_Validate_application 
W_Complete_application W_Call_after_offers W_Validate_application W_Call_incomplete_files W_Validate_application W_Call_incomplete_files 
W_Handle_leads W_Complete_application W_Call_after_offers W_Validate_application 
W_Complete_application W_Call_after_offers W_Validate_application W_Call_incomplete_files 
W_Call_after_offers W_Validate_application W_Call_incomplete_files W_Validate_application 
W_Call_after_offers W_Validate_application 
W_Complete_application W_Call_after_offers W_Validate_application W_Call_incomplete_files W_Validate_application 
W_Call_after_offers 
W_Call_after_offers W_Validate_application W_Call_incomplete_files 
W_Handle_leads W_Complete_application W_Call_after_offers W_Validate_application 
W_Complete_application W_Call_after_offers 
W_Complete_application W_Call_after_offers W_Validate_application 
W_Complete_application W_Call_after_offers W_Validate_application W_Call_incomplete_files W_Validate_application 
W_Complete_application W_Call_after_offers W_Validate_application W_Call_incomplete_files W_Validate_application W_Call_incomplete_files 
W_Call_after_offers W_Validate_application W_Call_incomplete_files W_Validate_application 
W_Complete_application W_Call_after_offers W_Validate_application W_Call_incomplete_files W_Validate_application W_Call_incomplete_files W_Validate_application 
W_Call_after_offers W_Validate_application 
W_Call_after_offers W_Validate_application W_Call_incomplete_files 
W_Call_after_offers W_Validate_application W_Call_incomplete_files W_Validate_application W_Call_incomplete_files W_Validate_application 
W_Complete_application W_Call_after_offers W_Validate_application W_Call_incomplete_files W_Validate_application 
W_Complete_application W_Call_after_offers 
W_Complete_application W_Call_after_offers 
W_Complete_application W_Call_after_offers W_Validate_application W_Call_incomplete_files W_Validate_application W_Call_incomplete_files W_Validate_application W_Call_incomplete_files W_Validate_application W_Call_incomplete_files W_Validate_application 
W_Complete_application W_Call_after_offers W_Validate_application W_Call_incomplete_files W_Validate_application 
W_Call_after_offers 
W_Call_after_offers W_Validate_application W_Call_incomplete_files 
W_Call_after_offers W_Assess_potential_fraud 
W_Complete_application W_Call_after_offers W_Validate_application W_Call_incomplete_files 
W_Handle_leads W_Complete_application W_Call_after_offers W_Validate_application W_Call_incomplete_files W_Validate_application 
W_Complete_application W_Call_after_offers W_Validate_application W_Call_incomplete_files 
W_Handle_leads W_Complete_application W_Call_after_offers W_Validate_application W_Call_incomplete_files W_Validate_application 
W_Complete_application W_Call_after_offers W_Validate_application W_Call_incomplete_files W_Validate_application W_Call_incomplete_files W_Validate_application 
W_Complete_application W_Call_after_offers W_Validate_application W_Call_incomplete_files W_Validate_application 
W_Complete_application W_Call_after_offers 
W_Complete_application W_Call_after_offers 
W_Handle_leads W_Complete_application W_Call_after_offers W_Validate_application 
W_Complete_application W_Call_after_offers 
W_Complete_application W_Call_after_offers W_Validate_application W_Call_incomplete_files 
W_Complete_application W_Call_after_offers W_Validate_application W_Call_incomplete_files W_Validate_application W_Call_incomplete_files W_Validate_application W_Call_incomplete_files 
W_Complete_application W_Call_after_offers 
W_Complete_application W_Call_after_offers W_Validate_application W_Call_incomplete_files W_Validate_application W_Call_incomplete_files 
W_Complete_application W_Call_after_offers W_Validate_application W_Call_incomplete_files W_Validate_application W_Call_incomplete_files 
W_Complete_application W_Call_after_offers W_Validate_application 
W_Complete_application W_Call_after_offers W_Validate_application W_Call_incomplete_files W_Validate_application W_Call_incomplete_files 
W_Handle_leads W_Complete_application W_Call_after_offers 
W_Complete_application W_Call_after_offers W_Validate_application 
W_Complete_application W_Call_after_offers W_Validate_application W_Call_incomplete_files 
W_Complete_application W_Call_after_offers 
W_Complete_application W_Call_after_offers 
W_Complete_application W_Call_after_offers W_Validate_application 
W_Complete_application W_Call_after_offers W_Validate_application 
W_Complete_application W_Call_after_offers W_Validate_application W_Call_incomplete_files W_Validate_application W_Call_incomplete_files 
W_Call_after_offers W_Validate_application W_Call_incomplete_files 
W_Complete_application W_Call_after_offers W_Validate_application W_Call_incomplete_files W_Validate_application 
W_Complete_application W_Call_after_offers 
W_Complete_application W_Call_after_offers W_Validate_application W_Call_incomplete_files W_Validate_application W_Call_incomplete_files 
W_Complete_application W_Call_after_offers 
W_Complete_application W_Call_after_offers 
W_Complete_application W_Call_after_offers 
W_Complete_application W_Call_after_offers W_Validate_application 
W_Complete_application W_Call_after_offers W_Validate_application W_Call_incomplete_files 
W_Complete_application W_Call_after_offers W_Validate_application W_Call_incomplete_files W_Validate_application 
W_Handle_leads W_Complete_application W_Call_after_offers 
W_Complete_application 
W_Complete_application W_Call_after_offers W_Validate_application W_Call_incomplete_files 
W_Complete_application W_Call_after_offers W_Validate_application W_Call_incomplete_files W_Assess_potential_fraud W_Call_after_offers W_Validate_application 
W_Handle_leads W_Complete_application W_Call_after_offers W_Validate_application W_Call_incomplete_files W_Validate_application W_Call_incomplete_files W_Validate_application 
W_Handle_leads W_Complete_application W_Call_after_offers W_Validate_application W_Call_incomplete_files W_Validate_application 
W_Handle_leads W_Complete_application W_Call_after_offers W_Validate_application W_Call_incomplete_files W_Validate_application 
W_Complete_application W_Call_after_offers 
W_Handle_leads W_Complete_application W_Call_after_offers W_Validate_application 
W_Complete_application W_Call_after_offers W_Validate_application W_Call_incomplete_files 
W_Complete_application W_Call_after_offers 
W_Complete_application W_Call_after_offers W_Validate_application W_Call_incomplete_files W_Validate_application W_Call_incomplete_files W_Validate_application 
W_Handle_leads W_Complete_application W_Call_after_offers W_Validate_application W_Call_incomplete_files 
W_Complete_application W_Call_after_offers 
W_Complete_application W_Call_after_offers W_Validate_application W_Call_incomplete_files W_Validate_application W_Call_incomplete_files 
W_Complete_application W_Call_after_offers 
W_Complete_application W_Call_after_offers 
W_Complete_application W_Call_after_offers 
W_Complete_application W_Call_after_offers W_Validate_application W_Call_incomplete_files W_Validate_application W_Call_incomplete_files W_Validate_application 
W_Complete_application W_Call_after_offers W_Validate_application W_Call_incomplete_files W_Validate_application 
W_Complete_application W_Call_after_offers W_Validate_application 
W_Complete_application W_Call_after_offers W_Validate_application W_Call_incomplete_files 
W_Complete_application W_Call_after_offers W_Validate_application W_Call_incomplete_files W_Validate_application W_Call_incomplete_files W_Validate_application 
W_Complete_application W_Call_after_offers W_Validate_application W_Call_incomplete_files W_Validate_application 
W_Complete_application W_Call_after_offers W_Validate_application W_Call_incomplete_files 
W_Complete_application W_Call_after_offers W_Validate_application 
W_Complete_application W_Call_after_offers W_Validate_application W_Call_incomplete_files W_Validate_application 
W_Call_after_offers W_Validate_application W_Call_incomplete_files 
W_Complete_application W_Call_after_offers W_Validate_application W_Call_incomplete_files W_Validate_application W_Assess_potential_fraud 
W_Complete_application W_Call_after_offers W_Validate_application W_Call_incomplete_files W_Validate_application W_Call_incomplete_files W_Validate_application 
W_Handle_leads W_Complete_application W_Call_after_offers W_Validate_application W_Call_incomplete_files W_Validate_application 
W_Complete_application W_Call_after_offers W_Validate_application W_Call_incomplete_files W_Validate_application W_Call_incomplete_files 
W_Complete_application W_Call_after_offers 
W_Complete_application W_Call_after_offers W_Validate_application W_Call_incomplete_files W_Validate_application 
W_Complete_application W_Call_after_offers 
W_Complete_application W_Call_after_offers 
W_Complete_application W_Call_after_offers W_Validate_application W_Call_incomplete_files W_Validate_application W_Call_incomplete_files W_Validate_application W_Call_incomplete_files W_Validate_application W_Call_incomplete_files W_Validate_application W_Call_incomplete_files W_Validate_application 
W_Complete_application W_Call_after_offers 
W_Complete_application W_Call_after_offers W_Validate_application W_Call_incomplete_files W_Validate_application 
W_Complete_application W_Call_after_offers W_Validate_application W_Call_incomplete_files W_Validate_application W_Call_incomplete_files 
W_Handle_leads W_Complete_application W_Call_after_offers W_Validate_application W_Call_incomplete_files W_Validate_application W_Call_incomplete_files W_Validate_application W_Call_incomplete_files 
W_Handle_leads W_Complete_application W_Call_after_offers W_Validate_application 
W_Complete_application W_Call_after_offers W_Validate_application W_Assess_potential_fraud 
W_Complete_application W_Call_after_offers W_Validate_application W_Call_incomplete_files W_Validate_application 
W_Complete_application W_Call_after_offers W_Validate_application W_Call_incomplete_files W_Validate_application 
W_Complete_application W_Call_after_offers W_Validate_application W_Call_incomplete_files W_Validate_application W_Call_incomplete_files W_Validate_application 
W_Complete_application W_Call_after_offers W_Validate_application W_Call_incomplete_files W_Validate_application 
W_Complete_application W_Call_after_offers W_Validate_application 
W_Complete_application W_Call_after_offers 
W_Call_after_offers W_Validate_application W_Call_incomplete_files W_Validate_application 
W_Complete_application W_Call_after_offers W_Validate_application 
W_Complete_application W_Call_after_offers W_Validate_application W_Call_incomplete_files W_Validate_application W_Call_incomplete_files 
W_Complete_application W_Call_after_offers 
W_Complete_application W_Call_after_offers W_Validate_application W_Call_incomplete_files 
W_Handle_leads W_Complete_application W_Call_after_offers W_Validate_application W_Call_incomplete_files W_Validate_application W_Call_incomplete_files 
W_Complete_application W_Call_after_offers 
W_Complete_application W_Call_after_offers 
W_Complete_application W_Call_after_offers 
W_Complete_application W_Call_after_offers 
W_Complete_application W_Call_after_offers W_Validate_application W_Call_incomplete_files W_Validate_application 
W_Complete_application W_Call_after_offers W_Validate_application W_Call_incomplete_files 
W_Handle_leads W_Complete_application W_Call_after_offers W_Validate_application W_Call_incomplete_files W_Validate_application 
W_Complete_application W_Call_after_offers 
W_Handle_leads W_Complete_application W_Call_after_offers 
W_Complete_application W_Call_after_offers 
W_Complete_application W_Call_after_offers W_Validate_application W_Call_incomplete_files W_Validate_application 
W_Complete_application W_Call_after_offers W_Validate_application W_Call_incomplete_files W_Validate_application W_Call_incomplete_files 
W_Complete_application W_Call_after_offers 
W_Complete_application W_Call_after_offers 
W_Complete_application W_Call_after_offers W_Validate_application W_Call_incomplete_files W_Validate_application W_Call_incomplete_files 
W_Complete_application W_Call_after_offers 
W_Complete_application W_Call_after_offers 
W_Complete_application W_Call_after_offers W_Validate_application W_Call_incomplete_files W_Validate_application W_Call_incomplete_files W_Validate_application 
W_Complete_application W_Call_after_offers W_Validate_application W_Call_incomplete_files W_Validate_application 
W_Complete_application W_Call_after_offers W_Validate_application 
W_Complete_application W_Call_after_offers W_Validate_application W_Call_incomplete_files W_Validate_application W_Call_incomplete_files 
W_Complete_application W_Call_after_offers W_Validate_application W_Call_incomplete_files 
W_Handle_leads W_Complete_application W_Call_after_offers W_Validate_application W_Call_incomplete_files W_Validate_application 
W_Complete_application W_Call_after_offers W_Validate_application W_Call_incomplete_files W_Validate_application 
W_Complete_application W_Call_after_offers W_Validate_application W_Call_incomplete_files W_Validate_application W_Call_incomplete_files 
W_Complete_application W_Call_after_offers 
W_Complete_application W_Call_after_offers 
W_Handle_leads W_Complete_application W_Call_after_offers W_Validate_application 
W_Complete_application W_Call_after_offers W_Validate_application W_Call_incomplete_files 
W_Handle_leads W_Complete_application W_Call_after_offers 
W_Complete_application W_Call_after_offers W_Validate_application 
W_Complete_application W_Call_after_offers 
W_Complete_application W_Call_after_offers W_Validate_application 
W_Complete_application W_Call_after_offers W_Validate_application W_Call_incomplete_files 
W_Call_after_offers W_Validate_application W_Call_incomplete_files W_Validate_application W_Call_incomplete_files 
W_Handle_leads W_Complete_application W_Call_after_offers W_Validate_application W_Call_incomplete_files W_Validate_application 
W_Complete_application W_Call_after_offers 
W_Complete_application W_Call_after_offers W_Validate_application W_Call_incomplete_files W_Validate_application W_Call_incomplete_files W_Validate_application 
W_Handle_leads W_Complete_application W_Call_after_offers W_Validate_application W_Call_incomplete_files W_Validate_application W_Call_incomplete_files W_Validate_application 
W_Complete_application W_Call_after_offers W_Validate_application 
W_Complete_application W_Call_after_offers 
W_Complete_application W_Call_after_offers W_Validate_application W_Call_incomplete_files W_Validate_application W_Call_incomplete_files 
W_Handle_leads W_Complete_application W_Call_after_offers W_Validate_application W_Call_incomplete_files W_Validate_application W_Call_incomplete_files W_Validate_application 
W_Complete_application W_Call_after_offers W_Validate_application W_Call_incomplete_files W_Validate_application W_Call_incomplete_files W_Validate_application 
W_Complete_application W_Call_after_offers 
W_Complete_application W_Call_after_offers 
W_Complete_application W_Call_after_offers 
W_Complete_application W_Call_after_offers W_Validate_application W_Call_incomplete_files W_Validate_application W_Call_incomplete_files 
W_Complete_application W_Call_after_offers W_Validate_application W_Call_incomplete_files W_Validate_application W_Call_incomplete_files W_Validate_application W_Call_incomplete_files 
W_Complete_application W_Call_after_offers W_Validate_application 
W_Complete_application W_Call_after_offers 
W_Complete_application W_Call_after_offers W_Validate_application W_Call_incomplete_files W_Validate_application W_Call_incomplete_files 
W_Complete_application W_Call_after_offers W_Validate_application 
W_Complete_application W_Call_after_offers 
W_Complete_application W_Call_after_offers W_Validate_application W_Call_incomplete_files 
W_Complete_application W_Call_after_offers W_Validate_application W_Call_incomplete_files 
W_Complete_application W_Call_after_offers W_Validate_application W_Call_incomplete_files W_Validate_application W_Call_incomplete_files W_Validate_application 
W_Complete_application W_Call_after_offers 
W_Complete_application W_Call_after_offers W_Validate_application W_Call_incomplete_files W_Validate_application 
W_Complete_application W_Call_after_offers 
W_Complete_application W_Call_after_offers W_Validate_application W_Call_incomplete_files W_Validate_application W_Call_incomplete_files W_Validate_application 
W_Complete_application W_Call_after_offers W_Validate_application W_Call_incomplete_files 
W_Complete_application W_Assess_potential_fraud W_Complete_application W_Call_after_offers 
W_Complete_application W_Call_after_offers W_Validate_application W_Call_incomplete_files W_Validate_application W_Call_incomplete_files W_Validate_application W_Call_incomplete_files 
W_Handle_leads W_Complete_application W_Call_after_offers W_Validate_application W_Call_incomplete_files W_Validate_application 
W_Complete_application W_Call_after_offers W_Validate_application W_Call_incomplete_files W_Validate_application 
W_Complete_application W_Call_after_offers W_Validate_application W_Call_incomplete_files W_Validate_application 
W_Complete_application W_Call_after_offers W_Validate_application W_Call_incomplete_files W_Validate_application W_Call_incomplete_files 
W_Complete_application W_Call_after_offers W_Validate_application W_Call_incomplete_files W_Validate_application W_Call_incomplete_files 
W_Handle_leads W_Complete_application W_Call_after_offers 
W_Complete_application W_Call_after_offers 
W_Call_after_offers W_Validate_application W_Call_incomplete_files W_Validate_application 
W_Complete_application W_Call_after_offers W_Validate_application 
W_Call_after_offers W_Validate_application W_Call_incomplete_files W_Validate_application 
W_Handle_leads W_Complete_application W_Call_after_offers W_Validate_application W_Call_incomplete_files 
W_Complete_application W_Call_after_offers 
W_Handle_leads W_Complete_application W_Call_after_offers 
W_Call_after_offers 
W_Complete_application W_Call_after_offers W_Validate_application W_Call_incomplete_files W_Validate_application W_Call_incomplete_files W_Validate_application W_Call_incomplete_files W_Validate_application W_Call_incomplete_files 
W_Complete_application W_Call_after_offers 
W_Complete_application W_Call_after_offers W_Validate_application W_Call_incomplete_files W_Validate_application W_Call_incomplete_files W_Validate_application W_Call_incomplete_files W_Validate_application W_Call_incomplete_files W_Validate_application 
W_Complete_application W_Call_after_offers 
W_Complete_application W_Call_after_offers W_Validate_application 
W_Complete_application W_Call_after_offers 
W_Complete_application W_Call_after_offers 
W_Complete_application W_Call_after_offers 
W_Complete_application W_Call_after_offers W_Validate_application W_Call_incomplete_files W_Validate_application 
W_Handle_leads W_Complete_application W_Call_after_offers W_Validate_application 
W_Handle_leads W_Complete_application W_Call_after_offers 
W_Complete_application W_Call_after_offers W_Validate_application 
W_Complete_application W_Call_after_offers 
W_Handle_leads W_Complete_application W_Call_after_offers 
W_Handle_leads W_Complete_application W_Call_after_offers W_Validate_application W_Call_incomplete_files W_Validate_application W_Call_incomplete_files W_Validate_application W_Call_incomplete_files W_Validate_application 
W_Complete_application W_Call_after_offers W_Validate_application 
W_Complete_application W_Call_after_offers W_Validate_application W_Call_incomplete_files W_Validate_application W_Call_incomplete_files W_Validate_application 
W_Complete_application W_Call_after_offers W_Validate_application W_Call_incomplete_files 
W_Complete_application W_Call_after_offers 
W_Complete_application W_Call_after_offers W_Validate_application W_Call_incomplete_files W_Call_incomplete_files 
W_Complete_application W_Call_after_offers W_Validate_application W_Call_incomplete_files 
W_Complete_application W_Call_after_offers W_Validate_application 
W_Complete_application W_Call_after_offers 
W_Complete_application W_Call_after_offers W_Validate_application 
W_Complete_application W_Call_after_offers W_Validate_application W_Call_incomplete_files 
W_Complete_application W_Call_after_offers W_Validate_application 
W_Complete_application W_Call_after_offers W_Validate_application 
W_Call_after_offers W_Validate_application 
W_Complete_application W_Call_after_offers W_Validate_application W_Call_incomplete_files W_Validate_application W_Assess_potential_fraud 
W_Complete_application W_Call_after_offers W_Validate_application W_Call_incomplete_files W_Validate_application 
W_Complete_application W_Call_after_offers W_Validate_application W_Call_incomplete_files 
W_Complete_application W_Call_after_offers 
W_Complete_application W_Call_after_offers W_Validate_application W_Call_incomplete_files W_Validate_application W_Call_incomplete_files W_Validate_application W_Call_incomplete_files W_Validate_application 
W_Complete_application W_Call_after_offers W_Validate_application W_Call_incomplete_files W_Validate_application W_Call_incomplete_files W_Validate_application W_Call_incomplete_files W_Validate_application 
W_Complete_application W_Call_after_offers W_Validate_application 
W_Complete_application W_Call_after_offers W_Validate_application W_Call_incomplete_files W_Validate_application W_Call_incomplete_files W_Validate_application 
W_Complete_application W_Call_after_offers W_Validate_application W_Call_incomplete_files W_Validate_application 
W_Complete_application W_Call_after_offers W_Validate_application W_Call_incomplete_files 
W_Complete_application W_Call_after_offers W_Validate_application 
W_Handle_leads W_Complete_application W_Call_after_offers 
W_Complete_application W_Call_after_offers W_Validate_application W_Call_incomplete_files 
W_Complete_application W_Call_after_offers W_Validate_application W_Call_incomplete_files W_Validate_application W_Call_incomplete_files 
W_Complete_application W_Call_after_offers 
W_Complete_application W_Call_after_offers 
W_Complete_application W_Call_after_offers W_Validate_application W_Call_incomplete_files W_Validate_application 
W_Complete_application W_Call_after_offers W_Validate_application 
W_Complete_application W_Call_after_offers W_Validate_application W_Call_incomplete_files W_Validate_application W_Call_incomplete_files W_Validate_application W_Call_incomplete_files 
W_Complete_application W_Call_after_offers W_Validate_application W_Call_incomplete_files W_Validate_application 
W_Complete_application W_Call_after_offers W_Validate_application W_Call_incomplete_files W_Validate_application 
W_Complete_application W_Call_after_offers 
W_Complete_application W_Call_after_offers W_Validate_application W_Call_incomplete_files W_Validate_application 
W_Complete_application W_Call_after_offers W_Validate_application W_Call_incomplete_files W_Validate_application 
W_Complete_application W_Call_after_offers W_Validate_application 
W_Complete_application W_Call_after_offers W_Validate_application W_Call_incomplete_files W_Validate_application 
W_Complete_application W_Complete_application W_Call_after_offers W_Validate_application W_Call_incomplete_files 
W_Complete_application W_Call_after_offers W_Validate_application W_Call_incomplete_files 
W_Handle_leads W_Complete_application W_Call_after_offers W_Validate_application W_Call_incomplete_files W_Validate_application W_Assess_potential_fraud 
W_Complete_application W_Call_after_offers W_Validate_application W_Call_incomplete_files W_Validate_application W_Call_incomplete_files 
W_Complete_application W_Call_after_offers 
W_Complete_application W_Call_after_offers W_Validate_application W_Call_incomplete_files 
W_Call_after_offers W_Validate_application W_Call_incomplete_files W_Validate_application W_Call_incomplete_files W_Validate_application W_Call_incomplete_files 
W_Complete_application W_Call_after_offers W_Validate_application W_Call_incomplete_files W_Validate_application W_Assess_potential_fraud W_Validate_application 
W_Complete_application W_Call_after_offers W_Validate_application 
W_Complete_application W_Call_after_offers 
W_Complete_application W_Call_after_offers W_Validate_application W_Call_incomplete_files W_Validate_application W_Call_incomplete_files W_Validate_application W_Call_incomplete_files 
W_Complete_application W_Call_after_offers 
W_Complete_application W_Call_after_offers W_Validate_application W_Call_incomplete_files W_Validate_application 
W_Complete_application W_Call_after_offers 
W_Complete_application W_Call_after_offers W_Validate_application W_Call_incomplete_files W_Validate_application W_Call_incomplete_files 
W_Handle_leads W_Complete_application W_Call_after_offers 
W_Call_after_offers W_Validate_application 
W_Complete_application W_Call_after_offers W_Validate_application W_Call_incomplete_files W_Validate_application 
W_Complete_application W_Call_after_offers W_Validate_application 
W_Complete_application W_Call_after_offers W_Call_after_offers W_Validate_application W_Call_incomplete_files W_Validate_application 
W_Complete_application W_Call_after_offers W_Validate_application 
W_Complete_application W_Call_after_offers W_Validate_application 
W_Complete_application W_Call_after_offers W_Validate_application W_Call_incomplete_files W_Validate_application W_Call_incomplete_files W_Validate_application W_Call_incomplete_files W_Validate_application 
W_Complete_application W_Call_after_offers W_Validate_application W_Call_incomplete_files W_Validate_application 
W_Complete_application W_Call_after_offers 
W_Complete_application W_Call_after_offers W_Validate_application 
W_Complete_application W_Call_after_offers W_Validate_application W_Call_incomplete_files W_Validate_application 
W_Complete_application W_Call_after_offers W_Validate_application W_Call_incomplete_files W_Validate_application W_Call_incomplete_files 
W_Complete_application W_Call_after_offers W_Validate_application W_Call_incomplete_files W_Validate_application W_Call_incomplete_files W_Validate_application 
W_Complete_application W_Call_after_offers W_Validate_application W_Validate_application W_Call_incomplete_files 
W_Handle_leads W_Complete_application W_Call_after_offers 
W_Complete_application W_Call_after_offers W_Validate_application W_Call_incomplete_files W_Validate_application W_Call_incomplete_files W_Validate_application 
W_Complete_application W_Call_after_offers 
W_Complete_application W_Call_after_offers 
W_Call_after_offers W_Validate_application W_Call_incomplete_files W_Validate_application W_Call_incomplete_files W_Validate_application W_Call_incomplete_files W_Validate_application W_Call_incomplete_files W_Validate_application 
W_Complete_application W_Call_after_offers 
W_Complete_application W_Call_after_offers W_Validate_application W_Call_incomplete_files W_Validate_application 
W_Complete_application W_Call_after_offers W_Validate_application W_Call_incomplete_files W_Validate_application 
W_Complete_application W_Call_after_offers 
W_Complete_application W_Call_after_offers W_Validate_application W_Validate_application W_Call_incomplete_files W_Validate_application 
W_Complete_application W_Call_after_offers W_Validate_application W_Call_incomplete_files W_Validate_application W_Call_incomplete_files W_Validate_application W_Call_incomplete_files 
W_Complete_application W_Call_after_offers W_Validate_application W_Call_incomplete_files W_Validate_application W_Validate_application 
W_Complete_application W_Call_after_offers W_Validate_application W_Call_incomplete_files 
W_Complete_application W_Call_after_offers W_Validate_application W_Call_incomplete_files W_Validate_application W_Call_incomplete_files 
W_Complete_application W_Call_after_offers W_Validate_application W_Call_incomplete_files W_Validate_application 
W_Complete_application W_Call_after_offers W_Validate_application W_Call_incomplete_files W_Validate_application W_Call_incomplete_files W_Validate_application 
W_Complete_application W_Call_after_offers 
W_Complete_application W_Call_after_offers 
W_Complete_application W_Call_after_offers W_Validate_application W_Call_incomplete_files 
W_Complete_application W_Call_after_offers W_Validate_application 
W_Handle_leads W_Complete_application W_Call_after_offers 
W_Complete_application W_Call_after_offers W_Validate_application W_Call_incomplete_files W_Validate_application 
W_Complete_application W_Call_after_offers W_Validate_application W_Call_incomplete_files W_Validate_application 
W_Complete_application W_Call_after_offers W_Validate_application W_Call_incomplete_files W_Validate_application W_Call_incomplete_files W_Validate_application 
W_Complete_application W_Call_after_offers 
W_Handle_leads W_Complete_application W_Call_after_offers W_Validate_application W_Call_incomplete_files W_Validate_application 
W_Complete_application W_Call_after_offers 
W_Call_after_offers W_Validate_application W_Call_incomplete_files 
W_Complete_application W_Call_after_offers 
W_Call_after_offers W_Validate_application W_Call_incomplete_files W_Validate_application W_Call_incomplete_files W_Validate_application 
W_Complete_application W_Call_after_offers W_Assess_potential_fraud 
W_Complete_application W_Call_after_offers 
W_Complete_application W_Call_after_offers W_Validate_application W_Call_incomplete_files W_Validate_application W_Call_incomplete_files W_Validate_application W_Call_incomplete_files W_Validate_application 
W_Complete_application W_Call_after_offers 
W_Complete_application W_Call_after_offers W_Validate_application W_Call_incomplete_files W_Validate_application W_Call_incomplete_files W_Validate_application 
W_Complete_application W_Call_after_offers W_Validate_application W_Call_incomplete_files W_Validate_application 
W_Call_after_offers 
W_Complete_application W_Call_after_offers W_Validate_application W_Call_incomplete_files W_Validate_application W_Call_incomplete_files W_Validate_application 
W_Complete_application W_Call_after_offers W_Validate_application 
W_Complete_application W_Call_after_offers 
W_Complete_application W_Call_after_offers W_Validate_application W_Validate_application 
W_Complete_application W_Call_after_offers W_Validate_application W_Call_incomplete_files W_Validate_application 
W_Complete_application 
W_Complete_application W_Call_after_offers 
W_Complete_application W_Call_after_offers W_Validate_application W_Call_incomplete_files W_Validate_application 
W_Complete_application W_Call_after_offers W_Validate_application 
W_Complete_application W_Call_after_offers 
W_Complete_application W_Call_after_offers W_Validate_application W_Call_incomplete_files 
W_Complete_application W_Call_after_offers W_Validate_application 
W_Complete_application W_Call_after_offers W_Validate_application W_Call_incomplete_files W_Validate_application W_Call_incomplete_files W_Validate_application W_Call_incomplete_files W_Validate_application 
W_Complete_application W_Call_after_offers W_Validate_application W_Call_incomplete_files 
W_Complete_application W_Call_after_offers W_Validate_application W_Call_incomplete_files W_Validate_application 
W_Complete_application W_Call_after_offers W_Validate_application W_Call_incomplete_files W_Validate_application W_Call_incomplete_files W_Validate_application W_Call_incomplete_files 
W_Complete_application W_Call_after_offers W_Validate_application W_Call_incomplete_files 
W_Complete_application W_Call_after_offers W_Validate_application W_Call_incomplete_files W_Validate_application W_Call_incomplete_files 
W_Complete_application W_Call_after_offers W_Validate_application W_Call_incomplete_files 
W_Complete_application W_Call_after_offers W_Validate_application 
W_Complete_application W_Call_after_offers 
W_Complete_application W_Call_after_offers W_Validate_application 
W_Complete_application W_Call_after_offers 
W_Complete_application W_Call_after_offers W_Validate_application W_Call_incomplete_files W_Validate_application W_Call_incomplete_files 
W_Complete_application W_Call_after_offers 
W_Complete_application W_Call_after_offers W_Validate_application W_Call_incomplete_files W_Validate_application 
W_Complete_application W_Call_after_offers 
W_Complete_application W_Call_after_offers W_Validate_application W_Call_incomplete_files 
W_Complete_application W_Call_after_offers W_Validate_application W_Call_incomplete_files W_Validate_application W_Assess_potential_fraud W_Assess_potential_fraud 
W_Complete_application W_Call_after_offers W_Validate_application 
W_Call_after_offers W_Validate_application W_Call_incomplete_files W_Validate_application W_Call_incomplete_files 
W_Complete_application W_Call_after_offers 
W_Complete_application W_Call_after_offers W_Validate_application 
W_Complete_application W_Call_after_offers 
W_Complete_application W_Call_after_offers W_Validate_application 
W_Complete_application W_Call_after_offers W_Validate_application W_Call_incomplete_files W_Validate_application W_Call_incomplete_files 
W_Complete_application W_Call_after_offers W_Validate_application 
W_Complete_application W_Call_after_offers W_Validate_application 
W_Complete_application W_Call_after_offers W_Validate_application W_Call_incomplete_files 
W_Complete_application W_Call_after_offers W_Validate_application 
W_Complete_application W_Call_after_offers 
W_Complete_application W_Call_after_offers W_Validate_application W_Call_incomplete_files W_Validate_application W_Call_incomplete_files W_Validate_application W_Call_incomplete_files 
W_Complete_application W_Call_after_offers W_Validate_application W_Call_incomplete_files W_Validate_application W_Call_incomplete_files W_Validate_application 
W_Complete_application W_Call_after_offers 
W_Handle_leads W_Complete_application W_Call_after_offers W_Validate_application 
W_Handle_leads W_Complete_application W_Call_after_offers W_Validate_application 
W_Complete_application W_Call_after_offers 
W_Complete_application W_Call_after_offers W_Validate_application 
W_Complete_application W_Call_after_offers W_Validate_application 
W_Complete_application W_Call_after_offers W_Validate_application W_Call_incomplete_files W_Validate_application W_Call_incomplete_files W_Validate_application W_Assess_potential_fraud W_Validate_application W_Call_incomplete_files W_Validate_application 
W_Complete_application W_Call_after_offers W_Validate_application 
W_Complete_application W_Call_after_offers 
W_Call_after_offers W_Validate_application W_Call_incomplete_files 
W_Complete_application W_Call_after_offers W_Validate_application W_Call_incomplete_files W_Validate_application 
W_Complete_application W_Call_after_offers W_Validate_application W_Call_incomplete_files 
W_Complete_application W_Call_after_offers 
W_Complete_application W_Call_after_offers 
W_Complete_application W_Call_after_offers W_Validate_application 
W_Complete_application W_Call_after_offers W_Validate_application W_Call_incomplete_files 
W_Complete_application W_Call_after_offers W_Validate_application W_Call_incomplete_files 
W_Complete_application W_Call_after_offers 
W_Complete_application W_Call_after_offers W_Validate_application 
W_Complete_application W_Call_after_offers W_Validate_application W_Call_incomplete_files W_Validate_application 
W_Complete_application W_Call_after_offers W_Validate_application 
W_Handle_leads W_Complete_application W_Call_after_offers 
W_Complete_application W_Call_after_offers W_Validate_application 
W_Complete_application W_Call_after_offers W_Validate_application W_Call_incomplete_files 
W_Complete_application W_Call_after_offers W_Validate_application 
W_Complete_application W_Call_after_offers W_Validate_application 
W_Complete_application W_Call_after_offers W_Validate_application W_Call_incomplete_files W_Validate_application W_Call_incomplete_files W_Validate_application W_Call_incomplete_files W_Validate_application 
W_Handle_leads W_Complete_application W_Call_after_offers W_Validate_application 
W_Complete_application W_Call_after_offers W_Validate_application W_Call_incomplete_files W_Validate_application W_Call_incomplete_files 
W_Complete_application W_Call_after_offers W_Validate_application W_Call_incomplete_files W_Validate_application 
W_Complete_application W_Call_after_offers W_Validate_application 
W_Complete_application W_Call_after_offers W_Validate_application W_Call_incomplete_files W_Validate_application 
W_Complete_application W_Call_after_offers W_Validate_application 
W_Complete_application W_Call_after_offers W_Validate_application 
W_Complete_application W_Call_after_offers W_Validate_application 
W_Call_after_offers 
W_Complete_application W_Call_after_offers W_Validate_application W_Call_incomplete_files W_Validate_application W_Call_incomplete_files W_Validate_application 
W_Complete_application W_Call_after_offers W_Validate_application W_Call_incomplete_files W_Validate_application 
W_Complete_application W_Call_after_offers 
W_Call_after_offers 
W_Complete_application W_Call_after_offers W_Validate_application W_Call_incomplete_files W_Validate_application W_Call_incomplete_files W_Validate_application 
W_Complete_application W_Call_after_offers W_Validate_application 
W_Complete_application W_Call_after_offers W_Validate_application W_Call_incomplete_files 
W_Complete_application W_Call_after_offers W_Validate_application W_Call_incomplete_files 
W_Complete_application W_Call_after_offers W_Validate_application 
W_Complete_application W_Call_after_offers 
W_Complete_application W_Call_after_offers 
W_Handle_leads W_Complete_application W_Call_after_offers W_Validate_application W_Call_incomplete_files W_Validate_application W_Call_incomplete_files W_Validate_application W_Call_incomplete_files W_Validate_application 
W_Complete_application W_Call_after_offers 
W_Complete_application W_Call_after_offers W_Validate_application 
W_Complete_application W_Call_after_offers 
W_Handle_leads W_Complete_application W_Call_after_offers W_Validate_application W_Call_incomplete_files W_Validate_application W_Call_incomplete_files W_Validate_application 
W_Complete_application W_Call_after_offers W_Validate_application W_Call_incomplete_files 
W_Handle_leads W_Complete_application W_Call_after_offers W_Validate_application 
W_Complete_application W_Call_after_offers W_Validate_application W_Call_incomplete_files W_Validate_application W_Call_incomplete_files W_Validate_application W_Call_incomplete_files W_Validate_application W_Validate_application W_Validate_application W_Call_incomplete_files W_Validate_application W_Call_incomplete_files W_Validate_application 
W_Complete_application W_Call_after_offers W_Validate_application W_Call_incomplete_files W_Validate_application W_Call_incomplete_files W_Validate_application W_Call_incomplete_files W_Validate_application W_Call_incomplete_files W_Validate_application 
W_Complete_application W_Call_after_offers 
W_Complete_application W_Call_after_offers W_Validate_application W_Call_incomplete_files W_Validate_application 
W_Complete_application W_Call_after_offers W_Validate_application W_Call_incomplete_files W_Validate_application 
W_Complete_application W_Call_after_offers W_Call_after_offers W_Validate_application 
W_Complete_application W_Call_after_offers W_Validate_application W_Call_incomplete_files W_Validate_application W_Call_incomplete_files W_Validate_application 
W_Complete_application W_Call_after_offers 
W_Handle_leads W_Complete_application W_Call_after_offers W_Validate_application W_Assess_potential_fraud W_Validate_application 
W_Complete_application W_Call_after_offers W_Validate_application 
W_Complete_application W_Call_after_offers 
W_Complete_application W_Call_after_offers W_Validate_application 
W_Handle_leads W_Complete_application W_Call_after_offers W_Validate_application 
W_Handle_leads W_Complete_application W_Call_after_offers 
W_Complete_application W_Call_after_offers W_Validate_application 
W_Complete_application W_Call_after_offers W_Validate_application 
W_Complete_application W_Call_after_offers W_Validate_application W_Call_incomplete_files W_Validate_application 
W_Complete_application W_Call_after_offers W_Validate_application W_Call_incomplete_files 
W_Complete_application W_Call_after_offers W_Validate_application W_Call_incomplete_files W_Validate_application W_Call_incomplete_files W_Validate_application 
W_Complete_application W_Call_after_offers W_Validate_application 
W_Handle_leads W_Complete_application W_Call_after_offers W_Validate_application W_Call_incomplete_files W_Validate_application 
W_Complete_application W_Call_after_offers W_Validate_application 
W_Handle_leads W_Complete_application W_Call_after_offers W_Validate_application W_Call_incomplete_files W_Validate_application W_Call_incomplete_files W_Validate_application 
W_Complete_application W_Call_after_offers 
W_Complete_application W_Call_after_offers W_Validate_application W_Call_incomplete_files W_Validate_application W_Call_incomplete_files W_Validate_application W_Call_incomplete_files W_Validate_application W_Call_incomplete_files 
W_Complete_application W_Call_after_offers W_Validate_application W_Call_incomplete_files 
W_Handle_leads W_Complete_application W_Call_after_offers W_Validate_application 
W_Complete_application W_Call_after_offers W_Validate_application 
W_Complete_application W_Call_after_offers 
W_Complete_application W_Call_after_offers 
W_Complete_application W_Call_after_offers W_Validate_application W_Call_incomplete_files W_Validate_application W_Call_incomplete_files 
W_Complete_application W_Call_after_offers 
W_Complete_application W_Call_after_offers W_Validate_application W_Call_incomplete_files W_Validate_application 
W_Complete_application W_Call_after_offers 
W_Complete_application W_Call_after_offers 
W_Complete_application W_Call_after_offers W_Assess_potential_fraud 
W_Complete_application W_Call_after_offers W_Validate_application W_Call_incomplete_files W_Validate_application 
W_Complete_application W_Call_after_offers W_Validate_application W_Call_incomplete_files W_Validate_application 
W_Complete_application W_Call_after_offers W_Validate_application 
W_Complete_application W_Call_after_offers 
W_Complete_application W_Call_after_offers W_Validate_application 
W_Complete_application W_Call_after_offers W_Validate_application W_Call_incomplete_files W_Validate_application 
W_Complete_application W_Call_after_offers W_Validate_application 
W_Handle_leads W_Complete_application W_Call_after_offers W_Validate_application W_Call_incomplete_files 
W_Complete_application W_Call_after_offers W_Validate_application W_Call_incomplete_files 
W_Handle_leads W_Complete_application W_Call_after_offers 
W_Complete_application W_Call_after_offers W_Validate_application W_Call_incomplete_files W_Validate_application 
W_Complete_application W_Call_after_offers W_Validate_application W_Call_incomplete_files W_Validate_application 
W_Complete_application W_Call_after_offers W_Validate_application W_Call_incomplete_files 
W_Complete_application W_Call_after_offers 
W_Complete_application W_Call_after_offers 
W_Handle_leads W_Complete_application W_Call_after_offers W_Validate_application 
W_Complete_application W_Call_after_offers W_Validate_application W_Call_incomplete_files W_Validate_application 
W_Complete_application W_Call_after_offers W_Validate_application 
W_Complete_application W_Call_after_offers W_Validate_application 
W_Complete_application W_Call_after_offers W_Validate_application W_Call_incomplete_files W_Validate_application 
W_Handle_leads W_Complete_application W_Call_after_offers W_Validate_application 
W_Complete_application W_Call_after_offers 
W_Complete_application W_Call_after_offers W_Validate_application W_Call_incomplete_files W_Validate_application W_Call_incomplete_files 
W_Complete_application W_Call_after_offers W_Validate_application W_Call_incomplete_files W_Validate_application W_Call_incomplete_files W_Validate_application 
W_Complete_application 
W_Handle_leads W_Complete_application W_Call_after_offers 
W_Complete_application W_Call_after_offers 
W_Complete_application W_Call_after_offers W_Validate_application W_Call_incomplete_files 
W_Complete_application W_Call_after_offers 
W_Handle_leads W_Complete_application W_Call_after_offers W_Validate_application 
W_Complete_application W_Call_after_offers W_Validate_application W_Call_incomplete_files 
W_Call_after_offers W_Validate_application W_Call_incomplete_files W_Validate_application 
W_Complete_application W_Call_after_offers W_Validate_application 
W_Complete_application W_Call_after_offers W_Validate_application W_Call_incomplete_files 
W_Complete_application W_Call_after_offers W_Validate_application W_Call_incomplete_files W_Validate_application 
W_Complete_application W_Call_after_offers 
W_Complete_application W_Call_after_offers W_Validate_application W_Call_incomplete_files W_Validate_application 
W_Complete_application W_Call_after_offers 
W_Complete_application W_Call_after_offers 
W_Handle_leads W_Complete_application W_Call_after_offers W_Validate_application 
W_Call_after_offers W_Validate_application W_Call_incomplete_files W_Validate_application W_Call_incomplete_files 
W_Handle_leads W_Complete_application W_Call_after_offers W_Validate_application W_Call_incomplete_files W_Validate_application W_Call_incomplete_files 
W_Complete_application W_Call_after_offers W_Validate_application W_Call_incomplete_files 
W_Handle_leads W_Complete_application W_Call_after_offers W_Validate_application 
W_Complete_application W_Call_after_offers 
W_Handle_leads W_Complete_application W_Call_after_offers 
W_Complete_application W_Call_after_offers W_Validate_application 
W_Complete_application W_Call_after_offers W_Validate_application W_Validate_application 
W_Complete_application W_Call_after_offers W_Validate_application W_Call_incomplete_files W_Validate_application 
W_Complete_application W_Call_after_offers W_Validate_application 
W_Complete_application W_Call_after_offers 
W_Complete_application W_Call_after_offers W_Validate_application W_Call_incomplete_files W_Validate_application W_Call_incomplete_files W_Validate_application W_Call_incomplete_files 
W_Complete_application W_Call_after_offers W_Validate_application W_Call_incomplete_files W_Validate_application W_Call_incomplete_files W_Validate_application W_Call_incomplete_files W_Validate_application 
W_Complete_application W_Call_after_offers W_Validate_application W_Call_incomplete_files 
W_Complete_application W_Call_after_offers W_Validate_application W_Call_incomplete_files 
W_Complete_application W_Call_after_offers 
W_Complete_application W_Call_after_offers W_Validate_application 
W_Handle_leads W_Complete_application W_Call_after_offers 
W_Complete_application W_Call_after_offers W_Validate_application W_Call_incomplete_files W_Validate_application W_Call_incomplete_files W_Validate_application 
W_Complete_application W_Call_after_offers 
W_Complete_application W_Call_after_offers W_Validate_application 
W_Handle_leads W_Complete_application W_Call_after_offers 
W_Complete_application W_Call_after_offers W_Validate_application 
W_Complete_application W_Call_after_offers W_Validate_application 
W_Complete_application W_Call_after_offers W_Validate_application 
W_Complete_application W_Call_after_offers W_Validate_application W_Call_incomplete_files W_Validate_application W_Call_incomplete_files W_Validate_application 
W_Complete_application W_Call_after_offers W_Validate_application 
W_Complete_application W_Call_after_offers W_Validate_application W_Call_incomplete_files 
W_Complete_application W_Call_after_offers W_Validate_application W_Call_incomplete_files W_Validate_application W_Call_incomplete_files W_Validate_application W_Call_incomplete_files W_Validate_application 
W_Complete_application W_Call_after_offers W_Validate_application W_Call_incomplete_files 
W_Complete_application W_Call_after_offers W_Validate_application 
W_Complete_application W_Call_after_offers W_Validate_application 
W_Handle_leads W_Complete_application W_Call_after_offers W_Validate_application W_Call_incomplete_files W_Validate_application 
W_Complete_application W_Call_after_offers W_Validate_application W_Call_incomplete_files W_Validate_application 
W_Handle_leads W_Complete_application W_Call_after_offers 
W_Complete_application W_Call_after_offers W_Validate_application W_Call_incomplete_files W_Validate_application W_Call_incomplete_files W_Validate_application W_Call_incomplete_files 
W_Handle_leads W_Complete_application W_Call_after_offers W_Validate_application W_Call_incomplete_files 
W_Complete_application W_Call_after_offers W_Validate_application 
W_Complete_application W_Call_after_offers W_Validate_application W_Call_incomplete_files W_Validate_application 
W_Call_after_offers W_Validate_application W_Call_incomplete_files W_Validate_application W_Call_incomplete_files W_Validate_application 
W_Complete_application W_Call_after_offers W_Validate_application W_Call_incomplete_files W_Validate_application W_Call_incomplete_files 
W_Complete_application W_Call_after_offers 
W_Complete_application W_Call_after_offers W_Validate_application W_Call_incomplete_files W_Validate_application 
W_Complete_application W_Call_after_offers W_Validate_application W_Call_incomplete_files 
W_Complete_application W_Call_after_offers W_Validate_application W_Call_incomplete_files W_Validate_application 
W_Complete_application W_Call_after_offers W_Validate_application W_Call_incomplete_files W_Validate_application W_Call_incomplete_files W_Validate_application W_Call_incomplete_files W_Validate_application 
W_Complete_application W_Call_after_offers W_Validate_application 
W_Complete_application W_Call_after_offers W_Validate_application W_Call_incomplete_files 
W_Complete_application W_Call_after_offers 
W_Complete_application W_Call_after_offers W_Validate_application W_Call_incomplete_files W_Validate_application 
W_Complete_application W_Complete_application W_Call_after_offers W_Validate_application 
W_Complete_application W_Call_after_offers W_Validate_application W_Call_incomplete_files W_Validate_application 
W_Complete_application W_Call_after_offers W_Validate_application W_Call_incomplete_files 
W_Complete_application W_Call_after_offers 
W_Complete_application W_Call_after_offers W_Validate_application 
W_Complete_application W_Call_after_offers W_Validate_application W_Call_incomplete_files W_Validate_application W_Call_incomplete_files W_Validate_application 
W_Complete_application W_Call_after_offers W_Validate_application W_Call_incomplete_files 
W_Complete_application W_Call_after_offers W_Validate_application W_Call_incomplete_files W_Validate_application W_Call_incomplete_files W_Validate_application 
W_Complete_application W_Call_after_offers W_Validate_application W_Call_incomplete_files W_Validate_application W_Call_incomplete_files W_Validate_application 
W_Complete_application W_Call_after_offers 
W_Call_after_offers W_Validate_application W_Call_incomplete_files 
W_Complete_application W_Call_after_offers W_Validate_application W_Call_incomplete_files 
W_Complete_application W_Call_after_offers W_Validate_application W_Call_incomplete_files W_Validate_application W_Call_incomplete_files 
W_Complete_application W_Call_after_offers W_Validate_application W_Assess_potential_fraud W_Validate_application W_Call_incomplete_files W_Validate_application 
W_Complete_application W_Call_after_offers W_Validate_application 
W_Complete_application W_Call_after_offers W_Validate_application W_Call_incomplete_files W_Call_incomplete_files W_Validate_application W_Call_incomplete_files 
W_Complete_application W_Call_after_offers W_Validate_application W_Call_incomplete_files W_Validate_application W_Call_incomplete_files W_Validate_application W_Call_incomplete_files 
W_Complete_application W_Call_after_offers W_Validate_application W_Call_incomplete_files 
W_Handle_leads W_Complete_application W_Call_after_offers 
W_Handle_leads W_Complete_application W_Call_after_offers 
W_Complete_application W_Call_after_offers 
W_Complete_application W_Call_after_offers W_Validate_application W_Call_incomplete_files W_Validate_application W_Call_incomplete_files 
W_Handle_leads W_Complete_application W_Call_after_offers W_Validate_application W_Call_incomplete_files W_Validate_application W_Call_incomplete_files W_Validate_application 
W_Complete_application W_Call_after_offers 
W_Handle_leads W_Complete_application W_Call_after_offers W_Validate_application W_Call_incomplete_files W_Validate_application W_Assess_potential_fraud 
W_Complete_application W_Call_after_offers W_Validate_application W_Call_incomplete_files W_Validate_application W_Call_incomplete_files W_Validate_application 
W_Complete_application W_Call_after_offers W_Validate_application 
W_Complete_application W_Call_after_offers 
W_Complete_application W_Call_after_offers 
W_Handle_leads W_Complete_application W_Call_after_offers W_Validate_application W_Call_incomplete_files W_Validate_application W_Call_incomplete_files W_Validate_application 
W_Complete_application W_Call_after_offers W_Validate_application W_Call_incomplete_files W_Validate_application W_Call_incomplete_files W_Validate_application 
W_Complete_application W_Call_after_offers W_Validate_application 
W_Handle_leads W_Complete_application W_Call_after_offers W_Validate_application 
W_Complete_application W_Call_after_offers W_Validate_application W_Call_incomplete_files W_Validate_application 
W_Handle_leads W_Complete_application W_Call_after_offers W_Validate_application W_Call_incomplete_files W_Validate_application 
W_Complete_application W_Call_after_offers W_Validate_application 
W_Complete_application W_Call_after_offers W_Validate_application 
W_Complete_application W_Call_after_offers W_Validate_application 
W_Complete_application W_Call_after_offers 
W_Complete_application W_Call_after_offers W_Validate_application W_Call_incomplete_files W_Validate_application W_Call_incomplete_files W_Validate_application W_Call_incomplete_files W_Validate_application W_Call_incomplete_files 
W_Handle_leads W_Complete_application W_Call_after_offers 
W_Complete_application W_Call_after_offers W_Validate_application 
W_Complete_application W_Call_after_offers W_Validate_application 
W_Complete_application W_Call_after_offers W_Validate_application W_Call_incomplete_files W_Validate_application 
W_Handle_leads W_Complete_application W_Call_after_offers 
W_Complete_application W_Call_after_offers 
W_Complete_application W_Call_after_offers W_Validate_application W_Call_incomplete_files W_Validate_application 
W_Complete_application W_Call_after_offers 
W_Call_after_offers W_Validate_application 
W_Complete_application W_Call_after_offers W_Validate_application 
W_Complete_application W_Call_after_offers W_Validate_application W_Call_incomplete_files 
W_Complete_application W_Call_after_offers 
W_Handle_leads W_Handle_leads W_Complete_application W_Call_after_offers 
W_Complete_application W_Call_after_offers 
W_Handle_leads W_Complete_application W_Call_after_offers W_Validate_application W_Call_incomplete_files W_Validate_application W_Call_incomplete_files W_Validate_application W_Call_incomplete_files 
W_Handle_leads W_Complete_application W_Call_after_offers 
W_Complete_application W_Call_after_offers W_Validate_application W_Call_incomplete_files 
W_Complete_application W_Call_after_offers W_Validate_application 
W_Call_after_offers W_Validate_application W_Call_incomplete_files W_Validate_application 
W_Complete_application W_Call_after_offers 
W_Complete_application W_Call_after_offers 
W_Complete_application W_Call_after_offers 
W_Call_after_offers W_Validate_application W_Call_incomplete_files 
W_Complete_application W_Call_after_offers W_Validate_application W_Call_incomplete_files W_Validate_application W_Call_incomplete_files 
W_Handle_leads W_Complete_application W_Call_after_offers W_Validate_application W_Call_incomplete_files W_Validate_application 
W_Complete_application W_Call_after_offers 
W_Complete_application W_Call_after_offers W_Validate_application W_Call_incomplete_files W_Validate_application W_Call_incomplete_files W_Validate_application W_Call_incomplete_files 
W_Complete_application W_Call_after_offers 
W_Complete_application W_Call_after_offers W_Validate_application W_Call_incomplete_files W_Validate_application W_Call_incomplete_files W_Validate_application 
W_Call_after_offers W_Validate_application W_Call_incomplete_files W_Validate_application W_Call_incomplete_files 
W_Complete_application W_Call_after_offers W_Validate_application 
W_Complete_application W_Call_after_offers W_Validate_application 
W_Handle_leads W_Complete_application W_Call_after_offers W_Validate_application W_Call_incomplete_files W_Validate_application 
W_Complete_application 
W_Complete_application W_Call_after_offers W_Validate_application 
W_Complete_application W_Call_after_offers 
W_Complete_application W_Call_after_offers W_Validate_application W_Call_incomplete_files 
W_Complete_application W_Call_after_offers W_Validate_application W_Call_incomplete_files W_Validate_application W_Call_incomplete_files 
W_Complete_application W_Call_after_offers W_Validate_application W_Call_incomplete_files W_Validate_application 
W_Complete_application W_Call_after_offers W_Validate_application W_Call_incomplete_files 
W_Complete_application W_Call_after_offers 
W_Complete_application W_Call_after_offers 
W_Handle_leads W_Complete_application W_Call_after_offers W_Validate_application W_Call_incomplete_files 
W_Complete_application W_Call_after_offers W_Validate_application W_Call_incomplete_files W_Validate_application W_Call_incomplete_files W_Validate_application W_Call_incomplete_files 
W_Complete_application W_Call_after_offers W_Validate_application 
W_Handle_leads W_Complete_application W_Call_after_offers W_Validate_application W_Call_incomplete_files W_Validate_application 
W_Complete_application W_Call_after_offers 
W_Complete_application W_Call_after_offers W_Validate_application W_Call_incomplete_files W_Validate_application W_Call_incomplete_files W_Validate_application W_Call_incomplete_files 
W_Complete_application W_Call_after_offers 
W_Complete_application W_Call_after_offers W_Validate_application W_Assess_potential_fraud W_Validate_application W_Validate_application W_Assess_potential_fraud W_Validate_application 
W_Complete_application W_Call_after_offers 
W_Handle_leads W_Complete_application W_Call_after_offers W_Validate_application W_Call_incomplete_files W_Validate_application W_Call_incomplete_files W_Validate_application W_Call_incomplete_files W_Validate_application W_Call_incomplete_files W_Validate_application W_Call_incomplete_files W_Validate_application 
W_Complete_application W_Call_after_offers 
W_Complete_application W_Call_after_offers W_Validate_application 
W_Complete_application W_Call_after_offers W_Validate_application 
W_Complete_application W_Call_after_offers W_Validate_application 
W_Complete_application W_Call_after_offers W_Validate_application 
W_Complete_application W_Call_after_offers W_Validate_application W_Call_incomplete_files W_Validate_application 
W_Handle_leads W_Complete_application W_Call_after_offers W_Validate_application W_Assess_potential_fraud 
W_Complete_application W_Call_after_offers 
W_Complete_application W_Call_after_offers 
W_Handle_leads W_Complete_application W_Call_after_offers W_Validate_application W_Call_incomplete_files W_Validate_application 
W_Complete_application W_Call_after_offers 
W_Complete_application W_Call_after_offers W_Validate_application W_Call_incomplete_files 
W_Complete_application W_Call_after_offers W_Validate_application 
W_Complete_application W_Call_after_offers W_Validate_application W_Call_incomplete_files W_Validate_application 
W_Complete_application W_Call_after_offers W_Validate_application 
W_Handle_leads W_Complete_application W_Call_after_offers W_Validate_application W_Call_incomplete_files W_Validate_application W_Call_incomplete_files W_Validate_application W_Call_incomplete_files 
W_Complete_application W_Call_after_offers 
W_Complete_application W_Call_after_offers W_Validate_application 
W_Complete_application W_Call_after_offers 
W_Complete_application W_Call_after_offers 
W_Complete_application W_Call_after_offers W_Validate_application W_Call_incomplete_files W_Validate_application 
W_Complete_application W_Call_after_offers W_Validate_application W_Call_incomplete_files W_Validate_application W_Call_incomplete_files W_Validate_application W_Call_incomplete_files W_Validate_application W_Call_incomplete_files W_Validate_application W_Call_incomplete_files 
W_Call_after_offers W_Validate_application W_Call_incomplete_files W_Validate_application W_Call_incomplete_files W_Validate_application W_Call_incomplete_files W_Validate_application W_Call_incomplete_files 
W_Complete_application W_Call_after_offers 
W_Complete_application W_Call_after_offers W_Validate_application 
W_Complete_application W_Call_after_offers 
W_Complete_application W_Call_after_offers W_Validate_application 
W_Complete_application W_Call_after_offers W_Validate_application W_Call_incomplete_files 
W_Handle_leads W_Complete_application W_Call_after_offers W_Validate_application 
W_Complete_application W_Call_after_offers W_Validate_application 
W_Complete_application W_Call_after_offers W_Validate_application 
W_Complete_application W_Call_after_offers W_Validate_application W_Call_incomplete_files 
W_Complete_application W_Call_after_offers W_Validate_application W_Call_incomplete_files W_Validate_application 
W_Complete_application W_Call_after_offers W_Validate_application W_Call_incomplete_files W_Validate_application 
W_Complete_application W_Call_after_offers W_Validate_application W_Call_incomplete_files W_Validate_application 
W_Complete_application W_Call_after_offers W_Validate_application 
W_Complete_application W_Call_after_offers 
W_Complete_application W_Call_after_offers W_Validate_application 
W_Complete_application W_Call_after_offers W_Validate_application W_Call_incomplete_files W_Validate_application W_Call_incomplete_files W_Validate_application W_Call_incomplete_files W_Validate_application 
W_Complete_application W_Call_after_offers W_Validate_application W_Call_incomplete_files 
W_Complete_application W_Call_after_offers W_Validate_application 
W_Handle_leads W_Complete_application W_Call_after_offers W_Validate_application W_Call_incomplete_files W_Validate_application 
W_Complete_application W_Call_after_offers W_Validate_application W_Call_incomplete_files W_Validate_application W_Call_incomplete_files 
W_Complete_application W_Call_after_offers W_Validate_application W_Call_incomplete_files W_Validate_application W_Call_incomplete_files 
W_Complete_application W_Call_after_offers W_Validate_application 
W_Complete_application W_Call_after_offers 
W_Complete_application W_Call_after_offers 
W_Complete_application W_Call_after_offers W_Validate_application 
W_Call_after_offers W_Validate_application W_Call_incomplete_files W_Validate_application W_Call_incomplete_files W_Validate_application W_Call_incomplete_files W_Validate_application W_Call_incomplete_files 
W_Complete_application W_Call_after_offers 
W_Complete_application W_Call_after_offers W_Validate_application 
W_Complete_application W_Call_after_offers 
W_Complete_application W_Call_after_offers W_Validate_application W_Call_incomplete_files W_Validate_application 
W_Complete_application W_Call_after_offers W_Validate_application W_Call_incomplete_files W_Validate_application 
W_Complete_application W_Call_after_offers 
W_Call_after_offers W_Validate_application W_Call_incomplete_files W_Validate_application 
W_Complete_application W_Call_after_offers W_Validate_application 
W_Complete_application W_Call_after_offers W_Validate_application W_Call_incomplete_files W_Validate_application 
W_Call_after_offers W_Validate_application 
W_Call_after_offers W_Validate_application W_Call_incomplete_files W_Validate_application W_Call_incomplete_files W_Validate_application W_Call_incomplete_files W_Validate_application W_Call_incomplete_files W_Validate_application 
W_Complete_application W_Call_after_offers W_Validate_application W_Call_incomplete_files W_Validate_application 
W_Complete_application W_Call_after_offers W_Validate_application W_Call_incomplete_files W_Validate_application 
W_Call_after_offers W_Validate_application W_Call_incomplete_files W_Validate_application 
W_Complete_application W_Call_after_offers 
W_Complete_application W_Call_after_offers W_Validate_application W_Call_incomplete_files W_Validate_application 
W_Complete_application W_Call_after_offers W_Validate_application 
W_Complete_application W_Call_after_offers 
W_Complete_application W_Call_after_offers W_Validate_application W_Call_incomplete_files W_Validate_application W_Call_incomplete_files 
W_Complete_application W_Call_after_offers W_Validate_application W_Call_incomplete_files 
W_Complete_application W_Call_after_offers W_Validate_application W_Call_incomplete_files 
W_Call_after_offers W_Validate_application W_Call_incomplete_files 
W_Complete_application W_Call_after_offers W_Validate_application W_Call_incomplete_files 
W_Complete_application W_Call_after_offers W_Validate_application W_Call_incomplete_files 
W_Complete_application W_Call_after_offers W_Validate_application W_Call_incomplete_files W_Validate_application 
W_Complete_application W_Call_after_offers W_Validate_application 
W_Complete_application W_Call_after_offers W_Validate_application W_Call_incomplete_files W_Validate_application W_Call_incomplete_files W_Validate_application W_Call_incomplete_files W_Validate_application 
W_Handle_leads W_Complete_application W_Call_after_offers W_Validate_application W_Call_incomplete_files 
W_Complete_application W_Call_after_offers W_Validate_application W_Call_incomplete_files W_Validate_application 
W_Complete_application W_Call_after_offers 
W_Complete_application W_Call_after_offers W_Validate_application 
W_Complete_application W_Call_after_offers W_Validate_application 
W_Complete_application W_Call_after_offers 
W_Complete_application W_Call_after_offers W_Validate_application W_Call_incomplete_files W_Validate_application W_Call_incomplete_files W_Validate_application W_Call_incomplete_files 
W_Complete_application W_Call_after_offers W_Validate_application W_Call_incomplete_files W_Validate_application W_Call_incomplete_files W_Validate_application 
W_Complete_application W_Call_after_offers 
W_Complete_application W_Call_after_offers W_Validate_application W_Call_incomplete_files W_Call_incomplete_files 
W_Complete_application W_Call_after_offers W_Validate_application 
W_Complete_application W_Call_after_offers W_Validate_application W_Call_incomplete_files W_Validate_application W_Call_incomplete_files W_Validate_application 
W_Complete_application W_Call_after_offers W_Validate_application W_Call_incomplete_files W_Validate_application 
W_Complete_application W_Call_after_offers W_Validate_application W_Call_incomplete_files W_Validate_application W_Call_incomplete_files W_Validate_application W_Call_incomplete_files 
W_Complete_application W_Call_after_offers W_Validate_application W_Call_incomplete_files W_Validate_application 
W_Complete_application W_Call_after_offers W_Validate_application W_Call_incomplete_files W_Validate_application W_Call_incomplete_files W_Validate_application 
W_Complete_application W_Call_after_offers W_Validate_application W_Call_incomplete_files W_Validate_application 
W_Complete_application W_Call_after_offers W_Validate_application W_Call_incomplete_files W_Validate_application 
W_Complete_application W_Call_after_offers W_Validate_application 
W_Complete_application W_Call_after_offers 
W_Complete_application W_Call_after_offers W_Validate_application W_Call_incomplete_files W_Validate_application W_Call_incomplete_files W_Validate_application 
W_Complete_application W_Call_after_offers 
W_Complete_application W_Call_after_offers 
W_Complete_application W_Call_after_offers W_Validate_application 
W_Complete_application W_Call_after_offers W_Validate_application W_Call_incomplete_files W_Validate_application W_Call_incomplete_files 
W_Complete_application W_Call_after_offers W_Validate_application W_Call_incomplete_files W_Validate_application 
W_Complete_application W_Call_after_offers W_Validate_application W_Call_incomplete_files W_Validate_application W_Call_incomplete_files W_Validate_application 
W_Complete_application W_Call_after_offers W_Validate_application 
W_Complete_application W_Call_after_offers W_Validate_application 
W_Complete_application W_Call_after_offers W_Validate_application 
W_Complete_application W_Call_after_offers W_Validate_application W_Call_incomplete_files W_Validate_application 
W_Complete_application W_Call_after_offers W_Validate_application W_Call_incomplete_files W_Validate_application 
W_Complete_application W_Call_after_offers W_Validate_application W_Call_incomplete_files W_Validate_application W_Call_incomplete_files W_Validate_application 
W_Handle_leads W_Complete_application W_Call_after_offers W_Validate_application W_Call_incomplete_files W_Validate_application 
W_Complete_application W_Call_after_offers 
W_Complete_application W_Call_after_offers W_Validate_application W_Call_incomplete_files W_Validate_application 
W_Complete_application W_Call_after_offers 
W_Complete_application W_Call_after_offers W_Validate_application W_Call_incomplete_files 
W_Complete_application W_Call_after_offers W_Validate_application 
W_Complete_application W_Call_after_offers W_Validate_application 
W_Complete_application W_Call_after_offers 
W_Complete_application W_Call_after_offers W_Validate_application W_Call_incomplete_files 
W_Complete_application W_Call_after_offers W_Validate_application W_Call_incomplete_files W_Validate_application W_Call_incomplete_files W_Validate_application W_Call_incomplete_files 
W_Complete_application W_Call_after_offers 
W_Complete_application W_Call_after_offers W_Validate_application 
W_Complete_application W_Call_after_offers W_Validate_application W_Call_incomplete_files W_Validate_application W_Call_incomplete_files W_Validate_application 
W_Complete_application W_Call_after_offers W_Validate_application 
W_Complete_application W_Call_after_offers W_Validate_application 
W_Complete_application W_Call_after_offers 
W_Complete_application W_Call_after_offers 
W_Complete_application W_Call_after_offers W_Validate_application W_Call_incomplete_files W_Validate_application W_Call_incomplete_files W_Validate_application W_Call_incomplete_files W_Validate_application 
W_Complete_application W_Call_after_offers W_Validate_application W_Call_incomplete_files 
W_Complete_application W_Call_after_offers W_Validate_application W_Call_incomplete_files W_Validate_application W_Call_incomplete_files 
W_Complete_application W_Call_after_offers 
W_Complete_application W_Call_after_offers W_Validate_application W_Assess_potential_fraud 
W_Complete_application W_Call_after_offers W_Validate_application 
W_Handle_leads W_Complete_application W_Call_after_offers 
W_Handle_leads W_Complete_application W_Call_after_offers 
W_Complete_application W_Call_after_offers W_Validate_application W_Call_incomplete_files W_Validate_application 
W_Complete_application W_Call_after_offers 
W_Complete_application W_Call_after_offers W_Validate_application W_Call_incomplete_files W_Validate_application W_Call_incomplete_files W_Validate_application W_Call_incomplete_files W_Validate_application 
W_Complete_application W_Call_after_offers W_Validate_application W_Call_incomplete_files 
W_Complete_application W_Call_after_offers 
W_Complete_application W_Call_after_offers W_Validate_application W_Call_incomplete_files 
W_Complete_application W_Call_after_offers W_Validate_application 
W_Handle_leads W_Complete_application W_Call_after_offers W_Validate_application 
W_Complete_application W_Call_after_offers 
W_Complete_application W_Call_after_offers 
W_Handle_leads W_Complete_application W_Call_after_offers W_Validate_application 
W_Complete_application W_Call_after_offers W_Validate_application W_Call_incomplete_files W_Validate_application W_Call_incomplete_files W_Validate_application 
W_Complete_application W_Call_after_offers 
W_Complete_application W_Call_after_offers W_Validate_application 
W_Complete_application W_Call_after_offers W_Validate_application 
W_Complete_application W_Call_after_offers W_Validate_application 
W_Complete_application W_Call_after_offers W_Validate_application W_Call_incomplete_files W_Validate_application W_Call_incomplete_files 
W_Call_after_offers 
W_Complete_application W_Call_after_offers W_Validate_application W_Call_incomplete_files W_Validate_application W_Call_incomplete_files W_Validate_application 
W_Handle_leads W_Complete_application W_Call_after_offers W_Validate_application W_Call_incomplete_files 
W_Complete_application W_Call_after_offers W_Validate_application 
W_Complete_application W_Call_after_offers W_Validate_application 
W_Complete_application W_Call_after_offers W_Validate_application 
W_Complete_application W_Call_after_offers W_Validate_application W_Call_incomplete_files W_Validate_application 
W_Complete_application 
W_Complete_application W_Call_after_offers W_Validate_application 
W_Complete_application W_Call_after_offers W_Validate_application W_Call_incomplete_files W_Validate_application 
W_Complete_application W_Call_after_offers W_Validate_application W_Call_incomplete_files 
W_Complete_application W_Call_after_offers W_Validate_application 
W_Handle_leads W_Complete_application W_Call_after_offers W_Validate_application W_Call_incomplete_files W_Validate_application W_Call_incomplete_files W_Validate_application W_Call_incomplete_files W_Validate_application W_Call_incomplete_files 
W_Complete_application W_Call_after_offers 
W_Complete_application W_Call_after_offers 
W_Complete_application W_Call_after_offers W_Validate_application W_Call_incomplete_files 
W_Complete_application W_Call_after_offers W_Validate_application 
W_Complete_application W_Call_after_offers W_Validate_application W_Call_incomplete_files W_Validate_application 
W_Complete_application W_Call_after_offers 
W_Complete_application W_Call_after_offers W_Validate_application 
W_Handle_leads W_Complete_application W_Call_after_offers 
W_Complete_application W_Call_after_offers W_Validate_application 
W_Complete_application W_Call_after_offers W_Validate_application W_Call_incomplete_files W_Validate_application W_Call_incomplete_files W_Validate_application 
W_Complete_application W_Call_after_offers W_Validate_application W_Call_incomplete_files W_Validate_application W_Call_incomplete_files 
W_Complete_application W_Call_after_offers W_Validate_application 
W_Complete_application W_Call_after_offers W_Validate_application W_Call_incomplete_files W_Validate_application W_Call_incomplete_files 
W_Handle_leads W_Complete_application W_Call_after_offers 
W_Complete_application W_Call_after_offers W_Validate_application W_Call_incomplete_files W_Validate_application 
W_Handle_leads W_Complete_application W_Call_after_offers 
W_Complete_application W_Call_after_offers 
W_Complete_application W_Call_after_offers W_Validate_application W_Call_incomplete_files W_Validate_application W_Call_incomplete_files W_Validate_application 
W_Complete_application W_Call_after_offers W_Validate_application W_Call_incomplete_files W_Validate_application W_Call_incomplete_files 
W_Complete_application W_Call_after_offers 
W_Complete_application W_Call_after_offers W_Validate_application W_Call_incomplete_files W_Validate_application 
W_Complete_application W_Call_after_offers 
W_Complete_application W_Call_after_offers 
W_Complete_application W_Call_after_offers W_Validate_application W_Call_incomplete_files W_Validate_application 
W_Complete_application W_Call_after_offers W_Validate_application 
W_Complete_application W_Call_after_offers 
W_Complete_application W_Call_after_offers W_Validate_application W_Call_incomplete_files W_Validate_application 
W_Complete_application W_Call_after_offers W_Validate_application 
W_Complete_application W_Call_after_offers W_Validate_application W_Call_incomplete_files W_Validate_application W_Call_incomplete_files W_Validate_application W_Call_incomplete_files 
W_Complete_application W_Call_after_offers W_Validate_application 
W_Complete_application W_Call_after_offers W_Validate_application 
W_Complete_application W_Call_after_offers W_Validate_application W_Call_incomplete_files W_Validate_application W_Call_incomplete_files W_Validate_application 
W_Complete_application W_Call_after_offers W_Validate_application 
W_Complete_application W_Call_after_offers W_Validate_application W_Call_incomplete_files 
W_Complete_application W_Call_after_offers W_Validate_application 
W_Complete_application W_Call_after_offers W_Validate_application W_Call_incomplete_files W_Validate_application W_Call_incomplete_files 
W_Complete_application W_Call_after_offers 
W_Handle_leads W_Complete_application W_Call_after_offers W_Validate_application 
W_Complete_application W_Call_after_offers W_Validate_application 
W_Complete_application W_Call_after_offers 
W_Complete_application W_Call_after_offers 
W_Complete_application W_Call_after_offers W_Validate_application 
W_Complete_application W_Call_after_offers 
W_Complete_application W_Call_after_offers W_Validate_application W_Call_incomplete_files 
W_Complete_application W_Call_after_offers W_Validate_application W_Call_incomplete_files W_Validate_application W_Call_incomplete_files W_Validate_application 
W_Handle_leads W_Complete_application W_Call_after_offers 
W_Complete_application W_Call_after_offers W_Validate_application 
W_Complete_application W_Call_after_offers 
W_Handle_leads W_Complete_application W_Call_after_offers W_Validate_application W_Validate_application W_Call_incomplete_files 
W_Complete_application W_Call_after_offers W_Validate_application W_Call_incomplete_files W_Validate_application W_Call_incomplete_files 
W_Complete_application W_Call_after_offers W_Validate_application 
W_Complete_application W_Call_after_offers 
W_Complete_application W_Call_after_offers W_Validate_application W_Call_incomplete_files 
W_Complete_application W_Call_after_offers W_Validate_application 
W_Handle_leads W_Complete_application W_Call_after_offers W_Validate_application W_Call_incomplete_files W_Validate_application W_Call_incomplete_files W_Validate_application W_Call_incomplete_files 
W_Call_after_offers W_Validate_application W_Call_incomplete_files W_Validate_application W_Call_incomplete_files 
W_Handle_leads W_Complete_application W_Call_after_offers W_Validate_application 
W_Complete_application W_Call_after_offers 
W_Call_after_offers W_Validate_application 
W_Complete_application W_Call_after_offers 
W_Complete_application W_Call_after_offers 
W_Complete_application W_Call_after_offers W_Validate_application W_Call_incomplete_files W_Call_incomplete_files W_Validate_application 
W_Complete_application W_Call_after_offers W_Validate_application W_Call_incomplete_files W_Validate_application W_Call_incomplete_files 
W_Complete_application W_Call_after_offers W_Validate_application 
W_Complete_application W_Call_after_offers W_Validate_application W_Call_incomplete_files W_Validate_application W_Call_incomplete_files 
W_Complete_application W_Call_after_offers W_Validate_application W_Call_incomplete_files W_Validate_application 
W_Complete_application W_Call_after_offers 
W_Complete_application W_Call_after_offers W_Validate_application W_Call_incomplete_files W_Validate_application W_Call_incomplete_files W_Validate_application W_Call_incomplete_files W_Validate_application 
W_Complete_application W_Call_after_offers 
W_Complete_application W_Call_after_offers W_Validate_application 
W_Handle_leads W_Complete_application W_Call_after_offers 
W_Complete_application W_Call_after_offers 
W_Handle_leads W_Complete_application W_Call_after_offers W_Validate_application 
W_Handle_leads W_Complete_application W_Call_after_offers 
W_Complete_application W_Call_after_offers W_Validate_application 
W_Complete_application W_Call_after_offers 
W_Complete_application W_Call_after_offers W_Validate_application W_Call_incomplete_files W_Validate_application 
W_Complete_application W_Call_after_offers W_Validate_application W_Call_incomplete_files W_Validate_application 
W_Complete_application W_Call_after_offers W_Validate_application W_Call_incomplete_files W_Validate_application W_Call_incomplete_files W_Validate_application 
W_Complete_application W_Call_after_offers W_Validate_application W_Call_incomplete_files 
W_Complete_application W_Call_after_offers W_Validate_application 
W_Complete_application W_Call_after_offers W_Validate_application 
W_Complete_application W_Call_after_offers W_Validate_application W_Call_incomplete_files W_Validate_application W_Call_incomplete_files W_Validate_application 
W_Complete_application W_Call_after_offers W_Validate_application W_Call_incomplete_files W_Validate_application W_Call_incomplete_files 
W_Complete_application W_Call_after_offers W_Validate_application 
W_Complete_application W_Call_after_offers 
W_Complete_application W_Call_after_offers 
W_Complete_application W_Call_after_offers W_Validate_application 
W_Complete_application W_Call_after_offers W_Validate_application W_Call_incomplete_files W_Validate_application 
W_Complete_application W_Call_after_offers W_Validate_application W_Call_incomplete_files W_Validate_application 
W_Complete_application W_Call_after_offers W_Validate_application 
W_Complete_application W_Call_after_offers W_Validate_application W_Call_incomplete_files W_Validate_application 
W_Complete_application W_Call_after_offers W_Validate_application 
W_Complete_application W_Call_after_offers W_Validate_application W_Call_incomplete_files W_Validate_application W_Call_incomplete_files 
W_Complete_application W_Call_after_offers W_Validate_application W_Call_incomplete_files 
W_Complete_application W_Call_after_offers W_Validate_application W_Call_incomplete_files 
W_Complete_application W_Call_after_offers W_Validate_application W_Call_incomplete_files W_Validate_application W_Call_incomplete_files W_Validate_application 
W_Complete_application W_Call_after_offers W_Validate_application W_Call_incomplete_files W_Validate_application W_Call_incomplete_files W_Validate_application 
W_Complete_application W_Call_after_offers 
W_Complete_application W_Call_after_offers W_Validate_application W_Call_incomplete_files W_Validate_application W_Call_incomplete_files W_Validate_application 
W_Complete_application W_Call_after_offers 
W_Complete_application W_Call_after_offers W_Validate_application 
W_Complete_application W_Call_after_offers 
W_Complete_application W_Call_after_offers W_Validate_application 
W_Complete_application W_Call_after_offers W_Validate_application W_Call_incomplete_files 
W_Complete_application W_Call_after_offers 
W_Handle_leads W_Complete_application W_Call_after_offers 
W_Call_after_offers W_Validate_application W_Call_incomplete_files 
W_Complete_application W_Call_after_offers W_Validate_application W_Call_incomplete_files W_Validate_application 
W_Handle_leads W_Complete_application W_Call_after_offers 
W_Complete_application W_Call_after_offers W_Validate_application W_Call_incomplete_files W_Validate_application 
W_Complete_application W_Call_after_offers W_Validate_application W_Call_incomplete_files W_Validate_application 
W_Complete_application W_Call_after_offers W_Validate_application W_Call_incomplete_files W_Validate_application W_Call_incomplete_files W_Validate_application W_Call_incomplete_files W_Validate_application W_Call_incomplete_files 
W_Complete_application W_Call_after_offers W_Validate_application 
W_Complete_application W_Call_after_offers W_Validate_application W_Call_incomplete_files W_Validate_application W_Call_incomplete_files W_Validate_application 
W_Complete_application W_Call_after_offers W_Validate_application W_Call_incomplete_files 
W_Complete_application W_Call_after_offers W_Validate_application 
W_Complete_application W_Call_after_offers W_Validate_application 
W_Complete_application W_Call_after_offers 
W_Complete_application W_Call_after_offers W_Validate_application W_Call_incomplete_files W_Validate_application W_Call_incomplete_files W_Validate_application W_Call_incomplete_files 
W_Complete_application W_Call_after_offers W_Validate_application 
W_Complete_application W_Call_after_offers W_Validate_application W_Call_incomplete_files W_Validate_application W_Call_incomplete_files W_Validate_application 
W_Complete_application W_Call_after_offers W_Validate_application W_Call_incomplete_files 
W_Complete_application W_Call_after_offers 
W_Complete_application W_Call_after_offers 
W_Handle_leads W_Complete_application W_Call_after_offers W_Validate_application W_Call_incomplete_files W_Validate_application W_Call_incomplete_files W_Validate_application 
W_Complete_application W_Call_after_offers 
W_Complete_application W_Call_after_offers W_Validate_application W_Call_incomplete_files 
W_Complete_application W_Call_after_offers W_Validate_application 
W_Complete_application W_Call_after_offers 
W_Handle_leads W_Complete_application W_Call_after_offers W_Validate_application 
W_Complete_application W_Call_after_offers W_Validate_application W_Call_incomplete_files W_Validate_application 
W_Complete_application W_Call_after_offers W_Validate_application W_Call_incomplete_files W_Validate_application 
W_Complete_application W_Call_after_offers W_Validate_application W_Call_incomplete_files W_Validate_application W_Call_incomplete_files W_Validate_application 
W_Handle_leads W_Complete_application W_Call_after_offers W_Validate_application W_Call_incomplete_files W_Validate_application W_Call_incomplete_files 
W_Handle_leads W_Complete_application W_Call_after_offers 
W_Complete_application W_Call_after_offers 
W_Complete_application W_Call_after_offers W_Validate_application W_Call_incomplete_files W_Validate_application W_Call_incomplete_files 
W_Call_after_offers W_Validate_application W_Call_incomplete_files W_Validate_application W_Call_incomplete_files 
W_Complete_application W_Call_after_offers W_Validate_application 
W_Handle_leads W_Complete_application W_Call_after_offers 
W_Complete_application W_Call_after_offers W_Validate_application 
W_Complete_application W_Call_after_offers 
W_Complete_application W_Call_after_offers W_Validate_application 
W_Call_after_offers W_Validate_application W_Call_incomplete_files 
W_Complete_application W_Call_after_offers W_Validate_application 
W_Complete_application W_Call_after_offers W_Validate_application W_Call_incomplete_files W_Validate_application 
W_Complete_application W_Call_after_offers W_Validate_application W_Call_incomplete_files W_Validate_application W_Call_incomplete_files W_Validate_application W_Call_incomplete_files W_Validate_application 
W_Complete_application W_Call_after_offers W_Validate_application W_Call_incomplete_files W_Validate_application 
W_Complete_application W_Call_after_offers W_Validate_application W_Call_incomplete_files W_Validate_application 
W_Complete_application W_Call_after_offers W_Validate_application 
W_Complete_application W_Call_after_offers W_Validate_application W_Call_incomplete_files W_Validate_application W_Call_incomplete_files W_Validate_application 
W_Handle_leads W_Complete_application W_Call_after_offers 
W_Complete_application W_Call_after_offers W_Validate_application 
W_Complete_application W_Call_after_offers W_Validate_application 
W_Complete_application W_Call_after_offers 
W_Complete_application W_Call_after_offers W_Validate_application 
W_Handle_leads W_Complete_application W_Call_after_offers W_Validate_application W_Call_incomplete_files W_Validate_application W_Call_incomplete_files W_Validate_application 
W_Complete_application W_Call_after_offers 
W_Complete_application W_Call_after_offers 
W_Handle_leads W_Complete_application W_Call_after_offers 
W_Complete_application W_Call_after_offers W_Validate_application 
W_Complete_application W_Call_after_offers W_Validate_application 
W_Handle_leads W_Complete_application W_Call_after_offers W_Validate_application W_Call_incomplete_files 
W_Complete_application W_Call_after_offers W_Validate_application 
W_Complete_application W_Call_after_offers 
W_Complete_application W_Call_after_offers 
W_Call_after_offers W_Validate_application 
W_Complete_application W_Call_after_offers 
W_Complete_application W_Call_after_offers W_Validate_application 
W_Complete_application W_Call_after_offers 
W_Complete_application W_Call_after_offers 
W_Handle_leads W_Complete_application W_Call_after_offers 
W_Complete_application W_Call_after_offers W_Validate_application W_Call_incomplete_files W_Validate_application 
W_Handle_leads W_Complete_application 
W_Complete_application W_Call_after_offers W_Validate_application W_Call_incomplete_files W_Validate_application 
W_Complete_application W_Call_after_offers 
W_Complete_application W_Call_after_offers W_Validate_application W_Call_incomplete_files W_Validate_application W_Call_incomplete_files 
W_Handle_leads W_Complete_application W_Call_after_offers W_Validate_application W_Call_incomplete_files W_Validate_application W_Call_incomplete_files 
W_Complete_application W_Call_after_offers W_Validate_application W_Call_incomplete_files W_Validate_application W_Call_incomplete_files W_Validate_application 
W_Complete_application W_Call_after_offers W_Validate_application 
W_Complete_application W_Call_after_offers W_Validate_application W_Call_incomplete_files W_Validate_application W_Call_incomplete_files 
W_Complete_application W_Call_after_offers W_Validate_application 
W_Complete_application W_Call_after_offers W_Validate_application 
W_Complete_application W_Call_after_offers W_Validate_application W_Call_incomplete_files W_Validate_application 
W_Handle_leads W_Complete_application W_Call_after_offers 
W_Handle_leads W_Complete_application W_Call_after_offers W_Validate_application 
W_Complete_application W_Call_after_offers 
W_Complete_application W_Call_after_offers W_Validate_application 
W_Handle_leads W_Complete_application W_Call_after_offers 
W_Complete_application W_Call_after_offers 
W_Handle_leads W_Call_after_offers W_Validate_application W_Call_incomplete_files W_Validate_application W_Call_incomplete_files 
W_Handle_leads W_Complete_application W_Call_after_offers W_Validate_application 
W_Handle_leads W_Complete_application W_Call_after_offers 
W_Handle_leads W_Complete_application W_Call_after_offers W_Validate_application W_Call_incomplete_files W_Validate_application W_Call_incomplete_files 
W_Complete_application W_Call_after_offers W_Validate_application W_Call_incomplete_files W_Validate_application W_Call_incomplete_files 
W_Complete_application W_Call_after_offers 
W_Complete_application W_Call_after_offers W_Validate_application 
W_Complete_application W_Call_after_offers W_Validate_application 
W_Complete_application W_Call_after_offers W_Validate_application W_Call_incomplete_files W_Validate_application W_Call_incomplete_files W_Validate_application 
W_Complete_application W_Call_after_offers 
W_Handle_leads W_Complete_application W_Call_after_offers W_Validate_application W_Call_incomplete_files 
W_Complete_application W_Call_after_offers W_Validate_application W_Call_incomplete_files W_Validate_application W_Call_incomplete_files W_Validate_application W_Call_incomplete_files 
W_Handle_leads W_Complete_application W_Call_after_offers 
W_Complete_application W_Call_after_offers W_Validate_application 
W_Complete_application W_Call_after_offers W_Validate_application 
W_Complete_application W_Call_after_offers W_Validate_application W_Call_incomplete_files W_Validate_application W_Call_incomplete_files 
W_Complete_application W_Call_after_offers W_Validate_application W_Call_incomplete_files 
W_Complete_application W_Call_after_offers W_Validate_application 
W_Complete_application W_Call_after_offers W_Validate_application W_Call_incomplete_files W_Validate_application W_Call_incomplete_files 
W_Complete_application W_Call_after_offers W_Validate_application 
W_Complete_application W_Call_after_offers W_Validate_application W_Call_incomplete_files W_Validate_application W_Call_incomplete_files W_Validate_application W_Call_incomplete_files 
W_Complete_application W_Call_after_offers W_Validate_application W_Call_incomplete_files W_Validate_application W_Call_incomplete_files 
W_Complete_application W_Call_after_offers 
W_Complete_application W_Call_after_offers W_Validate_application W_Call_incomplete_files W_Validate_application W_Validate_application 
W_Complete_application W_Call_after_offers 
W_Complete_application W_Call_after_offers W_Validate_application W_Call_incomplete_files W_Validate_application 
W_Complete_application W_Call_after_offers W_Validate_application W_Call_incomplete_files W_Validate_application 
W_Complete_application W_Call_after_offers W_Validate_application W_Call_incomplete_files W_Validate_application W_Call_incomplete_files W_Validate_application 
W_Complete_application W_Call_after_offers W_Validate_application W_Call_incomplete_files W_Validate_application W_Call_incomplete_files W_Validate_application 
W_Complete_application W_Call_after_offers W_Validate_application W_Call_incomplete_files 
W_Complete_application W_Call_after_offers W_Validate_application W_Call_incomplete_files W_Validate_application 
W_Complete_application W_Call_after_offers W_Validate_application W_Call_incomplete_files W_Validate_application W_Call_incomplete_files W_Validate_application 
W_Complete_application W_Call_after_offers W_Validate_application W_Call_incomplete_files W_Validate_application 
W_Complete_application W_Call_after_offers W_Validate_application W_Call_incomplete_files 
W_Complete_application W_Call_after_offers W_Validate_application W_Call_incomplete_files W_Validate_application W_Call_incomplete_files W_Validate_application W_Call_incomplete_files 
W_Complete_application W_Call_after_offers 
W_Complete_application W_Call_after_offers 
W_Handle_leads W_Complete_application W_Call_after_offers 
W_Handle_leads W_Complete_application W_Call_after_offers W_Validate_application 
W_Complete_application W_Call_after_offers W_Validate_application W_Call_incomplete_files W_Validate_application W_Call_incomplete_files 
W_Complete_application W_Call_after_offers W_Validate_application W_Call_incomplete_files W_Validate_application W_Call_incomplete_files 
W_Complete_application W_Call_after_offers W_Validate_application W_Call_incomplete_files W_Validate_application W_Call_incomplete_files 
W_Complete_application W_Call_after_offers 
W_Handle_leads W_Complete_application W_Call_after_offers W_Validate_application W_Call_incomplete_files W_Validate_application W_Call_incomplete_files W_Validate_application W_Call_incomplete_files W_Validate_application 
W_Complete_application W_Call_after_offers W_Validate_application 
W_Complete_application W_Call_after_offers W_Validate_application 
W_Call_after_offers W_Validate_application W_Call_incomplete_files W_Validate_application 
W_Complete_application W_Call_after_offers W_Validate_application W_Call_incomplete_files W_Validate_application W_Call_incomplete_files W_Validate_application W_Call_incomplete_files W_Validate_application W_Call_incomplete_files 
W_Complete_application W_Call_after_offers 
W_Complete_application W_Call_after_offers W_Validate_application W_Call_incomplete_files W_Validate_application W_Call_incomplete_files W_Validate_application W_Call_incomplete_files 
W_Handle_leads W_Complete_application W_Call_after_offers W_Validate_application 
W_Complete_application W_Call_after_offers W_Validate_application W_Call_incomplete_files 
W_Handle_leads W_Complete_application W_Call_after_offers W_Validate_application 
W_Complete_application W_Call_after_offers 
W_Complete_application W_Call_after_offers 
W_Complete_application W_Call_after_offers W_Validate_application W_Call_incomplete_files W_Validate_application 
W_Complete_application W_Call_after_offers W_Validate_application W_Call_incomplete_files W_Validate_application W_Call_incomplete_files W_Validate_application 
W_Complete_application W_Call_after_offers W_Validate_application 
W_Complete_application W_Call_after_offers W_Validate_application W_Call_incomplete_files 
W_Complete_application W_Call_after_offers W_Validate_application W_Call_incomplete_files W_Validate_application 
W_Complete_application W_Call_after_offers W_Validate_application W_Call_incomplete_files 
W_Complete_application W_Call_after_offers 
W_Complete_application W_Call_after_offers 
W_Complete_application W_Call_after_offers W_Validate_application 
W_Complete_application W_Call_after_offers W_Validate_application 
W_Complete_application W_Call_after_offers W_Validate_application W_Call_incomplete_files W_Validate_application W_Call_incomplete_files W_Validate_application 
W_Handle_leads W_Handle_leads W_Complete_application W_Call_after_offers W_Validate_application W_Call_incomplete_files W_Validate_application W_Call_incomplete_files W_Validate_application 
W_Complete_application W_Call_after_offers W_Validate_application 
W_Call_after_offers W_Validate_application 
W_Complete_application W_Call_after_offers W_Validate_application 
W_Complete_application W_Call_after_offers W_Validate_application 
W_Complete_application W_Call_after_offers W_Validate_application 
W_Complete_application W_Call_after_offers W_Validate_application W_Call_incomplete_files W_Validate_application 
W_Complete_application W_Call_after_offers W_Validate_application W_Call_incomplete_files W_Call_incomplete_files 
W_Complete_application W_Call_after_offers W_Validate_application 
W_Complete_application W_Call_after_offers W_Validate_application 
W_Complete_application W_Call_after_offers W_Validate_application W_Call_incomplete_files W_Validate_application W_Call_incomplete_files W_Validate_application W_Call_incomplete_files 
W_Complete_application W_Call_after_offers W_Validate_application W_Call_incomplete_files W_Validate_application W_Call_incomplete_files W_Validate_application 
W_Complete_application W_Call_after_offers W_Validate_application 
W_Complete_application W_Call_after_offers W_Validate_application W_Call_incomplete_files W_Validate_application 
W_Complete_application W_Call_after_offers W_Validate_application 
W_Complete_application W_Call_after_offers 
W_Complete_application W_Call_after_offers 
W_Complete_application W_Call_after_offers W_Validate_application W_Call_incomplete_files W_Validate_application W_Call_incomplete_files W_Validate_application W_Call_incomplete_files W_Validate_application 
W_Handle_leads W_Complete_application W_Call_after_offers W_Validate_application 
W_Complete_application W_Call_after_offers 
W_Complete_application W_Call_after_offers 
W_Complete_application W_Call_after_offers W_Validate_application W_Call_incomplete_files W_Validate_application W_Call_incomplete_files W_Validate_application 
W_Complete_application W_Call_after_offers 
W_Complete_application W_Call_after_offers W_Validate_application W_Call_incomplete_files W_Validate_application 
W_Complete_application W_Call_after_offers 
W_Call_after_offers W_Validate_application W_Call_incomplete_files W_Validate_application W_Call_incomplete_files W_Validate_application W_Call_incomplete_files 
W_Complete_application W_Call_after_offers W_Validate_application 
W_Handle_leads W_Complete_application W_Call_after_offers W_Validate_application 
W_Handle_leads W_Complete_application W_Call_after_offers W_Validate_application 
W_Handle_leads W_Complete_application W_Call_after_offers 
W_Complete_application W_Call_after_offers W_Validate_application 
W_Complete_application W_Call_after_offers W_Validate_application 
W_Complete_application W_Call_after_offers W_Validate_application W_Call_incomplete_files 
W_Complete_application W_Call_after_offers W_Validate_application W_Call_incomplete_files W_Validate_application W_Call_incomplete_files 
W_Complete_application W_Call_after_offers W_Validate_application W_Call_incomplete_files W_Validate_application W_Call_incomplete_files 
W_Complete_application W_Call_after_offers W_Validate_application W_Call_incomplete_files W_Validate_application W_Call_incomplete_files 
W_Handle_leads W_Complete_application W_Call_after_offers W_Validate_application 
W_Handle_leads W_Complete_application W_Call_after_offers W_Validate_application W_Call_incomplete_files W_Validate_application W_Call_incomplete_files 
W_Call_after_offers W_Validate_application W_Call_incomplete_files W_Validate_application W_Call_incomplete_files W_Validate_application 
W_Complete_application W_Call_after_offers W_Validate_application 
W_Complete_application W_Call_after_offers 
W_Handle_leads W_Complete_application W_Call_after_offers W_Validate_application W_Call_incomplete_files W_Validate_application W_Call_incomplete_files W_Validate_application W_Call_incomplete_files W_Validate_application 
W_Complete_application 
W_Complete_application W_Call_after_offers W_Validate_application 
W_Complete_application W_Call_after_offers 
W_Complete_application W_Call_after_offers W_Validate_application W_Call_incomplete_files 
W_Complete_application 
W_Complete_application W_Call_after_offers W_Validate_application 
W_Complete_application W_Call_after_offers W_Validate_application 
W_Complete_application W_Call_after_offers W_Validate_application 
W_Complete_application W_Complete_application W_Call_after_offers W_Validate_application W_Call_incomplete_files W_Validate_application W_Call_incomplete_files 
W_Complete_application W_Call_after_offers 
W_Complete_application W_Call_after_offers 
W_Complete_application W_Call_after_offers W_Validate_application W_Call_incomplete_files 
W_Complete_application W_Call_after_offers W_Validate_application W_Call_incomplete_files W_Validate_application 
W_Complete_application W_Call_after_offers W_Call_after_offers W_Validate_application W_Call_incomplete_files 
W_Complete_application W_Call_after_offers W_Validate_application 
W_Complete_application W_Call_after_offers W_Validate_application W_Call_incomplete_files W_Validate_application W_Call_incomplete_files W_Validate_application W_Call_incomplete_files 
W_Complete_application W_Call_after_offers 
W_Complete_application W_Call_after_offers W_Validate_application 
W_Complete_application W_Call_after_offers W_Validate_application W_Call_incomplete_files W_Validate_application W_Call_incomplete_files W_Validate_application W_Call_incomplete_files W_Validate_application W_Call_incomplete_files W_Validate_application W_Call_incomplete_files 
W_Complete_application W_Call_after_offers W_Validate_application W_Call_incomplete_files W_Validate_application W_Call_incomplete_files 
W_Call_after_offers W_Validate_application W_Call_incomplete_files W_Validate_application W_Call_incomplete_files W_Validate_application 
W_Complete_application W_Call_after_offers 
W_Complete_application W_Call_after_offers 
W_Complete_application W_Call_after_offers W_Validate_application 
W_Complete_application W_Call_after_offers W_Validate_application W_Call_incomplete_files 
W_Handle_leads W_Complete_application W_Call_after_offers 
W_Complete_application W_Call_after_offers W_Validate_application W_Call_incomplete_files W_Validate_application 
W_Complete_application W_Call_after_offers W_Validate_application 
W_Complete_application W_Call_after_offers W_Validate_application W_Call_incomplete_files W_Validate_application W_Call_incomplete_files 
W_Complete_application W_Call_after_offers 
W_Complete_application W_Call_after_offers 
W_Complete_application W_Call_after_offers W_Validate_application 
W_Complete_application W_Call_after_offers W_Validate_application 
W_Complete_application W_Call_after_offers 
W_Call_after_offers 
W_Complete_application W_Call_after_offers 
W_Call_after_offers W_Validate_application 
W_Complete_application W_Call_after_offers W_Validate_application 
W_Complete_application W_Call_after_offers W_Validate_application 
W_Complete_application W_Call_after_offers W_Validate_application W_Call_incomplete_files W_Validate_application 
W_Complete_application W_Call_after_offers W_Validate_application 
W_Complete_application W_Call_after_offers W_Validate_application 
W_Complete_application W_Call_after_offers W_Validate_application 
W_Complete_application W_Call_after_offers W_Validate_application 
W_Complete_application W_Call_after_offers W_Validate_application 
W_Complete_application W_Call_after_offers W_Validate_application W_Call_incomplete_files W_Validate_application W_Call_incomplete_files W_Validate_application W_Call_incomplete_files 
W_Complete_application W_Call_after_offers W_Validate_application 
W_Complete_application W_Call_after_offers W_Validate_application W_Call_incomplete_files W_Validate_application W_Call_incomplete_files 
W_Complete_application W_Call_after_offers W_Validate_application 
W_Complete_application W_Call_after_offers W_Validate_application W_Call_incomplete_files W_Validate_application W_Call_incomplete_files W_Validate_application W_Call_incomplete_files W_Validate_application W_Call_incomplete_files 
W_Handle_leads W_Complete_application W_Call_after_offers W_Validate_application 
W_Complete_application W_Call_after_offers 
W_Complete_application W_Call_after_offers W_Validate_application W_Call_incomplete_files W_Validate_application 
W_Complete_application W_Call_after_offers W_Validate_application 
W_Complete_application W_Call_after_offers W_Validate_application W_Call_incomplete_files W_Validate_application W_Call_incomplete_files W_Validate_application 
W_Call_after_offers W_Validate_application W_Call_incomplete_files W_Validate_application W_Call_incomplete_files W_Validate_application 
W_Complete_application W_Call_after_offers 
W_Complete_application W_Call_after_offers 
W_Handle_leads W_Complete_application W_Call_after_offers W_Validate_application W_Call_incomplete_files W_Validate_application W_Call_incomplete_files W_Validate_application W_Call_incomplete_files W_Validate_application W_Call_incomplete_files W_Validate_application W_Call_incomplete_files 
W_Complete_application W_Call_after_offers W_Validate_application W_Call_incomplete_files W_Validate_application 
W_Complete_application W_Call_after_offers W_Validate_application W_Call_incomplete_files W_Validate_application W_Assess_potential_fraud W_Assess_potential_fraud 
W_Complete_application W_Call_after_offers W_Validate_application W_Call_incomplete_files W_Validate_application W_Call_incomplete_files 
W_Complete_application W_Call_after_offers 
W_Complete_application W_Call_after_offers W_Validate_application W_Call_incomplete_files 
W_Complete_application W_Call_after_offers W_Validate_application W_Call_incomplete_files W_Validate_application 
W_Complete_application W_Call_after_offers W_Validate_application 
W_Call_after_offers W_Validate_application W_Call_incomplete_files W_Validate_application W_Call_incomplete_files W_Validate_application W_Call_incomplete_files 
W_Call_after_offers W_Validate_application W_Call_incomplete_files W_Validate_application 
W_Complete_application W_Call_after_offers W_Validate_application W_Call_incomplete_files W_Validate_application 
W_Call_after_offers 
W_Complete_application W_Call_after_offers W_Validate_application 
W_Complete_application W_Call_after_offers W_Validate_application 
W_Handle_leads W_Complete_application W_Call_after_offers W_Validate_application W_Call_incomplete_files 
W_Complete_application W_Call_after_offers W_Validate_application 
W_Complete_application W_Call_after_offers W_Validate_application 
W_Call_after_offers W_Validate_application 
W_Complete_application W_Call_after_offers 
W_Complete_application W_Call_after_offers W_Validate_application W_Call_incomplete_files 
W_Complete_application W_Call_after_offers W_Validate_application W_Call_incomplete_files W_Validate_application 
W_Complete_application W_Call_after_offers W_Validate_application W_Call_incomplete_files 
W_Complete_application W_Call_after_offers 
W_Call_after_offers 
W_Handle_leads W_Complete_application W_Call_after_offers W_Validate_application W_Call_incomplete_files W_Validate_application W_Call_incomplete_files 
W_Complete_application W_Call_after_offers 
W_Complete_application W_Call_after_offers W_Validate_application W_Call_incomplete_files W_Validate_application 
W_Complete_application W_Call_after_offers W_Validate_application W_Call_incomplete_files W_Validate_application W_Call_incomplete_files W_Validate_application 
W_Handle_leads W_Complete_application W_Call_after_offers W_Validate_application W_Call_incomplete_files 
W_Complete_application W_Call_after_offers 
W_Call_after_offers W_Validate_application 
W_Handle_leads W_Complete_application W_Call_after_offers W_Validate_application W_Call_incomplete_files W_Validate_application W_Call_incomplete_files W_Validate_application 
W_Handle_leads W_Complete_application W_Call_after_offers W_Validate_application W_Call_incomplete_files W_Validate_application 
W_Complete_application W_Call_after_offers 
W_Complete_application W_Call_after_offers 
W_Complete_application W_Call_after_offers W_Validate_application W_Call_incomplete_files W_Validate_application W_Call_incomplete_files W_Validate_application W_Call_incomplete_files 
W_Call_after_offers W_Validate_application W_Call_incomplete_files W_Validate_application W_Call_incomplete_files W_Validate_application W_Call_incomplete_files 
W_Complete_application W_Call_after_offers W_Validate_application W_Call_incomplete_files 
W_Complete_application W_Call_after_offers W_Validate_application W_Call_incomplete_files W_Validate_application 
W_Complete_application W_Call_after_offers W_Validate_application W_Call_incomplete_files 
W_Complete_application W_Call_after_offers W_Validate_application W_Call_incomplete_files W_Validate_application 
W_Complete_application W_Call_after_offers W_Validate_application 
W_Complete_application W_Call_after_offers 
W_Complete_application W_Call_after_offers W_Validate_application 
W_Complete_application W_Call_after_offers 
W_Complete_application W_Call_after_offers 
W_Complete_application W_Call_after_offers W_Validate_application 
W_Complete_application W_Call_after_offers 
W_Complete_application W_Call_after_offers W_Validate_application W_Call_incomplete_files W_Validate_application 
W_Handle_leads W_Complete_application W_Call_after_offers W_Validate_application W_Call_incomplete_files W_Validate_application W_Call_incomplete_files 
W_Complete_application W_Call_after_offers W_Validate_application W_Call_incomplete_files W_Validate_application W_Call_incomplete_files 
W_Complete_application W_Call_after_offers W_Validate_application W_Call_incomplete_files W_Validate_application W_Call_incomplete_files W_Validate_application 
W_Complete_application W_Call_after_offers W_Validate_application W_Call_incomplete_files 
W_Complete_application W_Call_after_offers W_Validate_application 
W_Complete_application W_Call_after_offers W_Validate_application W_Call_incomplete_files W_Validate_application 
W_Complete_application W_Call_after_offers W_Validate_application W_Call_incomplete_files W_Validate_application 
W_Complete_application W_Call_after_offers W_Validate_application W_Call_incomplete_files W_Validate_application W_Call_incomplete_files 
W_Complete_application W_Call_after_offers 
W_Complete_application W_Call_after_offers W_Validate_application W_Call_incomplete_files W_Validate_application 
W_Handle_leads W_Complete_application W_Call_after_offers W_Validate_application W_Call_incomplete_files W_Validate_application W_Call_incomplete_files 
W_Complete_application W_Call_after_offers 
W_Complete_application W_Call_after_offers W_Validate_application 
W_Complete_application W_Call_after_offers 
W_Handle_leads W_Complete_application W_Call_after_offers W_Validate_application W_Call_incomplete_files W_Validate_application 
W_Complete_application W_Call_after_offers 
W_Complete_application W_Call_after_offers W_Validate_application W_Call_incomplete_files W_Validate_application W_Validate_application W_Call_incomplete_files W_Validate_application 
W_Complete_application W_Call_after_offers W_Validate_application 
W_Complete_application 
W_Complete_application W_Call_after_offers W_Validate_application 
W_Complete_application W_Call_after_offers W_Validate_application 
W_Complete_application W_Call_after_offers W_Validate_application W_Call_incomplete_files W_Validate_application W_Call_incomplete_files 
W_Handle_leads W_Complete_application W_Call_after_offers 
W_Complete_application W_Call_after_offers W_Validate_application W_Call_incomplete_files W_Validate_application W_Call_incomplete_files W_Validate_application 
W_Complete_application W_Call_after_offers 
W_Complete_application W_Call_after_offers 
W_Complete_application W_Call_after_offers 
W_Handle_leads W_Complete_application W_Call_after_offers 
W_Complete_application W_Call_after_offers W_Validate_application W_Call_incomplete_files 
W_Complete_application W_Call_after_offers 
W_Complete_application W_Call_after_offers 
W_Complete_application W_Call_after_offers 
W_Complete_application W_Call_after_offers W_Validate_application W_Call_incomplete_files W_Validate_application W_Call_incomplete_files W_Validate_application W_Call_incomplete_files 
W_Complete_application W_Call_after_offers W_Validate_application W_Call_incomplete_files W_Validate_application W_Call_incomplete_files W_Validate_application W_Call_incomplete_files W_Validate_application W_Call_incomplete_files 
W_Complete_application W_Call_after_offers 
W_Complete_application W_Call_after_offers W_Validate_application W_Call_incomplete_files 
W_Complete_application W_Call_after_offers W_Validate_application W_Call_incomplete_files 
W_Complete_application W_Call_after_offers W_Validate_application W_Call_incomplete_files W_Validate_application 
W_Complete_application W_Call_after_offers 
W_Complete_application W_Call_after_offers 
W_Complete_application W_Call_after_offers W_Validate_application 
W_Complete_application W_Call_after_offers W_Validate_application W_Call_incomplete_files W_Validate_application W_Call_incomplete_files W_Validate_application 
W_Handle_leads W_Complete_application W_Call_after_offers W_Validate_application 
W_Complete_application W_Call_after_offers W_Validate_application W_Call_incomplete_files W_Validate_application W_Call_incomplete_files W_Validate_application W_Call_incomplete_files 
W_Complete_application W_Call_after_offers W_Validate_application 
W_Complete_application W_Call_after_offers 
W_Complete_application W_Call_after_offers W_Validate_application 
W_Complete_application W_Call_after_offers W_Validate_application W_Call_incomplete_files W_Validate_application 
W_Complete_application W_Call_after_offers 
W_Handle_leads W_Complete_application W_Call_after_offers W_Validate_application 
W_Complete_application W_Call_after_offers W_Validate_application W_Call_incomplete_files W_Validate_application 
W_Complete_application W_Call_after_offers W_Validate_application W_Call_incomplete_files 
W_Complete_application W_Call_after_offers W_Validate_application 
W_Complete_application W_Call_after_offers 
W_Handle_leads W_Complete_application W_Call_after_offers W_Validate_application 
W_Complete_application W_Call_after_offers 
W_Complete_application W_Call_after_offers W_Validate_application W_Call_incomplete_files W_Validate_application W_Call_incomplete_files 
W_Complete_application W_Call_after_offers W_Validate_application W_Call_incomplete_files W_Validate_application 
W_Call_after_offers W_Validate_application W_Call_incomplete_files W_Validate_application 
W_Complete_application W_Call_after_offers W_Validate_application W_Call_incomplete_files 
W_Complete_application W_Call_after_offers W_Validate_application 
W_Complete_application W_Call_after_offers W_Validate_application 
W_Complete_application W_Call_after_offers 
W_Complete_application W_Call_after_offers W_Validate_application 
W_Handle_leads W_Complete_application W_Call_after_offers 
W_Complete_application W_Call_after_offers W_Validate_application W_Call_incomplete_files W_Validate_application 
W_Complete_application W_Call_after_offers W_Validate_application W_Call_incomplete_files W_Validate_application 
W_Complete_application W_Call_after_offers W_Validate_application W_Call_incomplete_files W_Validate_application 
W_Complete_application W_Call_after_offers W_Validate_application W_Call_incomplete_files W_Validate_application W_Call_incomplete_files W_Validate_application W_Call_incomplete_files W_Validate_application 
W_Complete_application W_Call_after_offers W_Validate_application W_Call_incomplete_files W_Validate_application W_Call_incomplete_files W_Validate_application 
W_Complete_application W_Call_after_offers 
W_Complete_application W_Call_after_offers W_Call_after_offers W_Validate_application W_Call_incomplete_files W_Validate_application W_Call_incomplete_files W_Validate_application 
W_Handle_leads W_Complete_application W_Call_after_offers 
W_Complete_application W_Call_after_offers W_Validate_application W_Call_incomplete_files 
W_Handle_leads W_Complete_application W_Call_after_offers W_Validate_application W_Call_incomplete_files W_Validate_application 
W_Complete_application W_Call_after_offers W_Validate_application W_Validate_application 
W_Complete_application W_Call_after_offers W_Validate_application 
W_Complete_application W_Call_after_offers W_Validate_application 
W_Complete_application W_Call_after_offers W_Validate_application 
W_Complete_application W_Call_after_offers W_Validate_application W_Call_incomplete_files W_Validate_application 
W_Complete_application W_Call_after_offers W_Validate_application W_Call_incomplete_files W_Validate_application W_Call_incomplete_files 
W_Complete_application W_Call_after_offers W_Validate_application W_Call_incomplete_files W_Validate_application W_Call_incomplete_files W_Validate_application W_Call_incomplete_files 
W_Handle_leads W_Complete_application W_Call_after_offers W_Validate_application 
W_Complete_application W_Call_after_offers 
W_Complete_application W_Call_after_offers 
W_Complete_application W_Call_after_offers 
W_Call_after_offers W_Validate_application W_Call_incomplete_files W_Validate_application 
W_Complete_application W_Call_after_offers W_Validate_application 
W_Complete_application W_Call_after_offers W_Validate_application W_Call_incomplete_files W_Validate_application W_Call_incomplete_files W_Validate_application 
W_Complete_application W_Call_after_offers W_Validate_application W_Call_incomplete_files W_Validate_application 
W_Complete_application W_Call_after_offers 
W_Complete_application W_Call_after_offers W_Validate_application W_Call_incomplete_files W_Validate_application W_Call_incomplete_files 
W_Call_after_offers W_Validate_application 
W_Complete_application W_Call_after_offers W_Validate_application W_Call_incomplete_files W_Validate_application 
W_Complete_application W_Call_after_offers W_Validate_application W_Call_incomplete_files 
W_Handle_leads W_Complete_application W_Call_after_offers 
W_Complete_application W_Call_after_offers W_Validate_application W_Call_incomplete_files W_Validate_application W_Call_incomplete_files W_Validate_application 
W_Complete_application W_Call_after_offers W_Validate_application W_Call_incomplete_files W_Validate_application W_Call_incomplete_files W_Validate_application 
W_Complete_application W_Call_after_offers W_Validate_application W_Call_incomplete_files W_Validate_application 
W_Call_after_offers 
W_Complete_application W_Call_after_offers W_Validate_application W_Call_incomplete_files W_Validate_application 
W_Complete_application W_Call_after_offers W_Validate_application W_Call_incomplete_files W_Validate_application W_Call_incomplete_files W_Validate_application W_Call_incomplete_files 
W_Handle_leads W_Complete_application W_Call_after_offers W_Validate_application W_Call_incomplete_files W_Validate_application W_Call_incomplete_files W_Validate_application 
W_Complete_application W_Call_after_offers W_Validate_application 
W_Complete_application W_Call_after_offers W_Validate_application W_Call_incomplete_files W_Validate_application 
W_Complete_application W_Call_after_offers 
W_Complete_application W_Call_after_offers W_Validate_application 
W_Complete_application W_Call_after_offers 
W_Complete_application W_Call_after_offers W_Validate_application W_Call_incomplete_files W_Validate_application W_Call_incomplete_files W_Validate_application W_Call_incomplete_files W_Validate_application W_Call_incomplete_files W_Validate_application 
W_Complete_application W_Call_after_offers 
W_Complete_application W_Call_after_offers W_Validate_application W_Call_incomplete_files W_Validate_application W_Call_incomplete_files 
W_Complete_application W_Call_after_offers W_Validate_application 
W_Complete_application W_Call_after_offers W_Validate_application 
W_Complete_application W_Call_after_offers W_Validate_application W_Call_incomplete_files W_Validate_application 
W_Complete_application W_Call_after_offers W_Validate_application W_Call_incomplete_files W_Validate_application W_Call_incomplete_files W_Validate_application 
W_Complete_application W_Call_after_offers W_Validate_application 
W_Complete_application W_Call_after_offers 
W_Complete_application W_Call_after_offers W_Validate_application W_Call_incomplete_files W_Validate_application W_Call_incomplete_files W_Validate_application W_Call_incomplete_files 
W_Complete_application W_Call_after_offers W_Validate_application 
W_Complete_application W_Call_after_offers W_Validate_application 
W_Complete_application W_Call_after_offers 
W_Complete_application W_Call_after_offers 
W_Complete_application W_Call_after_offers 
W_Complete_application W_Call_after_offers W_Validate_application W_Call_incomplete_files W_Validate_application W_Call_incomplete_files W_Validate_application 
W_Handle_leads W_Complete_application W_Call_after_offers W_Validate_application W_Call_incomplete_files W_Validate_application W_Call_incomplete_files W_Validate_application 
W_Complete_application W_Call_after_offers W_Validate_application 
W_Complete_application W_Call_after_offers 
W_Complete_application W_Call_after_offers W_Validate_application W_Call_incomplete_files W_Validate_application W_Call_incomplete_files W_Validate_application W_Call_incomplete_files 
W_Complete_application W_Call_after_offers W_Validate_application W_Call_incomplete_files W_Validate_application W_Call_incomplete_files 
W_Complete_application W_Call_after_offers W_Validate_application W_Call_incomplete_files W_Validate_application W_Call_incomplete_files 
W_Complete_application W_Call_after_offers W_Validate_application W_Call_incomplete_files W_Validate_application W_Call_incomplete_files W_Validate_application W_Call_incomplete_files 
W_Complete_application W_Call_after_offers W_Validate_application W_Call_incomplete_files W_Validate_application W_Call_incomplete_files W_Validate_application 
W_Complete_application W_Call_after_offers W_Call_after_offers W_Validate_application W_Call_incomplete_files W_Validate_application W_Call_incomplete_files W_Validate_application W_Call_incomplete_files W_Validate_application 
W_Complete_application W_Call_after_offers 
W_Complete_application W_Call_after_offers W_Validate_application 
W_Complete_application W_Call_after_offers W_Validate_application W_Call_incomplete_files W_Validate_application 
W_Complete_application W_Call_after_offers 
W_Handle_leads W_Complete_application W_Call_after_offers 
W_Handle_leads W_Complete_application W_Call_after_offers 
W_Complete_application W_Call_after_offers W_Validate_application W_Call_incomplete_files W_Validate_application 
W_Complete_application W_Call_after_offers W_Validate_application W_Call_incomplete_files 
W_Complete_application W_Call_after_offers W_Validate_application W_Call_incomplete_files W_Validate_application W_Call_incomplete_files W_Validate_application 
W_Complete_application W_Call_after_offers W_Validate_application W_Call_incomplete_files W_Validate_application 
W_Handle_leads W_Complete_application W_Call_after_offers W_Validate_application 
W_Complete_application W_Call_after_offers W_Validate_application W_Call_incomplete_files W_Validate_application W_Call_incomplete_files 
W_Complete_application W_Call_after_offers W_Validate_application W_Call_incomplete_files 
W_Complete_application W_Call_after_offers W_Validate_application 
W_Complete_application W_Call_after_offers W_Validate_application W_Call_incomplete_files 
W_Complete_application W_Call_after_offers W_Validate_application 
W_Complete_application W_Call_after_offers W_Validate_application 
W_Complete_application W_Call_after_offers W_Validate_application 
W_Complete_application W_Call_after_offers W_Validate_application 
W_Complete_application W_Call_after_offers W_Validate_application 
W_Complete_application W_Call_after_offers 
W_Call_after_offers W_Validate_application 
W_Complete_application W_Call_after_offers W_Validate_application W_Call_incomplete_files W_Validate_application W_Call_incomplete_files 
W_Complete_application W_Call_after_offers 
W_Handle_leads W_Complete_application W_Call_after_offers W_Validate_application W_Call_incomplete_files 
W_Complete_application W_Call_after_offers W_Validate_application W_Call_incomplete_files W_Validate_application W_Call_incomplete_files W_Validate_application W_Call_incomplete_files W_Validate_application 
W_Complete_application W_Call_after_offers 
W_Handle_leads W_Complete_application W_Call_after_offers W_Validate_application 
W_Complete_application W_Call_after_offers W_Validate_application 
W_Complete_application W_Call_after_offers W_Validate_application W_Call_incomplete_files W_Validate_application W_Call_incomplete_files W_Validate_application 
W_Complete_application W_Call_after_offers W_Validate_application W_Call_incomplete_files W_Validate_application W_Call_incomplete_files W_Validate_application 
W_Complete_application W_Call_after_offers 
W_Complete_application W_Call_after_offers 
W_Complete_application W_Call_after_offers W_Validate_application W_Call_incomplete_files 
W_Complete_application W_Call_after_offers W_Validate_application 
W_Complete_application W_Call_after_offers 
W_Complete_application W_Call_after_offers W_Validate_application W_Call_incomplete_files 
W_Complete_application W_Call_after_offers 
W_Handle_leads W_Complete_application W_Call_after_offers W_Validate_application 
W_Complete_application W_Complete_application W_Call_after_offers W_Validate_application W_Call_incomplete_files W_Validate_application 
W_Complete_application W_Call_after_offers W_Validate_application 
W_Complete_application W_Call_after_offers W_Validate_application 
W_Complete_application W_Call_after_offers W_Validate_application W_Call_incomplete_files W_Validate_application 
W_Handle_leads W_Complete_application W_Call_after_offers W_Validate_application 
W_Complete_application W_Call_after_offers W_Validate_application W_Call_incomplete_files W_Validate_application 
W_Complete_application W_Call_after_offers W_Call_after_offers W_Validate_application W_Call_incomplete_files W_Validate_application W_Call_incomplete_files W_Validate_application 
W_Complete_application W_Call_after_offers 
W_Complete_application W_Call_after_offers W_Validate_application W_Call_incomplete_files W_Validate_application W_Call_incomplete_files W_Validate_application W_Call_incomplete_files W_Validate_application 
W_Complete_application W_Call_after_offers W_Validate_application W_Call_incomplete_files W_Validate_application 
W_Complete_application W_Call_after_offers W_Validate_application W_Call_incomplete_files W_Validate_application 
W_Complete_application W_Call_after_offers W_Validate_application W_Call_incomplete_files W_Validate_application W_Call_incomplete_files W_Validate_application W_Call_incomplete_files W_Validate_application W_Call_incomplete_files W_Validate_application 
W_Complete_application W_Call_after_offers 
W_Complete_application W_Call_after_offers W_Validate_application W_Call_incomplete_files W_Validate_application W_Call_incomplete_files 
W_Complete_application W_Call_after_offers W_Validate_application W_Call_incomplete_files W_Validate_application 
W_Complete_application W_Call_after_offers 
W_Complete_application W_Call_after_offers 
W_Complete_application W_Call_after_offers W_Validate_application 
W_Handle_leads W_Complete_application W_Call_after_offers 
W_Complete_application W_Call_after_offers W_Validate_application W_Call_incomplete_files W_Validate_application 
W_Complete_application W_Call_after_offers W_Validate_application 
W_Complete_application W_Call_after_offers W_Validate_application 
W_Complete_application W_Call_after_offers W_Validate_application W_Call_incomplete_files W_Validate_application 
W_Complete_application W_Call_after_offers 
W_Complete_application W_Call_after_offers 
W_Complete_application W_Call_after_offers 
W_Complete_application W_Call_after_offers W_Validate_application W_Call_incomplete_files W_Validate_application 
W_Complete_application W_Call_after_offers W_Validate_application W_Call_incomplete_files W_Validate_application W_Call_incomplete_files W_Validate_application 
W_Complete_application W_Call_after_offers W_Validate_application W_Call_incomplete_files W_Validate_application W_Call_incomplete_files W_Validate_application 
W_Complete_application W_Call_after_offers 
W_Complete_application W_Call_after_offers W_Call_after_offers W_Validate_application W_Assess_potential_fraud W_Validate_application W_Call_incomplete_files 
W_Complete_application W_Call_after_offers 
W_Complete_application W_Call_after_offers 
W_Handle_leads W_Complete_application W_Call_after_offers W_Validate_application W_Call_incomplete_files W_Validate_application 
W_Complete_application W_Call_after_offers 
W_Complete_application W_Call_after_offers W_Validate_application W_Call_incomplete_files W_Call_incomplete_files W_Validate_application W_Call_incomplete_files 
W_Complete_application W_Call_after_offers W_Validate_application W_Call_incomplete_files 
W_Complete_application W_Call_after_offers W_Validate_application 
W_Complete_application W_Call_after_offers W_Validate_application 
W_Complete_application W_Call_after_offers 
W_Complete_application W_Call_after_offers W_Validate_application W_Call_incomplete_files W_Validate_application W_Call_incomplete_files 
W_Complete_application W_Call_after_offers W_Call_after_offers 
W_Complete_application W_Call_after_offers W_Validate_application W_Call_incomplete_files 
W_Complete_application W_Call_after_offers W_Validate_application W_Call_incomplete_files W_Validate_application 
W_Complete_application W_Call_after_offers 
W_Call_after_offers W_Validate_application W_Call_incomplete_files W_Validate_application 
W_Complete_application W_Call_after_offers W_Validate_application 
W_Complete_application W_Call_after_offers 
W_Complete_application W_Call_after_offers 
W_Complete_application W_Call_after_offers W_Validate_application W_Call_incomplete_files 
W_Call_after_offers W_Validate_application 
W_Complete_application W_Call_after_offers W_Validate_application W_Call_incomplete_files W_Validate_application W_Call_incomplete_files W_Validate_application W_Call_incomplete_files 
W_Complete_application W_Call_after_offers 
W_Complete_application W_Call_after_offers W_Validate_application W_Call_incomplete_files W_Validate_application W_Call_incomplete_files W_Validate_application W_Call_incomplete_files W_Validate_application W_Call_incomplete_files W_Validate_application W_Call_incomplete_files 
W_Complete_application W_Call_after_offers W_Validate_application W_Call_incomplete_files 
W_Complete_application W_Call_after_offers W_Validate_application 
W_Complete_application W_Call_after_offers 
W_Complete_application W_Call_after_offers 
W_Complete_application W_Call_after_offers W_Validate_application W_Call_incomplete_files W_Validate_application W_Call_incomplete_files W_Validate_application W_Call_incomplete_files 
W_Complete_application W_Call_after_offers 
W_Complete_application W_Call_after_offers W_Validate_application W_Call_incomplete_files 
W_Handle_leads W_Complete_application W_Call_after_offers 
W_Complete_application W_Call_after_offers 
W_Complete_application W_Call_after_offers W_Validate_application W_Call_incomplete_files 
W_Complete_application W_Call_after_offers W_Validate_application 
W_Handle_leads W_Complete_application W_Call_after_offers 
W_Complete_application W_Call_after_offers 
W_Complete_application W_Call_after_offers 
W_Handle_leads W_Complete_application W_Call_after_offers W_Validate_application W_Call_incomplete_files 
W_Complete_application W_Call_after_offers W_Validate_application W_Call_incomplete_files W_Validate_application W_Call_incomplete_files W_Call_incomplete_files W_Validate_application W_Call_incomplete_files 
W_Complete_application W_Call_after_offers W_Validate_application 
W_Handle_leads W_Complete_application W_Call_after_offers W_Validate_application 
W_Complete_application W_Call_after_offers W_Validate_application 
W_Complete_application W_Call_after_offers 
W_Complete_application W_Call_after_offers W_Validate_application W_Call_incomplete_files 
W_Complete_application W_Call_after_offers 
W_Complete_application W_Call_after_offers W_Validate_application W_Call_incomplete_files 
W_Complete_application W_Call_after_offers 
W_Handle_leads W_Complete_application W_Call_after_offers 
W_Handle_leads W_Complete_application W_Call_after_offers W_Validate_application W_Call_incomplete_files W_Validate_application W_Call_incomplete_files W_Validate_application W_Call_incomplete_files W_Validate_application 
W_Complete_application W_Call_after_offers 
W_Complete_application W_Call_after_offers W_Validate_application W_Call_incomplete_files W_Validate_application 
W_Complete_application W_Call_after_offers W_Validate_application 
W_Complete_application W_Call_after_offers W_Validate_application W_Call_incomplete_files W_Validate_application W_Call_incomplete_files W_Validate_application 
W_Complete_application W_Call_after_offers 
W_Call_after_offers W_Validate_application W_Call_incomplete_files W_Validate_application 
W_Handle_leads W_Complete_application W_Call_after_offers 
W_Complete_application W_Call_after_offers W_Validate_application W_Call_incomplete_files W_Validate_application W_Call_incomplete_files W_Validate_application W_Call_incomplete_files 
W_Complete_application W_Call_after_offers 
W_Complete_application W_Call_after_offers W_Validate_application W_Call_incomplete_files 
W_Complete_application W_Call_after_offers W_Validate_application W_Call_incomplete_files W_Validate_application 
W_Complete_application W_Call_after_offers W_Validate_application 
W_Complete_application W_Call_after_offers W_Validate_application 
W_Complete_application W_Call_after_offers W_Validate_application 
W_Complete_application W_Call_after_offers W_Validate_application W_Call_incomplete_files W_Validate_application W_Call_incomplete_files W_Validate_application 
W_Complete_application W_Call_after_offers W_Validate_application W_Call_incomplete_files W_Validate_application W_Call_incomplete_files W_Validate_application 
W_Complete_application W_Call_after_offers W_Validate_application W_Call_incomplete_files W_Validate_application 
W_Complete_application W_Call_after_offers W_Validate_application 
W_Complete_application W_Call_after_offers 
W_Complete_application W_Call_after_offers 
W_Complete_application W_Call_after_offers W_Validate_application W_Call_incomplete_files 
W_Complete_application W_Call_after_offers 
W_Handle_leads W_Complete_application W_Call_after_offers 
W_Complete_application W_Call_after_offers 
W_Complete_application W_Call_after_offers 
W_Complete_application W_Call_after_offers W_Validate_application W_Call_incomplete_files 
W_Complete_application W_Call_after_offers 
W_Complete_application W_Call_after_offers W_Validate_application 
W_Complete_application W_Call_after_offers 
W_Complete_application W_Call_after_offers W_Validate_application W_Call_incomplete_files W_Validate_application 
W_Complete_application W_Call_after_offers W_Validate_application W_Call_incomplete_files W_Validate_application 
W_Complete_application W_Call_after_offers W_Validate_application 
W_Complete_application W_Call_after_offers W_Validate_application W_Call_incomplete_files W_Validate_application W_Call_incomplete_files 
W_Complete_application W_Call_after_offers W_Validate_application W_Call_incomplete_files W_Validate_application W_Call_incomplete_files W_Validate_application 
W_Complete_application W_Call_after_offers W_Validate_application W_Call_incomplete_files W_Validate_application 
W_Complete_application W_Call_after_offers W_Validate_application W_Call_incomplete_files W_Validate_application W_Call_incomplete_files W_Validate_application W_Call_incomplete_files W_Validate_application W_Call_incomplete_files W_Validate_application W_Call_incomplete_files W_Validate_application W_Call_incomplete_files 
W_Complete_application W_Call_after_offers W_Validate_application 
W_Complete_application W_Call_after_offers W_Validate_application 
W_Complete_application W_Call_after_offers W_Validate_application W_Call_incomplete_files W_Validate_application 
W_Complete_application W_Call_after_offers W_Validate_application W_Call_incomplete_files W_Validate_application 
W_Complete_application W_Call_after_offers W_Validate_application 
W_Handle_leads W_Complete_application W_Call_after_offers W_Validate_application 
W_Complete_application W_Call_after_offers 
W_Complete_application W_Call_after_offers W_Validate_application W_Call_incomplete_files W_Validate_application 
W_Complete_application W_Call_after_offers W_Validate_application W_Call_incomplete_files W_Validate_application W_Call_incomplete_files W_Validate_application W_Call_incomplete_files W_Validate_application 
W_Complete_application W_Call_after_offers W_Validate_application W_Call_incomplete_files W_Validate_application W_Call_incomplete_files 
W_Handle_leads W_Complete_application 
W_Complete_application W_Call_after_offers 
W_Complete_application W_Call_after_offers W_Validate_application W_Call_incomplete_files W_Validate_application 
W_Handle_leads W_Complete_application 
W_Complete_application W_Call_after_offers W_Validate_application W_Call_incomplete_files W_Validate_application W_Call_incomplete_files W_Validate_application W_Call_incomplete_files 
W_Complete_application W_Call_after_offers 
W_Complete_application W_Call_after_offers 
W_Complete_application W_Call_after_offers W_Validate_application 
W_Complete_application W_Call_after_offers W_Validate_application W_Call_incomplete_files W_Validate_application W_Call_incomplete_files 
W_Complete_application W_Call_after_offers W_Validate_application 
W_Complete_application W_Call_after_offers W_Validate_application W_Call_incomplete_files 
W_Complete_application W_Call_after_offers 
W_Call_after_offers W_Validate_application W_Call_incomplete_files W_Validate_application W_Call_incomplete_files W_Validate_application W_Call_incomplete_files W_Validate_application W_Call_incomplete_files W_Validate_application W_Call_incomplete_files W_Validate_application 
W_Complete_application W_Call_after_offers W_Validate_application W_Call_incomplete_files W_Validate_application 
W_Complete_application W_Call_after_offers W_Validate_application W_Call_incomplete_files W_Validate_application W_Call_incomplete_files W_Validate_application 
W_Complete_application W_Call_after_offers W_Validate_application W_Call_incomplete_files W_Validate_application W_Call_incomplete_files W_Validate_application 
W_Complete_application W_Call_after_offers W_Validate_application W_Call_incomplete_files W_Validate_application W_Call_incomplete_files W_Validate_application 
W_Complete_application W_Call_after_offers W_Validate_application W_Call_incomplete_files W_Validate_application W_Call_incomplete_files 
W_Complete_application W_Call_after_offers W_Validate_application W_Call_incomplete_files W_Validate_application 
W_Complete_application W_Call_after_offers 
W_Complete_application W_Call_after_offers W_Validate_application W_Call_incomplete_files W_Validate_application W_Call_incomplete_files W_Validate_application 
W_Complete_application W_Call_after_offers W_Validate_application W_Call_incomplete_files W_Validate_application W_Call_incomplete_files 
W_Complete_application W_Call_after_offers 
W_Complete_application W_Call_after_offers 
W_Complete_application W_Call_after_offers W_Validate_application W_Call_incomplete_files W_Validate_application W_Call_incomplete_files W_Validate_application 
W_Call_after_offers W_Validate_application W_Call_incomplete_files W_Validate_application 
W_Complete_application W_Call_after_offers W_Validate_application W_Call_incomplete_files W_Validate_application W_Call_incomplete_files W_Validate_application W_Call_incomplete_files 
W_Complete_application W_Call_after_offers W_Validate_application W_Call_incomplete_files W_Validate_application 
W_Complete_application W_Call_after_offers W_Validate_application W_Call_incomplete_files W_Validate_application W_Call_incomplete_files W_Validate_application 
W_Complete_application W_Call_after_offers W_Validate_application 
W_Complete_application W_Call_after_offers W_Validate_application W_Call_incomplete_files W_Validate_application 
W_Complete_application W_Call_after_offers W_Validate_application W_Call_incomplete_files W_Validate_application 
W_Complete_application W_Call_after_offers 
W_Complete_application W_Call_after_offers 
W_Complete_application W_Call_after_offers W_Validate_application 
W_Complete_application W_Call_after_offers W_Validate_application W_Call_incomplete_files W_Validate_application W_Call_incomplete_files W_Validate_application W_Call_incomplete_files W_Validate_application 
W_Complete_application W_Call_after_offers W_Validate_application W_Call_incomplete_files W_Validate_application 
W_Complete_application W_Call_after_offers W_Validate_application W_Call_incomplete_files W_Validate_application W_Call_incomplete_files W_Validate_application W_Call_incomplete_files W_Validate_application 
W_Complete_application W_Call_after_offers W_Validate_application 
W_Call_after_offers W_Validate_application 
W_Complete_application W_Call_after_offers W_Validate_application W_Call_incomplete_files W_Validate_application W_Call_incomplete_files W_Validate_application 
W_Complete_application W_Call_after_offers 
W_Complete_application W_Call_after_offers W_Validate_application 
W_Complete_application W_Call_after_offers 
W_Complete_application W_Call_after_offers W_Validate_application W_Call_incomplete_files 
W_Handle_leads W_Complete_application W_Call_after_offers W_Validate_application W_Call_incomplete_files W_Validate_application W_Call_incomplete_files 
W_Complete_application W_Call_after_offers W_Validate_application W_Call_incomplete_files W_Validate_application W_Call_incomplete_files W_Validate_application 
W_Complete_application W_Call_after_offers 
W_Complete_application W_Call_after_offers W_Validate_application W_Call_incomplete_files W_Validate_application 
W_Complete_application W_Call_after_offers W_Validate_application W_Call_incomplete_files W_Validate_application W_Call_incomplete_files W_Validate_application W_Call_incomplete_files 
W_Complete_application W_Call_after_offers 
W_Complete_application W_Call_after_offers 
W_Complete_application W_Call_after_offers W_Validate_application W_Call_incomplete_files W_Validate_application W_Call_incomplete_files 
W_Call_after_offers W_Validate_application W_Call_incomplete_files 
W_Complete_application W_Call_after_offers W_Validate_application 
W_Handle_leads W_Complete_application W_Call_after_offers W_Validate_application W_Call_incomplete_files W_Validate_application 
W_Complete_application W_Call_after_offers W_Validate_application W_Call_incomplete_files W_Validate_application 
W_Handle_leads W_Complete_application W_Call_after_offers 
W_Handle_leads W_Complete_application W_Call_after_offers W_Validate_application W_Call_incomplete_files W_Validate_application W_Call_incomplete_files W_Validate_application W_Call_incomplete_files W_Validate_application 
W_Complete_application W_Call_after_offers W_Validate_application W_Call_incomplete_files 
W_Complete_application W_Call_after_offers W_Validate_application 
W_Complete_application W_Call_after_offers W_Validate_application 
W_Complete_application W_Call_after_offers W_Validate_application W_Call_incomplete_files 
W_Complete_application W_Call_after_offers 
W_Complete_application W_Call_after_offers 
W_Complete_application W_Call_after_offers 
W_Complete_application W_Call_after_offers W_Validate_application W_Call_incomplete_files 
W_Complete_application W_Call_after_offers 
W_Complete_application W_Call_after_offers 
W_Complete_application W_Call_after_offers W_Validate_application W_Call_incomplete_files W_Validate_application 
W_Complete_application W_Call_after_offers 
W_Complete_application W_Call_after_offers W_Validate_application W_Call_incomplete_files W_Validate_application 
W_Complete_application W_Call_after_offers 
W_Complete_application W_Call_after_offers 
W_Complete_application W_Call_after_offers 
W_Complete_application W_Call_after_offers W_Validate_application W_Call_incomplete_files W_Validate_application 
W_Complete_application W_Call_after_offers W_Validate_application 
W_Complete_application W_Call_after_offers W_Validate_application 
W_Complete_application W_Call_after_offers 
W_Call_after_offers 
W_Complete_application W_Call_after_offers W_Validate_application W_Call_incomplete_files 
W_Complete_application W_Call_after_offers W_Validate_application W_Call_incomplete_files W_Validate_application W_Validate_application 
W_Complete_application W_Call_after_offers W_Validate_application 
W_Complete_application W_Call_after_offers W_Validate_application W_Call_incomplete_files W_Validate_application W_Call_incomplete_files W_Validate_application W_Validate_application 
W_Handle_leads W_Complete_application W_Call_after_offers 
W_Complete_application W_Call_after_offers 
W_Complete_application W_Call_after_offers W_Validate_application W_Call_incomplete_files 
W_Complete_application W_Call_after_offers W_Validate_application W_Call_incomplete_files 
W_Complete_application W_Call_after_offers 
W_Complete_application W_Call_after_offers W_Validate_application W_Call_incomplete_files W_Validate_application W_Call_incomplete_files 
W_Complete_application W_Call_after_offers W_Validate_application W_Call_incomplete_files W_Validate_application W_Call_incomplete_files 
W_Complete_application W_Call_after_offers W_Validate_application W_Call_incomplete_files W_Validate_application 
W_Complete_application W_Call_after_offers 
W_Handle_leads W_Complete_application W_Call_after_offers W_Validate_application 
W_Call_after_offers W_Validate_application W_Call_incomplete_files W_Validate_application 
W_Complete_application W_Call_after_offers W_Validate_application W_Call_incomplete_files W_Validate_application W_Call_incomplete_files 
W_Complete_application W_Call_after_offers W_Validate_application 
W_Complete_application W_Call_after_offers 
W_Complete_application W_Call_after_offers 
W_Complete_application W_Call_after_offers W_Validate_application W_Call_incomplete_files W_Validate_application W_Call_incomplete_files W_Validate_application 
W_Complete_application W_Call_after_offers W_Validate_application W_Call_incomplete_files W_Validate_application 
W_Complete_application W_Call_after_offers W_Validate_application W_Call_incomplete_files W_Validate_application W_Call_incomplete_files W_Validate_application W_Call_incomplete_files 
W_Complete_application W_Call_after_offers 
W_Complete_application W_Call_after_offers 
W_Complete_application W_Call_after_offers W_Validate_application 
W_Handle_leads W_Complete_application W_Call_after_offers 
W_Complete_application W_Call_after_offers W_Validate_application W_Call_incomplete_files W_Validate_application W_Call_incomplete_files W_Validate_application 
W_Complete_application W_Call_after_offers W_Validate_application W_Call_incomplete_files W_Validate_application 
W_Complete_application W_Call_after_offers 
W_Complete_application W_Call_after_offers W_Validate_application W_Call_incomplete_files W_Validate_application W_Call_incomplete_files W_Validate_application W_Call_incomplete_files 
W_Handle_leads W_Complete_application W_Call_after_offers 
W_Complete_application W_Call_after_offers W_Validate_application W_Call_incomplete_files 
W_Complete_application W_Call_after_offers W_Validate_application W_Call_incomplete_files W_Validate_application 
W_Complete_application W_Call_after_offers W_Validate_application 
W_Complete_application W_Call_after_offers W_Validate_application W_Call_incomplete_files W_Validate_application W_Call_incomplete_files 
W_Complete_application W_Call_after_offers W_Validate_application W_Call_incomplete_files W_Validate_application W_Call_incomplete_files 
W_Complete_application W_Call_after_offers W_Validate_application W_Call_incomplete_files W_Validate_application 
W_Complete_application W_Call_after_offers 
W_Complete_application W_Call_after_offers W_Validate_application W_Call_incomplete_files W_Validate_application W_Call_incomplete_files W_Validate_application W_Call_incomplete_files 
W_Complete_application W_Call_after_offers W_Validate_application W_Call_incomplete_files W_Validate_application 
W_Complete_application W_Call_after_offers W_Validate_application 
W_Complete_application W_Complete_application W_Call_after_offers W_Validate_application W_Call_incomplete_files W_Validate_application 
W_Complete_application W_Call_after_offers W_Validate_application W_Call_incomplete_files W_Validate_application W_Call_incomplete_files W_Validate_application W_Call_incomplete_files W_Validate_application W_Call_incomplete_files 
W_Complete_application W_Call_after_offers W_Validate_application W_Call_incomplete_files W_Validate_application W_Call_incomplete_files W_Validate_application W_Call_incomplete_files 
W_Complete_application W_Call_after_offers 
W_Complete_application W_Call_after_offers W_Validate_application 
W_Complete_application W_Call_after_offers W_Validate_application 
W_Complete_application W_Call_after_offers W_Validate_application W_Call_incomplete_files W_Validate_application 
W_Complete_application W_Call_after_offers W_Validate_application W_Call_incomplete_files W_Validate_application W_Call_incomplete_files W_Validate_application 
W_Complete_application W_Call_after_offers W_Validate_application 
W_Complete_application W_Call_after_offers W_Validate_application 
W_Complete_application W_Call_after_offers 
W_Complete_application W_Call_after_offers W_Validate_application W_Call_incomplete_files 
W_Complete_application W_Call_after_offers W_Validate_application W_Call_incomplete_files W_Validate_application W_Call_incomplete_files W_Validate_application W_Call_incomplete_files W_Validate_application 
W_Complete_application W_Call_after_offers W_Validate_application W_Call_incomplete_files W_Validate_application W_Call_incomplete_files W_Validate_application W_Call_incomplete_files W_Validate_application 
W_Complete_application W_Call_after_offers 
W_Handle_leads W_Complete_application W_Call_after_offers W_Validate_application W_Call_incomplete_files W_Validate_application W_Call_incomplete_files W_Validate_application W_Call_incomplete_files 
W_Complete_application W_Call_after_offers W_Validate_application W_Call_incomplete_files W_Validate_application 
W_Complete_application W_Call_after_offers W_Validate_application 
W_Complete_application W_Call_after_offers W_Call_after_offers 
W_Complete_application W_Call_after_offers W_Validate_application W_Call_incomplete_files W_Validate_application 
W_Complete_application W_Call_after_offers 
W_Complete_application W_Call_after_offers W_Validate_application 
W_Complete_application W_Call_after_offers W_Validate_application W_Call_incomplete_files W_Validate_application 
W_Handle_leads W_Complete_application W_Call_after_offers 
W_Handle_leads W_Complete_application W_Call_after_offers W_Validate_application W_Call_incomplete_files 
W_Complete_application W_Call_after_offers W_Validate_application W_Validate_application W_Call_incomplete_files W_Validate_application 
W_Complete_application W_Call_after_offers W_Validate_application 
W_Complete_application 
W_Complete_application W_Call_after_offers 
W_Complete_application W_Call_after_offers 
W_Handle_leads W_Complete_application W_Call_after_offers W_Validate_application W_Call_incomplete_files W_Validate_application W_Call_incomplete_files W_Validate_application W_Call_incomplete_files W_Validate_application 
W_Complete_application W_Call_after_offers 
W_Complete_application W_Call_after_offers W_Validate_application W_Call_incomplete_files 
W_Complete_application W_Call_after_offers W_Validate_application W_Call_incomplete_files W_Validate_application W_Call_incomplete_files 
W_Complete_application W_Call_after_offers W_Validate_application W_Call_incomplete_files W_Validate_application 
W_Complete_application W_Call_after_offers W_Validate_application W_Call_incomplete_files W_Validate_application 
W_Complete_application W_Call_after_offers W_Validate_application W_Call_incomplete_files W_Validate_application W_Call_incomplete_files W_Validate_application 
W_Complete_application W_Call_after_offers W_Validate_application W_Call_incomplete_files W_Validate_application W_Call_incomplete_files W_Validate_application W_Call_incomplete_files 
W_Complete_application W_Call_after_offers W_Validate_application W_Call_incomplete_files W_Validate_application 
W_Complete_application W_Call_after_offers W_Validate_application 
W_Complete_application W_Call_after_offers W_Validate_application W_Call_incomplete_files 
W_Complete_application W_Call_after_offers W_Validate_application W_Call_incomplete_files W_Validate_application W_Call_incomplete_files W_Validate_application 
W_Complete_application W_Call_after_offers 
W_Complete_application W_Call_after_offers W_Validate_application 
W_Complete_application W_Call_after_offers W_Validate_application W_Call_incomplete_files W_Validate_application W_Call_incomplete_files 
W_Complete_application W_Call_after_offers W_Validate_application W_Call_incomplete_files 
W_Complete_application W_Call_after_offers 
W_Complete_application W_Call_after_offers W_Validate_application W_Call_incomplete_files W_Validate_application W_Call_incomplete_files W_Validate_application W_Call_incomplete_files W_Validate_application 
W_Complete_application W_Call_after_offers 
W_Complete_application W_Call_after_offers W_Validate_application 
W_Complete_application W_Call_after_offers W_Validate_application W_Call_incomplete_files 
W_Complete_application W_Call_after_offers W_Validate_application 
W_Complete_application W_Call_after_offers W_Validate_application 
W_Complete_application W_Call_after_offers W_Validate_application W_Call_incomplete_files W_Validate_application W_Call_incomplete_files W_Validate_application 
W_Complete_application W_Call_after_offers W_Validate_application W_Assess_potential_fraud W_Validate_application W_Call_incomplete_files 
W_Complete_application W_Call_after_offers W_Validate_application W_Call_incomplete_files 
W_Complete_application W_Call_after_offers W_Validate_application W_Call_incomplete_files W_Validate_application W_Call_incomplete_files W_Validate_application W_Call_incomplete_files W_Validate_application 
W_Complete_application W_Call_after_offers 
W_Complete_application W_Call_after_offers W_Validate_application 
W_Complete_application W_Call_after_offers W_Validate_application W_Call_incomplete_files W_Validate_application 
W_Complete_application W_Call_after_offers W_Validate_application 
W_Complete_application W_Call_after_offers W_Validate_application W_Call_incomplete_files W_Validate_application 
W_Complete_application W_Call_after_offers 
W_Call_after_offers W_Validate_application 
W_Complete_application W_Call_after_offers 
W_Call_after_offers W_Validate_application W_Call_incomplete_files W_Validate_application 
W_Complete_application W_Call_after_offers W_Validate_application W_Call_incomplete_files W_Validate_application W_Call_incomplete_files 
W_Complete_application W_Call_after_offers W_Validate_application W_Call_incomplete_files W_Validate_application 
W_Complete_application W_Call_after_offers W_Validate_application 
W_Handle_leads W_Complete_application W_Call_after_offers W_Validate_application 
W_Complete_application W_Call_after_offers W_Validate_application W_Call_incomplete_files 
W_Complete_application W_Call_after_offers 
W_Complete_application W_Call_after_offers W_Validate_application W_Call_incomplete_files W_Validate_application W_Call_incomplete_files W_Validate_application 
W_Complete_application W_Call_after_offers 
W_Complete_application W_Call_after_offers 
W_Complete_application W_Call_after_offers W_Validate_application 
W_Complete_application W_Call_after_offers 
W_Complete_application W_Call_after_offers W_Validate_application W_Call_incomplete_files 
W_Complete_application W_Call_after_offers W_Validate_application W_Call_incomplete_files 
W_Complete_application W_Call_after_offers W_Validate_application W_Assess_potential_fraud 
W_Call_after_offers 
W_Complete_application W_Call_after_offers W_Validate_application W_Call_incomplete_files W_Validate_application W_Call_incomplete_files 
W_Complete_application W_Call_after_offers W_Validate_application W_Call_incomplete_files W_Validate_application W_Call_incomplete_files W_Validate_application 
W_Complete_application W_Call_after_offers 
W_Complete_application W_Call_after_offers W_Validate_application 
W_Handle_leads W_Complete_application W_Call_after_offers 
W_Complete_application W_Call_after_offers 
W_Complete_application W_Call_after_offers W_Validate_application W_Call_incomplete_files W_Validate_application W_Call_incomplete_files W_Validate_application W_Call_incomplete_files 
W_Complete_application W_Call_after_offers W_Validate_application W_Call_incomplete_files W_Validate_application 
W_Handle_leads W_Complete_application W_Call_after_offers W_Validate_application W_Call_incomplete_files 
W_Complete_application W_Call_after_offers 
W_Handle_leads W_Complete_application W_Call_after_offers 
W_Complete_application W_Call_after_offers W_Validate_application W_Call_incomplete_files W_Validate_application W_Call_incomplete_files 
W_Complete_application W_Call_after_offers W_Validate_application W_Call_incomplete_files W_Validate_application 
W_Complete_application W_Call_after_offers W_Validate_application 
W_Complete_application W_Call_after_offers W_Validate_application W_Call_incomplete_files W_Validate_application W_Call_incomplete_files W_Validate_application W_Call_incomplete_files W_Validate_application W_Call_incomplete_files 
W_Complete_application W_Call_after_offers 
W_Call_after_offers W_Validate_application 
W_Complete_application W_Call_after_offers W_Validate_application 
W_Complete_application W_Call_after_offers W_Validate_application W_Call_incomplete_files W_Validate_application W_Call_incomplete_files W_Validate_application W_Call_incomplete_files W_Validate_application 
W_Complete_application W_Call_after_offers W_Validate_application W_Call_incomplete_files W_Validate_application 
W_Complete_application W_Call_after_offers 
W_Complete_application W_Call_after_offers W_Validate_application W_Call_incomplete_files 
W_Complete_application W_Call_after_offers W_Validate_application W_Call_incomplete_files W_Validate_application W_Call_incomplete_files W_Validate_application 
W_Complete_application W_Call_after_offers W_Validate_application 
W_Complete_application W_Call_after_offers W_Validate_application 
W_Complete_application W_Call_after_offers W_Validate_application W_Call_incomplete_files 
W_Complete_application W_Call_after_offers W_Validate_application W_Call_incomplete_files W_Validate_application W_Call_incomplete_files W_Validate_application W_Call_incomplete_files W_Validate_application W_Assess_potential_fraud W_Validate_application 
W_Handle_leads W_Complete_application W_Call_after_offers 
W_Handle_leads W_Complete_application W_Call_after_offers 
W_Complete_application W_Call_after_offers 
W_Complete_application W_Call_after_offers W_Validate_application W_Call_incomplete_files W_Validate_application 
W_Handle_leads W_Complete_application W_Call_after_offers W_Validate_application W_Call_incomplete_files W_Validate_application 
W_Complete_application W_Call_after_offers W_Validate_application 
W_Complete_application W_Call_after_offers 
W_Complete_application W_Call_after_offers W_Validate_application W_Call_incomplete_files 
W_Complete_application W_Call_after_offers W_Validate_application 
W_Call_after_offers W_Validate_application W_Call_incomplete_files W_Validate_application 
W_Complete_application W_Call_after_offers W_Validate_application 
W_Complete_application W_Call_after_offers W_Validate_application W_Call_incomplete_files W_Validate_application 
W_Complete_application W_Call_after_offers 
W_Complete_application W_Call_after_offers 
W_Complete_application W_Call_after_offers 
W_Complete_application W_Call_after_offers 
W_Complete_application W_Call_after_offers 
W_Complete_application W_Call_after_offers W_Validate_application W_Call_incomplete_files W_Validate_application 
W_Handle_leads W_Complete_application W_Call_after_offers 
W_Complete_application W_Call_after_offers W_Validate_application W_Call_incomplete_files W_Validate_application W_Call_incomplete_files W_Validate_application 
W_Complete_application W_Call_after_offers 
W_Complete_application W_Call_after_offers W_Validate_application 
W_Complete_application W_Call_after_offers 
W_Complete_application W_Call_after_offers 
W_Complete_application W_Call_after_offers W_Validate_application W_Call_incomplete_files W_Validate_application W_Call_incomplete_files 
W_Complete_application W_Call_after_offers W_Validate_application W_Call_incomplete_files W_Validate_application W_Call_incomplete_files W_Validate_application W_Call_incomplete_files 
W_Complete_application W_Call_after_offers W_Validate_application W_Call_incomplete_files W_Validate_application W_Call_incomplete_files W_Validate_application W_Call_incomplete_files 
W_Complete_application W_Call_after_offers W_Validate_application W_Call_incomplete_files W_Call_incomplete_files W_Validate_application W_Call_incomplete_files W_Validate_application 
W_Call_after_offers 
W_Complete_application W_Call_after_offers 
W_Complete_application W_Call_after_offers 
W_Complete_application W_Call_after_offers W_Validate_application W_Call_incomplete_files W_Validate_application W_Call_incomplete_files W_Validate_application W_Call_incomplete_files 
W_Complete_application W_Call_after_offers W_Validate_application W_Call_incomplete_files W_Validate_application W_Call_incomplete_files 
W_Call_after_offers W_Validate_application W_Call_incomplete_files W_Validate_application W_Call_incomplete_files W_Validate_application 
W_Handle_leads W_Complete_application W_Call_after_offers W_Validate_application W_Call_incomplete_files W_Validate_application W_Call_incomplete_files 
W_Handle_leads W_Complete_application W_Call_after_offers W_Validate_application W_Call_incomplete_files W_Validate_application 
W_Handle_leads W_Complete_application W_Call_after_offers 
W_Handle_leads W_Complete_application W_Call_after_offers W_Validate_application W_Call_incomplete_files W_Validate_application 
W_Handle_leads W_Complete_application W_Call_after_offers W_Validate_application W_Call_incomplete_files 
W_Complete_application W_Call_after_offers W_Validate_application W_Call_incomplete_files W_Validate_application 
W_Complete_application W_Call_after_offers 
W_Complete_application W_Call_after_offers 
W_Handle_leads W_Complete_application W_Call_after_offers 
W_Complete_application W_Call_after_offers W_Validate_application 
W_Complete_application W_Call_after_offers W_Validate_application W_Call_incomplete_files W_Validate_application 
W_Complete_application W_Call_after_offers W_Validate_application W_Call_incomplete_files W_Validate_application 
W_Complete_application W_Call_after_offers W_Validate_application W_Call_incomplete_files W_Validate_application W_Call_incomplete_files W_Validate_application W_Call_incomplete_files 
W_Complete_application W_Call_after_offers 
W_Complete_application W_Call_after_offers W_Validate_application W_Call_incomplete_files W_Validate_application 
W_Complete_application W_Call_after_offers 
W_Complete_application W_Call_after_offers 
W_Complete_application W_Call_after_offers W_Validate_application W_Call_incomplete_files W_Validate_application W_Call_incomplete_files 
W_Complete_application W_Call_after_offers 
W_Complete_application W_Call_after_offers 
W_Complete_application W_Call_after_offers 
W_Complete_application W_Call_after_offers W_Validate_application 
W_Complete_application W_Call_after_offers W_Validate_application 
W_Complete_application W_Call_after_offers 
W_Complete_application W_Call_after_offers 
W_Complete_application W_Call_after_offers W_Validate_application W_Call_incomplete_files W_Validate_application 
W_Complete_application W_Call_after_offers 
W_Complete_application W_Call_after_offers W_Validate_application 
W_Handle_leads W_Complete_application W_Call_after_offers 
W_Complete_application W_Call_after_offers 
W_Complete_application W_Call_after_offers 
W_Complete_application W_Call_after_offers W_Validate_application W_Assess_potential_fraud W_Validate_application W_Assess_potential_fraud W_Validate_application W_Call_incomplete_files 
W_Complete_application W_Call_after_offers 
W_Complete_application W_Call_after_offers 
W_Complete_application W_Call_after_offers W_Validate_application W_Call_incomplete_files W_Validate_application W_Call_incomplete_files 
W_Handle_leads W_Complete_application W_Call_after_offers 
W_Handle_leads W_Complete_application W_Call_after_offers W_Validate_application 
W_Complete_application W_Call_after_offers W_Validate_application W_Call_incomplete_files 
W_Handle_leads W_Complete_application W_Call_after_offers W_Validate_application 
W_Complete_application W_Call_after_offers 
W_Complete_application W_Call_after_offers W_Validate_application 
W_Complete_application W_Call_after_offers W_Validate_application W_Call_incomplete_files W_Validate_application W_Call_incomplete_files 
W_Complete_application W_Call_after_offers 
W_Complete_application W_Call_after_offers W_Validate_application W_Call_incomplete_files W_Assess_potential_fraud W_Call_after_offers 
W_Complete_application W_Call_after_offers 
W_Complete_application W_Call_after_offers 
W_Complete_application W_Call_after_offers 
W_Handle_leads W_Complete_application W_Call_after_offers 
W_Complete_application W_Call_after_offers 
W_Complete_application W_Call_after_offers 
W_Complete_application W_Call_after_offers W_Validate_application W_Call_incomplete_files 
W_Complete_application W_Call_after_offers W_Validate_application 
W_Complete_application W_Call_after_offers 
W_Complete_application W_Call_after_offers W_Validate_application W_Call_incomplete_files 
W_Complete_application W_Call_after_offers 
W_Complete_application W_Call_after_offers 
W_Complete_application W_Call_after_offers W_Validate_application W_Call_incomplete_files W_Validate_application W_Call_incomplete_files W_Validate_application W_Call_incomplete_files 
W_Complete_application W_Call_after_offers W_Validate_application W_Call_incomplete_files W_Validate_application W_Call_incomplete_files W_Validate_application W_Call_incomplete_files 
W_Complete_application W_Call_after_offers 
W_Call_after_offers W_Validate_application W_Call_incomplete_files 
W_Complete_application W_Call_after_offers W_Validate_application W_Call_incomplete_files W_Validate_application W_Call_incomplete_files W_Validate_application W_Call_incomplete_files W_Validate_application 
W_Complete_application W_Call_after_offers 
W_Handle_leads W_Complete_application W_Call_after_offers 
W_Complete_application W_Call_after_offers W_Validate_application W_Call_incomplete_files W_Validate_application W_Call_incomplete_files 
W_Complete_application W_Call_after_offers W_Validate_application 
W_Complete_application W_Call_after_offers W_Validate_application 
W_Complete_application W_Call_after_offers 
W_Complete_application W_Call_after_offers W_Validate_application W_Call_incomplete_files W_Validate_application 
W_Complete_application W_Call_after_offers W_Validate_application W_Call_incomplete_files W_Validate_application 
W_Call_after_offers W_Validate_application W_Call_incomplete_files W_Validate_application W_Validate_application W_Call_incomplete_files W_Validate_application W_Assess_potential_fraud W_Validate_application 
W_Complete_application W_Call_after_offers 
W_Complete_application W_Call_after_offers W_Validate_application W_Call_incomplete_files W_Validate_application W_Call_incomplete_files W_Validate_application 
W_Complete_application W_Call_after_offers 
W_Complete_application W_Call_after_offers W_Validate_application W_Call_incomplete_files W_Validate_application 
W_Complete_application W_Complete_application W_Call_after_offers W_Validate_application 
W_Complete_application W_Call_after_offers W_Validate_application W_Call_incomplete_files 
W_Complete_application W_Call_after_offers 
W_Complete_application W_Call_after_offers W_Validate_application W_Call_incomplete_files W_Validate_application 
W_Complete_application W_Call_after_offers 
W_Call_after_offers W_Validate_application 
W_Handle_leads W_Complete_application W_Call_after_offers W_Validate_application W_Call_incomplete_files W_Validate_application 
W_Complete_application W_Call_after_offers W_Validate_application W_Call_incomplete_files 
W_Complete_application W_Call_after_offers W_Validate_application 
W_Complete_application W_Complete_application W_Call_after_offers W_Validate_application 
W_Handle_leads W_Complete_application W_Call_after_offers W_Validate_application W_Call_incomplete_files W_Validate_application W_Call_incomplete_files W_Validate_application 
W_Complete_application W_Call_after_offers W_Validate_application W_Call_incomplete_files 
W_Handle_leads W_Complete_application W_Call_after_offers 
W_Complete_application W_Call_after_offers W_Validate_application W_Call_incomplete_files W_Validate_application W_Call_incomplete_files W_Validate_application W_Call_incomplete_files 
W_Complete_application W_Call_after_offers W_Validate_application W_Call_incomplete_files 
W_Complete_application W_Call_after_offers W_Validate_application W_Call_incomplete_files W_Validate_application W_Call_incomplete_files W_Validate_application 
W_Complete_application W_Call_after_offers W_Validate_application W_Call_incomplete_files W_Validate_application W_Call_incomplete_files 
W_Complete_application W_Call_after_offers 
W_Complete_application W_Call_after_offers W_Validate_application W_Call_incomplete_files 
W_Complete_application W_Call_after_offers 
W_Complete_application W_Call_after_offers 
W_Complete_application W_Call_after_offers 
W_Handle_leads W_Complete_application W_Call_after_offers 
W_Call_after_offers 
W_Complete_application W_Call_after_offers 
W_Complete_application W_Call_after_offers 
W_Handle_leads W_Complete_application W_Call_after_offers W_Validate_application W_Call_incomplete_files 
W_Handle_leads W_Complete_application W_Call_after_offers W_Validate_application 
W_Complete_application W_Call_after_offers W_Validate_application W_Call_incomplete_files W_Validate_application W_Call_incomplete_files W_Validate_application W_Call_incomplete_files 
W_Complete_application W_Call_after_offers W_Validate_application 
W_Complete_application W_Call_after_offers W_Validate_application W_Call_incomplete_files W_Validate_application W_Call_incomplete_files 
W_Handle_leads W_Complete_application W_Call_after_offers W_Validate_application W_Call_incomplete_files W_Validate_application W_Call_incomplete_files 
W_Complete_application W_Call_after_offers W_Validate_application W_Call_incomplete_files W_Validate_application 
W_Complete_application W_Call_after_offers W_Validate_application 
W_Complete_application W_Call_after_offers W_Validate_application W_Call_incomplete_files 
W_Complete_application W_Call_after_offers W_Validate_application W_Call_incomplete_files W_Validate_application 
W_Complete_application W_Call_after_offers W_Validate_application W_Call_incomplete_files W_Validate_application W_Call_incomplete_files 
W_Complete_application W_Call_after_offers W_Validate_application W_Call_incomplete_files W_Validate_application 
W_Handle_leads W_Complete_application W_Call_after_offers 
W_Complete_application W_Call_after_offers 
W_Complete_application W_Call_after_offers W_Validate_application W_Call_incomplete_files W_Validate_application 
W_Complete_application W_Call_after_offers W_Validate_application W_Call_incomplete_files W_Validate_application W_Call_incomplete_files W_Validate_application 
W_Complete_application W_Call_after_offers W_Validate_application W_Call_incomplete_files W_Validate_application W_Call_incomplete_files 
W_Complete_application W_Call_after_offers W_Validate_application W_Call_incomplete_files W_Validate_application W_Call_incomplete_files W_Validate_application W_Call_incomplete_files 
W_Complete_application W_Call_after_offers W_Validate_application 
W_Complete_application W_Call_after_offers W_Validate_application W_Call_incomplete_files W_Validate_application 
W_Complete_application W_Call_after_offers W_Validate_application 
W_Complete_application W_Call_after_offers W_Validate_application W_Call_incomplete_files W_Validate_application 
W_Complete_application W_Call_after_offers 
W_Complete_application W_Call_after_offers 
W_Complete_application W_Call_after_offers W_Validate_application 
W_Complete_application W_Call_after_offers W_Validate_application W_Call_incomplete_files W_Validate_application W_Call_incomplete_files W_Validate_application W_Call_incomplete_files 
W_Complete_application W_Call_after_offers W_Validate_application W_Call_incomplete_files W_Validate_application W_Call_incomplete_files 
W_Complete_application W_Call_after_offers 
W_Complete_application W_Call_after_offers W_Validate_application W_Call_incomplete_files 
W_Complete_application W_Call_after_offers W_Validate_application 
W_Complete_application W_Call_after_offers W_Validate_application W_Call_incomplete_files W_Validate_application W_Call_incomplete_files 
W_Complete_application W_Call_after_offers 
W_Complete_application W_Call_after_offers 
W_Complete_application W_Call_after_offers 
W_Complete_application W_Call_after_offers W_Validate_application W_Call_incomplete_files 
W_Complete_application W_Call_after_offers 
W_Complete_application W_Call_after_offers W_Validate_application W_Call_incomplete_files W_Validate_application W_Call_incomplete_files W_Validate_application W_Call_incomplete_files W_Validate_application W_Call_incomplete_files 
W_Complete_application W_Call_after_offers W_Validate_application 
W_Complete_application W_Call_after_offers W_Validate_application W_Call_incomplete_files W_Validate_application W_Call_incomplete_files 
W_Complete_application W_Call_after_offers W_Validate_application W_Call_incomplete_files W_Validate_application W_Call_incomplete_files 
W_Complete_application W_Call_after_offers 
W_Complete_application W_Call_after_offers W_Validate_application W_Call_incomplete_files 
W_Complete_application W_Call_after_offers W_Validate_application W_Call_incomplete_files W_Validate_application W_Call_incomplete_files W_Validate_application W_Call_incomplete_files W_Validate_application 
W_Complete_application W_Call_after_offers W_Validate_application 
W_Complete_application W_Call_after_offers W_Validate_application W_Call_incomplete_files 
W_Complete_application W_Call_after_offers 
W_Complete_application W_Call_after_offers W_Validate_application W_Call_incomplete_files W_Validate_application 
W_Complete_application W_Call_after_offers W_Validate_application W_Call_incomplete_files 
W_Complete_application W_Call_after_offers 
W_Complete_application W_Call_after_offers W_Validate_application W_Call_incomplete_files W_Validate_application 
W_Handle_leads W_Complete_application W_Call_after_offers W_Validate_application W_Call_incomplete_files W_Validate_application W_Call_incomplete_files 
W_Complete_application W_Call_after_offers W_Validate_application W_Call_incomplete_files W_Validate_application W_Call_incomplete_files W_Validate_application W_Call_incomplete_files W_Validate_application W_Call_incomplete_files 
W_Complete_application W_Call_after_offers W_Validate_application W_Call_incomplete_files W_Validate_application 
W_Complete_application W_Call_after_offers W_Validate_application W_Call_incomplete_files W_Validate_application 
W_Complete_application W_Call_after_offers W_Validate_application W_Call_incomplete_files W_Validate_application 
W_Call_after_offers W_Validate_application W_Call_incomplete_files W_Validate_application W_Call_incomplete_files 
W_Complete_application W_Call_after_offers W_Validate_application W_Call_incomplete_files W_Validate_application 
W_Complete_application W_Call_after_offers W_Validate_application W_Call_incomplete_files W_Validate_application 
W_Complete_application W_Call_after_offers W_Validate_application 
W_Complete_application W_Call_after_offers W_Validate_application 
W_Complete_application W_Call_after_offers W_Validate_application W_Call_incomplete_files W_Validate_application W_Call_incomplete_files 
W_Complete_application W_Call_after_offers W_Validate_application W_Call_incomplete_files W_Validate_application W_Call_incomplete_files 
W_Complete_application W_Call_after_offers W_Validate_application W_Call_incomplete_files 
W_Complete_application W_Call_after_offers W_Validate_application W_Call_incomplete_files W_Validate_application 
W_Handle_leads W_Complete_application W_Call_after_offers W_Validate_application W_Call_incomplete_files W_Validate_application W_Call_incomplete_files W_Validate_application W_Call_incomplete_files W_Validate_application 
W_Complete_application W_Call_after_offers W_Validate_application W_Call_incomplete_files 
W_Complete_application W_Call_after_offers 
W_Complete_application W_Call_after_offers W_Validate_application W_Call_incomplete_files W_Validate_application W_Call_incomplete_files 
W_Complete_application W_Call_after_offers W_Validate_application W_Call_incomplete_files W_Validate_application W_Call_incomplete_files 
W_Complete_application W_Call_after_offers 
W_Complete_application W_Call_after_offers W_Validate_application W_Call_incomplete_files W_Validate_application 
W_Complete_application W_Call_after_offers W_Call_after_offers W_Validate_application W_Call_incomplete_files W_Validate_application W_Call_incomplete_files 
W_Handle_leads W_Complete_application W_Call_after_offers W_Validate_application W_Call_incomplete_files 
W_Complete_application W_Call_after_offers W_Assess_potential_fraud 
W_Complete_application W_Call_after_offers W_Validate_application W_Call_incomplete_files W_Validate_application W_Call_incomplete_files W_Validate_application W_Call_incomplete_files W_Validate_application 
W_Complete_application W_Call_after_offers W_Validate_application W_Call_incomplete_files 
W_Complete_application W_Call_after_offers W_Validate_application W_Call_incomplete_files W_Validate_application W_Call_incomplete_files W_Validate_application 
W_Handle_leads W_Complete_application W_Call_after_offers W_Validate_application W_Call_incomplete_files W_Validate_application W_Call_incomplete_files 
W_Complete_application W_Call_after_offers W_Validate_application W_Call_incomplete_files W_Validate_application W_Call_incomplete_files W_Validate_application W_Call_incomplete_files W_Validate_application W_Call_incomplete_files 
W_Handle_leads W_Complete_application W_Call_after_offers W_Validate_application 
W_Complete_application W_Call_after_offers 
W_Complete_application W_Call_after_offers 
W_Complete_application W_Call_after_offers W_Validate_application W_Call_incomplete_files W_Validate_application 
W_Complete_application W_Call_after_offers W_Validate_application W_Call_incomplete_files W_Validate_application W_Assess_potential_fraud W_Validate_application W_Call_incomplete_files W_Validate_application W_Call_incomplete_files 
W_Complete_application W_Call_after_offers 
W_Complete_application W_Call_after_offers W_Validate_application W_Call_incomplete_files 
W_Complete_application W_Call_after_offers W_Validate_application W_Call_incomplete_files 
W_Complete_application W_Call_after_offers W_Validate_application W_Call_incomplete_files W_Validate_application W_Call_incomplete_files W_Validate_application 
W_Complete_application W_Call_after_offers W_Validate_application W_Call_incomplete_files W_Validate_application 
W_Handle_leads W_Complete_application W_Call_after_offers W_Validate_application W_Call_incomplete_files 
W_Complete_application W_Call_after_offers W_Validate_application W_Call_incomplete_files W_Validate_application W_Call_incomplete_files W_Validate_application W_Call_incomplete_files 
W_Complete_application W_Call_after_offers W_Validate_application W_Call_incomplete_files W_Validate_application W_Call_incomplete_files 
W_Handle_leads W_Complete_application W_Call_after_offers W_Validate_application W_Call_incomplete_files W_Validate_application 
W_Complete_application W_Call_after_offers 
W_Complete_application W_Call_after_offers W_Validate_application 
W_Complete_application W_Call_after_offers W_Validate_application W_Call_incomplete_files W_Validate_application W_Call_incomplete_files 
W_Complete_application W_Call_after_offers W_Validate_application W_Call_incomplete_files 
W_Complete_application W_Call_after_offers W_Validate_application 
W_Complete_application W_Call_after_offers W_Validate_application W_Call_incomplete_files 
W_Complete_application W_Call_after_offers W_Validate_application W_Call_incomplete_files W_Validate_application W_Call_incomplete_files 
W_Handle_leads W_Complete_application W_Call_after_offers W_Validate_application W_Assess_potential_fraud W_Validate_application W_Call_incomplete_files W_Validate_application W_Call_incomplete_files W_Validate_application 
W_Complete_application W_Call_after_offers 
W_Complete_application W_Call_after_offers W_Validate_application W_Call_incomplete_files W_Validate_application W_Call_incomplete_files 
W_Complete_application W_Call_after_offers W_Validate_application W_Call_incomplete_files W_Validate_application W_Call_incomplete_files W_Validate_application W_Call_incomplete_files W_Validate_application 
W_Complete_application W_Call_after_offers W_Validate_application 
W_Complete_application W_Call_after_offers 
W_Complete_application W_Call_after_offers W_Validate_application W_Call_incomplete_files W_Validate_application 
W_Complete_application W_Call_after_offers W_Validate_application W_Call_incomplete_files W_Validate_application W_Call_incomplete_files W_Validate_application W_Call_incomplete_files W_Validate_application W_Call_incomplete_files W_Validate_application W_Call_incomplete_files W_Validate_application W_Call_incomplete_files 
W_Complete_application W_Call_after_offers 
W_Complete_application W_Call_after_offers W_Validate_application W_Call_incomplete_files W_Validate_application W_Call_incomplete_files 
W_Complete_application W_Call_after_offers W_Validate_application W_Call_incomplete_files W_Validate_application W_Call_incomplete_files W_Validate_application W_Call_incomplete_files 
W_Complete_application W_Call_after_offers W_Validate_application W_Call_incomplete_files W_Validate_application 
W_Handle_leads W_Complete_application W_Call_after_offers W_Validate_application 
W_Complete_application W_Call_after_offers 
W_Complete_application W_Call_after_offers W_Validate_application 
W_Complete_application W_Call_after_offers W_Validate_application W_Call_incomplete_files 
W_Complete_application W_Call_after_offers W_Validate_application W_Call_incomplete_files W_Validate_application W_Call_incomplete_files 
W_Complete_application W_Call_after_offers 
W_Complete_application W_Call_after_offers W_Validate_application 
W_Complete_application W_Call_after_offers W_Validate_application W_Call_incomplete_files 
W_Complete_application W_Call_after_offers 
W_Complete_application W_Call_after_offers W_Validate_application W_Call_incomplete_files W_Validate_application W_Call_incomplete_files W_Validate_application W_Call_incomplete_files W_Validate_application 
W_Complete_application W_Call_after_offers W_Validate_application W_Assess_potential_fraud 
W_Complete_application W_Call_after_offers 
W_Handle_leads W_Complete_application W_Call_after_offers W_Validate_application W_Call_incomplete_files 
W_Complete_application W_Call_after_offers 
W_Complete_application W_Call_after_offers 
W_Complete_application W_Call_after_offers W_Validate_application W_Call_incomplete_files W_Validate_application W_Call_incomplete_files W_Validate_application 
W_Complete_application W_Call_after_offers W_Validate_application W_Call_incomplete_files W_Validate_application W_Call_incomplete_files 
W_Complete_application W_Call_after_offers W_Validate_application 
W_Complete_application W_Call_after_offers 
W_Handle_leads W_Complete_application W_Call_after_offers W_Validate_application W_Call_incomplete_files W_Validate_application W_Call_incomplete_files W_Validate_application 
W_Complete_application W_Call_after_offers W_Validate_application W_Call_incomplete_files W_Validate_application W_Call_incomplete_files W_Validate_application 
W_Complete_application W_Call_after_offers W_Validate_application W_Call_incomplete_files W_Validate_application 
W_Complete_application W_Call_after_offers 
W_Complete_application W_Call_after_offers W_Validate_application 
W_Complete_application W_Call_after_offers W_Validate_application W_Call_incomplete_files W_Validate_application 
W_Complete_application W_Call_after_offers W_Validate_application W_Call_incomplete_files W_Validate_application 
W_Complete_application W_Call_after_offers W_Validate_application 
W_Handle_leads W_Complete_application W_Call_after_offers W_Validate_application W_Call_incomplete_files W_Validate_application 
W_Complete_application W_Call_after_offers W_Validate_application W_Call_incomplete_files W_Validate_application W_Call_incomplete_files 
W_Complete_application W_Call_after_offers W_Validate_application W_Call_incomplete_files W_Validate_application 
W_Complete_application W_Call_after_offers W_Validate_application W_Call_incomplete_files 
W_Handle_leads W_Complete_application W_Call_after_offers W_Validate_application W_Call_incomplete_files W_Validate_application W_Call_incomplete_files 
W_Complete_application W_Call_after_offers W_Validate_application W_Call_incomplete_files W_Validate_application W_Call_incomplete_files W_Validate_application W_Call_incomplete_files 
W_Complete_application W_Call_after_offers W_Validate_application W_Call_incomplete_files W_Validate_application W_Call_incomplete_files W_Validate_application 
W_Complete_application W_Call_after_offers 
W_Complete_application W_Call_after_offers W_Validate_application W_Call_incomplete_files 
W_Complete_application W_Call_after_offers W_Validate_application W_Call_incomplete_files 
W_Complete_application W_Call_after_offers 
W_Complete_application W_Call_after_offers W_Validate_application W_Call_incomplete_files W_Validate_application W_Call_incomplete_files 
W_Complete_application W_Call_after_offers W_Validate_application W_Call_incomplete_files W_Validate_application 
W_Complete_application W_Call_after_offers 
W_Complete_application W_Call_after_offers W_Validate_application W_Call_incomplete_files W_Validate_application W_Call_incomplete_files W_Validate_application 
W_Complete_application W_Call_after_offers W_Validate_application W_Call_incomplete_files W_Validate_application W_Call_incomplete_files 
W_Complete_application W_Call_after_offers W_Validate_application 
W_Complete_application W_Call_after_offers W_Validate_application W_Call_incomplete_files 
W_Handle_leads W_Complete_application W_Call_after_offers 
W_Handle_leads W_Complete_application W_Call_after_offers 
W_Complete_application W_Call_after_offers W_Validate_application W_Call_incomplete_files W_Validate_application W_Call_incomplete_files 
W_Complete_application W_Call_after_offers W_Validate_application W_Call_incomplete_files 
W_Handle_leads W_Complete_application W_Call_after_offers W_Validate_application W_Call_incomplete_files W_Validate_application 
W_Complete_application W_Call_after_offers 
W_Complete_application W_Call_after_offers W_Validate_application W_Call_incomplete_files W_Validate_application 
W_Complete_application W_Call_after_offers W_Validate_application W_Call_incomplete_files W_Validate_application 
W_Handle_leads W_Complete_application W_Call_after_offers W_Validate_application 
W_Complete_application W_Call_after_offers W_Validate_application W_Call_incomplete_files W_Validate_application 
W_Complete_application W_Call_after_offers W_Validate_application W_Call_incomplete_files W_Validate_application W_Call_incomplete_files W_Validate_application W_Call_incomplete_files 
W_Complete_application W_Call_after_offers W_Validate_application W_Call_incomplete_files W_Validate_application 
W_Complete_application W_Call_after_offers W_Call_after_offers 
W_Complete_application W_Call_after_offers W_Validate_application W_Call_incomplete_files 
W_Complete_application W_Call_after_offers W_Validate_application W_Call_incomplete_files W_Validate_application W_Call_incomplete_files 
W_Handle_leads W_Complete_application W_Call_after_offers W_Validate_application W_Call_incomplete_files 
W_Handle_leads W_Complete_application W_Call_after_offers 
W_Complete_application W_Call_after_offers W_Validate_application W_Call_incomplete_files W_Validate_application W_Call_incomplete_files W_Validate_application 
W_Complete_application W_Call_after_offers W_Validate_application W_Call_incomplete_files W_Validate_application W_Call_incomplete_files 
W_Complete_application W_Call_after_offers 
W_Complete_application W_Call_after_offers W_Validate_application 
W_Complete_application W_Call_after_offers 
W_Complete_application W_Call_after_offers W_Validate_application W_Call_incomplete_files W_Validate_application 
W_Complete_application W_Call_after_offers W_Validate_application W_Call_incomplete_files W_Validate_application 
W_Complete_application W_Call_after_offers W_Validate_application W_Call_incomplete_files W_Validate_application 
W_Complete_application W_Call_after_offers 
W_Complete_application W_Call_after_offers W_Validate_application W_Call_incomplete_files W_Validate_application 
W_Complete_application W_Call_after_offers W_Validate_application W_Call_incomplete_files W_Validate_application W_Call_incomplete_files W_Validate_application W_Call_incomplete_files W_Validate_application W_Call_incomplete_files W_Validate_application 
W_Handle_leads W_Complete_application W_Call_after_offers W_Validate_application W_Call_incomplete_files W_Validate_application W_Call_incomplete_files 
W_Complete_application W_Call_after_offers W_Validate_application W_Call_incomplete_files W_Validate_application 
W_Complete_application W_Call_after_offers W_Validate_application W_Call_incomplete_files W_Validate_application W_Call_incomplete_files W_Validate_application W_Validate_application W_Call_incomplete_files W_Validate_application W_Call_incomplete_files W_Validate_application 
W_Complete_application W_Call_after_offers 
W_Handle_leads W_Complete_application W_Call_after_offers W_Validate_application W_Call_incomplete_files 
W_Complete_application W_Call_after_offers W_Validate_application W_Call_incomplete_files W_Validate_application W_Call_incomplete_files 
W_Handle_leads W_Complete_application W_Call_after_offers W_Validate_application W_Call_incomplete_files W_Validate_application W_Call_incomplete_files 
W_Complete_application W_Call_after_offers W_Validate_application W_Call_incomplete_files 
W_Complete_application W_Call_after_offers W_Validate_application W_Call_incomplete_files W_Validate_application 
W_Complete_application W_Call_after_offers W_Validate_application W_Call_incomplete_files W_Validate_application W_Call_incomplete_files 
W_Complete_application W_Call_after_offers 
W_Complete_application W_Call_after_offers 
W_Complete_application W_Call_after_offers W_Validate_application 
W_Complete_application W_Call_after_offers W_Validate_application W_Call_incomplete_files 
W_Complete_application W_Call_after_offers 
W_Complete_application W_Call_after_offers W_Validate_application W_Call_incomplete_files W_Validate_application W_Call_incomplete_files 
W_Complete_application W_Call_after_offers W_Validate_application W_Call_incomplete_files 
W_Complete_application W_Call_after_offers W_Validate_application W_Call_incomplete_files W_Validate_application W_Call_incomplete_files W_Validate_application 
W_Complete_application W_Call_after_offers 
W_Complete_application W_Call_after_offers W_Validate_application W_Call_incomplete_files 
W_Complete_application W_Call_after_offers W_Validate_application W_Call_incomplete_files W_Validate_application W_Call_incomplete_files W_Validate_application 
W_Complete_application W_Call_after_offers W_Validate_application W_Call_incomplete_files W_Validate_application W_Call_incomplete_files W_Validate_application 
W_Complete_application W_Call_after_offers W_Validate_application W_Call_incomplete_files W_Call_incomplete_files W_Validate_application W_Call_incomplete_files 
W_Complete_application W_Call_after_offers W_Validate_application 
W_Complete_application W_Call_after_offers W_Validate_application 
W_Complete_application W_Call_after_offers W_Validate_application W_Call_incomplete_files 
W_Complete_application W_Call_after_offers W_Validate_application W_Call_incomplete_files 
W_Complete_application W_Call_after_offers W_Validate_application W_Call_incomplete_files W_Validate_application W_Call_incomplete_files W_Validate_application 
W_Complete_application W_Call_after_offers W_Validate_application W_Call_incomplete_files W_Validate_application W_Call_incomplete_files 
W_Complete_application W_Call_after_offers W_Validate_application 
W_Complete_application W_Call_after_offers 
W_Complete_application W_Call_after_offers W_Validate_application 
W_Complete_application W_Call_after_offers W_Validate_application W_Call_incomplete_files 
W_Complete_application W_Call_after_offers W_Validate_application 
W_Complete_application W_Call_after_offers W_Validate_application W_Call_incomplete_files W_Validate_application W_Call_incomplete_files W_Validate_application W_Call_incomplete_files W_Validate_application W_Call_incomplete_files 
W_Complete_application W_Call_after_offers W_Validate_application W_Call_incomplete_files W_Validate_application W_Call_incomplete_files W_Validate_application W_Call_incomplete_files 
W_Complete_application W_Call_after_offers W_Validate_application W_Call_incomplete_files W_Validate_application W_Call_incomplete_files W_Validate_application 
W_Complete_application W_Call_after_offers W_Validate_application W_Call_incomplete_files W_Validate_application W_Call_incomplete_files W_Validate_application 
W_Complete_application W_Call_after_offers W_Validate_application W_Call_incomplete_files 
W_Complete_application W_Call_after_offers W_Validate_application 
W_Complete_application W_Call_after_offers 
W_Complete_application W_Call_after_offers W_Validate_application W_Call_incomplete_files W_Validate_application W_Call_incomplete_files W_Validate_application 
W_Complete_application W_Call_after_offers W_Validate_application W_Call_incomplete_files W_Validate_application W_Call_incomplete_files 
W_Complete_application W_Call_after_offers 
W_Handle_leads W_Complete_application W_Call_after_offers W_Validate_application W_Call_incomplete_files 
W_Complete_application W_Call_after_offers W_Validate_application W_Call_incomplete_files 
W_Complete_application W_Call_after_offers W_Validate_application W_Call_incomplete_files W_Validate_application 
W_Complete_application W_Call_after_offers W_Validate_application W_Call_incomplete_files W_Validate_application 
W_Complete_application W_Call_after_offers W_Validate_application W_Call_incomplete_files W_Validate_application W_Call_incomplete_files 
W_Complete_application W_Call_after_offers W_Validate_application 
W_Complete_application W_Call_after_offers W_Validate_application W_Call_incomplete_files W_Validate_application W_Call_incomplete_files 
W_Complete_application W_Call_after_offers W_Validate_application W_Call_incomplete_files W_Validate_application W_Call_incomplete_files W_Validate_application W_Call_incomplete_files W_Validate_application W_Call_incomplete_files W_Validate_application W_Call_incomplete_files 
W_Complete_application W_Call_after_offers W_Validate_application W_Call_incomplete_files W_Validate_application 
W_Handle_leads W_Complete_application W_Call_after_offers 
W_Complete_application W_Call_after_offers W_Validate_application W_Call_incomplete_files W_Validate_application 
W_Complete_application W_Call_after_offers W_Validate_application W_Call_incomplete_files W_Validate_application W_Call_incomplete_files 
W_Complete_application W_Call_after_offers W_Validate_application W_Call_incomplete_files W_Validate_application W_Call_incomplete_files 
W_Complete_application W_Call_after_offers W_Call_after_offers 
W_Complete_application W_Call_after_offers W_Validate_application W_Call_incomplete_files W_Validate_application W_Call_incomplete_files W_Validate_application W_Call_incomplete_files 
W_Complete_application W_Call_after_offers W_Validate_application 
W_Call_after_offers W_Validate_application W_Call_incomplete_files W_Validate_application 
W_Complete_application W_Call_after_offers W_Validate_application W_Call_incomplete_files W_Validate_application 
W_Complete_application W_Call_after_offers 
W_Complete_application W_Call_after_offers W_Validate_application W_Call_incomplete_files W_Validate_application 
W_Complete_application W_Call_after_offers W_Validate_application W_Call_incomplete_files W_Validate_application W_Call_incomplete_files 
W_Complete_application W_Call_after_offers W_Validate_application W_Call_incomplete_files W_Validate_application W_Call_incomplete_files W_Validate_application 
W_Handle_leads W_Complete_application W_Call_after_offers W_Validate_application W_Call_incomplete_files 
W_Complete_application W_Call_after_offers W_Validate_application W_Call_incomplete_files 
W_Complete_application W_Call_after_offers W_Validate_application W_Call_incomplete_files W_Validate_application 
W_Complete_application W_Call_after_offers W_Validate_application W_Call_incomplete_files W_Validate_application W_Call_incomplete_files W_Validate_application W_Call_incomplete_files 
W_Complete_application W_Call_after_offers W_Validate_application 
W_Complete_application W_Call_after_offers W_Validate_application W_Call_incomplete_files W_Validate_application 
W_Complete_application W_Call_after_offers 
W_Complete_application W_Call_after_offers W_Validate_application W_Call_incomplete_files W_Validate_application 
W_Complete_application W_Call_after_offers W_Validate_application W_Call_incomplete_files W_Validate_application 
W_Complete_application W_Call_after_offers W_Validate_application 
W_Complete_application W_Call_after_offers W_Validate_application 
W_Complete_application W_Call_after_offers W_Validate_application 
W_Complete_application W_Call_after_offers 
W_Handle_leads W_Complete_application W_Call_after_offers W_Validate_application W_Call_incomplete_files W_Validate_application 
W_Complete_application W_Call_after_offers 
W_Complete_application W_Call_after_offers W_Validate_application W_Call_incomplete_files 
W_Complete_application W_Call_after_offers W_Validate_application W_Call_incomplete_files 
W_Complete_application W_Call_after_offers W_Validate_application W_Call_incomplete_files W_Validate_application 
W_Complete_application W_Call_after_offers 
W_Call_after_offers 
W_Complete_application W_Call_after_offers 
W_Handle_leads W_Complete_application W_Call_after_offers W_Validate_application 
W_Complete_application W_Call_after_offers W_Validate_application 
W_Complete_application W_Call_after_offers W_Call_after_offers W_Validate_application W_Call_incomplete_files W_Validate_application W_Call_incomplete_files 
W_Complete_application W_Call_after_offers W_Validate_application W_Call_incomplete_files W_Validate_application 
W_Complete_application W_Call_after_offers W_Validate_application W_Call_incomplete_files 
W_Complete_application W_Call_after_offers W_Validate_application 
W_Complete_application W_Call_after_offers 
W_Complete_application W_Call_after_offers W_Validate_application W_Call_incomplete_files W_Validate_application W_Validate_application W_Call_incomplete_files W_Validate_application W_Call_incomplete_files W_Validate_application 
W_Complete_application W_Call_after_offers W_Validate_application W_Call_incomplete_files W_Validate_application W_Call_incomplete_files W_Validate_application 
W_Complete_application W_Call_after_offers W_Validate_application W_Call_incomplete_files W_Validate_application 
W_Complete_application W_Call_after_offers W_Validate_application W_Call_incomplete_files W_Validate_application 
W_Complete_application W_Call_after_offers 
W_Complete_application W_Call_after_offers 
W_Complete_application W_Call_after_offers 
W_Complete_application W_Call_after_offers W_Validate_application W_Call_incomplete_files 
W_Complete_application W_Call_after_offers W_Validate_application W_Call_incomplete_files W_Validate_application W_Call_incomplete_files W_Validate_application W_Call_incomplete_files 
W_Complete_application W_Call_after_offers W_Validate_application W_Call_incomplete_files W_Validate_application W_Call_incomplete_files 
W_Complete_application W_Call_after_offers 
W_Complete_application W_Call_after_offers W_Validate_application 
W_Complete_application W_Call_after_offers W_Validate_application W_Call_incomplete_files W_Validate_application W_Call_incomplete_files 
W_Complete_application W_Call_after_offers 
W_Complete_application W_Call_after_offers W_Validate_application W_Call_incomplete_files W_Validate_application W_Call_incomplete_files 
W_Complete_application W_Call_after_offers W_Validate_application W_Call_incomplete_files W_Validate_application W_Call_incomplete_files W_Validate_application 
W_Complete_application W_Call_after_offers W_Validate_application 
W_Complete_application W_Call_after_offers 
W_Complete_application W_Call_after_offers W_Validate_application W_Call_incomplete_files W_Validate_application W_Call_incomplete_files 
W_Complete_application W_Call_after_offers W_Validate_application W_Call_incomplete_files 
W_Complete_application W_Call_after_offers W_Validate_application W_Call_incomplete_files W_Validate_application W_Call_incomplete_files 
W_Complete_application W_Call_after_offers 
W_Complete_application W_Call_after_offers 
W_Complete_application W_Call_after_offers 
W_Complete_application W_Call_after_offers W_Validate_application 
W_Complete_application W_Call_after_offers 
W_Complete_application W_Call_after_offers W_Validate_application W_Call_incomplete_files W_Validate_application 
W_Complete_application W_Call_after_offers W_Validate_application 
W_Complete_application W_Call_after_offers W_Validate_application W_Call_incomplete_files 
W_Complete_application W_Call_after_offers 
W_Complete_application W_Call_after_offers W_Validate_application W_Call_incomplete_files 
W_Handle_leads W_Complete_application W_Call_after_offers W_Validate_application W_Call_incomplete_files 
W_Complete_application W_Call_after_offers W_Validate_application 
W_Complete_application W_Call_after_offers 
W_Handle_leads W_Complete_application W_Call_after_offers W_Validate_application W_Call_incomplete_files W_Validate_application 
W_Complete_application W_Call_after_offers W_Validate_application W_Call_incomplete_files W_Validate_application 
W_Complete_application W_Call_after_offers W_Validate_application W_Call_incomplete_files W_Validate_application W_Call_incomplete_files W_Validate_application W_Call_incomplete_files W_Validate_application 
W_Complete_application W_Call_after_offers W_Validate_application W_Call_incomplete_files W_Validate_application 
W_Complete_application W_Call_after_offers W_Validate_application W_Call_incomplete_files W_Validate_application 
W_Complete_application W_Call_after_offers W_Validate_application W_Call_incomplete_files W_Validate_application W_Call_incomplete_files W_Validate_application W_Call_incomplete_files W_Validate_application W_Call_incomplete_files 
W_Complete_application W_Call_after_offers W_Validate_application W_Call_incomplete_files W_Validate_application 
W_Complete_application W_Call_after_offers W_Validate_application W_Call_incomplete_files W_Validate_application W_Call_incomplete_files 
W_Complete_application W_Call_after_offers W_Validate_application 
W_Complete_application W_Call_after_offers W_Validate_application W_Call_incomplete_files W_Validate_application W_Call_incomplete_files W_Validate_application 
W_Complete_application W_Call_after_offers W_Validate_application W_Call_incomplete_files 
W_Complete_application W_Call_after_offers 
W_Complete_application W_Call_after_offers W_Validate_application 
W_Complete_application W_Call_after_offers W_Validate_application W_Call_incomplete_files W_Validate_application 
W_Complete_application W_Call_after_offers W_Validate_application W_Call_incomplete_files 
W_Complete_application W_Call_after_offers W_Validate_application W_Call_incomplete_files W_Validate_application 
W_Complete_application W_Call_after_offers W_Validate_application 
W_Complete_application W_Call_after_offers W_Validate_application W_Call_incomplete_files 
W_Complete_application W_Call_after_offers 
W_Complete_application W_Call_after_offers 
W_Complete_application W_Call_after_offers W_Validate_application W_Call_incomplete_files 
W_Complete_application W_Call_after_offers 
W_Complete_application W_Call_after_offers 
W_Complete_application W_Call_after_offers W_Validate_application W_Call_incomplete_files W_Validate_application 
W_Complete_application W_Call_after_offers 
W_Complete_application W_Call_after_offers 
W_Complete_application W_Call_after_offers 
W_Complete_application W_Call_after_offers W_Validate_application 
W_Handle_leads W_Complete_application W_Call_after_offers W_Validate_application W_Call_incomplete_files 
W_Complete_application W_Call_after_offers W_Validate_application W_Call_incomplete_files W_Validate_application 
W_Complete_application W_Call_after_offers 
W_Complete_application W_Call_after_offers 
W_Call_after_offers W_Validate_application W_Call_incomplete_files W_Validate_application W_Call_incomplete_files W_Validate_application W_Call_incomplete_files 
W_Complete_application W_Call_after_offers W_Validate_application 
W_Complete_application W_Call_after_offers 
W_Complete_application W_Call_after_offers 
W_Complete_application W_Call_after_offers W_Validate_application 
W_Complete_application W_Call_after_offers W_Validate_application W_Call_incomplete_files W_Validate_application W_Call_incomplete_files W_Validate_application 
W_Complete_application W_Call_after_offers W_Validate_application W_Call_incomplete_files W_Validate_application W_Call_incomplete_files 
W_Complete_application W_Call_after_offers W_Validate_application W_Call_incomplete_files 
W_Complete_application W_Call_after_offers W_Validate_application 
W_Complete_application W_Call_after_offers W_Validate_application W_Call_incomplete_files 
W_Complete_application W_Call_after_offers W_Validate_application W_Call_incomplete_files W_Validate_application W_Call_incomplete_files W_Validate_application 
W_Complete_application W_Call_after_offers 
W_Complete_application W_Call_after_offers W_Validate_application W_Call_incomplete_files 
W_Complete_application W_Call_after_offers W_Validate_application W_Call_incomplete_files W_Validate_application 
W_Complete_application W_Call_after_offers W_Validate_application W_Call_incomplete_files W_Validate_application 
W_Complete_application W_Call_after_offers W_Validate_application W_Call_incomplete_files W_Validate_application 
W_Complete_application W_Call_after_offers W_Validate_application W_Call_incomplete_files W_Validate_application W_Call_incomplete_files W_Validate_application 
W_Handle_leads W_Complete_application W_Call_after_offers W_Validate_application W_Call_incomplete_files W_Validate_application 
W_Complete_application W_Call_after_offers W_Validate_application W_Call_incomplete_files W_Validate_application W_Call_incomplete_files 
W_Handle_leads W_Complete_application W_Call_after_offers 
W_Complete_application W_Call_after_offers W_Validate_application 
W_Complete_application W_Call_after_offers 
W_Call_after_offers W_Validate_application W_Call_incomplete_files W_Validate_application 
W_Complete_application W_Call_after_offers W_Validate_application W_Call_incomplete_files 
W_Complete_application W_Call_after_offers W_Validate_application W_Call_incomplete_files W_Validate_application W_Call_incomplete_files 
W_Call_after_offers W_Validate_application 
W_Complete_application W_Call_after_offers 
W_Complete_application W_Call_after_offers W_Validate_application W_Call_incomplete_files W_Validate_application W_Call_incomplete_files W_Validate_application W_Call_incomplete_files 
W_Complete_application W_Call_after_offers W_Validate_application 
W_Complete_application W_Call_after_offers W_Validate_application W_Call_incomplete_files W_Validate_application 
W_Complete_application W_Call_after_offers W_Validate_application W_Call_incomplete_files W_Validate_application W_Call_incomplete_files 
W_Complete_application W_Call_after_offers W_Validate_application W_Call_incomplete_files 
W_Complete_application W_Call_after_offers W_Validate_application W_Call_incomplete_files W_Validate_application 
W_Complete_application W_Call_after_offers W_Validate_application 
W_Complete_application W_Call_after_offers W_Validate_application 
W_Handle_leads W_Complete_application W_Call_after_offers W_Validate_application W_Call_incomplete_files W_Validate_application W_Call_incomplete_files 
W_Complete_application W_Call_after_offers W_Validate_application W_Call_incomplete_files 
W_Complete_application W_Call_after_offers W_Validate_application W_Call_incomplete_files W_Validate_application W_Call_incomplete_files 
W_Handle_leads W_Complete_application W_Call_after_offers W_Validate_application W_Call_incomplete_files 
W_Complete_application W_Call_after_offers 
W_Complete_application W_Call_after_offers W_Validate_application W_Call_incomplete_files W_Validate_application 
W_Complete_application W_Call_after_offers W_Validate_application W_Call_incomplete_files W_Validate_application W_Call_incomplete_files W_Validate_application W_Call_incomplete_files 
W_Complete_application W_Call_after_offers W_Validate_application W_Call_incomplete_files W_Validate_application W_Call_incomplete_files W_Validate_application W_Call_incomplete_files 
W_Complete_application W_Call_after_offers 
W_Complete_application W_Call_after_offers W_Validate_application W_Call_incomplete_files W_Validate_application 
W_Call_after_offers W_Validate_application W_Call_incomplete_files W_Validate_application 
W_Handle_leads W_Complete_application W_Call_after_offers W_Validate_application W_Call_incomplete_files W_Validate_application W_Call_incomplete_files W_Validate_application 
W_Complete_application W_Call_after_offers 
W_Handle_leads W_Complete_application W_Call_after_offers 
W_Handle_leads W_Complete_application W_Call_after_offers W_Validate_application 
W_Complete_application W_Call_after_offers W_Validate_application W_Call_incomplete_files W_Validate_application 
W_Complete_application W_Call_after_offers W_Validate_application W_Call_incomplete_files W_Validate_application 
W_Complete_application W_Call_after_offers W_Validate_application 
W_Handle_leads W_Complete_application W_Call_after_offers W_Validate_application W_Call_incomplete_files W_Validate_application W_Call_incomplete_files W_Validate_application W_Call_incomplete_files 
W_Handle_leads W_Complete_application W_Call_after_offers 
W_Complete_application W_Call_after_offers 
W_Complete_application W_Call_after_offers W_Validate_application W_Call_incomplete_files W_Validate_application 
W_Call_after_offers W_Validate_application W_Call_incomplete_files 
W_Complete_application W_Call_after_offers W_Validate_application W_Call_incomplete_files W_Validate_application W_Call_incomplete_files W_Validate_application 
W_Complete_application W_Call_after_offers W_Validate_application 
W_Complete_application W_Call_after_offers W_Validate_application W_Call_incomplete_files 
W_Complete_application W_Call_after_offers W_Validate_application W_Call_incomplete_files W_Validate_application 
W_Complete_application W_Call_after_offers W_Validate_application W_Call_incomplete_files W_Validate_application 
W_Complete_application W_Call_after_offers W_Validate_application W_Call_incomplete_files W_Validate_application W_Call_incomplete_files 
W_Complete_application W_Call_after_offers 
W_Complete_application W_Call_after_offers 
W_Handle_leads W_Complete_application W_Call_after_offers W_Validate_application 
W_Complete_application W_Call_after_offers W_Validate_application W_Call_incomplete_files W_Validate_application W_Call_incomplete_files W_Validate_application 
W_Complete_application W_Call_after_offers W_Validate_application W_Call_incomplete_files W_Validate_application W_Call_incomplete_files 
W_Complete_application W_Call_after_offers W_Validate_application W_Call_incomplete_files 
W_Complete_application W_Call_after_offers W_Validate_application 
W_Complete_application W_Call_after_offers W_Validate_application W_Call_incomplete_files W_Validate_application W_Call_incomplete_files 
W_Handle_leads W_Complete_application W_Call_after_offers W_Validate_application W_Call_incomplete_files W_Validate_application 
W_Complete_application W_Call_after_offers W_Validate_application W_Call_incomplete_files W_Validate_application W_Call_incomplete_files W_Validate_application 
W_Complete_application W_Call_after_offers W_Validate_application W_Call_incomplete_files W_Validate_application W_Call_incomplete_files W_Validate_application W_Call_incomplete_files 
W_Complete_application W_Call_after_offers 
W_Complete_application W_Call_after_offers W_Validate_application W_Call_incomplete_files W_Validate_application 
W_Complete_application W_Call_after_offers W_Validate_application W_Call_incomplete_files W_Validate_application W_Call_incomplete_files 
W_Complete_application W_Call_after_offers W_Validate_application 
W_Handle_leads W_Complete_application W_Call_after_offers W_Validate_application W_Call_incomplete_files W_Validate_application W_Call_incomplete_files 
W_Complete_application W_Call_after_offers W_Validate_application W_Call_incomplete_files 
W_Complete_application W_Call_after_offers W_Validate_application W_Call_incomplete_files W_Validate_application 
W_Complete_application W_Call_after_offers W_Validate_application W_Call_incomplete_files W_Validate_application W_Call_incomplete_files 
W_Complete_application W_Call_after_offers W_Validate_application W_Call_incomplete_files 
W_Complete_application W_Call_after_offers 
W_Complete_application W_Call_after_offers W_Validate_application W_Call_incomplete_files W_Validate_application W_Call_incomplete_files W_Validate_application W_Call_incomplete_files W_Validate_application 
W_Complete_application W_Call_after_offers W_Validate_application W_Call_incomplete_files W_Validate_application 
W_Call_after_offers 
W_Complete_application W_Call_after_offers W_Validate_application W_Call_incomplete_files W_Validate_application 
W_Handle_leads W_Complete_application W_Call_after_offers W_Validate_application 
W_Complete_application W_Call_after_offers W_Validate_application W_Call_incomplete_files 
W_Handle_leads W_Complete_application W_Call_after_offers W_Validate_application W_Call_incomplete_files 
W_Complete_application W_Call_after_offers W_Validate_application 
W_Complete_application W_Call_after_offers W_Validate_application W_Call_incomplete_files 
W_Handle_leads W_Complete_application W_Call_after_offers W_Validate_application 
W_Complete_application W_Call_after_offers W_Validate_application W_Call_incomplete_files W_Validate_application 
W_Complete_application W_Call_after_offers W_Validate_application W_Call_incomplete_files 
W_Call_after_offers W_Validate_application W_Call_incomplete_files 
W_Complete_application W_Call_after_offers W_Validate_application W_Call_incomplete_files W_Validate_application W_Call_incomplete_files 
W_Complete_application W_Call_after_offers W_Validate_application 
W_Complete_application W_Call_after_offers W_Validate_application W_Call_incomplete_files 
W_Complete_application W_Call_after_offers W_Validate_application W_Call_incomplete_files 
W_Complete_application W_Call_after_offers 
W_Complete_application W_Call_after_offers 
W_Handle_leads W_Complete_application W_Call_after_offers W_Validate_application W_Call_incomplete_files W_Validate_application W_Call_incomplete_files 
W_Complete_application W_Call_after_offers W_Validate_application W_Call_incomplete_files W_Validate_application W_Call_incomplete_files 
W_Complete_application W_Call_after_offers W_Validate_application W_Call_incomplete_files W_Validate_application W_Call_incomplete_files W_Validate_application 
W_Complete_application W_Call_after_offers 
W_Handle_leads W_Complete_application W_Call_after_offers W_Validate_application W_Call_incomplete_files W_Validate_application W_Call_incomplete_files W_Validate_application W_Call_incomplete_files W_Validate_application W_Call_incomplete_files W_Validate_application W_Call_incomplete_files W_Validate_application 
W_Complete_application W_Call_after_offers W_Validate_application W_Call_incomplete_files 
W_Handle_leads W_Complete_application W_Call_after_offers 
W_Complete_application W_Call_after_offers W_Validate_application W_Call_incomplete_files 
W_Complete_application W_Call_after_offers 
W_Complete_application W_Call_after_offers W_Validate_application W_Call_incomplete_files W_Validate_application W_Call_incomplete_files W_Validate_application 
W_Complete_application W_Call_after_offers W_Validate_application 
W_Complete_application W_Call_after_offers W_Validate_application W_Call_incomplete_files W_Validate_application W_Call_incomplete_files 
W_Complete_application W_Call_after_offers W_Validate_application W_Call_incomplete_files W_Validate_application W_Call_incomplete_files W_Validate_application 
W_Complete_application W_Call_after_offers W_Validate_application W_Call_incomplete_files W_Validate_application 
W_Complete_application W_Call_after_offers W_Validate_application 
W_Complete_application W_Call_after_offers W_Validate_application W_Call_incomplete_files W_Validate_application W_Call_incomplete_files 
W_Complete_application W_Call_after_offers 
W_Complete_application W_Call_after_offers 
W_Complete_application W_Call_after_offers W_Validate_application W_Call_incomplete_files W_Validate_application W_Call_incomplete_files W_Validate_application 
W_Complete_application W_Call_after_offers W_Validate_application W_Call_incomplete_files W_Validate_application W_Call_incomplete_files W_Validate_application 
W_Complete_application W_Call_after_offers 
W_Complete_application W_Call_after_offers W_Validate_application W_Call_incomplete_files W_Validate_application W_Call_incomplete_files W_Validate_application 
W_Complete_application W_Call_after_offers W_Validate_application W_Call_incomplete_files W_Validate_application W_Call_incomplete_files W_Validate_application W_Call_incomplete_files 
W_Complete_application W_Call_after_offers W_Call_after_offers W_Validate_application W_Call_incomplete_files W_Validate_application W_Call_incomplete_files W_Validate_application 
W_Complete_application W_Call_after_offers 
W_Handle_leads W_Complete_application W_Call_after_offers 
W_Complete_application W_Call_after_offers 
W_Complete_application W_Call_after_offers W_Validate_application W_Call_incomplete_files W_Validate_application W_Call_incomplete_files 
W_Handle_leads W_Handle_leads W_Complete_application W_Call_after_offers W_Validate_application 
W_Complete_application W_Call_after_offers W_Validate_application W_Call_incomplete_files 
W_Complete_application W_Call_after_offers 
W_Complete_application W_Call_after_offers W_Validate_application W_Call_incomplete_files W_Validate_application 
W_Complete_application W_Call_after_offers W_Validate_application 
W_Complete_application W_Call_after_offers W_Validate_application 
W_Complete_application W_Call_after_offers W_Validate_application W_Call_incomplete_files W_Validate_application 
W_Complete_application W_Call_after_offers W_Validate_application W_Call_incomplete_files 
W_Handle_leads W_Complete_application W_Call_after_offers W_Validate_application W_Call_incomplete_files W_Validate_application W_Call_incomplete_files W_Validate_application 
W_Complete_application W_Call_after_offers W_Validate_application 
W_Complete_application W_Call_after_offers 
W_Complete_application W_Call_after_offers 
W_Handle_leads W_Complete_application W_Call_after_offers 
W_Complete_application W_Call_after_offers 
W_Complete_application W_Call_after_offers 
W_Complete_application W_Call_after_offers W_Validate_application 
W_Handle_leads W_Complete_application W_Call_after_offers W_Validate_application W_Call_incomplete_files W_Validate_application W_Call_incomplete_files 
W_Complete_application W_Call_after_offers 
W_Handle_leads W_Complete_application W_Call_after_offers W_Validate_application W_Call_incomplete_files W_Validate_application 
W_Complete_application W_Call_after_offers W_Validate_application W_Call_incomplete_files W_Validate_application W_Call_incomplete_files W_Validate_application W_Call_incomplete_files 
W_Complete_application W_Call_after_offers W_Validate_application 
W_Complete_application W_Call_after_offers W_Validate_application W_Call_incomplete_files W_Validate_application W_Call_incomplete_files 
W_Complete_application W_Call_after_offers W_Validate_application 
W_Complete_application W_Call_after_offers W_Validate_application W_Call_incomplete_files W_Validate_application W_Call_incomplete_files W_Validate_application 
W_Complete_application W_Call_after_offers 
W_Complete_application W_Call_after_offers W_Validate_application W_Call_incomplete_files W_Validate_application W_Call_incomplete_files 
W_Complete_application W_Call_after_offers W_Validate_application W_Call_incomplete_files W_Validate_application W_Call_incomplete_files W_Validate_application 
W_Handle_leads W_Complete_application W_Call_after_offers W_Validate_application W_Call_incomplete_files W_Validate_application W_Call_incomplete_files W_Validate_application W_Call_incomplete_files 
W_Complete_application W_Call_after_offers W_Validate_application 
W_Handle_leads W_Complete_application W_Call_after_offers 
W_Complete_application W_Call_after_offers W_Validate_application W_Call_incomplete_files 
W_Complete_application W_Call_after_offers 
W_Complete_application W_Call_after_offers 
W_Handle_leads W_Complete_application W_Call_after_offers 
W_Complete_application W_Call_after_offers 
W_Complete_application W_Call_after_offers W_Validate_application W_Call_incomplete_files W_Validate_application W_Call_incomplete_files 
W_Complete_application W_Call_after_offers 
W_Complete_application W_Call_after_offers W_Validate_application 
W_Call_after_offers W_Validate_application 
W_Complete_application W_Call_after_offers W_Validate_application W_Call_incomplete_files W_Validate_application W_Call_incomplete_files W_Validate_application W_Call_incomplete_files 
W_Complete_application W_Call_after_offers W_Validate_application W_Call_incomplete_files W_Validate_application W_Call_incomplete_files W_Validate_application 
W_Complete_application W_Call_after_offers W_Validate_application W_Call_incomplete_files W_Validate_application 
W_Complete_application W_Call_after_offers 
W_Complete_application W_Call_after_offers W_Validate_application 
W_Complete_application W_Call_after_offers W_Validate_application 
W_Complete_application W_Call_after_offers W_Validate_application W_Call_incomplete_files 
W_Call_after_offers W_Validate_application 
W_Handle_leads W_Complete_application W_Call_after_offers 
W_Complete_application W_Call_after_offers W_Validate_application W_Call_incomplete_files W_Validate_application 
W_Complete_application W_Call_after_offers W_Validate_application W_Call_incomplete_files W_Validate_application W_Call_incomplete_files 
W_Complete_application W_Call_after_offers W_Validate_application 
W_Complete_application W_Call_after_offers W_Validate_application W_Call_incomplete_files W_Validate_application 
W_Handle_leads W_Complete_application W_Call_after_offers W_Validate_application 
W_Call_after_offers W_Validate_application W_Call_incomplete_files W_Validate_application W_Call_incomplete_files W_Validate_application 
W_Complete_application W_Call_after_offers W_Validate_application W_Call_incomplete_files W_Validate_application W_Call_incomplete_files 
W_Complete_application W_Call_after_offers W_Validate_application W_Call_incomplete_files 
W_Complete_application W_Call_after_offers 
W_Complete_application W_Call_after_offers W_Validate_application W_Call_incomplete_files 
W_Complete_application W_Call_after_offers 
W_Handle_leads W_Complete_application W_Call_after_offers 
W_Complete_application W_Call_after_offers W_Validate_application W_Call_incomplete_files W_Validate_application W_Call_incomplete_files W_Validate_application 
W_Complete_application W_Call_after_offers 
W_Complete_application W_Call_after_offers 
W_Complete_application W_Call_after_offers W_Validate_application W_Call_incomplete_files W_Validate_application 
W_Complete_application 
W_Complete_application W_Call_after_offers 
W_Complete_application W_Call_after_offers W_Validate_application W_Call_incomplete_files 
W_Complete_application W_Call_after_offers W_Validate_application 
W_Complete_application W_Call_after_offers W_Validate_application 
W_Complete_application W_Call_after_offers 
W_Handle_leads W_Complete_application W_Call_after_offers W_Validate_application 
W_Complete_application W_Call_after_offers 
W_Complete_application W_Call_after_offers 
W_Complete_application W_Call_after_offers 
W_Complete_application W_Call_after_offers W_Validate_application W_Call_incomplete_files W_Validate_application W_Call_incomplete_files W_Validate_application W_Call_incomplete_files W_Call_incomplete_files 
W_Complete_application W_Call_after_offers W_Validate_application W_Call_incomplete_files 
W_Complete_application W_Call_after_offers 
W_Handle_leads W_Complete_application W_Call_after_offers 
W_Complete_application W_Call_after_offers W_Validate_application W_Call_incomplete_files W_Validate_application W_Call_incomplete_files 
W_Complete_application W_Call_after_offers W_Validate_application W_Call_incomplete_files W_Validate_application W_Call_incomplete_files W_Validate_application 
W_Complete_application W_Call_after_offers W_Validate_application W_Call_incomplete_files W_Validate_application W_Call_incomplete_files W_Validate_application 
W_Handle_leads W_Complete_application W_Call_after_offers W_Validate_application W_Call_incomplete_files W_Validate_application 
W_Complete_application W_Call_after_offers W_Validate_application W_Call_incomplete_files W_Validate_application 
W_Complete_application W_Call_after_offers 
W_Complete_application W_Call_after_offers W_Validate_application 
W_Complete_application W_Call_after_offers 
W_Complete_application W_Call_after_offers W_Validate_application W_Call_incomplete_files W_Validate_application W_Call_incomplete_files W_Validate_application W_Call_incomplete_files 
W_Complete_application W_Call_after_offers W_Call_after_offers W_Call_after_offers W_Validate_application W_Call_incomplete_files W_Validate_application 
W_Complete_application W_Call_after_offers 
W_Complete_application W_Call_after_offers 
W_Complete_application W_Call_after_offers W_Validate_application W_Call_incomplete_files W_Validate_application 
W_Handle_leads W_Complete_application W_Call_after_offers W_Call_after_offers W_Validate_application 
W_Complete_application W_Call_after_offers W_Validate_application 
W_Complete_application W_Call_after_offers W_Validate_application W_Call_incomplete_files W_Validate_application 
W_Complete_application W_Call_after_offers W_Validate_application W_Call_incomplete_files W_Validate_application W_Call_incomplete_files W_Validate_application 
W_Complete_application W_Call_after_offers 
W_Complete_application W_Call_after_offers 
W_Complete_application W_Call_after_offers W_Validate_application W_Call_incomplete_files W_Validate_application 
W_Complete_application W_Call_after_offers 
W_Complete_application W_Call_after_offers W_Validate_application W_Call_incomplete_files W_Call_incomplete_files W_Validate_application 
W_Complete_application W_Call_after_offers W_Validate_application W_Call_incomplete_files W_Validate_application W_Call_incomplete_files W_Validate_application W_Call_incomplete_files 
W_Call_after_offers 
W_Complete_application W_Call_after_offers W_Validate_application W_Call_incomplete_files W_Validate_application 
W_Complete_application W_Call_after_offers W_Validate_application W_Call_incomplete_files W_Validate_application W_Call_incomplete_files W_Validate_application 
W_Complete_application W_Call_after_offers 
W_Handle_leads W_Complete_application W_Call_after_offers W_Call_after_offers W_Validate_application W_Call_incomplete_files W_Validate_application 
W_Complete_application W_Call_after_offers 
W_Complete_application W_Call_after_offers 
W_Complete_application W_Call_after_offers W_Validate_application W_Call_incomplete_files W_Validate_application 
W_Complete_application W_Call_after_offers W_Validate_application W_Call_incomplete_files 
W_Complete_application W_Call_after_offers W_Validate_application W_Call_incomplete_files W_Validate_application W_Call_incomplete_files W_Validate_application W_Call_incomplete_files W_Validate_application W_Call_incomplete_files W_Validate_application W_Call_incomplete_files W_Validate_application W_Call_incomplete_files 
W_Handle_leads W_Complete_application W_Call_after_offers W_Validate_application W_Call_incomplete_files W_Validate_application W_Call_incomplete_files W_Validate_application W_Call_incomplete_files 
W_Complete_application W_Call_after_offers W_Validate_application W_Call_incomplete_files W_Validate_application W_Call_incomplete_files W_Validate_application 
W_Complete_application W_Call_after_offers W_Validate_application W_Call_incomplete_files W_Validate_application W_Call_incomplete_files 
W_Complete_application 
W_Complete_application W_Call_after_offers W_Validate_application W_Call_incomplete_files W_Validate_application 
W_Complete_application W_Call_after_offers 
W_Complete_application W_Call_after_offers 
W_Complete_application W_Assess_potential_fraud W_Complete_application W_Call_after_offers W_Validate_application W_Assess_potential_fraud W_Validate_application W_Call_incomplete_files 
W_Complete_application W_Call_after_offers 
W_Complete_application W_Call_after_offers W_Validate_application W_Call_incomplete_files 
W_Complete_application W_Call_after_offers W_Validate_application 
W_Complete_application W_Call_after_offers W_Validate_application W_Call_incomplete_files W_Validate_application W_Call_incomplete_files W_Validate_application W_Call_incomplete_files 
W_Complete_application W_Call_after_offers W_Validate_application W_Call_incomplete_files W_Validate_application W_Call_incomplete_files 
W_Complete_application W_Call_after_offers W_Validate_application W_Call_incomplete_files 
W_Complete_application W_Call_after_offers W_Validate_application W_Call_incomplete_files 
W_Complete_application W_Call_after_offers 
W_Complete_application W_Call_after_offers 
W_Complete_application W_Call_after_offers W_Validate_application W_Call_incomplete_files W_Validate_application 
W_Complete_application W_Call_after_offers W_Validate_application W_Call_incomplete_files W_Validate_application 
W_Call_after_offers 
W_Complete_application W_Call_after_offers W_Validate_application 
W_Complete_application W_Call_after_offers W_Validate_application W_Call_incomplete_files 
W_Complete_application W_Call_after_offers W_Validate_application W_Call_incomplete_files W_Validate_application W_Call_incomplete_files W_Validate_application 
W_Complete_application W_Call_after_offers W_Validate_application 
W_Call_after_offers W_Validate_application W_Call_incomplete_files W_Validate_application 
W_Complete_application W_Call_after_offers 
W_Complete_application W_Call_after_offers W_Validate_application W_Call_incomplete_files 
W_Complete_application W_Call_after_offers W_Validate_application W_Call_incomplete_files 
W_Complete_application W_Call_after_offers 
W_Complete_application W_Call_after_offers W_Validate_application 
W_Handle_leads W_Complete_application W_Call_after_offers 
W_Complete_application W_Call_after_offers W_Validate_application W_Call_incomplete_files 
W_Complete_application W_Call_after_offers W_Validate_application W_Call_incomplete_files W_Validate_application 
W_Complete_application W_Call_after_offers 
W_Complete_application W_Call_after_offers 
W_Complete_application W_Call_after_offers W_Validate_application 
W_Complete_application W_Call_after_offers W_Validate_application W_Call_incomplete_files W_Validate_application W_Call_incomplete_files W_Validate_application 
W_Complete_application W_Call_after_offers W_Validate_application W_Call_incomplete_files W_Validate_application W_Call_incomplete_files W_Validate_application W_Call_incomplete_files W_Validate_application 
W_Complete_application W_Call_after_offers W_Validate_application W_Call_incomplete_files W_Validate_application 
W_Complete_application W_Call_after_offers 
W_Complete_application W_Call_after_offers W_Validate_application W_Call_incomplete_files W_Call_incomplete_files 
W_Complete_application W_Call_after_offers W_Validate_application 
W_Complete_application W_Call_after_offers W_Validate_application W_Call_incomplete_files 
W_Complete_application W_Call_after_offers W_Validate_application 
W_Complete_application W_Call_after_offers W_Validate_application W_Call_incomplete_files W_Validate_application W_Call_incomplete_files W_Validate_application W_Call_incomplete_files W_Validate_application 
W_Complete_application W_Call_after_offers W_Validate_application W_Call_incomplete_files W_Validate_application 
W_Call_after_offers W_Validate_application W_Validate_application W_Call_incomplete_files W_Validate_application 
W_Complete_application W_Call_after_offers W_Validate_application W_Call_incomplete_files 
W_Complete_application W_Call_after_offers W_Validate_application W_Assess_potential_fraud 
W_Complete_application W_Call_after_offers W_Validate_application W_Call_incomplete_files 
W_Complete_application W_Call_after_offers W_Validate_application W_Call_incomplete_files W_Validate_application W_Call_incomplete_files W_Validate_application W_Call_incomplete_files 
W_Complete_application W_Call_after_offers W_Validate_application 
W_Complete_application W_Call_after_offers W_Validate_application 
W_Complete_application W_Call_after_offers W_Validate_application W_Call_incomplete_files W_Validate_application 
W_Complete_application W_Call_after_offers W_Validate_application 
W_Complete_application W_Call_after_offers W_Validate_application W_Call_incomplete_files W_Validate_application W_Call_incomplete_files 
W_Complete_application W_Call_after_offers W_Validate_application W_Call_incomplete_files W_Validate_application 
W_Complete_application W_Call_after_offers 
W_Complete_application W_Call_after_offers W_Validate_application W_Call_incomplete_files W_Validate_application W_Call_incomplete_files 
W_Complete_application W_Call_after_offers W_Validate_application W_Call_incomplete_files W_Validate_application W_Call_incomplete_files W_Validate_application W_Call_incomplete_files W_Validate_application W_Call_incomplete_files W_Validate_application W_Call_incomplete_files 
W_Complete_application W_Call_after_offers W_Validate_application 
W_Complete_application W_Call_after_offers W_Validate_application W_Call_incomplete_files W_Validate_application W_Call_incomplete_files W_Validate_application W_Call_incomplete_files 
W_Complete_application W_Call_after_offers 
W_Complete_application W_Call_after_offers W_Validate_application 
W_Complete_application W_Call_after_offers 
W_Complete_application W_Call_after_offers 
W_Complete_application W_Call_after_offers W_Validate_application W_Call_incomplete_files 
W_Complete_application W_Call_after_offers 
W_Handle_leads W_Complete_application W_Call_after_offers W_Validate_application W_Call_incomplete_files W_Validate_application W_Call_incomplete_files W_Validate_application 
W_Complete_application W_Call_after_offers 
W_Complete_application W_Call_after_offers W_Validate_application 
W_Complete_application W_Call_after_offers W_Validate_application 
W_Complete_application W_Call_after_offers 
W_Complete_application W_Call_after_offers W_Validate_application W_Call_incomplete_files W_Validate_application W_Call_incomplete_files W_Validate_application 
W_Complete_application W_Call_after_offers 
W_Complete_application W_Call_after_offers W_Validate_application 
W_Handle_leads W_Complete_application W_Call_after_offers 
W_Complete_application W_Call_after_offers W_Validate_application W_Call_incomplete_files W_Validate_application W_Call_incomplete_files W_Validate_application W_Call_incomplete_files 
W_Complete_application W_Call_after_offers W_Validate_application W_Call_incomplete_files 
W_Complete_application W_Call_after_offers W_Validate_application W_Call_incomplete_files W_Validate_application 
W_Complete_application W_Call_after_offers W_Validate_application W_Call_incomplete_files W_Validate_application W_Call_incomplete_files W_Validate_application W_Call_incomplete_files 
W_Complete_application W_Call_after_offers W_Validate_application W_Call_incomplete_files 
W_Complete_application W_Call_after_offers W_Validate_application W_Call_incomplete_files W_Validate_application 
W_Complete_application W_Call_after_offers W_Validate_application W_Call_incomplete_files W_Validate_application 
W_Complete_application W_Call_after_offers W_Validate_application W_Call_incomplete_files W_Validate_application 
W_Complete_application W_Call_after_offers W_Validate_application 
W_Call_after_offers W_Validate_application W_Call_incomplete_files 
W_Complete_application W_Call_after_offers W_Validate_application 
W_Complete_application W_Call_after_offers 
W_Complete_application W_Call_after_offers 
W_Complete_application W_Call_after_offers W_Validate_application 
W_Complete_application W_Call_after_offers 
W_Complete_application W_Call_after_offers W_Validate_application 
W_Complete_application W_Call_after_offers W_Validate_application W_Call_incomplete_files W_Call_incomplete_files W_Validate_application 
W_Complete_application W_Call_after_offers W_Validate_application W_Call_incomplete_files W_Validate_application 
W_Complete_application W_Call_after_offers 
W_Complete_application W_Call_after_offers W_Validate_application W_Call_incomplete_files W_Validate_application 
W_Complete_application W_Call_after_offers W_Validate_application W_Call_incomplete_files 
W_Complete_application W_Call_after_offers W_Validate_application W_Call_incomplete_files 
W_Complete_application W_Call_after_offers W_Validate_application W_Call_incomplete_files W_Validate_application W_Call_incomplete_files 
W_Complete_application W_Call_after_offers W_Validate_application W_Call_incomplete_files W_Validate_application 
W_Complete_application W_Call_after_offers W_Validate_application 
W_Complete_application W_Call_after_offers W_Validate_application W_Call_incomplete_files W_Validate_application 
W_Handle_leads W_Complete_application W_Call_after_offers 
W_Complete_application W_Call_after_offers W_Validate_application W_Call_incomplete_files W_Validate_application 
W_Complete_application W_Call_after_offers W_Validate_application W_Call_incomplete_files W_Validate_application 
W_Complete_application W_Call_after_offers 
W_Complete_application W_Call_after_offers 
W_Complete_application W_Call_after_offers W_Validate_application W_Call_incomplete_files W_Validate_application W_Call_incomplete_files W_Validate_application W_Call_incomplete_files W_Validate_application W_Call_incomplete_files 
W_Handle_leads W_Complete_application W_Call_after_offers W_Validate_application 
W_Handle_leads W_Complete_application W_Call_after_offers W_Validate_application W_Call_incomplete_files W_Validate_application W_Call_incomplete_files W_Validate_application W_Call_incomplete_files 
W_Complete_application W_Call_after_offers 
W_Complete_application W_Call_after_offers W_Validate_application W_Call_incomplete_files 
W_Complete_application W_Call_after_offers 
W_Complete_application W_Call_after_offers W_Validate_application W_Call_incomplete_files W_Validate_application W_Call_incomplete_files 
W_Complete_application W_Call_after_offers W_Validate_application W_Call_incomplete_files 
W_Handle_leads W_Complete_application W_Call_after_offers W_Validate_application W_Call_incomplete_files 
W_Complete_application W_Call_after_offers 
W_Complete_application W_Call_after_offers W_Validate_application W_Call_incomplete_files W_Validate_application 
W_Complete_application W_Call_after_offers W_Validate_application W_Call_incomplete_files W_Validate_application 
W_Complete_application W_Call_after_offers W_Validate_application W_Call_incomplete_files W_Validate_application W_Call_incomplete_files W_Validate_application W_Call_incomplete_files 
W_Handle_leads W_Complete_application W_Call_after_offers 
W_Complete_application W_Call_after_offers 
W_Handle_leads W_Complete_application W_Call_after_offers W_Validate_application W_Call_incomplete_files W_Validate_application W_Call_incomplete_files W_Validate_application W_Call_incomplete_files 
W_Complete_application W_Call_after_offers W_Validate_application W_Call_incomplete_files W_Validate_application 
W_Complete_application W_Call_after_offers 
W_Complete_application W_Call_after_offers 
W_Complete_application W_Call_after_offers 
W_Complete_application W_Call_after_offers W_Validate_application W_Call_incomplete_files 
W_Complete_application W_Call_after_offers 
W_Complete_application W_Call_after_offers W_Validate_application W_Call_incomplete_files W_Validate_application W_Call_incomplete_files W_Validate_application 
W_Complete_application W_Call_after_offers 
W_Complete_application W_Call_after_offers W_Validate_application W_Call_incomplete_files W_Validate_application W_Call_incomplete_files W_Validate_application W_Call_incomplete_files W_Validate_application W_Call_incomplete_files 
W_Complete_application W_Call_after_offers W_Validate_application W_Call_incomplete_files W_Validate_application 
W_Complete_application W_Call_after_offers W_Validate_application W_Call_incomplete_files 
W_Complete_application W_Call_after_offers W_Validate_application W_Call_incomplete_files W_Validate_application W_Call_incomplete_files W_Validate_application W_Call_incomplete_files W_Validate_application W_Validate_application 
W_Handle_leads W_Complete_application W_Call_after_offers W_Validate_application W_Call_incomplete_files W_Validate_application W_Call_incomplete_files 
W_Complete_application W_Call_after_offers W_Validate_application W_Call_incomplete_files W_Validate_application W_Call_incomplete_files 
W_Complete_application W_Call_after_offers W_Validate_application W_Call_incomplete_files W_Validate_application 
W_Complete_application W_Call_after_offers W_Validate_application 
W_Complete_application W_Call_after_offers W_Validate_application W_Call_incomplete_files W_Validate_application W_Call_incomplete_files 
W_Complete_application W_Call_after_offers W_Validate_application W_Validate_application W_Call_incomplete_files 
W_Complete_application W_Call_after_offers W_Validate_application W_Call_incomplete_files 
W_Complete_application W_Call_after_offers W_Validate_application W_Call_incomplete_files 
W_Handle_leads W_Complete_application W_Call_after_offers 
W_Handle_leads W_Complete_application W_Call_after_offers 
W_Complete_application W_Call_after_offers W_Validate_application W_Call_incomplete_files W_Validate_application 
W_Complete_application W_Call_after_offers W_Validate_application W_Call_incomplete_files W_Validate_application W_Call_incomplete_files 
W_Complete_application W_Call_after_offers W_Validate_application W_Call_incomplete_files W_Validate_application W_Call_incomplete_files 
W_Complete_application W_Call_after_offers 
W_Handle_leads W_Complete_application W_Call_after_offers 
W_Complete_application W_Call_after_offers W_Validate_application 
W_Complete_application W_Call_after_offers W_Validate_application 
W_Complete_application W_Call_after_offers W_Validate_application 
W_Complete_application W_Call_after_offers W_Validate_application W_Call_incomplete_files W_Validate_application W_Call_incomplete_files W_Validate_application 
W_Complete_application W_Call_after_offers 
W_Handle_leads W_Complete_application W_Call_after_offers W_Validate_application 
W_Complete_application W_Call_after_offers W_Validate_application W_Call_incomplete_files W_Validate_application 
W_Complete_application W_Call_after_offers W_Validate_application 
W_Complete_application W_Call_after_offers W_Validate_application W_Call_incomplete_files W_Validate_application 
W_Complete_application W_Call_after_offers W_Validate_application W_Call_incomplete_files W_Validate_application 
W_Handle_leads W_Complete_application W_Call_after_offers 
W_Complete_application W_Call_after_offers W_Validate_application 
W_Complete_application W_Call_after_offers 
W_Handle_leads W_Complete_application W_Call_after_offers W_Validate_application W_Call_incomplete_files W_Validate_application W_Call_incomplete_files W_Validate_application W_Call_incomplete_files 
W_Complete_application W_Call_after_offers 
W_Complete_application W_Call_after_offers 
W_Assess_potential_fraud W_Handle_leads W_Complete_application W_Call_after_offers 
W_Complete_application W_Call_after_offers W_Validate_application W_Call_incomplete_files W_Validate_application W_Call_incomplete_files 
W_Complete_application W_Call_after_offers 
W_Call_after_offers W_Validate_application 
W_Complete_application W_Call_after_offers W_Validate_application W_Call_incomplete_files W_Validate_application 
W_Complete_application W_Call_after_offers W_Validate_application W_Assess_potential_fraud W_Validate_application W_Call_incomplete_files W_Validate_application W_Call_incomplete_files 
W_Handle_leads W_Complete_application W_Call_after_offers 
W_Complete_application W_Call_after_offers W_Call_after_offers 
W_Complete_application W_Call_after_offers W_Validate_application W_Call_incomplete_files W_Validate_application W_Call_incomplete_files W_Validate_application W_Call_incomplete_files W_Validate_application 
W_Complete_application W_Call_after_offers W_Validate_application W_Call_incomplete_files W_Validate_application W_Call_incomplete_files W_Validate_application 
W_Complete_application W_Call_after_offers W_Validate_application W_Call_incomplete_files W_Validate_application 
W_Handle_leads W_Complete_application W_Call_after_offers W_Validate_application 
W_Complete_application W_Call_after_offers W_Validate_application 
W_Complete_application W_Call_after_offers 
W_Complete_application W_Call_after_offers W_Validate_application W_Call_incomplete_files W_Validate_application 
W_Complete_application W_Call_after_offers 
W_Complete_application W_Call_after_offers W_Validate_application W_Call_incomplete_files W_Validate_application 
W_Complete_application W_Call_after_offers 
W_Complete_application W_Call_after_offers 
W_Complete_application W_Call_after_offers 
W_Complete_application W_Call_after_offers W_Validate_application W_Call_incomplete_files 
W_Complete_application W_Call_after_offers W_Validate_application W_Call_incomplete_files W_Validate_application W_Call_incomplete_files 
W_Complete_application W_Call_after_offers W_Validate_application W_Validate_application W_Call_incomplete_files W_Validate_application 
W_Complete_application W_Call_after_offers 
W_Handle_leads W_Complete_application W_Call_after_offers W_Validate_application W_Call_incomplete_files W_Validate_application 
W_Complete_application W_Call_after_offers W_Validate_application W_Call_incomplete_files W_Validate_application W_Call_incomplete_files W_Validate_application 
W_Complete_application W_Call_after_offers W_Validate_application W_Call_incomplete_files W_Validate_application 
W_Call_after_offers W_Validate_application W_Call_incomplete_files 
W_Complete_application W_Call_after_offers 
W_Complete_application W_Call_after_offers 
W_Complete_application W_Call_after_offers W_Validate_application W_Call_incomplete_files W_Validate_application 
W_Complete_application W_Call_after_offers W_Validate_application W_Call_incomplete_files 
W_Handle_leads W_Complete_application W_Call_after_offers W_Validate_application W_Call_incomplete_files W_Validate_application W_Call_incomplete_files 
W_Complete_application W_Call_after_offers W_Validate_application W_Call_incomplete_files W_Validate_application W_Call_incomplete_files 
W_Complete_application W_Call_after_offers W_Validate_application W_Call_incomplete_files W_Validate_application W_Call_incomplete_files W_Validate_application W_Assess_potential_fraud W_Validate_application W_Call_incomplete_files W_Validate_application W_Call_incomplete_files W_Validate_application W_Call_incomplete_files W_Validate_application W_Call_incomplete_files W_Validate_application W_Call_incomplete_files W_Validate_application 
W_Complete_application W_Call_after_offers W_Validate_application W_Call_incomplete_files W_Validate_application W_Call_incomplete_files 
W_Complete_application W_Call_after_offers 
W_Complete_application W_Call_after_offers W_Validate_application W_Call_incomplete_files 
W_Complete_application W_Call_after_offers W_Validate_application W_Call_incomplete_files W_Validate_application 
W_Complete_application W_Call_after_offers W_Validate_application W_Call_incomplete_files 
W_Complete_application W_Call_after_offers W_Validate_application W_Call_incomplete_files W_Validate_application 
W_Complete_application W_Call_after_offers W_Validate_application W_Call_incomplete_files W_Validate_application W_Call_incomplete_files W_Validate_application W_Call_incomplete_files W_Validate_application 
W_Handle_leads W_Complete_application W_Call_after_offers 
W_Complete_application W_Call_after_offers W_Validate_application W_Call_incomplete_files 
W_Call_after_offers W_Validate_application W_Call_incomplete_files 
W_Complete_application W_Call_after_offers W_Validate_application 
W_Complete_application W_Call_after_offers W_Validate_application W_Call_incomplete_files W_Validate_application W_Call_incomplete_files 
W_Complete_application W_Call_after_offers W_Validate_application W_Call_incomplete_files W_Validate_application W_Call_incomplete_files W_Validate_application W_Call_incomplete_files 
W_Complete_application W_Call_after_offers W_Validate_application 
W_Complete_application W_Call_after_offers W_Validate_application 
W_Complete_application W_Call_after_offers 
W_Complete_application W_Call_after_offers W_Validate_application W_Call_incomplete_files W_Validate_application 
W_Complete_application W_Call_after_offers W_Validate_application W_Call_incomplete_files W_Validate_application W_Call_incomplete_files W_Validate_application W_Validate_application 
W_Complete_application W_Call_after_offers W_Validate_application W_Call_incomplete_files W_Validate_application W_Call_incomplete_files 
W_Complete_application W_Call_after_offers W_Validate_application 
W_Complete_application W_Call_after_offers 
W_Complete_application W_Call_after_offers W_Validate_application W_Call_incomplete_files W_Validate_application 
W_Complete_application W_Call_after_offers W_Validate_application W_Call_incomplete_files 
W_Complete_application W_Call_after_offers W_Validate_application W_Call_incomplete_files W_Validate_application 
W_Complete_application W_Call_after_offers W_Validate_application W_Call_incomplete_files W_Validate_application 
W_Complete_application W_Call_after_offers W_Validate_application W_Call_incomplete_files W_Validate_application 
W_Complete_application W_Call_after_offers W_Validate_application W_Call_incomplete_files W_Validate_application W_Call_incomplete_files W_Validate_application W_Call_incomplete_files W_Validate_application 
W_Complete_application W_Call_after_offers W_Validate_application W_Call_incomplete_files 
W_Complete_application W_Call_after_offers W_Validate_application W_Call_incomplete_files W_Validate_application W_Call_incomplete_files 
W_Complete_application W_Call_after_offers 
W_Complete_application W_Call_after_offers W_Validate_application W_Call_incomplete_files W_Validate_application W_Call_incomplete_files 
W_Complete_application W_Call_after_offers 
W_Complete_application W_Call_after_offers W_Validate_application W_Call_incomplete_files W_Validate_application W_Call_incomplete_files W_Validate_application W_Call_incomplete_files W_Validate_application 
W_Call_after_offers 
W_Complete_application W_Call_after_offers W_Validate_application 
W_Complete_application W_Call_after_offers W_Validate_application W_Call_incomplete_files W_Validate_application W_Call_incomplete_files 
W_Complete_application W_Call_after_offers W_Validate_application W_Call_incomplete_files W_Validate_application 
W_Complete_application W_Call_after_offers W_Validate_application 
W_Handle_leads W_Complete_application W_Call_after_offers 
W_Handle_leads W_Complete_application W_Call_after_offers W_Validate_application 
W_Complete_application W_Call_after_offers W_Validate_application W_Call_incomplete_files W_Validate_application W_Call_incomplete_files 
W_Complete_application W_Call_after_offers W_Validate_application W_Call_incomplete_files 
W_Complete_application W_Call_after_offers W_Validate_application W_Call_incomplete_files W_Validate_application W_Call_incomplete_files 
W_Complete_application W_Call_after_offers 
W_Complete_application W_Call_after_offers W_Validate_application 
W_Complete_application W_Call_after_offers W_Validate_application W_Call_incomplete_files W_Validate_application 
W_Complete_application W_Call_after_offers W_Validate_application W_Call_incomplete_files W_Validate_application W_Call_incomplete_files 
W_Complete_application W_Call_after_offers W_Validate_application 
W_Complete_application W_Call_after_offers W_Validate_application W_Call_incomplete_files W_Validate_application W_Call_incomplete_files 
W_Complete_application W_Call_after_offers 
W_Complete_application W_Call_after_offers W_Validate_application W_Call_incomplete_files W_Validate_application 
W_Complete_application W_Call_after_offers 
W_Complete_application W_Call_after_offers W_Validate_application W_Call_incomplete_files W_Validate_application W_Call_incomplete_files 
W_Complete_application W_Call_after_offers W_Validate_application W_Call_incomplete_files W_Validate_application 
W_Complete_application W_Call_after_offers W_Validate_application W_Call_incomplete_files W_Call_incomplete_files W_Validate_application W_Call_incomplete_files W_Validate_application W_Call_incomplete_files W_Call_incomplete_files 
W_Complete_application W_Call_after_offers W_Validate_application W_Call_incomplete_files W_Validate_application 
W_Complete_application W_Call_after_offers 
W_Complete_application W_Call_after_offers W_Validate_application W_Call_incomplete_files W_Validate_application 
W_Complete_application W_Call_after_offers W_Validate_application W_Call_incomplete_files W_Validate_application W_Call_incomplete_files W_Validate_application W_Call_incomplete_files W_Validate_application 
W_Complete_application W_Call_after_offers 
W_Complete_application W_Call_after_offers 
W_Complete_application W_Call_after_offers 
W_Complete_application W_Call_after_offers 
W_Complete_application W_Call_after_offers W_Validate_application W_Call_incomplete_files W_Validate_application W_Call_incomplete_files 
W_Complete_application W_Call_after_offers W_Validate_application W_Call_incomplete_files W_Validate_application W_Call_incomplete_files W_Validate_application W_Call_incomplete_files W_Validate_application W_Call_incomplete_files W_Validate_application 
W_Complete_application W_Call_after_offers W_Validate_application W_Call_incomplete_files W_Validate_application W_Call_incomplete_files 
W_Complete_application W_Call_after_offers W_Validate_application W_Call_incomplete_files W_Validate_application W_Call_incomplete_files W_Validate_application 
W_Complete_application W_Call_after_offers W_Validate_application W_Call_incomplete_files W_Validate_application W_Call_incomplete_files 
W_Complete_application W_Call_after_offers W_Assess_potential_fraud 
W_Complete_application W_Call_after_offers W_Validate_application 
W_Complete_application W_Call_after_offers W_Validate_application W_Call_incomplete_files W_Validate_application W_Call_incomplete_files 
W_Handle_leads W_Complete_application W_Call_after_offers W_Validate_application W_Call_incomplete_files W_Validate_application W_Call_incomplete_files W_Validate_application W_Call_incomplete_files W_Validate_application W_Call_incomplete_files W_Validate_application W_Call_incomplete_files W_Validate_application 
W_Complete_application W_Call_after_offers W_Validate_application 
W_Complete_application W_Call_after_offers 
W_Complete_application W_Call_after_offers W_Validate_application W_Call_incomplete_files W_Validate_application 
W_Complete_application W_Call_after_offers W_Validate_application W_Call_incomplete_files 
W_Complete_application W_Call_after_offers 
W_Complete_application W_Call_after_offers W_Validate_application 
W_Complete_application W_Call_after_offers W_Validate_application W_Call_incomplete_files W_Validate_application 
W_Complete_application W_Call_after_offers W_Validate_application W_Call_incomplete_files W_Validate_application W_Call_incomplete_files W_Validate_application 
W_Complete_application W_Call_after_offers W_Validate_application W_Call_incomplete_files W_Validate_application W_Call_incomplete_files W_Validate_application W_Call_incomplete_files W_Validate_application 
W_Complete_application W_Call_after_offers W_Validate_application W_Call_incomplete_files 
W_Complete_application W_Call_after_offers W_Validate_application W_Call_incomplete_files W_Validate_application W_Call_incomplete_files W_Validate_application 
W_Complete_application W_Call_after_offers W_Validate_application W_Call_incomplete_files 
W_Complete_application W_Call_after_offers W_Validate_application W_Call_incomplete_files W_Validate_application W_Call_incomplete_files W_Validate_application W_Call_incomplete_files W_Validate_application 
W_Complete_application W_Call_after_offers W_Validate_application W_Call_incomplete_files W_Validate_application W_Call_incomplete_files W_Validate_application W_Call_incomplete_files W_Validate_application W_Call_incomplete_files 
W_Complete_application W_Call_after_offers 
W_Complete_application W_Call_after_offers W_Validate_application W_Call_incomplete_files 
W_Complete_application W_Call_after_offers W_Validate_application W_Call_incomplete_files W_Validate_application W_Call_incomplete_files 
W_Complete_application W_Call_after_offers W_Validate_application 
W_Complete_application W_Call_after_offers 
W_Complete_application W_Call_after_offers W_Validate_application 
W_Complete_application W_Call_after_offers W_Validate_application W_Call_incomplete_files 
W_Complete_application W_Call_after_offers W_Validate_application 
W_Complete_application W_Call_after_offers W_Validate_application W_Call_incomplete_files W_Validate_application 
W_Complete_application W_Call_after_offers W_Validate_application W_Call_incomplete_files W_Validate_application W_Call_incomplete_files 
W_Complete_application W_Call_after_offers W_Validate_application W_Call_incomplete_files W_Validate_application W_Call_incomplete_files 
W_Handle_leads W_Complete_application W_Call_after_offers 
W_Call_after_offers W_Validate_application W_Call_incomplete_files 
W_Complete_application W_Call_after_offers W_Validate_application W_Call_incomplete_files W_Validate_application 
W_Complete_application W_Call_after_offers W_Validate_application W_Call_incomplete_files W_Validate_application 
W_Complete_application W_Call_after_offers W_Validate_application W_Call_incomplete_files W_Validate_application W_Call_incomplete_files 
W_Call_after_offers W_Validate_application W_Call_incomplete_files 
W_Handle_leads W_Complete_application W_Call_after_offers W_Validate_application W_Call_incomplete_files W_Validate_application 
W_Complete_application W_Call_after_offers W_Validate_application W_Call_incomplete_files W_Validate_application W_Call_incomplete_files W_Validate_application W_Call_incomplete_files 
W_Complete_application W_Call_after_offers W_Validate_application W_Call_incomplete_files W_Validate_application W_Call_incomplete_files W_Validate_application W_Call_incomplete_files 
W_Complete_application W_Call_after_offers W_Validate_application W_Call_incomplete_files 
W_Complete_application W_Call_after_offers 
W_Complete_application W_Call_after_offers W_Validate_application W_Call_incomplete_files W_Validate_application 
W_Complete_application W_Call_after_offers W_Validate_application W_Call_incomplete_files 
W_Complete_application W_Call_after_offers W_Validate_application W_Call_incomplete_files 
W_Complete_application W_Call_after_offers 
W_Complete_application W_Call_after_offers W_Validate_application W_Call_incomplete_files W_Validate_application 
W_Complete_application W_Complete_application W_Call_after_offers W_Validate_application 
W_Complete_application W_Call_after_offers W_Validate_application 
W_Complete_application W_Call_after_offers 
W_Complete_application W_Call_after_offers W_Validate_application 
W_Complete_application W_Call_after_offers W_Validate_application W_Call_incomplete_files W_Validate_application W_Call_incomplete_files W_Validate_application W_Call_incomplete_files W_Validate_application W_Call_incomplete_files W_Validate_application W_Call_incomplete_files 
W_Complete_application W_Call_after_offers W_Validate_application W_Call_incomplete_files W_Validate_application W_Call_incomplete_files W_Validate_application W_Call_incomplete_files 
W_Complete_application W_Call_after_offers W_Validate_application W_Call_incomplete_files W_Validate_application W_Call_incomplete_files W_Validate_application W_Call_incomplete_files 
W_Complete_application W_Call_after_offers W_Validate_application W_Call_incomplete_files W_Validate_application W_Call_incomplete_files W_Validate_application W_Call_incomplete_files W_Validate_application W_Call_incomplete_files W_Validate_application 
W_Complete_application W_Call_after_offers 
W_Complete_application W_Call_after_offers W_Validate_application W_Call_incomplete_files W_Validate_application 
W_Complete_application W_Call_after_offers W_Validate_application W_Call_incomplete_files W_Validate_application 
W_Complete_application W_Call_after_offers 
W_Complete_application W_Call_after_offers 
W_Complete_application W_Call_after_offers 
W_Complete_application W_Call_after_offers W_Validate_application W_Call_incomplete_files W_Validate_application W_Call_incomplete_files 
W_Complete_application W_Call_after_offers 
W_Complete_application W_Call_after_offers W_Validate_application W_Call_incomplete_files W_Validate_application 
W_Complete_application W_Call_after_offers W_Validate_application W_Call_incomplete_files W_Validate_application 
W_Handle_leads W_Complete_application W_Call_after_offers 
W_Complete_application W_Call_after_offers W_Validate_application W_Call_incomplete_files 
W_Complete_application W_Call_after_offers W_Validate_application W_Call_incomplete_files W_Validate_application W_Call_incomplete_files W_Validate_application W_Call_incomplete_files W_Validate_application W_Call_incomplete_files 
W_Complete_application W_Call_after_offers 
W_Complete_application W_Call_after_offers 
W_Call_after_offers W_Validate_application W_Call_incomplete_files W_Validate_application 
W_Complete_application W_Call_after_offers W_Validate_application W_Call_incomplete_files W_Validate_application W_Call_incomplete_files 
W_Complete_application W_Call_after_offers W_Validate_application 
W_Complete_application W_Call_after_offers 
W_Complete_application W_Call_after_offers W_Validate_application W_Call_incomplete_files W_Validate_application 
W_Complete_application 
W_Handle_leads W_Complete_application W_Call_after_offers 
W_Complete_application W_Call_after_offers W_Validate_application W_Call_incomplete_files W_Validate_application 
W_Complete_application W_Call_after_offers 
W_Complete_application W_Call_after_offers W_Validate_application 
W_Complete_application W_Call_after_offers 
W_Handle_leads W_Complete_application W_Call_after_offers W_Validate_application W_Call_incomplete_files W_Validate_application W_Call_incomplete_files W_Validate_application W_Call_incomplete_files 
W_Complete_application W_Call_after_offers W_Validate_application W_Call_incomplete_files W_Validate_application 
W_Complete_application W_Call_after_offers W_Validate_application W_Call_incomplete_files 
W_Complete_application W_Call_after_offers W_Validate_application W_Call_incomplete_files 
W_Handle_leads W_Complete_application W_Call_after_offers W_Call_after_offers W_Validate_application 
W_Handle_leads W_Complete_application W_Call_after_offers W_Validate_application 
W_Handle_leads W_Complete_application W_Call_after_offers 
W_Complete_application W_Call_after_offers W_Validate_application W_Call_incomplete_files W_Validate_application W_Call_incomplete_files 
W_Complete_application W_Call_after_offers W_Validate_application W_Call_incomplete_files W_Validate_application W_Call_incomplete_files W_Validate_application 
W_Complete_application W_Call_after_offers W_Validate_application W_Call_incomplete_files 
W_Complete_application W_Call_after_offers W_Validate_application W_Call_incomplete_files W_Validate_application 
W_Complete_application W_Call_after_offers W_Validate_application W_Call_incomplete_files W_Validate_application W_Call_incomplete_files W_Validate_application W_Call_incomplete_files W_Validate_application 
W_Complete_application W_Call_after_offers W_Validate_application W_Call_incomplete_files W_Validate_application W_Call_incomplete_files 
W_Complete_application 
W_Complete_application W_Call_after_offers W_Validate_application 
W_Complete_application W_Call_after_offers 
W_Complete_application W_Complete_application W_Complete_application W_Call_after_offers W_Validate_application W_Call_incomplete_files 
W_Complete_application W_Call_after_offers W_Validate_application 
W_Complete_application W_Call_after_offers W_Validate_application W_Call_incomplete_files W_Validate_application 
W_Complete_application W_Call_after_offers W_Validate_application 
W_Complete_application W_Call_after_offers W_Validate_application 
W_Handle_leads W_Complete_application W_Call_after_offers 
W_Complete_application W_Call_after_offers 
W_Complete_application W_Call_after_offers 
W_Handle_leads W_Complete_application W_Call_after_offers W_Validate_application W_Call_incomplete_files 
W_Complete_application W_Call_after_offers 
W_Complete_application W_Call_after_offers W_Validate_application W_Assess_potential_fraud 
W_Complete_application W_Call_after_offers 
W_Handle_leads W_Complete_application W_Call_after_offers 
W_Complete_application W_Call_after_offers W_Validate_application W_Call_incomplete_files 
W_Complete_application W_Call_after_offers W_Validate_application W_Call_incomplete_files 
W_Complete_application W_Call_after_offers 
W_Complete_application W_Call_after_offers 
W_Complete_application W_Call_after_offers 
W_Complete_application W_Call_after_offers W_Validate_application W_Call_incomplete_files 
W_Complete_application W_Call_after_offers W_Validate_application W_Call_incomplete_files W_Validate_application 
W_Complete_application W_Call_after_offers 
W_Handle_leads W_Complete_application W_Call_after_offers W_Validate_application W_Call_incomplete_files 
W_Complete_application W_Call_after_offers 
W_Complete_application W_Call_after_offers W_Validate_application W_Call_incomplete_files W_Validate_application 
W_Complete_application W_Call_after_offers W_Call_after_offers W_Validate_application W_Call_incomplete_files W_Validate_application W_Call_incomplete_files W_Validate_application 
W_Complete_application W_Call_after_offers W_Validate_application W_Call_incomplete_files 
W_Complete_application W_Call_after_offers W_Validate_application W_Call_incomplete_files W_Validate_application 
W_Handle_leads W_Complete_application W_Call_after_offers 
W_Complete_application W_Call_after_offers 
W_Complete_application W_Call_after_offers W_Validate_application W_Call_incomplete_files W_Validate_application W_Call_incomplete_files 
W_Complete_application W_Call_after_offers W_Validate_application W_Call_incomplete_files W_Validate_application W_Call_incomplete_files 
W_Handle_leads W_Complete_application 
W_Complete_application W_Call_after_offers W_Validate_application 
W_Complete_application W_Call_after_offers W_Validate_application W_Call_incomplete_files W_Validate_application W_Call_incomplete_files W_Validate_application 
W_Handle_leads W_Complete_application W_Call_after_offers W_Validate_application W_Call_incomplete_files W_Validate_application W_Call_incomplete_files W_Validate_application 
W_Handle_leads W_Complete_application W_Call_after_offers W_Validate_application W_Call_incomplete_files W_Validate_application W_Call_incomplete_files W_Validate_application W_Call_incomplete_files 
W_Complete_application W_Call_after_offers W_Validate_application W_Call_incomplete_files 
W_Complete_application W_Call_after_offers W_Validate_application W_Call_incomplete_files W_Validate_application W_Call_incomplete_files 
W_Complete_application W_Call_after_offers 
W_Complete_application W_Call_after_offers W_Validate_application 
W_Complete_application W_Call_after_offers W_Validate_application 
W_Complete_application W_Call_after_offers W_Validate_application W_Call_incomplete_files 
W_Complete_application W_Call_after_offers 
W_Complete_application W_Call_after_offers 
W_Complete_application W_Call_after_offers W_Validate_application W_Call_incomplete_files W_Validate_application W_Call_incomplete_files W_Validate_application W_Call_incomplete_files 
W_Call_after_offers W_Validate_application W_Call_incomplete_files 
W_Complete_application W_Call_after_offers W_Validate_application W_Call_incomplete_files 
W_Handle_leads W_Complete_application W_Call_after_offers W_Validate_application W_Call_incomplete_files W_Validate_application W_Call_incomplete_files W_Validate_application W_Call_incomplete_files W_Validate_application 
W_Complete_application W_Call_after_offers 
W_Complete_application W_Call_after_offers W_Validate_application W_Call_incomplete_files 
W_Handle_leads W_Complete_application W_Call_after_offers W_Validate_application W_Call_incomplete_files 
W_Handle_leads W_Complete_application W_Call_after_offers 
W_Complete_application W_Call_after_offers W_Validate_application W_Call_incomplete_files W_Validate_application W_Call_incomplete_files W_Validate_application W_Call_incomplete_files W_Validate_application 
W_Complete_application W_Call_after_offers 
W_Complete_application W_Call_after_offers W_Validate_application W_Call_incomplete_files W_Validate_application W_Call_incomplete_files 
W_Handle_leads W_Complete_application W_Call_after_offers W_Validate_application 
W_Complete_application W_Call_after_offers 
W_Handle_leads W_Complete_application W_Call_after_offers W_Validate_application 
W_Complete_application W_Call_after_offers W_Validate_application W_Call_incomplete_files 
W_Complete_application W_Call_after_offers W_Validate_application W_Call_incomplete_files 
W_Handle_leads W_Complete_application W_Call_after_offers W_Validate_application W_Call_incomplete_files 
W_Complete_application W_Call_after_offers 
W_Complete_application W_Call_after_offers W_Validate_application 
W_Call_after_offers 
W_Complete_application W_Call_after_offers W_Validate_application W_Assess_potential_fraud 
W_Call_after_offers 
W_Complete_application W_Call_after_offers W_Validate_application W_Call_incomplete_files W_Validate_application 
W_Complete_application W_Call_after_offers W_Validate_application W_Call_incomplete_files W_Validate_application W_Call_incomplete_files 
W_Complete_application 
W_Complete_application W_Call_after_offers W_Validate_application W_Call_incomplete_files W_Validate_application W_Call_incomplete_files 
W_Complete_application W_Call_after_offers W_Validate_application 
W_Complete_application W_Call_after_offers 
W_Complete_application W_Call_after_offers W_Validate_application 
W_Complete_application W_Call_after_offers 
W_Complete_application W_Call_after_offers W_Validate_application 
W_Complete_application W_Call_after_offers W_Validate_application W_Call_incomplete_files 
W_Complete_application W_Call_after_offers W_Validate_application W_Call_incomplete_files W_Validate_application W_Call_incomplete_files W_Validate_application W_Call_incomplete_files 
W_Complete_application W_Call_after_offers W_Validate_application W_Call_incomplete_files W_Validate_application W_Call_incomplete_files W_Validate_application 
W_Complete_application W_Call_after_offers 
W_Complete_application W_Call_after_offers W_Validate_application 
W_Handle_leads W_Complete_application W_Call_after_offers W_Validate_application W_Call_incomplete_files W_Validate_application W_Call_incomplete_files W_Validate_application W_Call_incomplete_files W_Validate_application 
W_Complete_application W_Call_after_offers 
W_Complete_application W_Call_after_offers W_Validate_application 
W_Complete_application W_Call_after_offers W_Validate_application 
W_Complete_application W_Call_after_offers W_Validate_application W_Call_incomplete_files W_Validate_application W_Call_incomplete_files 
W_Complete_application W_Call_after_offers W_Validate_application W_Call_incomplete_files W_Validate_application W_Call_incomplete_files 
W_Complete_application W_Call_after_offers W_Validate_application W_Call_incomplete_files W_Validate_application 
W_Complete_application W_Call_after_offers 
W_Handle_leads W_Complete_application W_Call_after_offers W_Validate_application W_Call_incomplete_files 
W_Complete_application W_Call_after_offers W_Validate_application W_Call_incomplete_files W_Validate_application W_Call_incomplete_files W_Validate_application W_Call_incomplete_files 
W_Complete_application W_Call_after_offers W_Validate_application 
W_Complete_application W_Call_after_offers 
W_Complete_application W_Call_after_offers W_Validate_application W_Call_incomplete_files W_Validate_application W_Call_incomplete_files W_Validate_application W_Call_incomplete_files W_Validate_application 
W_Complete_application W_Call_after_offers W_Validate_application 
W_Complete_application W_Call_after_offers 
W_Complete_application W_Call_after_offers 
W_Complete_application W_Call_after_offers W_Validate_application 
W_Complete_application W_Call_after_offers W_Validate_application W_Call_incomplete_files W_Validate_application W_Call_incomplete_files 
W_Complete_application W_Call_after_offers W_Validate_application 
W_Complete_application W_Call_after_offers W_Validate_application W_Call_incomplete_files W_Validate_application W_Call_incomplete_files W_Validate_application W_Call_incomplete_files W_Validate_application W_Call_incomplete_files 
W_Complete_application W_Call_after_offers W_Validate_application 
W_Complete_application W_Call_after_offers W_Validate_application W_Call_incomplete_files W_Validate_application W_Call_incomplete_files W_Validate_application W_Call_incomplete_files 
W_Complete_application W_Call_after_offers 
W_Complete_application W_Call_after_offers W_Validate_application W_Call_incomplete_files W_Validate_application 
W_Complete_application W_Call_after_offers W_Validate_application 
W_Complete_application W_Call_after_offers 
W_Complete_application W_Call_after_offers W_Validate_application 
W_Complete_application W_Call_after_offers W_Validate_application W_Call_incomplete_files W_Validate_application 
W_Handle_leads W_Complete_application W_Call_after_offers 
W_Call_after_offers W_Validate_application 
W_Complete_application W_Call_after_offers W_Validate_application W_Call_incomplete_files 
W_Complete_application W_Call_after_offers W_Validate_application W_Call_incomplete_files W_Validate_application W_Call_incomplete_files W_Validate_application W_Call_incomplete_files W_Validate_application 
W_Call_after_offers W_Validate_application W_Call_incomplete_files W_Validate_application W_Call_incomplete_files 
W_Complete_application W_Call_after_offers W_Validate_application W_Call_incomplete_files 
W_Complete_application W_Call_after_offers 
W_Complete_application W_Call_after_offers W_Validate_application W_Call_incomplete_files W_Validate_application 
W_Complete_application W_Call_after_offers W_Validate_application W_Call_incomplete_files W_Validate_application 
W_Complete_application W_Call_after_offers 
W_Complete_application W_Call_after_offers 
W_Complete_application W_Call_after_offers 
W_Complete_application W_Call_after_offers W_Validate_application W_Call_incomplete_files 
W_Complete_application W_Call_after_offers 
W_Complete_application W_Call_after_offers 
W_Complete_application W_Call_after_offers W_Validate_application W_Call_incomplete_files W_Validate_application 
W_Call_after_offers 
W_Complete_application W_Call_after_offers W_Validate_application W_Call_incomplete_files 
W_Complete_application W_Call_after_offers W_Validate_application W_Call_incomplete_files W_Validate_application W_Call_incomplete_files W_Validate_application W_Call_incomplete_files 
W_Complete_application W_Call_after_offers W_Validate_application 
W_Handle_leads W_Complete_application W_Call_after_offers W_Validate_application 
W_Complete_application W_Call_after_offers W_Validate_application 
W_Complete_application W_Call_after_offers W_Validate_application W_Call_incomplete_files W_Validate_application 
W_Complete_application W_Call_after_offers W_Validate_application 
W_Complete_application W_Call_after_offers W_Validate_application W_Call_incomplete_files W_Validate_application W_Call_incomplete_files W_Validate_application 
W_Complete_application W_Call_after_offers W_Validate_application 
W_Complete_application W_Call_after_offers W_Validate_application 
W_Complete_application W_Call_after_offers W_Validate_application 
W_Complete_application W_Call_after_offers W_Validate_application 
W_Complete_application W_Call_after_offers W_Validate_application W_Call_incomplete_files W_Validate_application W_Call_incomplete_files W_Validate_application W_Call_incomplete_files W_Validate_application W_Call_incomplete_files W_Validate_application 
W_Complete_application W_Call_after_offers W_Validate_application W_Call_incomplete_files W_Validate_application W_Call_incomplete_files W_Validate_application W_Call_incomplete_files W_Validate_application 
W_Complete_application W_Call_after_offers W_Validate_application W_Call_incomplete_files W_Validate_application W_Call_incomplete_files W_Validate_application W_Call_incomplete_files W_Validate_application 
W_Complete_application W_Call_after_offers W_Validate_application W_Call_incomplete_files W_Validate_application W_Call_incomplete_files 
W_Handle_leads W_Complete_application W_Call_after_offers 
W_Complete_application W_Call_after_offers 
W_Complete_application W_Call_after_offers W_Validate_application 
W_Complete_application W_Call_after_offers W_Validate_application W_Call_incomplete_files W_Validate_application 
W_Call_after_offers W_Validate_application W_Call_incomplete_files 
W_Complete_application W_Call_after_offers W_Validate_application W_Call_incomplete_files 
W_Complete_application W_Call_after_offers 
W_Complete_application W_Call_after_offers 
W_Handle_leads W_Complete_application W_Call_after_offers W_Validate_application W_Call_incomplete_files W_Validate_application W_Call_incomplete_files 
W_Complete_application W_Call_after_offers W_Validate_application W_Call_incomplete_files 
W_Complete_application W_Call_after_offers 
W_Complete_application W_Call_after_offers 
W_Complete_application W_Call_after_offers W_Validate_application W_Call_incomplete_files 
W_Complete_application W_Call_after_offers W_Validate_application W_Call_incomplete_files W_Validate_application 
W_Complete_application W_Call_after_offers W_Validate_application W_Call_incomplete_files W_Validate_application W_Call_incomplete_files 
W_Handle_leads W_Complete_application W_Call_after_offers 
W_Complete_application W_Call_after_offers W_Validate_application W_Call_incomplete_files 
W_Complete_application W_Call_after_offers 
W_Complete_application W_Call_after_offers W_Validate_application W_Call_incomplete_files 
W_Complete_application W_Call_after_offers W_Validate_application W_Call_incomplete_files W_Validate_application 
W_Complete_application W_Call_after_offers 
W_Complete_application W_Call_after_offers 
W_Complete_application W_Call_after_offers 
W_Complete_application W_Call_after_offers W_Validate_application 
W_Complete_application W_Call_after_offers 
W_Complete_application W_Call_after_offers 
W_Complete_application W_Call_after_offers W_Validate_application W_Call_incomplete_files W_Validate_application W_Call_incomplete_files W_Validate_application W_Call_incomplete_files W_Validate_application 
W_Complete_application W_Call_after_offers W_Validate_application W_Call_incomplete_files W_Validate_application W_Call_incomplete_files W_Validate_application W_Call_incomplete_files W_Validate_application W_Call_incomplete_files 
W_Complete_application W_Call_after_offers W_Validate_application W_Call_incomplete_files W_Validate_application W_Call_incomplete_files W_Validate_application W_Call_incomplete_files W_Validate_application 
W_Handle_leads W_Complete_application W_Call_after_offers 
W_Call_after_offers W_Validate_application W_Call_incomplete_files 
W_Handle_leads W_Complete_application W_Call_after_offers W_Validate_application W_Call_incomplete_files W_Validate_application 
W_Complete_application W_Call_after_offers W_Validate_application W_Call_incomplete_files W_Validate_application W_Call_incomplete_files W_Validate_application W_Call_incomplete_files W_Validate_application 
W_Complete_application W_Call_after_offers W_Validate_application W_Call_incomplete_files W_Validate_application 
W_Complete_application W_Assess_potential_fraud W_Complete_application W_Call_after_offers W_Assess_potential_fraud 
W_Complete_application W_Call_after_offers W_Validate_application W_Call_incomplete_files W_Validate_application 
W_Complete_application 
W_Complete_application W_Call_after_offers W_Validate_application W_Call_incomplete_files 
W_Complete_application W_Call_after_offers W_Validate_application W_Call_incomplete_files W_Validate_application W_Call_incomplete_files W_Validate_application W_Call_incomplete_files W_Validate_application 
W_Complete_application W_Call_after_offers 
W_Handle_leads W_Complete_application W_Call_after_offers W_Validate_application W_Call_incomplete_files W_Validate_application W_Call_incomplete_files 
W_Complete_application W_Call_after_offers W_Validate_application W_Call_incomplete_files W_Validate_application 
W_Complete_application W_Call_after_offers W_Validate_application W_Call_incomplete_files W_Validate_application W_Call_incomplete_files W_Validate_application 
W_Complete_application W_Call_after_offers W_Validate_application W_Call_incomplete_files W_Validate_application 
W_Complete_application W_Call_after_offers W_Validate_application 
W_Complete_application W_Call_after_offers 
W_Complete_application W_Call_after_offers W_Validate_application 
W_Complete_application W_Call_after_offers W_Validate_application W_Call_incomplete_files W_Validate_application 
W_Complete_application W_Call_after_offers 
W_Complete_application W_Call_after_offers W_Validate_application W_Call_incomplete_files W_Validate_application W_Call_incomplete_files 
W_Handle_leads W_Complete_application W_Call_after_offers W_Validate_application W_Call_incomplete_files W_Validate_application 
W_Complete_application W_Call_after_offers W_Validate_application W_Call_incomplete_files 
W_Complete_application W_Call_after_offers W_Validate_application W_Call_incomplete_files W_Validate_application W_Call_incomplete_files 
W_Complete_application W_Call_after_offers W_Validate_application W_Call_incomplete_files W_Validate_application 
W_Complete_application W_Call_after_offers W_Validate_application W_Call_incomplete_files W_Validate_application W_Call_incomplete_files W_Validate_application 
W_Complete_application W_Call_after_offers W_Validate_application W_Call_incomplete_files 
W_Complete_application W_Call_after_offers W_Validate_application 
W_Complete_application W_Call_after_offers W_Validate_application W_Call_incomplete_files W_Validate_application 
W_Complete_application W_Call_after_offers W_Validate_application W_Call_incomplete_files W_Validate_application 
W_Complete_application W_Call_after_offers W_Validate_application W_Call_incomplete_files W_Validate_application W_Call_incomplete_files W_Validate_application 
W_Complete_application W_Call_after_offers W_Validate_application W_Call_incomplete_files W_Validate_application 
W_Complete_application W_Call_after_offers 
W_Complete_application W_Call_after_offers W_Validate_application 
W_Complete_application W_Call_after_offers 
W_Handle_leads W_Complete_application W_Call_after_offers W_Validate_application 
W_Complete_application W_Call_after_offers W_Validate_application W_Call_incomplete_files W_Validate_application 
W_Complete_application W_Call_after_offers W_Validate_application W_Call_incomplete_files W_Validate_application W_Call_incomplete_files 
W_Complete_application W_Call_after_offers 
W_Handle_leads W_Complete_application W_Call_after_offers 
W_Complete_application W_Call_after_offers W_Validate_application W_Call_incomplete_files W_Validate_application 
W_Complete_application W_Call_after_offers W_Validate_application W_Call_incomplete_files 
W_Complete_application W_Call_after_offers W_Validate_application W_Call_incomplete_files W_Validate_application W_Call_incomplete_files 
W_Complete_application W_Call_after_offers W_Validate_application W_Call_incomplete_files 
W_Complete_application W_Call_after_offers W_Validate_application W_Call_incomplete_files W_Validate_application W_Call_incomplete_files W_Validate_application 
W_Complete_application W_Call_after_offers W_Validate_application W_Call_incomplete_files W_Validate_application 
W_Complete_application W_Call_after_offers W_Validate_application W_Call_incomplete_files W_Validate_application W_Call_incomplete_files W_Validate_application 
W_Complete_application W_Call_after_offers 
W_Complete_application W_Call_after_offers W_Validate_application 
W_Call_after_offers 
W_Complete_application W_Call_after_offers 
W_Complete_application W_Call_after_offers W_Validate_application W_Call_incomplete_files W_Validate_application W_Call_incomplete_files W_Validate_application W_Call_incomplete_files W_Validate_application W_Call_incomplete_files 
W_Complete_application W_Call_after_offers 
W_Complete_application W_Call_after_offers W_Validate_application W_Call_incomplete_files W_Validate_application W_Call_incomplete_files W_Validate_application W_Call_incomplete_files 
W_Complete_application W_Call_after_offers W_Validate_application 
W_Complete_application W_Call_after_offers W_Validate_application W_Call_incomplete_files W_Validate_application W_Assess_potential_fraud W_Validate_application W_Call_incomplete_files W_Validate_application W_Call_incomplete_files W_Validate_application W_Call_incomplete_files 
W_Complete_application W_Call_after_offers W_Validate_application 
W_Complete_application W_Call_after_offers W_Validate_application 
W_Handle_leads W_Complete_application W_Call_after_offers W_Validate_application 
W_Complete_application W_Call_after_offers 
W_Call_after_offers W_Validate_application W_Call_incomplete_files W_Validate_application 
W_Complete_application W_Call_after_offers 
W_Complete_application W_Call_after_offers W_Validate_application W_Call_incomplete_files W_Validate_application 
W_Complete_application W_Call_after_offers W_Validate_application W_Call_incomplete_files 
W_Complete_application W_Call_after_offers W_Validate_application W_Call_incomplete_files W_Validate_application 
W_Complete_application W_Call_after_offers W_Validate_application W_Call_incomplete_files W_Validate_application 
W_Complete_application W_Call_after_offers 
W_Complete_application W_Call_after_offers W_Validate_application W_Assess_potential_fraud W_Validate_application 
W_Complete_application W_Call_after_offers W_Validate_application W_Call_incomplete_files 
W_Complete_application W_Call_after_offers W_Validate_application 
W_Complete_application W_Call_after_offers 
W_Complete_application W_Call_after_offers W_Validate_application W_Call_incomplete_files W_Validate_application W_Call_incomplete_files W_Validate_application 
W_Complete_application W_Call_after_offers W_Validate_application W_Call_incomplete_files W_Validate_application 
W_Complete_application W_Call_after_offers W_Validate_application W_Call_incomplete_files 
W_Complete_application W_Call_after_offers W_Validate_application W_Call_incomplete_files W_Validate_application 
W_Complete_application W_Call_after_offers W_Validate_application W_Call_incomplete_files W_Validate_application 
W_Call_after_offers 
W_Complete_application W_Call_after_offers W_Validate_application W_Call_incomplete_files W_Validate_application W_Call_incomplete_files 
W_Complete_application W_Call_after_offers W_Validate_application W_Call_incomplete_files W_Validate_application W_Call_incomplete_files W_Validate_application W_Call_incomplete_files 
W_Call_after_offers 
W_Complete_application W_Call_after_offers 
W_Call_after_offers W_Validate_application W_Call_incomplete_files W_Validate_application W_Call_incomplete_files W_Validate_application W_Call_incomplete_files W_Validate_application W_Call_incomplete_files W_Validate_application 
W_Complete_application W_Call_after_offers 
W_Complete_application W_Call_after_offers W_Validate_application 
W_Complete_application W_Call_after_offers 
W_Complete_application W_Call_after_offers W_Validate_application W_Call_incomplete_files W_Validate_application W_Call_incomplete_files 
W_Complete_application W_Call_after_offers W_Validate_application W_Call_incomplete_files W_Validate_application 
W_Handle_leads W_Complete_application W_Call_after_offers W_Validate_application W_Call_incomplete_files W_Validate_application W_Call_incomplete_files 
W_Handle_leads W_Complete_application W_Call_after_offers 
W_Complete_application W_Call_after_offers W_Validate_application W_Call_incomplete_files W_Validate_application 
W_Complete_application W_Call_after_offers W_Validate_application 
W_Complete_application W_Call_after_offers 
W_Complete_application W_Call_after_offers W_Validate_application W_Call_incomplete_files W_Validate_application W_Call_incomplete_files 
W_Complete_application W_Call_after_offers W_Call_after_offers W_Validate_application W_Call_incomplete_files W_Validate_application 
W_Complete_application W_Call_after_offers W_Validate_application W_Call_incomplete_files W_Validate_application W_Call_incomplete_files 
W_Complete_application W_Call_after_offers 
W_Complete_application W_Call_after_offers W_Validate_application W_Call_incomplete_files W_Validate_application W_Call_incomplete_files W_Validate_application W_Call_incomplete_files 
W_Complete_application W_Call_after_offers 
W_Complete_application W_Call_after_offers W_Validate_application W_Call_incomplete_files 
W_Complete_application W_Call_after_offers W_Validate_application W_Call_incomplete_files 
W_Complete_application W_Call_after_offers W_Validate_application 
W_Handle_leads W_Complete_application W_Call_after_offers 
W_Complete_application W_Call_after_offers 
W_Complete_application W_Call_after_offers W_Validate_application W_Call_incomplete_files W_Validate_application W_Call_incomplete_files W_Validate_application 
W_Complete_application W_Call_after_offers W_Validate_application W_Call_incomplete_files W_Validate_application W_Call_incomplete_files 
W_Complete_application W_Call_after_offers W_Validate_application W_Call_incomplete_files W_Validate_application W_Call_incomplete_files W_Validate_application 
W_Complete_application W_Call_after_offers 
W_Complete_application W_Call_after_offers W_Validate_application W_Call_incomplete_files W_Validate_application W_Call_incomplete_files W_Validate_application 
W_Handle_leads W_Complete_application W_Call_after_offers W_Validate_application 
W_Complete_application W_Call_after_offers W_Validate_application W_Call_incomplete_files W_Validate_application W_Call_incomplete_files 
W_Complete_application W_Call_after_offers W_Validate_application W_Call_incomplete_files W_Validate_application W_Call_incomplete_files W_Validate_application 
W_Complete_application W_Call_after_offers W_Validate_application 
W_Handle_leads W_Complete_application W_Call_after_offers 
W_Handle_leads W_Complete_application W_Call_after_offers W_Validate_application 
W_Complete_application W_Call_after_offers W_Validate_application W_Call_incomplete_files W_Validate_application W_Call_incomplete_files 
W_Complete_application W_Call_after_offers 
W_Complete_application W_Call_after_offers 
W_Complete_application W_Call_after_offers 
W_Complete_application W_Call_after_offers W_Validate_application W_Call_incomplete_files 
W_Complete_application W_Call_after_offers W_Validate_application W_Call_incomplete_files 
W_Complete_application W_Call_after_offers 
W_Complete_application W_Call_after_offers W_Validate_application W_Call_incomplete_files W_Validate_application 
W_Complete_application W_Call_after_offers 
W_Complete_application W_Call_after_offers W_Validate_application 
W_Complete_application W_Call_after_offers W_Validate_application W_Call_incomplete_files W_Validate_application W_Call_incomplete_files W_Validate_application 
W_Complete_application W_Call_after_offers W_Validate_application 
W_Complete_application W_Call_after_offers 
W_Complete_application W_Call_after_offers W_Validate_application 
W_Complete_application W_Call_after_offers W_Validate_application W_Call_incomplete_files W_Validate_application W_Call_incomplete_files W_Validate_application 
W_Complete_application W_Call_after_offers W_Validate_application W_Call_incomplete_files W_Validate_application W_Call_incomplete_files W_Validate_application 
W_Complete_application W_Call_after_offers W_Validate_application W_Call_incomplete_files W_Validate_application 
W_Complete_application W_Call_after_offers W_Validate_application 
W_Complete_application W_Call_after_offers 
W_Complete_application W_Call_after_offers W_Validate_application W_Call_incomplete_files 
W_Complete_application W_Call_after_offers 
W_Complete_application W_Call_after_offers W_Validate_application W_Call_incomplete_files W_Validate_application 
W_Complete_application W_Call_after_offers W_Validate_application W_Call_incomplete_files 
W_Complete_application W_Call_after_offers W_Validate_application W_Call_incomplete_files W_Validate_application 
W_Complete_application W_Call_after_offers W_Validate_application W_Call_incomplete_files W_Validate_application W_Call_incomplete_files 
W_Complete_application W_Call_after_offers 
W_Complete_application W_Call_after_offers W_Validate_application W_Call_incomplete_files W_Validate_application W_Call_incomplete_files W_Validate_application W_Call_incomplete_files 
W_Complete_application W_Call_after_offers 
W_Complete_application W_Call_after_offers 
W_Complete_application W_Call_after_offers W_Validate_application 
W_Complete_application W_Call_after_offers W_Validate_application W_Call_incomplete_files W_Validate_application 
W_Complete_application W_Call_after_offers W_Validate_application W_Call_incomplete_files 
W_Complete_application W_Call_after_offers W_Validate_application W_Call_incomplete_files 
W_Complete_application W_Call_after_offers W_Validate_application W_Call_incomplete_files W_Validate_application 
W_Complete_application W_Call_after_offers W_Validate_application W_Call_incomplete_files W_Validate_application 
W_Complete_application W_Call_after_offers 
W_Complete_application W_Call_after_offers W_Validate_application W_Call_incomplete_files W_Validate_application W_Call_incomplete_files W_Validate_application W_Call_incomplete_files 
W_Complete_application W_Call_after_offers 
W_Complete_application W_Call_after_offers 
W_Complete_application W_Call_after_offers W_Validate_application 
W_Complete_application W_Call_after_offers W_Validate_application W_Call_incomplete_files W_Validate_application 
W_Complete_application W_Call_after_offers W_Call_after_offers W_Validate_application W_Call_incomplete_files W_Validate_application W_Call_incomplete_files 
W_Handle_leads W_Complete_application W_Call_after_offers W_Validate_application W_Call_incomplete_files 
W_Complete_application W_Call_after_offers W_Validate_application W_Call_incomplete_files 
W_Complete_application W_Call_after_offers W_Validate_application W_Call_incomplete_files W_Validate_application W_Call_incomplete_files W_Validate_application W_Call_incomplete_files W_Validate_application W_Call_incomplete_files W_Validate_application 
W_Complete_application W_Call_after_offers 
W_Complete_application W_Call_after_offers W_Validate_application W_Call_incomplete_files W_Validate_application W_Call_incomplete_files 
W_Complete_application W_Call_after_offers 
W_Complete_application W_Call_after_offers W_Validate_application W_Call_incomplete_files W_Validate_application 
W_Complete_application W_Call_after_offers 
W_Complete_application W_Call_after_offers 
W_Complete_application W_Call_after_offers 
W_Complete_application W_Call_after_offers 
W_Complete_application W_Call_after_offers 
W_Complete_application W_Call_after_offers W_Validate_application W_Call_incomplete_files W_Validate_application W_Call_incomplete_files W_Validate_application W_Call_incomplete_files W_Validate_application W_Call_incomplete_files W_Validate_application 
W_Complete_application W_Call_after_offers W_Validate_application 
W_Complete_application W_Call_after_offers W_Validate_application W_Call_incomplete_files W_Validate_application 
W_Complete_application W_Call_after_offers 
W_Complete_application W_Call_after_offers W_Validate_application W_Call_incomplete_files W_Validate_application W_Call_incomplete_files 
W_Complete_application W_Call_after_offers W_Validate_application W_Call_incomplete_files W_Validate_application W_Call_incomplete_files 
W_Complete_application W_Call_after_offers 
W_Complete_application W_Call_after_offers W_Validate_application W_Call_incomplete_files W_Validate_application W_Call_incomplete_files 
W_Complete_application W_Call_after_offers W_Validate_application W_Call_incomplete_files 
W_Complete_application W_Call_after_offers W_Validate_application W_Call_incomplete_files W_Validate_application W_Call_incomplete_files 
W_Complete_application W_Call_after_offers W_Validate_application 
W_Complete_application W_Call_after_offers W_Validate_application W_Call_incomplete_files W_Validate_application 
W_Complete_application W_Call_after_offers 
W_Complete_application W_Call_after_offers W_Validate_application W_Call_incomplete_files 
W_Complete_application W_Call_after_offers 
W_Complete_application W_Call_after_offers W_Validate_application W_Call_incomplete_files 
W_Complete_application W_Call_after_offers 
W_Complete_application W_Call_after_offers W_Validate_application W_Call_incomplete_files W_Validate_application W_Call_incomplete_files W_Validate_application 
W_Complete_application W_Call_after_offers W_Validate_application W_Call_incomplete_files W_Validate_application 
W_Complete_application W_Call_after_offers 
W_Complete_application W_Call_after_offers 
W_Complete_application W_Call_after_offers W_Validate_application W_Call_incomplete_files W_Validate_application W_Call_incomplete_files W_Validate_application W_Call_incomplete_files W_Validate_application 
W_Complete_application W_Call_after_offers 
W_Complete_application W_Call_after_offers W_Validate_application W_Call_incomplete_files W_Validate_application 
W_Call_after_offers W_Validate_application W_Call_incomplete_files W_Validate_application 
W_Complete_application W_Call_after_offers W_Validate_application W_Call_incomplete_files W_Validate_application W_Call_incomplete_files 
W_Complete_application W_Call_after_offers W_Validate_application W_Call_incomplete_files W_Validate_application W_Call_incomplete_files W_Validate_application 
W_Complete_application W_Call_after_offers W_Validate_application W_Call_incomplete_files W_Validate_application W_Call_incomplete_files W_Validate_application W_Call_incomplete_files 
W_Complete_application W_Call_after_offers W_Validate_application W_Call_incomplete_files 
W_Complete_application W_Call_after_offers W_Validate_application W_Call_incomplete_files W_Validate_application 
W_Complete_application W_Call_after_offers W_Validate_application W_Call_incomplete_files W_Call_incomplete_files W_Validate_application 
W_Handle_leads W_Complete_application W_Call_after_offers 
W_Handle_leads W_Complete_application W_Call_after_offers W_Validate_application W_Call_incomplete_files 
W_Complete_application W_Call_after_offers 
W_Complete_application W_Call_after_offers 
W_Handle_leads W_Complete_application W_Call_after_offers 
W_Complete_application W_Call_after_offers 
W_Handle_leads W_Complete_application W_Call_after_offers W_Validate_application W_Call_incomplete_files 
W_Handle_leads W_Complete_application W_Call_after_offers W_Validate_application 
W_Handle_leads W_Complete_application W_Call_after_offers W_Validate_application W_Call_incomplete_files 
W_Complete_application W_Complete_application W_Complete_application W_Call_after_offers W_Validate_application 
W_Complete_application W_Call_after_offers W_Validate_application 
W_Handle_leads W_Complete_application W_Call_after_offers W_Validate_application W_Call_incomplete_files W_Validate_application 
W_Complete_application W_Call_after_offers W_Validate_application W_Call_incomplete_files W_Validate_application 
W_Complete_application W_Call_after_offers W_Validate_application W_Call_incomplete_files W_Validate_application W_Call_incomplete_files W_Validate_application 
W_Complete_application W_Call_after_offers W_Validate_application 
W_Complete_application W_Call_after_offers 
W_Complete_application W_Call_after_offers 
W_Complete_application W_Call_after_offers W_Validate_application W_Call_incomplete_files W_Validate_application 
W_Complete_application W_Call_after_offers W_Validate_application W_Call_incomplete_files 
W_Complete_application W_Call_after_offers W_Validate_application 
W_Complete_application W_Call_after_offers 
W_Complete_application W_Call_after_offers W_Validate_application W_Call_incomplete_files W_Validate_application 
W_Complete_application W_Call_after_offers 
W_Complete_application W_Call_after_offers W_Validate_application W_Call_incomplete_files W_Validate_application 
W_Handle_leads W_Complete_application W_Call_after_offers W_Validate_application 
W_Complete_application W_Call_after_offers 
W_Complete_application W_Call_after_offers W_Validate_application W_Call_incomplete_files 
W_Complete_application W_Call_after_offers W_Validate_application W_Assess_potential_fraud W_Validate_application 
W_Complete_application W_Call_after_offers W_Validate_application W_Call_incomplete_files W_Validate_application W_Call_incomplete_files W_Validate_application W_Call_incomplete_files 
W_Complete_application W_Call_after_offers 
W_Complete_application W_Call_after_offers W_Validate_application W_Call_incomplete_files 
W_Complete_application W_Call_after_offers 
W_Complete_application W_Call_after_offers W_Validate_application 
W_Complete_application W_Call_after_offers W_Validate_application W_Call_incomplete_files W_Validate_application 
W_Complete_application W_Call_after_offers 
W_Complete_application W_Call_after_offers W_Validate_application W_Call_incomplete_files 
W_Complete_application W_Call_after_offers W_Validate_application 
W_Complete_application W_Call_after_offers W_Validate_application W_Call_incomplete_files 
W_Complete_application W_Call_after_offers W_Validate_application 
W_Complete_application W_Call_after_offers 
W_Complete_application W_Call_after_offers W_Validate_application W_Call_incomplete_files 
W_Complete_application W_Call_after_offers W_Validate_application W_Call_incomplete_files W_Validate_application W_Call_incomplete_files 
W_Handle_leads W_Complete_application W_Call_after_offers W_Validate_application W_Call_incomplete_files W_Validate_application W_Call_incomplete_files W_Validate_application W_Call_incomplete_files W_Validate_application 
W_Complete_application W_Call_after_offers W_Validate_application W_Call_incomplete_files W_Validate_application W_Call_incomplete_files W_Validate_application 
W_Handle_leads W_Complete_application W_Call_after_offers W_Validate_application W_Call_incomplete_files W_Validate_application 
W_Complete_application W_Call_after_offers W_Validate_application W_Call_incomplete_files W_Validate_application W_Call_incomplete_files W_Validate_application 
W_Complete_application W_Call_after_offers 
W_Handle_leads W_Complete_application W_Call_after_offers W_Validate_application W_Call_incomplete_files W_Validate_application W_Call_incomplete_files W_Validate_application W_Call_incomplete_files 
W_Complete_application W_Call_after_offers W_Validate_application 
W_Complete_application W_Call_after_offers W_Validate_application W_Call_incomplete_files 
W_Complete_application W_Call_after_offers 
W_Complete_application W_Call_after_offers 
W_Complete_application W_Call_after_offers W_Validate_application W_Call_incomplete_files W_Validate_application 
W_Complete_application W_Call_after_offers W_Assess_potential_fraud 
W_Complete_application W_Call_after_offers 
W_Complete_application W_Call_after_offers 
W_Complete_application W_Call_after_offers W_Validate_application W_Call_incomplete_files 
W_Complete_application W_Call_after_offers W_Validate_application 
W_Complete_application W_Call_after_offers W_Validate_application W_Call_incomplete_files W_Validate_application W_Call_incomplete_files W_Validate_application W_Call_incomplete_files 
W_Complete_application W_Call_after_offers 
W_Handle_leads W_Complete_application W_Call_after_offers 
W_Complete_application W_Call_after_offers W_Validate_application 
W_Complete_application W_Call_after_offers W_Validate_application W_Call_incomplete_files W_Validate_application 
W_Complete_application W_Call_after_offers 
W_Complete_application W_Call_after_offers W_Validate_application W_Call_incomplete_files W_Validate_application 
W_Complete_application W_Call_after_offers W_Validate_application W_Call_incomplete_files W_Validate_application W_Call_incomplete_files 
W_Handle_leads W_Complete_application W_Call_after_offers W_Validate_application W_Call_incomplete_files W_Validate_application 
W_Complete_application W_Call_after_offers W_Validate_application W_Call_incomplete_files W_Validate_application 
W_Call_after_offers W_Validate_application W_Call_incomplete_files W_Validate_application 
W_Complete_application W_Call_after_offers 
W_Complete_application W_Call_after_offers W_Validate_application W_Call_incomplete_files W_Validate_application W_Call_incomplete_files W_Validate_application W_Call_incomplete_files W_Validate_application W_Call_incomplete_files W_Validate_application W_Call_incomplete_files 
W_Call_after_offers W_Validate_application W_Call_incomplete_files W_Validate_application W_Call_incomplete_files 
W_Complete_application W_Call_after_offers W_Call_after_offers W_Validate_application 
W_Complete_application W_Call_after_offers 
W_Handle_leads W_Complete_application W_Call_after_offers 
W_Complete_application W_Call_after_offers 
W_Complete_application W_Call_after_offers W_Validate_application W_Call_incomplete_files 
W_Complete_application W_Call_after_offers W_Validate_application W_Call_incomplete_files W_Validate_application W_Call_incomplete_files W_Validate_application 
W_Complete_application W_Call_after_offers W_Validate_application W_Call_incomplete_files W_Validate_application 
W_Complete_application W_Call_after_offers W_Validate_application W_Call_incomplete_files W_Validate_application W_Call_incomplete_files W_Validate_application 
W_Complete_application W_Call_after_offers W_Validate_application W_Call_incomplete_files W_Validate_application W_Call_incomplete_files W_Validate_application 
W_Complete_application W_Call_after_offers W_Validate_application W_Call_incomplete_files W_Validate_application 
W_Handle_leads W_Complete_application W_Call_after_offers 
W_Complete_application W_Call_after_offers W_Validate_application W_Call_incomplete_files W_Validate_application W_Call_incomplete_files W_Validate_application W_Call_incomplete_files W_Validate_application 
W_Complete_application W_Call_after_offers 
W_Complete_application W_Call_after_offers W_Validate_application W_Call_incomplete_files 
W_Handle_leads W_Complete_application W_Call_after_offers W_Validate_application W_Call_incomplete_files W_Validate_application W_Call_incomplete_files W_Validate_application W_Call_incomplete_files W_Validate_application W_Call_incomplete_files 
W_Complete_application W_Call_after_offers W_Validate_application W_Call_incomplete_files W_Validate_application W_Call_incomplete_files 
W_Complete_application W_Call_after_offers W_Validate_application 
W_Complete_application W_Call_after_offers 
W_Complete_application W_Call_after_offers 
W_Complete_application W_Call_after_offers 
W_Complete_application W_Call_after_offers W_Validate_application W_Call_incomplete_files W_Validate_application W_Call_incomplete_files W_Validate_application 
W_Complete_application W_Call_after_offers W_Validate_application W_Call_incomplete_files W_Validate_application W_Call_incomplete_files W_Validate_application W_Call_incomplete_files W_Validate_application W_Call_incomplete_files W_Validate_application W_Call_incomplete_files 
W_Complete_application W_Call_after_offers W_Validate_application W_Call_incomplete_files W_Validate_application W_Call_incomplete_files W_Validate_application 
W_Complete_application W_Call_after_offers W_Validate_application W_Call_incomplete_files 
W_Complete_application W_Call_after_offers W_Validate_application W_Call_incomplete_files 
W_Complete_application W_Call_after_offers W_Validate_application W_Call_incomplete_files W_Call_incomplete_files W_Validate_application W_Call_incomplete_files 
W_Complete_application W_Call_after_offers 
W_Complete_application W_Call_after_offers 
W_Complete_application W_Call_after_offers W_Validate_application W_Call_incomplete_files 
W_Complete_application W_Call_after_offers W_Validate_application W_Call_incomplete_files W_Validate_application W_Call_incomplete_files W_Validate_application W_Call_incomplete_files W_Validate_application 
W_Complete_application W_Call_after_offers W_Validate_application W_Call_incomplete_files W_Validate_application 
W_Complete_application W_Call_after_offers W_Validate_application W_Call_incomplete_files W_Validate_application 
W_Complete_application W_Call_after_offers W_Validate_application 
W_Complete_application W_Call_after_offers W_Validate_application W_Call_incomplete_files W_Validate_application 
W_Complete_application W_Call_after_offers W_Validate_application W_Call_incomplete_files 
W_Complete_application W_Call_after_offers W_Validate_application W_Call_incomplete_files W_Validate_application W_Call_incomplete_files W_Validate_application 
W_Complete_application W_Call_after_offers W_Validate_application W_Call_incomplete_files W_Validate_application 
W_Complete_application W_Call_after_offers W_Validate_application W_Call_incomplete_files W_Validate_application 
W_Complete_application W_Call_after_offers W_Validate_application W_Call_incomplete_files W_Validate_application W_Call_incomplete_files W_Validate_application W_Call_incomplete_files W_Validate_application W_Call_incomplete_files 
W_Complete_application W_Call_after_offers 
W_Complete_application W_Call_after_offers W_Validate_application 
W_Complete_application W_Call_after_offers 
W_Complete_application W_Call_after_offers W_Validate_application W_Call_incomplete_files W_Validate_application W_Call_incomplete_files W_Validate_application W_Call_incomplete_files W_Validate_application 
W_Complete_application W_Call_after_offers W_Validate_application 
W_Complete_application W_Call_after_offers 
W_Complete_application W_Call_after_offers W_Validate_application 
W_Complete_application W_Call_after_offers W_Validate_application W_Call_incomplete_files W_Validate_application 
W_Handle_leads W_Complete_application W_Call_after_offers 
W_Complete_application W_Call_after_offers 
W_Complete_application W_Call_after_offers W_Validate_application W_Call_incomplete_files W_Validate_application W_Call_incomplete_files W_Validate_application 
W_Complete_application W_Call_after_offers W_Validate_application W_Call_incomplete_files 
W_Complete_application W_Call_after_offers W_Validate_application W_Call_incomplete_files W_Validate_application 
W_Complete_application W_Call_after_offers 
W_Complete_application W_Call_after_offers W_Validate_application W_Call_incomplete_files W_Validate_application 
W_Complete_application W_Call_after_offers 
W_Handle_leads W_Complete_application W_Call_after_offers 
W_Complete_application W_Call_after_offers 
W_Complete_application W_Call_after_offers 
W_Complete_application W_Call_after_offers W_Validate_application 
W_Handle_leads W_Complete_application W_Call_after_offers W_Validate_application 
W_Complete_application W_Call_after_offers W_Validate_application W_Call_incomplete_files W_Validate_application 
W_Complete_application W_Call_after_offers W_Validate_application W_Call_incomplete_files W_Validate_application 
W_Complete_application W_Call_after_offers 
W_Complete_application W_Call_after_offers 
W_Complete_application W_Call_after_offers W_Validate_application W_Call_incomplete_files W_Validate_application 
W_Complete_application W_Call_after_offers W_Validate_application W_Call_incomplete_files W_Validate_application 
W_Complete_application W_Call_after_offers W_Validate_application 
W_Complete_application W_Call_after_offers W_Validate_application W_Call_incomplete_files 
W_Complete_application W_Call_after_offers W_Validate_application W_Call_incomplete_files W_Validate_application 
W_Complete_application W_Call_after_offers 
W_Complete_application W_Call_after_offers W_Validate_application W_Call_incomplete_files W_Validate_application W_Call_incomplete_files W_Validate_application 
W_Handle_leads W_Complete_application W_Call_after_offers W_Validate_application 
W_Complete_application W_Call_after_offers 
W_Complete_application W_Call_after_offers 
W_Complete_application W_Call_after_offers W_Validate_application W_Call_incomplete_files 
W_Complete_application W_Call_after_offers W_Validate_application W_Call_incomplete_files W_Validate_application W_Call_incomplete_files W_Validate_application W_Call_incomplete_files 
W_Complete_application W_Call_after_offers 
W_Complete_application W_Call_after_offers W_Validate_application 
W_Complete_application W_Call_after_offers W_Validate_application W_Call_incomplete_files W_Validate_application W_Call_incomplete_files W_Validate_application W_Call_incomplete_files W_Validate_application W_Call_incomplete_files W_Validate_application 
W_Complete_application W_Complete_application W_Call_after_offers W_Validate_application W_Call_incomplete_files W_Validate_application W_Call_incomplete_files W_Validate_application W_Call_incomplete_files W_Validate_application 
W_Complete_application W_Call_after_offers 
W_Complete_application W_Call_after_offers W_Validate_application W_Call_incomplete_files 
W_Complete_application W_Call_after_offers 
W_Complete_application W_Call_after_offers W_Validate_application W_Call_incomplete_files W_Validate_application W_Call_incomplete_files W_Validate_application W_Call_incomplete_files 
W_Complete_application W_Call_after_offers 
W_Complete_application W_Call_after_offers 
W_Handle_leads W_Complete_application W_Call_after_offers 
W_Complete_application W_Call_after_offers W_Validate_application W_Call_incomplete_files W_Validate_application 
W_Handle_leads W_Complete_application W_Call_after_offers W_Validate_application 
W_Handle_leads W_Complete_application W_Call_after_offers W_Validate_application W_Call_incomplete_files 
W_Complete_application W_Call_after_offers W_Validate_application 
W_Complete_application W_Call_after_offers W_Validate_application 
W_Handle_leads W_Complete_application W_Call_after_offers W_Validate_application W_Call_incomplete_files W_Validate_application 
W_Complete_application W_Call_after_offers W_Validate_application W_Call_incomplete_files 
W_Complete_application W_Call_after_offers W_Validate_application 
W_Complete_application W_Call_after_offers W_Validate_application W_Call_incomplete_files 
W_Handle_leads W_Complete_application W_Call_after_offers 
W_Complete_application W_Call_after_offers 
W_Handle_leads W_Complete_application W_Call_after_offers W_Validate_application W_Call_incomplete_files W_Validate_application W_Call_incomplete_files W_Validate_application W_Call_incomplete_files W_Validate_application W_Call_incomplete_files 
W_Complete_application W_Call_after_offers 
W_Complete_application W_Call_after_offers W_Validate_application W_Call_incomplete_files W_Validate_application 
W_Complete_application W_Call_after_offers 
W_Handle_leads W_Complete_application W_Call_after_offers 
W_Complete_application W_Call_after_offers W_Validate_application W_Call_incomplete_files W_Validate_application W_Call_incomplete_files W_Validate_application 
W_Complete_application W_Call_after_offers W_Validate_application W_Call_incomplete_files W_Validate_application 
W_Complete_application W_Call_after_offers W_Validate_application 
W_Complete_application W_Call_after_offers W_Validate_application 
W_Complete_application W_Call_after_offers W_Validate_application W_Call_incomplete_files W_Validate_application 
W_Complete_application W_Call_after_offers 
W_Complete_application W_Call_after_offers W_Validate_application 
W_Complete_application W_Call_after_offers 
W_Complete_application W_Call_after_offers W_Validate_application W_Call_incomplete_files W_Validate_application 
W_Complete_application W_Call_after_offers W_Validate_application W_Call_incomplete_files W_Validate_application W_Validate_application W_Validate_application 
W_Handle_leads W_Complete_application W_Complete_application W_Call_after_offers W_Validate_application W_Call_incomplete_files 
W_Complete_application W_Call_after_offers 
W_Complete_application W_Call_after_offers W_Validate_application 
W_Handle_leads W_Complete_application W_Call_after_offers W_Validate_application W_Call_incomplete_files W_Validate_application 
W_Complete_application W_Call_after_offers W_Validate_application W_Call_incomplete_files W_Validate_application 
W_Complete_application W_Call_after_offers 
W_Complete_application W_Call_after_offers W_Validate_application 
W_Complete_application W_Call_after_offers W_Validate_application W_Call_incomplete_files 
W_Complete_application W_Call_after_offers W_Validate_application 
W_Complete_application W_Call_after_offers W_Validate_application W_Call_incomplete_files W_Validate_application 
W_Complete_application W_Call_after_offers W_Validate_application W_Call_incomplete_files W_Validate_application 
W_Handle_leads W_Complete_application W_Call_after_offers 
W_Handle_leads W_Complete_application W_Call_after_offers 
W_Complete_application W_Call_after_offers 
W_Complete_application W_Call_after_offers W_Validate_application 
W_Complete_application W_Call_after_offers W_Validate_application W_Call_incomplete_files W_Validate_application W_Call_incomplete_files W_Validate_application W_Call_incomplete_files 
W_Complete_application W_Call_after_offers W_Validate_application W_Call_incomplete_files W_Validate_application 
W_Handle_leads W_Complete_application W_Call_after_offers 
W_Complete_application W_Call_after_offers 
W_Complete_application W_Call_after_offers 
W_Handle_leads W_Complete_application W_Call_after_offers 
W_Complete_application W_Call_after_offers W_Validate_application W_Call_incomplete_files W_Validate_application W_Call_incomplete_files W_Validate_application W_Call_incomplete_files W_Validate_application 
W_Complete_application W_Call_after_offers 
W_Handle_leads W_Complete_application W_Complete_application W_Call_after_offers 
W_Complete_application W_Call_after_offers 
W_Complete_application W_Call_after_offers W_Validate_application W_Call_incomplete_files W_Validate_application W_Call_incomplete_files W_Validate_application W_Call_incomplete_files W_Validate_application W_Call_incomplete_files W_Validate_application W_Call_incomplete_files W_Validate_application 
W_Complete_application W_Call_after_offers 
W_Complete_application W_Call_after_offers W_Validate_application 
W_Complete_application W_Call_after_offers 
W_Complete_application W_Call_after_offers 
W_Complete_application W_Complete_application W_Call_after_offers W_Validate_application 
W_Complete_application W_Call_after_offers W_Validate_application W_Call_incomplete_files 
W_Complete_application W_Call_after_offers W_Validate_application W_Call_incomplete_files 
W_Complete_application W_Call_after_offers W_Validate_application W_Call_incomplete_files W_Validate_application W_Call_incomplete_files W_Validate_application W_Call_incomplete_files W_Validate_application W_Call_incomplete_files W_Validate_application 
W_Complete_application W_Call_after_offers W_Validate_application W_Call_incomplete_files W_Validate_application W_Call_incomplete_files W_Validate_application W_Call_incomplete_files W_Validate_application 
W_Handle_leads W_Complete_application W_Call_after_offers W_Validate_application 
W_Complete_application W_Call_after_offers W_Validate_application W_Call_incomplete_files W_Validate_application W_Call_incomplete_files W_Validate_application W_Call_incomplete_files W_Validate_application W_Call_incomplete_files 
W_Complete_application W_Call_after_offers W_Validate_application W_Call_incomplete_files W_Validate_application W_Call_incomplete_files 
W_Complete_application W_Call_after_offers W_Validate_application W_Call_incomplete_files W_Validate_application W_Call_incomplete_files W_Validate_application W_Call_incomplete_files W_Validate_application W_Call_incomplete_files W_Validate_application 
W_Complete_application W_Call_after_offers W_Validate_application W_Call_incomplete_files W_Validate_application W_Call_incomplete_files W_Validate_application 
W_Complete_application W_Call_after_offers W_Validate_application 
W_Complete_application W_Call_after_offers W_Validate_application W_Call_incomplete_files W_Validate_application W_Call_incomplete_files W_Validate_application W_Call_incomplete_files W_Validate_application 
W_Complete_application W_Call_after_offers W_Validate_application W_Call_incomplete_files W_Validate_application 
W_Complete_application W_Call_after_offers 
W_Complete_application W_Call_after_offers W_Validate_application 
W_Complete_application W_Call_after_offers 
W_Complete_application W_Call_after_offers 
W_Complete_application W_Call_after_offers W_Validate_application W_Call_incomplete_files W_Validate_application W_Call_incomplete_files W_Validate_application 
W_Complete_application W_Call_after_offers 
W_Complete_application W_Call_after_offers W_Validate_application 
W_Complete_application W_Call_after_offers W_Validate_application 
W_Complete_application W_Call_after_offers W_Validate_application 
W_Complete_application W_Call_after_offers 
W_Complete_application W_Call_after_offers W_Validate_application W_Call_incomplete_files 
W_Handle_leads W_Complete_application W_Call_after_offers 
W_Complete_application W_Call_after_offers W_Validate_application 
W_Handle_leads W_Complete_application W_Call_after_offers W_Validate_application W_Call_incomplete_files W_Validate_application 
W_Complete_application W_Call_after_offers 
W_Complete_application W_Call_after_offers 
W_Complete_application W_Call_after_offers W_Validate_application W_Call_incomplete_files W_Validate_application W_Call_incomplete_files W_Validate_application 
W_Complete_application W_Call_after_offers W_Validate_application W_Call_incomplete_files W_Validate_application W_Call_incomplete_files 
W_Complete_application W_Call_after_offers W_Validate_application 
W_Handle_leads W_Complete_application W_Call_after_offers 
W_Handle_leads W_Complete_application W_Call_after_offers W_Validate_application W_Call_incomplete_files 
W_Complete_application W_Call_after_offers W_Validate_application W_Call_incomplete_files W_Validate_application 
W_Complete_application W_Call_after_offers W_Validate_application W_Validate_application 
W_Complete_application W_Call_after_offers W_Validate_application W_Call_incomplete_files W_Validate_application 
W_Complete_application W_Call_after_offers 
W_Complete_application W_Call_after_offers W_Validate_application W_Call_incomplete_files W_Validate_application W_Call_incomplete_files 
W_Complete_application W_Call_after_offers W_Validate_application 
W_Complete_application W_Call_after_offers 
W_Complete_application W_Call_after_offers 
W_Handle_leads W_Complete_application W_Call_after_offers W_Validate_application 
W_Complete_application W_Call_after_offers W_Validate_application W_Call_incomplete_files W_Validate_application 
W_Complete_application W_Call_after_offers W_Validate_application W_Call_incomplete_files 
W_Handle_leads W_Complete_application W_Call_after_offers 
W_Complete_application W_Call_after_offers 
W_Complete_application W_Call_after_offers W_Validate_application W_Call_incomplete_files W_Validate_application W_Call_incomplete_files 
W_Complete_application W_Call_after_offers 
W_Complete_application W_Call_after_offers W_Validate_application 
W_Complete_application W_Call_after_offers 
W_Complete_application W_Call_after_offers 
W_Complete_application W_Call_after_offers W_Validate_application W_Call_incomplete_files W_Validate_application 
W_Complete_application W_Call_after_offers W_Validate_application W_Call_incomplete_files W_Validate_application 
W_Complete_application W_Call_after_offers W_Validate_application W_Call_incomplete_files W_Validate_application W_Call_incomplete_files W_Validate_application 
W_Handle_leads W_Complete_application W_Call_after_offers W_Validate_application 
W_Complete_application W_Call_after_offers W_Validate_application 
W_Complete_application W_Call_after_offers W_Validate_application W_Call_incomplete_files W_Validate_application W_Call_incomplete_files W_Validate_application 
W_Complete_application W_Call_after_offers W_Validate_application 
W_Complete_application W_Call_after_offers W_Validate_application 
W_Call_after_offers 
W_Complete_application W_Call_after_offers W_Validate_application W_Call_incomplete_files W_Validate_application W_Call_incomplete_files W_Validate_application W_Assess_potential_fraud W_Assess_potential_fraud W_Validate_application W_Call_incomplete_files W_Validate_application 
W_Complete_application W_Call_after_offers W_Validate_application W_Call_incomplete_files 
W_Complete_application W_Call_after_offers W_Validate_application 
W_Complete_application W_Call_after_offers 
W_Complete_application W_Call_after_offers W_Validate_application W_Call_incomplete_files W_Validate_application W_Call_incomplete_files W_Validate_application W_Call_incomplete_files W_Validate_application W_Call_incomplete_files W_Validate_application W_Call_incomplete_files W_Validate_application W_Call_incomplete_files W_Validate_application W_Call_incomplete_files W_Validate_application 
W_Complete_application W_Call_after_offers 
W_Complete_application W_Call_after_offers W_Validate_application 
W_Complete_application W_Call_after_offers 
W_Complete_application W_Call_after_offers W_Validate_application W_Call_incomplete_files 
W_Complete_application W_Call_after_offers W_Validate_application W_Call_incomplete_files 
W_Complete_application W_Call_after_offers W_Validate_application W_Call_incomplete_files 
W_Complete_application W_Call_after_offers W_Validate_application W_Call_incomplete_files W_Validate_application 
W_Complete_application W_Call_after_offers W_Validate_application W_Call_incomplete_files W_Validate_application 
W_Handle_leads W_Complete_application W_Call_after_offers 
W_Handle_leads W_Complete_application W_Call_after_offers 
W_Complete_application W_Call_after_offers 
W_Complete_application W_Call_after_offers W_Validate_application W_Call_incomplete_files W_Validate_application W_Call_incomplete_files W_Validate_application 
W_Complete_application W_Call_after_offers W_Validate_application W_Call_incomplete_files W_Validate_application W_Call_incomplete_files W_Validate_application W_Call_incomplete_files 
W_Complete_application W_Call_after_offers W_Validate_application W_Call_incomplete_files W_Validate_application 
W_Complete_application W_Call_after_offers W_Validate_application 
W_Complete_application W_Call_after_offers W_Validate_application 
W_Complete_application W_Call_after_offers W_Validate_application W_Call_incomplete_files 
W_Complete_application W_Call_after_offers W_Validate_application 
W_Complete_application W_Call_after_offers W_Validate_application 
W_Complete_application W_Call_after_offers W_Validate_application 
W_Complete_application W_Call_after_offers W_Validate_application W_Call_incomplete_files W_Validate_application 
W_Complete_application W_Call_after_offers W_Validate_application W_Call_incomplete_files W_Validate_application W_Call_incomplete_files W_Validate_application 
W_Complete_application W_Call_after_offers W_Validate_application 
W_Complete_application W_Call_after_offers 
W_Complete_application W_Call_after_offers W_Validate_application 
W_Complete_application W_Call_after_offers 
W_Handle_leads W_Complete_application W_Call_after_offers W_Validate_application W_Call_incomplete_files W_Validate_application W_Call_incomplete_files W_Validate_application W_Call_incomplete_files 
W_Complete_application W_Call_after_offers 
W_Handle_leads W_Complete_application W_Call_after_offers W_Validate_application W_Call_incomplete_files W_Validate_application W_Call_incomplete_files W_Validate_application 
W_Complete_application W_Call_after_offers W_Validate_application W_Call_incomplete_files W_Assess_potential_fraud W_Call_after_offers W_Validate_application W_Validate_application W_Call_incomplete_files W_Validate_application 
W_Complete_application W_Call_after_offers W_Validate_application 
W_Complete_application W_Call_after_offers W_Validate_application 
W_Complete_application W_Call_after_offers W_Validate_application 
W_Complete_application W_Call_after_offers W_Validate_application W_Call_incomplete_files W_Validate_application 
W_Complete_application W_Call_after_offers 
W_Complete_application W_Call_after_offers W_Validate_application 
W_Complete_application W_Call_after_offers 
W_Handle_leads W_Complete_application W_Call_after_offers W_Validate_application 
W_Complete_application W_Call_after_offers 
W_Complete_application W_Call_after_offers 
W_Complete_application W_Call_after_offers W_Validate_application 
W_Complete_application W_Call_after_offers 
W_Call_after_offers W_Validate_application W_Call_incomplete_files W_Validate_application W_Call_incomplete_files W_Validate_application W_Call_incomplete_files W_Validate_application W_Call_incomplete_files W_Validate_application W_Call_incomplete_files W_Validate_application 
W_Complete_application W_Call_after_offers W_Validate_application 
W_Call_after_offers W_Validate_application W_Call_incomplete_files W_Validate_application W_Call_incomplete_files 
W_Complete_application W_Call_after_offers 
W_Complete_application W_Call_after_offers W_Validate_application W_Call_incomplete_files W_Validate_application 
W_Complete_application W_Call_after_offers W_Validate_application W_Call_incomplete_files W_Validate_application W_Call_incomplete_files 
W_Complete_application W_Call_after_offers W_Validate_application W_Call_incomplete_files W_Validate_application W_Call_incomplete_files W_Validate_application 
W_Complete_application W_Call_after_offers 
W_Complete_application W_Call_after_offers W_Validate_application W_Call_incomplete_files W_Validate_application W_Call_incomplete_files 
W_Complete_application W_Call_after_offers W_Validate_application W_Call_incomplete_files W_Validate_application W_Call_incomplete_files W_Validate_application W_Call_incomplete_files 
W_Complete_application W_Call_after_offers W_Validate_application W_Call_incomplete_files 
W_Complete_application W_Call_after_offers 
W_Complete_application W_Call_after_offers W_Validate_application 
W_Complete_application W_Call_after_offers W_Validate_application W_Call_incomplete_files W_Validate_application W_Call_incomplete_files W_Validate_application 
W_Complete_application W_Call_after_offers W_Validate_application 
W_Complete_application W_Call_after_offers 
W_Complete_application W_Call_after_offers 
W_Handle_leads W_Complete_application W_Call_after_offers W_Validate_application 
W_Complete_application W_Call_after_offers 
W_Complete_application W_Call_after_offers 
W_Complete_application W_Call_after_offers W_Validate_application W_Call_incomplete_files W_Validate_application 
W_Complete_application W_Call_after_offers W_Validate_application W_Call_incomplete_files 
W_Complete_application W_Call_after_offers W_Validate_application W_Call_incomplete_files W_Validate_application 
W_Complete_application W_Call_after_offers 
W_Complete_application W_Call_after_offers W_Validate_application 
W_Complete_application W_Call_after_offers W_Validate_application W_Call_incomplete_files W_Validate_application W_Call_incomplete_files W_Validate_application W_Call_incomplete_files W_Validate_application W_Call_incomplete_files W_Validate_application 
W_Complete_application W_Call_after_offers 
W_Complete_application W_Call_after_offers W_Validate_application W_Call_incomplete_files W_Validate_application W_Call_incomplete_files W_Validate_application 
W_Complete_application W_Call_after_offers W_Validate_application W_Call_incomplete_files W_Validate_application 
W_Complete_application W_Call_after_offers W_Validate_application W_Call_incomplete_files W_Validate_application W_Call_incomplete_files W_Validate_application W_Call_incomplete_files 
W_Complete_application W_Call_after_offers W_Validate_application W_Call_incomplete_files W_Validate_application W_Assess_potential_fraud W_Validate_application 
W_Complete_application W_Call_after_offers 
W_Complete_application W_Call_after_offers W_Validate_application 
W_Complete_application W_Call_after_offers 
W_Complete_application W_Call_after_offers W_Validate_application 
W_Complete_application W_Call_after_offers W_Validate_application W_Call_incomplete_files W_Validate_application 
W_Call_after_offers 
W_Complete_application W_Call_after_offers W_Validate_application 
W_Complete_application W_Call_after_offers W_Validate_application 
W_Complete_application W_Call_after_offers 
W_Handle_leads W_Complete_application W_Call_after_offers W_Validate_application W_Call_incomplete_files 
W_Handle_leads W_Complete_application W_Call_after_offers W_Validate_application W_Call_incomplete_files W_Validate_application 
W_Complete_application W_Call_after_offers W_Validate_application 
W_Complete_application W_Call_after_offers 
W_Complete_application W_Call_after_offers 
W_Complete_application W_Call_after_offers W_Validate_application W_Call_incomplete_files W_Validate_application W_Call_incomplete_files 
W_Complete_application W_Call_after_offers W_Validate_application W_Call_incomplete_files W_Validate_application 
W_Complete_application W_Call_after_offers W_Validate_application W_Call_incomplete_files W_Validate_application W_Call_incomplete_files 
W_Complete_application W_Call_after_offers W_Validate_application W_Call_incomplete_files W_Validate_application 
W_Complete_application W_Call_after_offers W_Validate_application W_Call_incomplete_files W_Validate_application 
W_Handle_leads W_Complete_application W_Call_after_offers W_Validate_application W_Call_incomplete_files W_Validate_application 
W_Complete_application W_Call_after_offers 
W_Complete_application W_Call_after_offers W_Validate_application 
W_Complete_application W_Call_after_offers 
W_Complete_application W_Call_after_offers W_Validate_application W_Call_incomplete_files W_Validate_application 
W_Complete_application W_Call_after_offers W_Validate_application 
W_Complete_application W_Call_after_offers 
W_Complete_application W_Call_after_offers W_Call_after_offers W_Validate_application W_Call_incomplete_files 
W_Complete_application W_Call_after_offers W_Validate_application W_Call_incomplete_files W_Validate_application W_Call_incomplete_files W_Validate_application W_Call_incomplete_files W_Validate_application W_Call_incomplete_files W_Validate_application 
W_Handle_leads W_Complete_application W_Call_after_offers W_Validate_application W_Call_incomplete_files W_Validate_application W_Call_incomplete_files W_Validate_application 
W_Handle_leads W_Complete_application W_Call_after_offers W_Call_after_offers W_Validate_application W_Validate_application W_Call_incomplete_files W_Validate_application 
W_Complete_application W_Call_after_offers W_Validate_application W_Call_incomplete_files W_Validate_application 
W_Call_after_offers W_Validate_application 
W_Complete_application W_Call_after_offers W_Validate_application W_Call_incomplete_files 
W_Complete_application W_Call_after_offers W_Validate_application 
W_Complete_application W_Call_after_offers 
W_Complete_application W_Call_after_offers W_Validate_application 
W_Complete_application W_Call_after_offers W_Validate_application 
W_Complete_application W_Call_after_offers 
W_Handle_leads W_Complete_application W_Call_after_offers 
W_Complete_application W_Call_after_offers W_Validate_application 
W_Complete_application W_Call_after_offers W_Validate_application 
W_Handle_leads W_Complete_application W_Call_after_offers W_Validate_application W_Assess_potential_fraud W_Validate_application 
W_Complete_application W_Call_after_offers W_Validate_application 
W_Complete_application W_Call_after_offers 
W_Complete_application W_Call_after_offers 
W_Handle_leads W_Complete_application W_Call_after_offers 
W_Complete_application W_Call_after_offers W_Validate_application W_Call_incomplete_files W_Validate_application 
W_Complete_application W_Call_after_offers W_Validate_application 
W_Complete_application W_Call_after_offers W_Validate_application W_Call_incomplete_files W_Validate_application W_Call_incomplete_files 
W_Complete_application W_Call_after_offers W_Validate_application W_Call_incomplete_files W_Validate_application 
W_Complete_application W_Call_after_offers W_Validate_application W_Call_incomplete_files W_Validate_application 
W_Complete_application W_Call_after_offers 
W_Complete_application W_Call_after_offers W_Validate_application W_Call_incomplete_files 
W_Complete_application W_Call_after_offers 
W_Complete_application W_Call_after_offers W_Validate_application 
W_Complete_application 
W_Complete_application W_Call_after_offers W_Validate_application 
W_Complete_application W_Call_after_offers W_Validate_application W_Call_incomplete_files W_Validate_application W_Call_incomplete_files 
W_Complete_application W_Call_after_offers W_Validate_application 
W_Complete_application W_Call_after_offers W_Validate_application W_Call_incomplete_files W_Validate_application 
W_Complete_application W_Call_after_offers W_Validate_application W_Call_incomplete_files W_Validate_application W_Call_incomplete_files W_Validate_application 
W_Complete_application W_Call_after_offers 
W_Complete_application W_Call_after_offers W_Validate_application 
W_Complete_application W_Call_after_offers W_Call_after_offers W_Validate_application W_Call_incomplete_files W_Validate_application W_Call_incomplete_files W_Validate_application W_Call_incomplete_files W_Validate_application W_Call_incomplete_files W_Validate_application 
W_Complete_application W_Call_after_offers W_Validate_application 
W_Handle_leads W_Complete_application W_Call_after_offers 
W_Complete_application W_Call_after_offers W_Validate_application 
W_Complete_application W_Call_after_offers W_Validate_application W_Call_incomplete_files W_Validate_application W_Call_incomplete_files W_Validate_application W_Call_incomplete_files W_Validate_application 
W_Complete_application W_Call_after_offers W_Validate_application 
W_Call_after_offers W_Validate_application W_Call_incomplete_files W_Validate_application W_Call_incomplete_files W_Validate_application 
W_Complete_application W_Call_after_offers W_Validate_application W_Call_incomplete_files W_Validate_application 
W_Complete_application W_Call_after_offers 
W_Complete_application W_Call_after_offers W_Validate_application W_Call_incomplete_files 
W_Complete_application W_Call_after_offers W_Validate_application W_Call_incomplete_files W_Validate_application W_Call_incomplete_files W_Validate_application 
W_Handle_leads W_Complete_application W_Call_after_offers 
W_Complete_application W_Call_after_offers W_Validate_application W_Call_incomplete_files W_Validate_application 
W_Complete_application W_Call_after_offers 
W_Complete_application W_Call_after_offers 
W_Handle_leads W_Complete_application W_Call_after_offers 
W_Complete_application W_Call_after_offers 
W_Handle_leads W_Complete_application W_Call_after_offers W_Validate_application 
W_Complete_application W_Call_after_offers W_Validate_application 
W_Complete_application W_Call_after_offers W_Validate_application W_Call_incomplete_files W_Validate_application 
W_Handle_leads W_Complete_application W_Call_after_offers 
W_Complete_application W_Call_after_offers W_Validate_application W_Call_incomplete_files 
W_Handle_leads W_Complete_application W_Call_after_offers W_Validate_application 
W_Call_after_offers W_Validate_application 
W_Handle_leads W_Complete_application W_Call_after_offers W_Validate_application W_Call_incomplete_files W_Validate_application 
W_Complete_application W_Call_after_offers W_Validate_application W_Call_incomplete_files W_Validate_application 
W_Complete_application W_Call_after_offers 
W_Complete_application W_Call_after_offers W_Validate_application W_Call_incomplete_files W_Validate_application W_Call_incomplete_files W_Validate_application 
W_Complete_application W_Call_after_offers W_Validate_application 
W_Complete_application W_Call_after_offers W_Validate_application W_Call_incomplete_files W_Validate_application W_Call_incomplete_files W_Validate_application W_Call_incomplete_files 
W_Complete_application 
W_Complete_application W_Call_after_offers 
W_Complete_application W_Call_after_offers 
W_Complete_application W_Call_after_offers W_Validate_application W_Call_incomplete_files W_Validate_application W_Call_incomplete_files 
W_Complete_application W_Call_after_offers W_Call_after_offers W_Validate_application W_Call_incomplete_files W_Validate_application 
W_Complete_application W_Call_after_offers W_Validate_application W_Call_incomplete_files W_Validate_application 
W_Complete_application W_Call_after_offers W_Validate_application W_Call_incomplete_files 
W_Complete_application W_Call_after_offers W_Validate_application W_Call_incomplete_files W_Validate_application 
W_Complete_application W_Call_after_offers W_Validate_application W_Call_incomplete_files W_Validate_application W_Call_incomplete_files W_Validate_application W_Call_incomplete_files W_Validate_application 
W_Complete_application W_Call_after_offers W_Validate_application W_Call_incomplete_files W_Validate_application 
W_Complete_application W_Call_after_offers 
W_Complete_application W_Call_after_offers W_Validate_application W_Call_incomplete_files 
W_Complete_application W_Call_after_offers 
W_Complete_application W_Call_after_offers W_Validate_application 
W_Complete_application 
W_Complete_application W_Call_after_offers W_Validate_application W_Call_incomplete_files W_Validate_application W_Call_incomplete_files W_Validate_application 
W_Complete_application W_Call_after_offers 
W_Complete_application W_Call_after_offers W_Validate_application W_Call_incomplete_files W_Validate_application 
W_Complete_application 
W_Complete_application W_Call_after_offers W_Validate_application 
W_Complete_application W_Call_after_offers 
W_Complete_application W_Call_after_offers W_Validate_application 
W_Complete_application W_Call_after_offers W_Validate_application W_Call_incomplete_files W_Validate_application W_Call_incomplete_files W_Validate_application W_Call_incomplete_files W_Validate_application 
W_Complete_application W_Call_after_offers 
W_Complete_application W_Call_after_offers 
W_Call_after_offers W_Validate_application W_Call_incomplete_files 
W_Complete_application W_Call_after_offers 
W_Complete_application W_Call_after_offers W_Validate_application W_Call_incomplete_files W_Validate_application W_Call_incomplete_files W_Validate_application W_Call_incomplete_files W_Validate_application W_Call_incomplete_files W_Validate_application W_Call_incomplete_files W_Validate_application W_Call_incomplete_files W_Validate_application W_Call_incomplete_files 
W_Complete_application W_Call_after_offers 
W_Handle_leads W_Complete_application W_Call_after_offers 
W_Complete_application W_Call_after_offers 
W_Complete_application W_Call_after_offers W_Validate_application W_Call_incomplete_files W_Validate_application W_Call_incomplete_files W_Validate_application 
W_Complete_application W_Call_after_offers W_Validate_application W_Call_incomplete_files W_Validate_application 
W_Complete_application W_Call_after_offers W_Validate_application W_Call_incomplete_files W_Validate_application W_Call_incomplete_files W_Validate_application W_Call_incomplete_files W_Validate_application W_Call_incomplete_files W_Validate_application W_Call_incomplete_files W_Validate_application 
W_Handle_leads W_Complete_application W_Call_after_offers W_Validate_application 
W_Complete_application W_Call_after_offers W_Validate_application W_Call_incomplete_files 
W_Complete_application W_Call_after_offers W_Validate_application W_Call_incomplete_files W_Validate_application W_Call_incomplete_files W_Validate_application W_Call_incomplete_files W_Validate_application 
W_Complete_application W_Call_after_offers W_Validate_application W_Call_incomplete_files W_Validate_application W_Call_incomplete_files W_Validate_application 
W_Complete_application W_Call_after_offers W_Validate_application 
W_Call_after_offers W_Validate_application W_Call_incomplete_files W_Validate_application 
W_Complete_application W_Call_after_offers W_Validate_application W_Call_incomplete_files W_Validate_application 
W_Complete_application W_Call_after_offers W_Call_after_offers W_Validate_application W_Call_incomplete_files W_Validate_application 
W_Complete_application W_Call_after_offers W_Validate_application 
W_Complete_application W_Call_after_offers 
W_Complete_application W_Call_after_offers 
W_Complete_application W_Call_after_offers W_Validate_application W_Call_incomplete_files W_Validate_application W_Call_incomplete_files W_Validate_application W_Call_incomplete_files W_Validate_application 
W_Complete_application W_Call_after_offers W_Validate_application W_Call_incomplete_files W_Validate_application W_Call_incomplete_files 
W_Complete_application W_Call_after_offers W_Validate_application W_Call_incomplete_files 
W_Complete_application W_Call_after_offers W_Call_after_offers 
W_Complete_application W_Call_after_offers W_Validate_application W_Call_incomplete_files W_Validate_application 
W_Handle_leads W_Complete_application W_Call_after_offers W_Validate_application 
W_Complete_application W_Call_after_offers W_Validate_application W_Call_incomplete_files W_Validate_application W_Call_incomplete_files W_Validate_application W_Call_incomplete_files W_Validate_application 
W_Complete_application W_Call_after_offers 
W_Complete_application W_Call_after_offers 
W_Complete_application W_Call_after_offers W_Validate_application W_Call_incomplete_files W_Validate_application 
W_Complete_application W_Call_after_offers 
W_Complete_application W_Call_after_offers 
W_Complete_application W_Call_after_offers 
W_Handle_leads W_Complete_application W_Call_after_offers 
W_Complete_application W_Call_after_offers W_Validate_application W_Call_incomplete_files W_Validate_application W_Call_incomplete_files W_Validate_application W_Call_incomplete_files 
W_Complete_application W_Call_after_offers W_Validate_application W_Call_incomplete_files W_Validate_application 
W_Complete_application W_Call_after_offers 
W_Handle_leads W_Complete_application W_Call_after_offers W_Validate_application W_Call_incomplete_files 
W_Complete_application W_Call_after_offers 
W_Complete_application W_Call_after_offers W_Validate_application W_Call_incomplete_files W_Validate_application 
W_Complete_application W_Call_after_offers 
W_Complete_application W_Call_after_offers W_Validate_application W_Call_incomplete_files W_Validate_application W_Call_incomplete_files W_Validate_application W_Call_incomplete_files W_Validate_application 
W_Complete_application W_Call_after_offers W_Validate_application W_Call_incomplete_files W_Validate_application 
W_Handle_leads W_Complete_application W_Call_after_offers W_Validate_application 
W_Complete_application W_Call_after_offers 
W_Handle_leads W_Complete_application W_Call_after_offers W_Validate_application 
W_Complete_application W_Call_after_offers W_Validate_application W_Call_incomplete_files W_Validate_application 
W_Complete_application W_Call_after_offers W_Call_after_offers 
W_Complete_application W_Call_after_offers W_Validate_application W_Call_incomplete_files W_Validate_application 
W_Complete_application W_Call_after_offers W_Validate_application W_Call_incomplete_files W_Validate_application 
W_Complete_application W_Call_after_offers 
W_Complete_application W_Call_after_offers 
W_Complete_application W_Call_after_offers 
W_Complete_application W_Call_after_offers W_Validate_application 
W_Complete_application W_Call_after_offers W_Validate_application W_Call_incomplete_files W_Validate_application W_Call_incomplete_files 
W_Complete_application W_Call_after_offers W_Validate_application W_Call_incomplete_files W_Validate_application W_Call_incomplete_files W_Validate_application W_Call_incomplete_files 
W_Complete_application W_Call_after_offers 
W_Complete_application W_Call_after_offers W_Validate_application W_Call_incomplete_files W_Validate_application W_Call_incomplete_files W_Validate_application W_Call_incomplete_files 
W_Handle_leads W_Complete_application W_Call_after_offers W_Validate_application W_Call_incomplete_files W_Validate_application W_Call_incomplete_files W_Validate_application W_Call_incomplete_files W_Validate_application 
W_Complete_application 
W_Complete_application W_Call_after_offers W_Validate_application 
W_Complete_application W_Call_after_offers W_Validate_application 
W_Complete_application W_Call_after_offers 
W_Complete_application W_Call_after_offers 
W_Handle_leads W_Complete_application W_Call_after_offers W_Validate_application 
W_Complete_application W_Call_after_offers W_Validate_application W_Call_incomplete_files W_Validate_application 
W_Complete_application W_Call_after_offers 
W_Handle_leads W_Complete_application W_Call_after_offers W_Validate_application W_Call_incomplete_files W_Validate_application W_Call_incomplete_files W_Validate_application W_Call_incomplete_files W_Validate_application 
W_Complete_application W_Call_after_offers 
W_Handle_leads W_Complete_application W_Call_after_offers 
W_Complete_application W_Call_after_offers W_Validate_application W_Call_incomplete_files W_Validate_application W_Call_incomplete_files W_Validate_application W_Call_incomplete_files W_Validate_application 
W_Complete_application W_Call_after_offers W_Validate_application 
W_Complete_application W_Call_after_offers W_Validate_application W_Call_incomplete_files W_Validate_application W_Call_incomplete_files W_Validate_application W_Call_incomplete_files W_Validate_application 
W_Complete_application W_Call_after_offers W_Validate_application W_Call_incomplete_files W_Validate_application 
W_Complete_application W_Call_after_offers W_Validate_application W_Call_incomplete_files W_Validate_application 
W_Complete_application W_Call_after_offers 
W_Complete_application W_Call_after_offers W_Validate_application W_Call_incomplete_files W_Validate_application 
W_Complete_application W_Call_after_offers 
W_Complete_application W_Call_after_offers W_Validate_application 
W_Complete_application W_Call_after_offers W_Validate_application W_Call_incomplete_files W_Validate_application 
W_Complete_application W_Call_after_offers W_Validate_application W_Call_incomplete_files W_Validate_application W_Call_incomplete_files 
W_Complete_application W_Call_after_offers 
W_Handle_leads W_Complete_application W_Call_after_offers 
W_Handle_leads W_Complete_application W_Call_after_offers W_Validate_application W_Call_incomplete_files W_Validate_application 
W_Complete_application W_Call_after_offers W_Validate_application 
W_Handle_leads W_Complete_application W_Call_after_offers W_Validate_application 
W_Complete_application W_Call_after_offers W_Call_after_offers W_Validate_application W_Call_incomplete_files W_Validate_application W_Call_incomplete_files W_Validate_application 
W_Handle_leads W_Complete_application W_Call_after_offers W_Validate_application 
W_Complete_application W_Call_after_offers W_Validate_application 
W_Complete_application W_Call_after_offers W_Validate_application W_Call_incomplete_files W_Validate_application W_Call_incomplete_files 
W_Complete_application W_Call_after_offers W_Validate_application W_Call_incomplete_files 
W_Complete_application W_Call_after_offers W_Validate_application W_Call_incomplete_files W_Validate_application 
W_Complete_application W_Call_after_offers W_Validate_application W_Call_incomplete_files 
W_Complete_application W_Call_after_offers 
W_Complete_application W_Call_after_offers W_Validate_application W_Call_incomplete_files W_Validate_application W_Call_incomplete_files W_Validate_application W_Call_incomplete_files W_Validate_application W_Call_incomplete_files W_Validate_application W_Call_incomplete_files W_Validate_application W_Call_incomplete_files W_Validate_application 
W_Complete_application W_Call_after_offers W_Validate_application W_Call_incomplete_files W_Validate_application 
W_Handle_leads W_Complete_application W_Call_after_offers W_Validate_application W_Call_incomplete_files W_Validate_application 
W_Complete_application W_Call_after_offers W_Validate_application W_Call_incomplete_files W_Validate_application W_Call_incomplete_files W_Validate_application 
W_Complete_application W_Call_after_offers 
W_Complete_application W_Call_after_offers 
W_Complete_application W_Call_after_offers W_Validate_application 
W_Complete_application W_Call_after_offers W_Validate_application 
W_Complete_application W_Call_after_offers W_Validate_application 
W_Complete_application W_Call_after_offers 
W_Complete_application W_Call_after_offers W_Validate_application W_Call_incomplete_files W_Validate_application W_Call_incomplete_files 
W_Complete_application W_Call_after_offers W_Validate_application 
W_Handle_leads W_Complete_application W_Call_after_offers 
W_Complete_application W_Call_after_offers 
W_Complete_application W_Call_after_offers 
W_Complete_application W_Call_after_offers 
W_Complete_application W_Call_after_offers 
W_Handle_leads W_Complete_application W_Call_after_offers W_Validate_application W_Call_incomplete_files 
W_Complete_application W_Call_after_offers 
W_Complete_application W_Call_after_offers W_Validate_application W_Call_incomplete_files W_Validate_application 
W_Complete_application W_Call_after_offers W_Validate_application W_Call_incomplete_files W_Validate_application 
W_Handle_leads W_Complete_application W_Call_after_offers 
W_Complete_application W_Call_after_offers W_Validate_application W_Call_incomplete_files W_Validate_application W_Call_incomplete_files W_Validate_application W_Call_incomplete_files 
W_Complete_application W_Call_after_offers W_Validate_application W_Call_incomplete_files W_Validate_application W_Call_incomplete_files W_Validate_application W_Call_incomplete_files 
W_Complete_application W_Call_after_offers 
W_Complete_application W_Call_after_offers W_Validate_application 
W_Complete_application W_Call_after_offers W_Validate_application 
W_Complete_application W_Call_after_offers 
W_Complete_application W_Call_after_offers 
W_Complete_application W_Call_after_offers 
W_Complete_application W_Call_after_offers 
W_Complete_application W_Call_after_offers 
W_Complete_application W_Call_after_offers 
W_Complete_application W_Call_after_offers W_Validate_application W_Call_incomplete_files 
W_Complete_application W_Call_after_offers W_Validate_application 
W_Handle_leads W_Complete_application W_Call_after_offers W_Validate_application 
W_Complete_application W_Call_after_offers 
W_Complete_application W_Call_after_offers W_Validate_application 
W_Complete_application W_Call_after_offers 
W_Complete_application W_Call_after_offers W_Validate_application W_Call_incomplete_files W_Validate_application W_Call_incomplete_files 
W_Complete_application W_Call_after_offers 
W_Complete_application W_Call_after_offers W_Validate_application W_Call_incomplete_files W_Validate_application W_Call_incomplete_files W_Validate_application 
W_Complete_application W_Call_after_offers W_Validate_application W_Assess_potential_fraud 
W_Complete_application W_Call_after_offers 
W_Complete_application W_Call_after_offers 
W_Complete_application W_Call_after_offers 
W_Complete_application W_Call_after_offers W_Validate_application 
W_Complete_application W_Call_after_offers 
W_Complete_application W_Call_after_offers W_Validate_application W_Call_incomplete_files W_Validate_application W_Call_incomplete_files W_Validate_application 
W_Complete_application W_Call_after_offers 
W_Complete_application W_Call_after_offers W_Validate_application 
W_Complete_application W_Call_after_offers W_Validate_application W_Call_incomplete_files 
W_Complete_application W_Call_after_offers W_Validate_application 
W_Complete_application W_Call_after_offers W_Validate_application 
W_Complete_application W_Call_after_offers W_Validate_application 
W_Complete_application W_Call_after_offers W_Validate_application 
W_Complete_application W_Call_after_offers 
W_Complete_application W_Call_after_offers W_Validate_application 
W_Complete_application W_Call_after_offers W_Validate_application W_Call_incomplete_files W_Validate_application 
W_Complete_application W_Call_after_offers W_Validate_application W_Call_incomplete_files W_Validate_application W_Call_incomplete_files W_Validate_application W_Call_incomplete_files W_Validate_application W_Call_incomplete_files W_Validate_application 
W_Complete_application W_Call_after_offers 
W_Complete_application W_Call_after_offers 
W_Complete_application W_Call_after_offers W_Validate_application 
W_Complete_application W_Call_after_offers W_Validate_application W_Call_incomplete_files 
W_Complete_application W_Call_after_offers 
W_Complete_application W_Call_after_offers W_Validate_application W_Call_incomplete_files W_Validate_application 
W_Complete_application W_Call_after_offers W_Validate_application 
W_Complete_application W_Call_after_offers 
W_Complete_application W_Call_after_offers W_Validate_application 
W_Complete_application W_Call_after_offers W_Validate_application W_Call_incomplete_files W_Validate_application W_Call_incomplete_files W_Validate_application 
W_Complete_application W_Call_after_offers W_Validate_application W_Call_incomplete_files W_Validate_application W_Call_incomplete_files W_Validate_application W_Call_incomplete_files W_Validate_application W_Call_incomplete_files 
W_Complete_application W_Call_after_offers W_Validate_application W_Call_incomplete_files W_Validate_application 
W_Complete_application W_Call_after_offers W_Validate_application W_Call_incomplete_files W_Validate_application W_Call_incomplete_files W_Validate_application W_Call_incomplete_files 
W_Complete_application W_Call_after_offers W_Validate_application W_Call_incomplete_files W_Validate_application W_Call_incomplete_files W_Validate_application 
W_Complete_application W_Call_after_offers W_Validate_application 
W_Complete_application W_Call_after_offers W_Validate_application W_Call_incomplete_files W_Validate_application 
W_Complete_application W_Call_after_offers W_Validate_application 
W_Complete_application W_Call_after_offers W_Validate_application 
W_Complete_application W_Call_after_offers W_Validate_application W_Call_incomplete_files W_Validate_application 
W_Complete_application W_Call_after_offers W_Validate_application W_Call_incomplete_files W_Validate_application 
W_Complete_application W_Call_after_offers W_Validate_application 
W_Complete_application W_Call_after_offers 
W_Complete_application W_Call_after_offers W_Validate_application W_Call_incomplete_files W_Validate_application 
W_Handle_leads W_Complete_application W_Call_after_offers W_Validate_application 
W_Call_after_offers W_Validate_application 
W_Complete_application W_Call_after_offers W_Validate_application W_Call_incomplete_files W_Validate_application W_Call_incomplete_files 
W_Complete_application W_Call_after_offers W_Validate_application 
W_Complete_application W_Assess_potential_fraud W_Complete_application W_Call_after_offers W_Validate_application W_Validate_application 
W_Complete_application W_Call_after_offers 
W_Complete_application W_Call_after_offers W_Validate_application W_Call_incomplete_files W_Validate_application W_Call_incomplete_files W_Validate_application W_Call_incomplete_files 
W_Complete_application W_Call_after_offers W_Validate_application W_Call_incomplete_files W_Validate_application 
W_Complete_application W_Call_after_offers W_Validate_application W_Call_incomplete_files 
W_Complete_application W_Call_after_offers W_Validate_application 
W_Complete_application W_Call_after_offers W_Validate_application W_Call_incomplete_files 
W_Complete_application W_Call_after_offers 
W_Complete_application W_Call_after_offers 
W_Complete_application W_Call_after_offers 
W_Complete_application W_Call_after_offers W_Validate_application W_Call_incomplete_files W_Validate_application W_Call_incomplete_files W_Validate_application 
W_Complete_application W_Call_after_offers W_Validate_application 
W_Complete_application W_Call_after_offers 
W_Handle_leads W_Complete_application W_Call_after_offers W_Validate_application 
W_Handle_leads W_Complete_application W_Call_after_offers W_Validate_application W_Call_incomplete_files 
W_Complete_application W_Call_after_offers W_Validate_application W_Call_incomplete_files W_Validate_application W_Call_incomplete_files W_Validate_application 
W_Complete_application W_Call_after_offers W_Validate_application 
W_Handle_leads W_Complete_application W_Call_after_offers 
W_Complete_application W_Call_after_offers W_Validate_application W_Call_incomplete_files W_Validate_application 
W_Complete_application W_Call_after_offers 
W_Complete_application W_Call_after_offers 
W_Complete_application W_Call_after_offers W_Validate_application W_Call_incomplete_files W_Validate_application 
W_Complete_application W_Call_after_offers W_Validate_application 
W_Complete_application W_Call_after_offers 
W_Complete_application W_Call_after_offers W_Validate_application 
W_Complete_application W_Call_after_offers W_Validate_application W_Call_incomplete_files 
W_Complete_application W_Call_after_offers W_Validate_application W_Call_incomplete_files W_Validate_application W_Call_incomplete_files W_Validate_application W_Call_incomplete_files 
W_Complete_application W_Call_after_offers W_Validate_application W_Call_incomplete_files W_Validate_application 
W_Complete_application W_Call_after_offers W_Validate_application W_Call_incomplete_files 
W_Complete_application W_Call_after_offers W_Validate_application W_Call_incomplete_files W_Validate_application W_Call_incomplete_files W_Validate_application W_Call_incomplete_files 
W_Complete_application W_Call_after_offers 
W_Handle_leads W_Complete_application W_Call_after_offers W_Validate_application W_Call_incomplete_files 
W_Complete_application W_Call_after_offers W_Validate_application 
W_Complete_application W_Call_after_offers 
W_Complete_application W_Call_after_offers W_Validate_application W_Call_incomplete_files 
W_Complete_application W_Call_after_offers 
W_Complete_application W_Call_after_offers 
W_Complete_application W_Call_after_offers W_Validate_application W_Call_incomplete_files W_Validate_application W_Call_incomplete_files W_Validate_application W_Call_incomplete_files 
W_Complete_application W_Call_after_offers 
W_Complete_application W_Call_after_offers W_Validate_application W_Call_incomplete_files W_Validate_application 
W_Complete_application W_Call_after_offers 
W_Complete_application W_Call_after_offers W_Validate_application W_Assess_potential_fraud W_Validate_application W_Call_incomplete_files 
W_Complete_application W_Call_after_offers 
W_Complete_application W_Call_after_offers W_Validate_application W_Call_incomplete_files W_Validate_application W_Call_incomplete_files W_Validate_application 
W_Complete_application W_Call_after_offers W_Validate_application W_Call_incomplete_files W_Validate_application W_Call_incomplete_files 
W_Complete_application W_Call_after_offers W_Validate_application 
W_Complete_application W_Call_after_offers 
W_Complete_application W_Call_after_offers W_Validate_application W_Call_incomplete_files W_Validate_application W_Call_incomplete_files W_Validate_application W_Call_incomplete_files 
W_Handle_leads W_Complete_application W_Call_after_offers 
W_Complete_application W_Call_after_offers 
W_Handle_leads W_Complete_application W_Call_after_offers 
W_Complete_application W_Call_after_offers W_Validate_application 
W_Complete_application W_Call_after_offers 
W_Complete_application W_Call_after_offers W_Validate_application W_Call_incomplete_files W_Validate_application 
W_Handle_leads W_Complete_application W_Call_after_offers W_Validate_application 
W_Complete_application W_Call_after_offers 
W_Handle_leads W_Complete_application W_Call_after_offers W_Validate_application 
W_Complete_application W_Call_after_offers W_Validate_application W_Call_incomplete_files W_Validate_application W_Call_incomplete_files 
W_Complete_application W_Call_after_offers W_Validate_application 
W_Complete_application W_Call_after_offers W_Validate_application W_Call_incomplete_files W_Validate_application 
W_Complete_application W_Call_after_offers W_Validate_application 
W_Complete_application W_Call_after_offers W_Validate_application W_Call_incomplete_files W_Validate_application 
W_Complete_application W_Call_after_offers W_Validate_application W_Call_incomplete_files W_Validate_application 
W_Complete_application W_Call_after_offers 
W_Complete_application W_Call_after_offers 
W_Complete_application W_Call_after_offers W_Validate_application W_Call_incomplete_files W_Validate_application W_Call_incomplete_files W_Validate_application W_Call_incomplete_files 
W_Complete_application W_Call_after_offers W_Validate_application W_Call_incomplete_files W_Validate_application W_Call_incomplete_files 
W_Complete_application W_Call_after_offers W_Validate_application W_Call_incomplete_files W_Validate_application 
W_Complete_application W_Call_after_offers W_Validate_application 
W_Complete_application W_Call_after_offers 
W_Complete_application W_Call_after_offers W_Validate_application W_Call_incomplete_files W_Validate_application W_Call_incomplete_files W_Validate_application 
W_Complete_application W_Call_after_offers W_Validate_application W_Call_incomplete_files W_Validate_application W_Call_incomplete_files W_Validate_application W_Call_incomplete_files 
W_Complete_application W_Call_after_offers W_Validate_application W_Call_incomplete_files W_Validate_application W_Call_incomplete_files 
W_Complete_application W_Call_after_offers 
W_Complete_application W_Call_after_offers W_Validate_application W_Call_incomplete_files W_Validate_application W_Call_incomplete_files 
W_Complete_application W_Call_after_offers 
W_Complete_application W_Call_after_offers 
W_Complete_application W_Call_after_offers W_Validate_application 
W_Complete_application W_Call_after_offers 
W_Complete_application W_Call_after_offers W_Validate_application W_Call_incomplete_files 
W_Complete_application W_Call_after_offers W_Validate_application 
W_Complete_application W_Call_after_offers W_Validate_application 
W_Complete_application W_Call_after_offers W_Validate_application W_Call_incomplete_files 
W_Handle_leads W_Complete_application W_Call_after_offers W_Validate_application W_Call_incomplete_files W_Validate_application W_Call_incomplete_files 
W_Complete_application W_Call_after_offers W_Validate_application W_Call_incomplete_files W_Validate_application 
W_Complete_application W_Call_after_offers W_Validate_application W_Call_incomplete_files W_Validate_application 
W_Handle_leads W_Complete_application W_Call_after_offers W_Validate_application W_Call_incomplete_files W_Validate_application 
W_Complete_application W_Call_after_offers W_Validate_application 
W_Complete_application W_Call_after_offers 
W_Complete_application W_Call_after_offers W_Validate_application W_Call_incomplete_files 
W_Complete_application W_Call_after_offers W_Validate_application W_Call_incomplete_files W_Validate_application W_Call_incomplete_files W_Validate_application 
W_Complete_application W_Call_after_offers 
W_Complete_application W_Call_after_offers 
W_Complete_application W_Call_after_offers W_Validate_application W_Call_incomplete_files W_Validate_application W_Call_incomplete_files 
W_Complete_application W_Call_after_offers W_Validate_application W_Call_incomplete_files W_Validate_application 
W_Complete_application W_Call_after_offers W_Validate_application 
W_Complete_application W_Call_after_offers W_Validate_application 
W_Complete_application W_Call_after_offers W_Validate_application 
W_Complete_application W_Call_after_offers W_Validate_application W_Call_incomplete_files W_Validate_application 
W_Complete_application W_Call_after_offers W_Validate_application 
W_Complete_application W_Call_after_offers 
W_Complete_application W_Call_after_offers W_Validate_application 
W_Complete_application W_Call_after_offers W_Validate_application W_Call_incomplete_files W_Validate_application W_Call_incomplete_files 
W_Complete_application W_Call_after_offers W_Validate_application W_Call_incomplete_files W_Validate_application 
W_Complete_application W_Call_after_offers W_Validate_application W_Call_incomplete_files W_Validate_application 
W_Complete_application W_Call_after_offers 
W_Complete_application W_Call_after_offers W_Validate_application 
W_Complete_application W_Call_after_offers W_Validate_application 
W_Handle_leads W_Complete_application W_Complete_application W_Call_after_offers W_Validate_application W_Call_incomplete_files W_Validate_application W_Call_incomplete_files 
W_Complete_application W_Call_after_offers W_Validate_application W_Call_incomplete_files W_Validate_application 
W_Complete_application W_Call_after_offers W_Validate_application W_Call_incomplete_files W_Validate_application W_Call_incomplete_files 
W_Complete_application W_Call_after_offers W_Validate_application 
W_Handle_leads W_Complete_application W_Call_after_offers W_Validate_application W_Call_incomplete_files W_Validate_application W_Call_incomplete_files 
W_Complete_application W_Call_after_offers W_Validate_application W_Call_incomplete_files W_Validate_application 
W_Complete_application W_Call_after_offers W_Validate_application W_Call_incomplete_files W_Validate_application W_Call_incomplete_files W_Validate_application W_Call_incomplete_files 
W_Complete_application W_Call_after_offers W_Validate_application 
W_Complete_application W_Call_after_offers W_Validate_application W_Call_incomplete_files W_Validate_application W_Call_incomplete_files W_Validate_application W_Call_incomplete_files 
W_Complete_application W_Call_after_offers W_Validate_application W_Call_incomplete_files W_Validate_application 
W_Complete_application W_Call_after_offers 
W_Complete_application W_Call_after_offers W_Validate_application 
W_Complete_application W_Call_after_offers W_Validate_application W_Call_incomplete_files W_Validate_application 
W_Complete_application W_Call_after_offers W_Validate_application W_Call_incomplete_files W_Validate_application W_Call_incomplete_files 
W_Complete_application W_Call_after_offers 
W_Complete_application W_Call_after_offers W_Validate_application W_Call_incomplete_files 
W_Complete_application W_Call_after_offers W_Validate_application W_Call_incomplete_files W_Validate_application W_Call_incomplete_files 
W_Complete_application W_Call_after_offers W_Validate_application W_Call_incomplete_files W_Validate_application 
W_Complete_application W_Call_after_offers W_Validate_application W_Call_incomplete_files W_Validate_application W_Call_incomplete_files W_Validate_application W_Call_incomplete_files W_Validate_application W_Call_incomplete_files 
W_Complete_application W_Call_after_offers W_Validate_application 
W_Handle_leads W_Complete_application W_Call_after_offers W_Validate_application W_Call_incomplete_files W_Validate_application W_Call_incomplete_files 
W_Complete_application W_Call_after_offers W_Validate_application W_Call_incomplete_files 
W_Handle_leads W_Complete_application W_Call_after_offers W_Validate_application W_Call_incomplete_files W_Validate_application 
W_Complete_application W_Call_after_offers W_Validate_application W_Call_incomplete_files W_Validate_application 
W_Handle_leads W_Complete_application W_Call_after_offers W_Validate_application W_Call_incomplete_files W_Validate_application 
W_Call_after_offers W_Validate_application 
W_Complete_application W_Call_after_offers 
W_Complete_application W_Call_after_offers 
W_Handle_leads W_Complete_application W_Call_after_offers W_Validate_application W_Call_incomplete_files W_Validate_application 
W_Complete_application W_Call_after_offers W_Validate_application W_Call_incomplete_files W_Validate_application W_Call_incomplete_files W_Validate_application W_Call_incomplete_files 
W_Handle_leads W_Complete_application W_Call_after_offers 
W_Complete_application W_Call_after_offers W_Validate_application 
W_Complete_application W_Call_after_offers 
W_Complete_application W_Call_after_offers W_Validate_application W_Call_incomplete_files W_Validate_application W_Call_incomplete_files W_Validate_application W_Call_incomplete_files 
W_Complete_application W_Call_after_offers W_Validate_application W_Call_incomplete_files W_Validate_application 
W_Complete_application W_Call_after_offers W_Validate_application W_Call_incomplete_files W_Validate_application 
W_Complete_application W_Call_after_offers 
W_Complete_application W_Call_after_offers W_Validate_application 
W_Complete_application W_Call_after_offers W_Validate_application 
W_Complete_application W_Call_after_offers W_Validate_application W_Call_incomplete_files W_Validate_application 
W_Complete_application W_Call_after_offers W_Validate_application 
W_Complete_application W_Call_after_offers W_Validate_application 
W_Complete_application W_Call_after_offers W_Validate_application W_Call_incomplete_files W_Validate_application W_Call_incomplete_files 
W_Complete_application W_Call_after_offers W_Validate_application 
W_Complete_application W_Call_after_offers W_Validate_application 
W_Complete_application W_Call_after_offers W_Call_after_offers W_Validate_application W_Call_incomplete_files W_Validate_application W_Call_incomplete_files W_Validate_application W_Call_incomplete_files 
W_Handle_leads W_Complete_application W_Call_after_offers 
W_Complete_application W_Call_after_offers W_Validate_application W_Call_incomplete_files W_Validate_application 
W_Complete_application W_Call_after_offers 
W_Complete_application W_Call_after_offers 
W_Complete_application W_Call_after_offers 
W_Complete_application W_Call_after_offers W_Validate_application 
W_Complete_application W_Call_after_offers W_Validate_application W_Call_incomplete_files W_Validate_application 
W_Complete_application W_Call_after_offers W_Validate_application W_Call_incomplete_files W_Validate_application 
W_Complete_application W_Call_after_offers 
W_Complete_application W_Call_after_offers W_Validate_application W_Call_incomplete_files W_Validate_application W_Call_incomplete_files 
W_Complete_application W_Call_after_offers W_Validate_application W_Call_incomplete_files W_Validate_application W_Call_incomplete_files W_Validate_application 
W_Complete_application W_Call_after_offers W_Validate_application 
W_Complete_application W_Call_after_offers 
W_Complete_application W_Call_after_offers 
W_Complete_application W_Call_after_offers 
W_Complete_application W_Call_after_offers W_Validate_application W_Call_incomplete_files W_Validate_application W_Call_incomplete_files W_Validate_application 
W_Complete_application W_Call_after_offers W_Validate_application 
W_Complete_application W_Call_after_offers W_Call_after_offers W_Validate_application 
W_Complete_application W_Call_after_offers W_Validate_application W_Call_incomplete_files W_Validate_application 
W_Handle_leads W_Complete_application W_Call_after_offers W_Validate_application W_Call_incomplete_files W_Validate_application W_Call_incomplete_files W_Validate_application W_Call_incomplete_files 
W_Complete_application W_Call_after_offers W_Validate_application W_Call_incomplete_files W_Validate_application 
W_Complete_application W_Call_after_offers W_Validate_application W_Call_incomplete_files 
W_Complete_application W_Call_after_offers W_Validate_application W_Call_incomplete_files W_Validate_application 
W_Complete_application W_Call_after_offers W_Validate_application 
W_Complete_application W_Call_after_offers 
W_Complete_application W_Call_after_offers W_Validate_application W_Call_incomplete_files W_Validate_application 
W_Complete_application W_Call_after_offers W_Validate_application W_Call_incomplete_files W_Validate_application W_Call_incomplete_files W_Validate_application W_Call_incomplete_files 
W_Complete_application W_Call_after_offers W_Validate_application 
W_Complete_application W_Call_after_offers 
W_Complete_application W_Assess_potential_fraud W_Complete_application W_Call_after_offers W_Validate_application W_Call_incomplete_files W_Validate_application 
W_Complete_application W_Call_after_offers W_Assess_potential_fraud 
W_Complete_application W_Call_after_offers W_Validate_application W_Call_incomplete_files W_Validate_application 
W_Complete_application W_Call_after_offers 
W_Complete_application W_Call_after_offers 
W_Complete_application W_Call_after_offers W_Validate_application 
W_Complete_application W_Call_after_offers W_Validate_application W_Call_incomplete_files W_Validate_application W_Call_incomplete_files W_Validate_application W_Call_incomplete_files W_Validate_application 
W_Complete_application W_Call_after_offers 
W_Complete_application W_Call_after_offers W_Validate_application 
W_Complete_application W_Call_after_offers W_Validate_application W_Call_incomplete_files W_Validate_application 
W_Complete_application W_Call_after_offers W_Validate_application W_Call_incomplete_files W_Validate_application W_Call_incomplete_files W_Validate_application W_Call_incomplete_files 
W_Complete_application W_Call_after_offers W_Validate_application W_Call_incomplete_files W_Validate_application 
W_Complete_application W_Call_after_offers W_Validate_application W_Call_incomplete_files 
W_Complete_application W_Call_after_offers 
W_Complete_application W_Call_after_offers W_Validate_application W_Call_incomplete_files W_Validate_application W_Call_incomplete_files 
W_Complete_application W_Complete_application W_Call_after_offers W_Validate_application W_Call_incomplete_files W_Validate_application W_Call_incomplete_files W_Validate_application 
W_Complete_application W_Call_after_offers W_Validate_application 
W_Complete_application W_Call_after_offers 
W_Complete_application W_Call_after_offers W_Validate_application 
W_Complete_application W_Call_after_offers W_Validate_application 
W_Complete_application W_Call_after_offers 
W_Complete_application W_Call_after_offers W_Validate_application 
W_Handle_leads W_Complete_application W_Call_after_offers W_Validate_application W_Call_incomplete_files 
W_Complete_application W_Call_after_offers W_Validate_application 
W_Complete_application W_Call_after_offers W_Validate_application W_Call_incomplete_files W_Validate_application 
W_Complete_application W_Call_after_offers 
W_Complete_application W_Call_after_offers W_Validate_application 
W_Complete_application 
W_Complete_application W_Call_after_offers W_Validate_application W_Call_incomplete_files W_Validate_application 
W_Complete_application W_Call_after_offers W_Validate_application W_Call_incomplete_files W_Validate_application 
W_Complete_application W_Call_after_offers 
W_Handle_leads W_Complete_application W_Call_after_offers W_Validate_application W_Call_incomplete_files 
W_Complete_application W_Call_after_offers W_Validate_application 
W_Complete_application W_Call_after_offers 
W_Complete_application W_Call_after_offers W_Validate_application W_Call_incomplete_files 
W_Complete_application W_Call_after_offers W_Validate_application W_Call_incomplete_files W_Validate_application W_Call_incomplete_files 
W_Complete_application W_Call_after_offers 
W_Complete_application W_Call_after_offers W_Validate_application W_Call_incomplete_files W_Validate_application 
W_Handle_leads W_Complete_application W_Complete_application W_Complete_application W_Complete_application W_Call_after_offers W_Validate_application 
W_Complete_application W_Call_after_offers W_Validate_application W_Call_incomplete_files W_Validate_application W_Call_incomplete_files 
W_Handle_leads W_Complete_application W_Call_after_offers W_Validate_application W_Call_incomplete_files W_Validate_application 
W_Complete_application W_Call_after_offers 
W_Complete_application W_Call_after_offers W_Validate_application W_Call_incomplete_files W_Validate_application 
W_Complete_application W_Call_after_offers W_Validate_application W_Call_incomplete_files W_Validate_application W_Call_incomplete_files 
W_Complete_application W_Call_after_offers W_Validate_application 
W_Complete_application W_Call_after_offers 
W_Handle_leads W_Complete_application W_Call_after_offers 
W_Complete_application W_Call_after_offers 
W_Complete_application W_Call_after_offers W_Validate_application W_Call_incomplete_files W_Validate_application W_Call_incomplete_files 
W_Handle_leads W_Complete_application W_Call_after_offers W_Validate_application W_Call_incomplete_files W_Validate_application W_Call_incomplete_files W_Validate_application 
W_Complete_application W_Call_after_offers W_Validate_application W_Call_incomplete_files W_Validate_application W_Call_incomplete_files 
W_Complete_application W_Call_after_offers W_Validate_application 
W_Handle_leads W_Complete_application W_Call_after_offers 
W_Complete_application W_Call_after_offers W_Validate_application W_Call_incomplete_files W_Validate_application W_Call_incomplete_files 
W_Complete_application W_Call_after_offers W_Validate_application W_Call_incomplete_files W_Validate_application 
W_Complete_application W_Call_after_offers W_Validate_application W_Call_incomplete_files W_Validate_application 
W_Handle_leads W_Complete_application W_Call_after_offers 
W_Complete_application W_Call_after_offers W_Validate_application W_Call_incomplete_files 
W_Complete_application W_Call_after_offers 
W_Call_after_offers W_Validate_application 
W_Call_after_offers 
W_Complete_application W_Call_after_offers W_Validate_application W_Call_incomplete_files W_Validate_application 
W_Handle_leads W_Complete_application W_Call_after_offers W_Validate_application W_Call_incomplete_files W_Validate_application 
W_Complete_application W_Call_after_offers W_Validate_application W_Call_incomplete_files W_Validate_application W_Call_incomplete_files W_Validate_application W_Call_incomplete_files 
W_Complete_application W_Call_after_offers W_Validate_application 
W_Complete_application W_Call_after_offers W_Validate_application W_Call_incomplete_files W_Call_incomplete_files W_Validate_application W_Call_incomplete_files W_Validate_application 
W_Complete_application W_Call_after_offers W_Validate_application W_Call_incomplete_files W_Validate_application W_Call_incomplete_files 
W_Complete_application W_Call_after_offers W_Validate_application W_Call_incomplete_files 
W_Complete_application W_Call_after_offers W_Validate_application W_Call_incomplete_files 
W_Complete_application W_Call_after_offers W_Validate_application W_Call_incomplete_files W_Validate_application W_Call_incomplete_files 
W_Complete_application W_Call_after_offers W_Validate_application W_Call_incomplete_files W_Validate_application 
W_Complete_application W_Call_after_offers 
W_Complete_application W_Call_after_offers W_Validate_application W_Call_incomplete_files 
W_Complete_application W_Call_after_offers W_Validate_application W_Call_incomplete_files W_Validate_application 
W_Complete_application W_Call_after_offers W_Validate_application W_Call_incomplete_files W_Validate_application W_Call_incomplete_files W_Validate_application W_Call_incomplete_files W_Validate_application W_Call_incomplete_files W_Validate_application W_Call_incomplete_files 
W_Handle_leads W_Complete_application W_Call_after_offers 
W_Complete_application W_Call_after_offers W_Validate_application W_Call_incomplete_files W_Validate_application W_Call_incomplete_files W_Validate_application 
W_Handle_leads W_Complete_application W_Call_after_offers 
W_Complete_application W_Call_after_offers W_Validate_application W_Call_incomplete_files W_Validate_application 
W_Complete_application W_Call_after_offers W_Validate_application W_Call_incomplete_files W_Validate_application 
W_Complete_application W_Call_after_offers 
W_Complete_application W_Call_after_offers 
W_Complete_application W_Call_after_offers W_Validate_application W_Call_incomplete_files W_Validate_application 
W_Complete_application W_Call_after_offers W_Validate_application W_Call_incomplete_files W_Validate_application W_Call_incomplete_files W_Validate_application W_Call_incomplete_files W_Validate_application 
W_Complete_application W_Call_after_offers 
W_Complete_application W_Call_after_offers W_Validate_application W_Call_incomplete_files 
W_Complete_application W_Call_after_offers 
W_Complete_application W_Call_after_offers W_Validate_application W_Call_incomplete_files W_Validate_application 
W_Complete_application W_Call_after_offers W_Validate_application 
W_Complete_application W_Call_after_offers W_Validate_application 
W_Complete_application W_Call_after_offers W_Validate_application W_Call_incomplete_files W_Validate_application W_Call_incomplete_files W_Validate_application 
W_Complete_application W_Call_after_offers 
W_Complete_application W_Call_after_offers W_Validate_application 
W_Complete_application 
W_Complete_application W_Call_after_offers 
W_Complete_application W_Call_after_offers 
W_Complete_application W_Call_after_offers W_Validate_application W_Call_incomplete_files W_Validate_application W_Call_incomplete_files 
W_Complete_application W_Call_after_offers 
W_Complete_application W_Call_after_offers W_Validate_application W_Call_incomplete_files W_Validate_application 
W_Complete_application W_Call_after_offers 
W_Complete_application W_Call_after_offers W_Validate_application W_Call_incomplete_files W_Validate_application W_Call_incomplete_files W_Validate_application W_Call_incomplete_files W_Validate_application W_Call_incomplete_files W_Validate_application W_Call_incomplete_files 
W_Handle_leads W_Complete_application W_Call_after_offers W_Validate_application W_Call_incomplete_files W_Validate_application W_Call_incomplete_files W_Validate_application W_Call_incomplete_files W_Validate_application W_Call_incomplete_files 
W_Complete_application W_Call_after_offers 
W_Complete_application W_Call_after_offers W_Validate_application 
W_Complete_application W_Call_after_offers W_Validate_application W_Call_incomplete_files W_Validate_application 
W_Complete_application W_Call_after_offers W_Validate_application W_Call_incomplete_files W_Validate_application 
W_Complete_application W_Call_after_offers W_Validate_application W_Call_incomplete_files W_Validate_application W_Call_incomplete_files W_Validate_application W_Call_incomplete_files 
W_Complete_application W_Call_after_offers W_Validate_application W_Call_incomplete_files W_Validate_application W_Call_incomplete_files W_Validate_application W_Call_incomplete_files 
W_Complete_application W_Call_after_offers W_Validate_application 
W_Complete_application W_Call_after_offers W_Validate_application W_Call_incomplete_files W_Validate_application 
W_Complete_application W_Call_after_offers W_Validate_application W_Call_incomplete_files W_Validate_application W_Call_incomplete_files 
W_Complete_application W_Call_after_offers W_Validate_application W_Call_incomplete_files W_Validate_application 
W_Complete_application W_Call_after_offers 
W_Complete_application W_Call_after_offers W_Validate_application W_Call_incomplete_files W_Validate_application 
W_Complete_application W_Call_after_offers W_Validate_application W_Call_incomplete_files 
W_Complete_application W_Call_after_offers W_Validate_application W_Call_incomplete_files W_Validate_application W_Call_incomplete_files W_Validate_application W_Call_incomplete_files 
W_Complete_application W_Call_after_offers 
W_Complete_application W_Call_after_offers W_Validate_application W_Call_incomplete_files W_Validate_application 
W_Complete_application W_Call_after_offers W_Validate_application W_Call_incomplete_files W_Validate_application 
W_Complete_application W_Call_after_offers 
W_Complete_application W_Call_after_offers W_Validate_application 
W_Handle_leads W_Complete_application 
W_Complete_application W_Call_after_offers W_Validate_application W_Call_incomplete_files W_Validate_application W_Call_incomplete_files 
W_Complete_application W_Call_after_offers W_Validate_application W_Call_incomplete_files 
W_Complete_application W_Call_after_offers 
W_Complete_application W_Call_after_offers 
W_Complete_application W_Call_after_offers W_Validate_application W_Call_incomplete_files W_Validate_application 
W_Complete_application W_Call_after_offers W_Validate_application 
W_Complete_application W_Call_after_offers W_Validate_application W_Call_incomplete_files W_Validate_application W_Call_incomplete_files W_Call_incomplete_files W_Validate_application W_Call_incomplete_files W_Validate_application 
W_Complete_application W_Call_after_offers W_Validate_application W_Call_incomplete_files 
W_Complete_application W_Call_after_offers W_Validate_application W_Call_incomplete_files 
W_Complete_application W_Call_after_offers W_Validate_application W_Call_incomplete_files W_Validate_application W_Call_incomplete_files 
W_Handle_leads W_Complete_application W_Call_after_offers 
W_Complete_application W_Call_after_offers 
W_Complete_application W_Call_after_offers W_Validate_application W_Call_incomplete_files W_Validate_application 
W_Complete_application W_Call_after_offers W_Validate_application W_Call_incomplete_files W_Validate_application 
W_Complete_application W_Call_after_offers W_Validate_application W_Call_incomplete_files W_Validate_application W_Call_incomplete_files 
W_Complete_application W_Call_after_offers W_Validate_application W_Call_incomplete_files W_Validate_application W_Call_incomplete_files W_Validate_application W_Call_incomplete_files W_Validate_application W_Call_incomplete_files 
W_Complete_application W_Call_after_offers W_Validate_application W_Call_incomplete_files W_Validate_application W_Call_incomplete_files 
W_Handle_leads W_Complete_application W_Call_after_offers W_Validate_application W_Call_incomplete_files W_Validate_application W_Call_incomplete_files W_Validate_application 
W_Complete_application W_Call_after_offers W_Validate_application W_Call_incomplete_files 
W_Complete_application W_Call_after_offers 
W_Complete_application W_Call_after_offers W_Validate_application W_Call_incomplete_files W_Validate_application 
W_Complete_application W_Call_after_offers 
W_Complete_application W_Call_after_offers 
W_Complete_application W_Call_after_offers 
W_Handle_leads W_Complete_application W_Call_after_offers W_Validate_application W_Call_incomplete_files 
W_Complete_application W_Call_after_offers 
W_Complete_application W_Call_after_offers W_Validate_application W_Call_incomplete_files W_Validate_application W_Call_incomplete_files W_Validate_application W_Call_incomplete_files 
W_Complete_application W_Call_after_offers W_Validate_application W_Call_incomplete_files W_Validate_application 
W_Handle_leads W_Complete_application W_Call_after_offers 
W_Complete_application W_Call_after_offers 
W_Handle_leads W_Complete_application W_Call_after_offers 
W_Complete_application W_Call_after_offers W_Validate_application W_Call_incomplete_files 
W_Complete_application W_Call_after_offers W_Validate_application W_Call_incomplete_files W_Validate_application W_Call_incomplete_files 
W_Complete_application W_Call_after_offers W_Validate_application W_Call_incomplete_files W_Validate_application W_Call_incomplete_files 
W_Complete_application W_Call_after_offers 
W_Complete_application W_Call_after_offers W_Validate_application W_Call_incomplete_files 
W_Complete_application W_Call_after_offers 
W_Complete_application W_Call_after_offers 
W_Complete_application W_Call_after_offers 
W_Complete_application W_Call_after_offers W_Validate_application 
W_Complete_application W_Call_after_offers W_Validate_application W_Call_incomplete_files 
W_Complete_application W_Call_after_offers W_Validate_application 
W_Complete_application W_Call_after_offers 
W_Complete_application W_Call_after_offers 
W_Complete_application W_Call_after_offers W_Validate_application W_Call_incomplete_files W_Validate_application W_Call_incomplete_files W_Call_incomplete_files W_Validate_application 
W_Complete_application W_Call_after_offers W_Validate_application W_Call_incomplete_files W_Validate_application 
W_Complete_application W_Call_after_offers W_Validate_application W_Call_incomplete_files 
W_Complete_application W_Call_after_offers W_Validate_application W_Call_incomplete_files 
W_Complete_application W_Call_after_offers 
W_Handle_leads W_Complete_application W_Call_after_offers W_Validate_application 
W_Complete_application W_Call_after_offers W_Validate_application W_Call_incomplete_files W_Validate_application W_Call_incomplete_files 
W_Complete_application W_Call_after_offers W_Validate_application 
W_Handle_leads W_Complete_application W_Call_after_offers W_Validate_application W_Call_incomplete_files 
W_Complete_application W_Call_after_offers 
W_Complete_application W_Call_after_offers 
W_Complete_application W_Call_after_offers 
W_Complete_application W_Call_after_offers W_Validate_application 
W_Complete_application W_Call_after_offers W_Validate_application W_Call_incomplete_files W_Validate_application 
W_Complete_application W_Call_after_offers W_Validate_application W_Call_incomplete_files W_Validate_application W_Call_incomplete_files 
W_Complete_application W_Call_after_offers 
W_Handle_leads W_Complete_application W_Call_after_offers 
W_Complete_application W_Call_after_offers W_Validate_application W_Call_incomplete_files W_Validate_application W_Call_incomplete_files 
W_Complete_application W_Call_after_offers 
W_Complete_application W_Call_after_offers W_Validate_application W_Call_incomplete_files W_Validate_application 
W_Complete_application W_Call_after_offers W_Validate_application 
W_Handle_leads W_Complete_application W_Call_after_offers W_Validate_application W_Call_incomplete_files W_Validate_application W_Call_incomplete_files W_Validate_application W_Call_incomplete_files W_Validate_application W_Call_incomplete_files W_Validate_application 
W_Complete_application W_Call_after_offers W_Validate_application W_Call_incomplete_files W_Validate_application W_Call_incomplete_files W_Validate_application 
W_Complete_application W_Call_after_offers W_Validate_application W_Call_incomplete_files W_Validate_application W_Call_incomplete_files W_Validate_application 
W_Complete_application W_Call_after_offers 
W_Complete_application W_Call_after_offers W_Validate_application W_Call_incomplete_files 
W_Complete_application W_Call_after_offers 
W_Handle_leads W_Complete_application W_Call_after_offers 
W_Complete_application W_Call_after_offers 
W_Handle_leads W_Complete_application W_Call_after_offers W_Validate_application 
W_Handle_leads W_Complete_application W_Call_after_offers 
W_Complete_application W_Call_after_offers W_Validate_application 
W_Complete_application W_Call_after_offers 
W_Complete_application W_Call_after_offers W_Validate_application W_Call_incomplete_files W_Validate_application 
W_Complete_application W_Call_after_offers W_Validate_application W_Call_incomplete_files W_Validate_application W_Call_incomplete_files 
W_Complete_application W_Call_after_offers W_Validate_application W_Call_incomplete_files W_Validate_application 
W_Complete_application W_Call_after_offers W_Validate_application W_Call_incomplete_files W_Validate_application W_Call_incomplete_files W_Validate_application 
W_Complete_application W_Call_after_offers W_Validate_application W_Call_incomplete_files 
W_Complete_application W_Call_after_offers 
W_Handle_leads W_Complete_application W_Call_after_offers 
W_Complete_application W_Call_after_offers 
W_Complete_application W_Call_after_offers 
W_Complete_application W_Call_after_offers W_Validate_application W_Call_incomplete_files W_Validate_application W_Call_incomplete_files W_Validate_application 
W_Handle_leads W_Complete_application W_Call_after_offers W_Validate_application W_Call_incomplete_files W_Validate_application 
W_Handle_leads W_Complete_application W_Call_after_offers 
W_Complete_application W_Call_after_offers 
W_Complete_application W_Call_after_offers W_Validate_application W_Call_incomplete_files W_Validate_application W_Call_incomplete_files 
W_Complete_application W_Call_after_offers W_Validate_application W_Call_incomplete_files 
W_Handle_leads W_Complete_application W_Call_after_offers 
W_Complete_application W_Call_after_offers W_Validate_application W_Call_incomplete_files W_Validate_application 
W_Complete_application W_Call_after_offers 
W_Handle_leads W_Complete_application W_Call_after_offers 
W_Complete_application W_Call_after_offers W_Validate_application W_Call_incomplete_files W_Validate_application 
W_Complete_application W_Call_after_offers W_Validate_application W_Call_incomplete_files 
W_Complete_application W_Call_after_offers 
W_Complete_application W_Call_after_offers 
W_Complete_application W_Call_after_offers 
W_Complete_application W_Call_after_offers 
W_Complete_application W_Call_after_offers W_Validate_application W_Call_incomplete_files 
W_Complete_application W_Call_after_offers 
W_Complete_application W_Call_after_offers W_Validate_application W_Call_incomplete_files W_Validate_application W_Call_incomplete_files W_Validate_application 
W_Complete_application W_Call_after_offers 
W_Complete_application W_Call_after_offers W_Validate_application 
W_Complete_application W_Call_after_offers 
W_Complete_application W_Call_after_offers W_Validate_application W_Call_incomplete_files 
W_Complete_application W_Call_after_offers W_Validate_application W_Call_incomplete_files W_Validate_application W_Call_incomplete_files 
W_Handle_leads W_Complete_application W_Call_after_offers W_Validate_application 
W_Complete_application W_Call_after_offers W_Validate_application W_Call_incomplete_files W_Validate_application W_Call_incomplete_files 
W_Complete_application W_Call_after_offers 
W_Handle_leads W_Complete_application W_Call_after_offers W_Validate_application W_Call_incomplete_files 
W_Complete_application W_Call_after_offers W_Validate_application W_Call_incomplete_files W_Validate_application 
W_Handle_leads W_Complete_application W_Call_after_offers 
W_Complete_application W_Call_after_offers W_Validate_application W_Call_incomplete_files W_Validate_application W_Call_incomplete_files 
W_Complete_application W_Call_after_offers W_Validate_application W_Call_incomplete_files W_Validate_application W_Call_incomplete_files W_Validate_application 
W_Complete_application W_Call_after_offers W_Validate_application W_Call_incomplete_files W_Validate_application 
W_Handle_leads W_Complete_application W_Call_after_offers W_Validate_application W_Call_incomplete_files W_Validate_application W_Call_incomplete_files 
W_Complete_application W_Call_after_offers 
W_Complete_application W_Call_after_offers W_Validate_application 
W_Complete_application W_Call_after_offers W_Validate_application W_Call_incomplete_files W_Validate_application 
W_Complete_application W_Call_after_offers W_Validate_application 
W_Complete_application W_Call_after_offers W_Validate_application W_Call_incomplete_files W_Validate_application W_Call_incomplete_files W_Validate_application 
W_Complete_application W_Call_after_offers 
W_Complete_application W_Call_after_offers W_Validate_application W_Call_incomplete_files 
W_Complete_application W_Call_after_offers W_Validate_application 
W_Complete_application W_Call_after_offers 
W_Complete_application W_Call_after_offers 
W_Complete_application W_Call_after_offers 
W_Complete_application W_Call_after_offers W_Validate_application W_Call_incomplete_files W_Validate_application 
W_Complete_application W_Call_after_offers 
W_Complete_application W_Call_after_offers W_Validate_application W_Call_incomplete_files W_Validate_application 
W_Complete_application W_Call_after_offers W_Validate_application W_Call_incomplete_files W_Validate_application W_Call_incomplete_files 
W_Complete_application W_Call_after_offers W_Validate_application W_Call_incomplete_files W_Validate_application 
W_Complete_application W_Call_after_offers 
W_Call_after_offers W_Validate_application 
W_Complete_application W_Call_after_offers 
W_Complete_application W_Call_after_offers W_Validate_application W_Call_incomplete_files 
W_Complete_application W_Call_after_offers W_Validate_application W_Call_incomplete_files 
W_Complete_application W_Call_after_offers 
W_Complete_application W_Call_after_offers 
W_Complete_application W_Call_after_offers W_Validate_application W_Call_incomplete_files W_Validate_application W_Call_incomplete_files W_Validate_application 
W_Call_after_offers W_Validate_application W_Call_incomplete_files 
W_Complete_application W_Call_after_offers 
W_Complete_application W_Call_after_offers W_Validate_application W_Call_incomplete_files W_Validate_application 
W_Complete_application W_Call_after_offers W_Validate_application W_Call_incomplete_files W_Validate_application W_Call_incomplete_files W_Validate_application 
W_Complete_application W_Call_after_offers W_Validate_application W_Call_incomplete_files W_Validate_application W_Call_incomplete_files W_Validate_application 
W_Complete_application W_Call_after_offers W_Validate_application W_Call_incomplete_files W_Validate_application W_Call_incomplete_files W_Validate_application W_Call_incomplete_files 
W_Complete_application W_Call_after_offers W_Validate_application W_Call_incomplete_files 
W_Complete_application W_Call_after_offers W_Validate_application 
W_Complete_application W_Call_after_offers W_Validate_application W_Call_incomplete_files 
W_Handle_leads W_Complete_application W_Call_after_offers W_Validate_application 
W_Complete_application W_Call_after_offers W_Validate_application 
W_Complete_application W_Call_after_offers W_Validate_application W_Call_incomplete_files W_Validate_application W_Call_incomplete_files W_Validate_application W_Call_incomplete_files 
W_Complete_application W_Call_after_offers 
W_Complete_application W_Call_after_offers 
W_Complete_application W_Call_after_offers 
W_Complete_application W_Call_after_offers 
W_Complete_application W_Call_after_offers 
W_Complete_application W_Call_after_offers W_Validate_application W_Call_incomplete_files W_Validate_application 
W_Complete_application W_Call_after_offers 
W_Complete_application W_Call_after_offers W_Validate_application 
W_Complete_application W_Call_after_offers W_Validate_application 
W_Handle_leads W_Complete_application W_Call_after_offers 
W_Complete_application W_Call_after_offers 
W_Complete_application W_Call_after_offers 
W_Complete_application W_Call_after_offers W_Validate_application W_Call_incomplete_files 
W_Complete_application W_Call_after_offers W_Validate_application 
W_Complete_application W_Call_after_offers W_Validate_application W_Call_incomplete_files W_Validate_application W_Call_incomplete_files 
W_Handle_leads W_Complete_application W_Call_after_offers W_Validate_application 
W_Complete_application W_Call_after_offers 
W_Complete_application W_Call_after_offers 
W_Complete_application W_Call_after_offers W_Validate_application W_Call_incomplete_files W_Validate_application 
W_Complete_application W_Call_after_offers W_Validate_application W_Call_incomplete_files 
W_Complete_application W_Call_after_offers W_Validate_application 
W_Complete_application W_Call_after_offers W_Validate_application W_Call_incomplete_files W_Validate_application W_Call_incomplete_files W_Validate_application 
W_Complete_application W_Call_after_offers W_Validate_application W_Call_incomplete_files W_Validate_application W_Call_incomplete_files W_Validate_application W_Call_incomplete_files 
W_Complete_application W_Call_after_offers W_Validate_application W_Call_incomplete_files W_Validate_application W_Call_incomplete_files W_Validate_application W_Call_incomplete_files 
W_Handle_leads W_Call_after_offers 
W_Complete_application W_Call_after_offers W_Validate_application 
W_Complete_application W_Call_after_offers 
W_Complete_application W_Call_after_offers W_Validate_application W_Call_incomplete_files W_Validate_application 
W_Complete_application W_Call_after_offers W_Validate_application W_Call_incomplete_files 
W_Complete_application W_Call_after_offers W_Validate_application W_Call_incomplete_files W_Validate_application 
W_Complete_application W_Call_after_offers W_Validate_application W_Call_incomplete_files W_Validate_application W_Call_incomplete_files W_Validate_application 
W_Complete_application W_Call_after_offers 
W_Complete_application W_Call_after_offers W_Validate_application W_Call_incomplete_files 
W_Complete_application W_Call_after_offers 
W_Complete_application W_Call_after_offers W_Validate_application W_Call_incomplete_files 
W_Complete_application W_Call_after_offers W_Validate_application W_Call_incomplete_files W_Validate_application W_Call_incomplete_files W_Validate_application 
W_Complete_application W_Call_after_offers W_Validate_application W_Call_incomplete_files W_Validate_application 
W_Complete_application W_Call_after_offers 
W_Complete_application W_Call_after_offers 
W_Complete_application W_Call_after_offers W_Validate_application W_Call_incomplete_files W_Validate_application W_Call_incomplete_files 
W_Complete_application W_Call_after_offers W_Validate_application W_Call_incomplete_files 
W_Assess_potential_fraud W_Handle_leads W_Complete_application W_Call_after_offers 
W_Complete_application W_Call_after_offers 
W_Complete_application W_Call_after_offers 
W_Complete_application W_Call_after_offers 
W_Complete_application W_Call_after_offers 
W_Complete_application W_Call_after_offers W_Validate_application W_Call_incomplete_files 
W_Complete_application W_Call_after_offers W_Validate_application W_Call_incomplete_files 
W_Complete_application W_Call_after_offers W_Validate_application W_Call_incomplete_files W_Validate_application 
W_Complete_application W_Call_after_offers W_Validate_application W_Call_incomplete_files 
W_Complete_application W_Call_after_offers W_Validate_application 
W_Complete_application W_Call_after_offers W_Validate_application W_Call_incomplete_files W_Validate_application W_Call_incomplete_files W_Validate_application W_Call_incomplete_files W_Validate_application 
W_Complete_application W_Call_after_offers W_Validate_application W_Call_incomplete_files W_Validate_application W_Call_incomplete_files W_Validate_application W_Call_incomplete_files W_Validate_application 
W_Complete_application W_Call_after_offers W_Validate_application W_Call_incomplete_files W_Validate_application W_Call_incomplete_files W_Validate_application W_Call_incomplete_files W_Validate_application 
W_Complete_application W_Call_after_offers 
W_Complete_application W_Call_after_offers W_Validate_application W_Call_incomplete_files W_Validate_application W_Call_incomplete_files 
W_Complete_application W_Call_after_offers 
W_Complete_application W_Call_after_offers W_Validate_application W_Call_incomplete_files W_Validate_application W_Call_incomplete_files 
W_Handle_leads W_Complete_application W_Call_after_offers 
W_Complete_application W_Call_after_offers W_Validate_application W_Call_incomplete_files W_Validate_application W_Call_incomplete_files W_Validate_application W_Call_incomplete_files W_Validate_application W_Call_incomplete_files 
W_Complete_application W_Call_after_offers 
W_Handle_leads W_Complete_application W_Call_after_offers W_Validate_application W_Call_incomplete_files 
W_Complete_application W_Call_after_offers 
W_Complete_application W_Call_after_offers W_Validate_application W_Call_incomplete_files W_Validate_application W_Call_incomplete_files 
W_Complete_application W_Call_after_offers W_Call_after_offers 
W_Complete_application W_Call_after_offers 
W_Complete_application W_Call_after_offers 
W_Complete_application W_Call_after_offers W_Validate_application W_Assess_potential_fraud W_Validate_application 
W_Complete_application W_Call_after_offers W_Validate_application W_Call_incomplete_files 
W_Complete_application W_Call_after_offers W_Validate_application 
W_Complete_application W_Call_after_offers W_Validate_application W_Call_incomplete_files W_Validate_application W_Call_incomplete_files 
W_Handle_leads W_Complete_application W_Call_after_offers 
W_Complete_application W_Call_after_offers W_Validate_application 
W_Complete_application W_Call_after_offers W_Validate_application W_Call_incomplete_files W_Validate_application W_Call_incomplete_files W_Validate_application W_Call_incomplete_files W_Validate_application W_Call_incomplete_files W_Validate_application 
W_Complete_application W_Call_after_offers W_Validate_application W_Call_incomplete_files 
W_Complete_application W_Call_after_offers 
W_Complete_application W_Call_after_offers W_Validate_application W_Call_incomplete_files 
W_Handle_leads W_Complete_application W_Call_after_offers 
W_Complete_application W_Call_after_offers W_Validate_application W_Call_incomplete_files 
W_Complete_application W_Call_after_offers W_Validate_application W_Call_incomplete_files W_Validate_application 
W_Complete_application W_Call_after_offers 
W_Complete_application W_Call_after_offers 
W_Complete_application W_Call_after_offers W_Call_after_offers 
W_Complete_application W_Call_after_offers W_Validate_application 
W_Complete_application W_Call_after_offers W_Validate_application W_Call_incomplete_files 
W_Complete_application W_Call_after_offers W_Validate_application W_Call_incomplete_files 
W_Complete_application W_Call_after_offers 
W_Complete_application W_Call_after_offers W_Validate_application W_Call_incomplete_files 
W_Complete_application W_Call_after_offers 
W_Complete_application W_Call_after_offers W_Validate_application 
W_Complete_application W_Call_after_offers W_Validate_application 
W_Complete_application W_Call_after_offers W_Validate_application W_Call_incomplete_files W_Validate_application 
W_Complete_application W_Call_after_offers W_Validate_application 
W_Complete_application W_Call_after_offers W_Validate_application 
W_Complete_application W_Call_after_offers 
W_Complete_application W_Call_after_offers W_Validate_application 
W_Complete_application W_Call_after_offers W_Validate_application W_Call_incomplete_files W_Validate_application 
W_Complete_application W_Call_after_offers 
W_Complete_application W_Call_after_offers W_Validate_application W_Validate_application W_Call_incomplete_files W_Validate_application W_Call_incomplete_files 
W_Complete_application W_Call_after_offers W_Validate_application 
W_Complete_application W_Call_after_offers W_Validate_application W_Call_incomplete_files W_Validate_application W_Call_incomplete_files W_Validate_application W_Call_incomplete_files 
W_Complete_application W_Call_after_offers 
W_Complete_application W_Call_after_offers W_Validate_application W_Call_incomplete_files 
W_Complete_application W_Call_after_offers W_Validate_application 
W_Complete_application W_Call_after_offers 
W_Complete_application W_Call_after_offers W_Validate_application W_Call_incomplete_files W_Validate_application W_Call_incomplete_files 
W_Handle_leads W_Complete_application W_Call_after_offers 
W_Handle_leads W_Complete_application W_Call_after_offers W_Validate_application W_Call_incomplete_files W_Validate_application W_Call_incomplete_files 
W_Complete_application W_Call_after_offers W_Validate_application 
W_Complete_application W_Call_after_offers W_Validate_application W_Call_incomplete_files W_Validate_application 
W_Complete_application W_Call_after_offers W_Validate_application W_Call_incomplete_files 
W_Call_after_offers 
W_Complete_application W_Call_after_offers 
W_Complete_application W_Call_after_offers 
W_Complete_application W_Call_after_offers W_Validate_application W_Call_incomplete_files 
W_Complete_application W_Call_after_offers 
W_Complete_application W_Call_after_offers W_Validate_application W_Call_incomplete_files 
W_Handle_leads W_Complete_application W_Call_after_offers W_Validate_application W_Call_incomplete_files 
W_Complete_application W_Call_after_offers 
W_Complete_application W_Call_after_offers 
W_Handle_leads W_Complete_application W_Call_after_offers W_Validate_application W_Call_incomplete_files 
W_Complete_application W_Call_after_offers 
W_Complete_application W_Call_after_offers W_Validate_application W_Call_incomplete_files W_Validate_application W_Call_incomplete_files W_Validate_application W_Call_incomplete_files 
W_Complete_application W_Call_after_offers 
W_Complete_application W_Call_after_offers 
W_Complete_application W_Call_after_offers W_Validate_application W_Call_incomplete_files 
W_Complete_application W_Call_after_offers W_Validate_application W_Call_incomplete_files W_Validate_application W_Call_incomplete_files 
W_Complete_application W_Call_after_offers W_Validate_application 
W_Complete_application W_Call_after_offers W_Validate_application 
W_Complete_application W_Call_after_offers 
W_Complete_application W_Call_after_offers 
W_Complete_application W_Call_after_offers W_Validate_application W_Call_incomplete_files W_Validate_application 
W_Complete_application W_Call_after_offers W_Validate_application W_Call_incomplete_files W_Validate_application 
W_Complete_application W_Call_after_offers W_Validate_application W_Call_incomplete_files W_Validate_application W_Call_incomplete_files W_Validate_application W_Call_incomplete_files 
W_Complete_application W_Call_after_offers 
W_Complete_application W_Call_after_offers W_Validate_application W_Call_incomplete_files 
W_Complete_application W_Call_after_offers W_Validate_application W_Call_incomplete_files 
W_Complete_application W_Call_after_offers 
W_Complete_application W_Call_after_offers 
W_Complete_application W_Call_after_offers W_Validate_application W_Call_incomplete_files 
W_Complete_application W_Call_after_offers W_Validate_application W_Call_incomplete_files 
W_Complete_application W_Call_after_offers W_Validate_application W_Call_incomplete_files W_Validate_application W_Call_incomplete_files W_Validate_application W_Call_incomplete_files W_Validate_application W_Call_incomplete_files 
W_Handle_leads W_Complete_application W_Call_after_offers 
W_Handle_leads W_Complete_application W_Call_after_offers W_Validate_application 
W_Complete_application W_Call_after_offers W_Validate_application 
W_Complete_application W_Call_after_offers W_Validate_application W_Call_incomplete_files 
W_Complete_application W_Call_after_offers 
W_Call_after_offers W_Validate_application W_Call_incomplete_files 
W_Complete_application W_Call_after_offers 
W_Complete_application W_Call_after_offers W_Validate_application W_Call_incomplete_files W_Validate_application W_Call_incomplete_files W_Validate_application 
W_Handle_leads W_Complete_application W_Call_after_offers W_Validate_application W_Call_incomplete_files W_Validate_application W_Call_incomplete_files W_Validate_application 
W_Complete_application W_Call_after_offers 
W_Handle_leads W_Complete_application W_Call_after_offers W_Validate_application W_Call_incomplete_files 
W_Complete_application W_Call_after_offers W_Validate_application W_Call_incomplete_files 
W_Complete_application W_Call_after_offers 
W_Complete_application W_Call_after_offers W_Validate_application W_Call_incomplete_files W_Validate_application 
W_Complete_application W_Call_after_offers 
W_Complete_application W_Call_after_offers W_Validate_application W_Call_incomplete_files W_Validate_application W_Call_incomplete_files 
W_Complete_application W_Call_after_offers W_Validate_application W_Validate_application W_Call_incomplete_files 
W_Complete_application W_Call_after_offers W_Validate_application W_Call_incomplete_files W_Validate_application 
W_Complete_application W_Call_after_offers W_Validate_application W_Call_incomplete_files W_Validate_application 
W_Complete_application W_Call_after_offers W_Validate_application W_Call_incomplete_files W_Validate_application W_Call_incomplete_files 
W_Complete_application W_Call_after_offers W_Validate_application W_Call_incomplete_files 
W_Complete_application W_Call_after_offers W_Validate_application W_Call_incomplete_files W_Validate_application W_Call_incomplete_files 
W_Complete_application W_Call_after_offers W_Validate_application W_Call_incomplete_files 
W_Call_after_offers W_Validate_application W_Call_incomplete_files 
W_Complete_application W_Call_after_offers 
W_Complete_application W_Call_after_offers W_Validate_application W_Call_incomplete_files W_Validate_application W_Call_incomplete_files W_Validate_application W_Call_incomplete_files 
W_Handle_leads W_Complete_application W_Call_after_offers 
W_Complete_application W_Call_after_offers 
W_Complete_application W_Call_after_offers 
W_Complete_application W_Call_after_offers 
W_Complete_application W_Call_after_offers W_Validate_application W_Call_incomplete_files W_Validate_application W_Assess_potential_fraud W_Assess_potential_fraud W_Validate_application W_Call_incomplete_files 
W_Handle_leads W_Complete_application W_Call_after_offers W_Validate_application W_Call_incomplete_files W_Validate_application W_Call_incomplete_files 
W_Complete_application W_Call_after_offers 
W_Complete_application W_Call_after_offers W_Validate_application W_Call_incomplete_files W_Validate_application W_Call_incomplete_files W_Validate_application 
W_Complete_application W_Call_after_offers W_Validate_application W_Call_incomplete_files W_Validate_application W_Call_incomplete_files 
W_Complete_application W_Call_after_offers 
W_Complete_application W_Call_after_offers W_Validate_application W_Call_incomplete_files W_Validate_application 
W_Complete_application W_Call_after_offers 
W_Handle_leads W_Complete_application W_Call_after_offers 
W_Complete_application W_Call_after_offers W_Validate_application 
W_Complete_application W_Call_after_offers W_Validate_application W_Call_incomplete_files W_Validate_application W_Call_incomplete_files W_Validate_application W_Call_incomplete_files 
W_Complete_application W_Call_after_offers W_Validate_application W_Call_incomplete_files 
W_Complete_application W_Call_after_offers 
W_Complete_application W_Call_after_offers W_Validate_application W_Call_incomplete_files W_Validate_application W_Call_incomplete_files 
W_Complete_application W_Call_after_offers W_Validate_application W_Call_incomplete_files W_Validate_application 
W_Complete_application W_Call_after_offers W_Validate_application 
W_Complete_application W_Call_after_offers 
W_Complete_application W_Call_after_offers W_Validate_application W_Call_incomplete_files W_Validate_application W_Call_incomplete_files W_Validate_application 
W_Complete_application W_Call_after_offers W_Validate_application W_Call_incomplete_files W_Validate_application W_Assess_potential_fraud W_Validate_application W_Call_incomplete_files W_Validate_application W_Call_incomplete_files W_Validate_application W_Call_incomplete_files W_Validate_application W_Call_incomplete_files W_Validate_application 
W_Complete_application W_Call_after_offers W_Validate_application W_Call_incomplete_files W_Validate_application W_Call_incomplete_files W_Validate_application 
W_Handle_leads W_Complete_application W_Call_after_offers W_Validate_application 
W_Complete_application W_Call_after_offers W_Validate_application W_Assess_potential_fraud W_Validate_application W_Call_incomplete_files W_Validate_application W_Call_incomplete_files 
W_Complete_application W_Call_after_offers W_Validate_application W_Call_incomplete_files W_Validate_application W_Call_incomplete_files W_Validate_application W_Call_incomplete_files W_Validate_application 
W_Handle_leads W_Complete_application W_Call_after_offers W_Validate_application W_Call_incomplete_files 
W_Complete_application W_Complete_application W_Call_after_offers W_Validate_application W_Call_incomplete_files W_Validate_application W_Call_incomplete_files 
W_Complete_application W_Call_after_offers W_Validate_application 
W_Complete_application W_Call_after_offers W_Validate_application W_Call_incomplete_files 
W_Handle_leads W_Complete_application W_Call_after_offers 
W_Complete_application W_Call_after_offers W_Validate_application W_Call_incomplete_files W_Validate_application 
W_Complete_application W_Call_after_offers W_Validate_application 
W_Handle_leads W_Complete_application W_Call_after_offers 
W_Complete_application W_Call_after_offers W_Validate_application W_Call_incomplete_files W_Validate_application W_Call_incomplete_files W_Validate_application W_Call_incomplete_files W_Validate_application W_Call_incomplete_files W_Validate_application W_Call_incomplete_files W_Validate_application 
W_Complete_application W_Call_after_offers W_Validate_application W_Call_incomplete_files W_Validate_application W_Call_incomplete_files 
W_Complete_application W_Call_after_offers W_Validate_application W_Call_incomplete_files W_Validate_application W_Call_incomplete_files W_Validate_application W_Call_incomplete_files 
W_Complete_application W_Call_after_offers W_Validate_application W_Call_incomplete_files W_Validate_application W_Call_incomplete_files W_Validate_application 
W_Complete_application W_Call_after_offers 
W_Complete_application W_Call_after_offers W_Validate_application W_Call_incomplete_files W_Validate_application 
W_Complete_application W_Call_after_offers W_Validate_application W_Call_incomplete_files 
W_Complete_application W_Call_after_offers W_Validate_application W_Call_incomplete_files W_Validate_application W_Call_incomplete_files W_Validate_application W_Call_incomplete_files 
W_Complete_application W_Call_after_offers W_Validate_application W_Call_incomplete_files W_Validate_application W_Call_incomplete_files 
W_Handle_leads W_Complete_application W_Call_after_offers W_Validate_application W_Call_incomplete_files W_Validate_application W_Call_incomplete_files W_Validate_application 
W_Complete_application W_Call_after_offers 
W_Complete_application W_Call_after_offers W_Validate_application W_Call_incomplete_files 
W_Handle_leads W_Complete_application W_Call_after_offers W_Validate_application 
W_Complete_application W_Call_after_offers W_Validate_application W_Call_incomplete_files W_Validate_application W_Call_incomplete_files 
W_Complete_application W_Call_after_offers W_Validate_application W_Call_incomplete_files W_Validate_application W_Call_incomplete_files W_Validate_application W_Call_incomplete_files 
W_Handle_leads W_Complete_application W_Call_after_offers W_Validate_application 
W_Complete_application W_Call_after_offers 
W_Complete_application W_Call_after_offers W_Assess_potential_fraud 
W_Complete_application W_Call_after_offers W_Validate_application W_Call_incomplete_files W_Validate_application W_Call_incomplete_files W_Validate_application W_Call_incomplete_files W_Validate_application W_Call_incomplete_files 
W_Complete_application W_Call_after_offers W_Validate_application W_Call_incomplete_files 
W_Complete_application W_Call_after_offers W_Validate_application W_Call_incomplete_files W_Validate_application 
W_Complete_application W_Call_after_offers 
W_Handle_leads W_Complete_application W_Call_after_offers W_Validate_application W_Call_incomplete_files W_Validate_application W_Call_incomplete_files W_Validate_application W_Call_incomplete_files 
W_Complete_application W_Call_after_offers W_Validate_application W_Call_incomplete_files W_Validate_application W_Call_incomplete_files W_Validate_application W_Call_incomplete_files 
W_Complete_application W_Call_after_offers 
W_Complete_application W_Call_after_offers W_Validate_application W_Call_incomplete_files 
W_Complete_application W_Call_after_offers W_Validate_application W_Call_incomplete_files 
W_Complete_application W_Call_after_offers W_Validate_application W_Call_incomplete_files W_Validate_application 
W_Handle_leads W_Complete_application W_Call_after_offers W_Validate_application W_Call_incomplete_files W_Validate_application W_Call_incomplete_files 
W_Complete_application W_Call_after_offers W_Validate_application W_Call_incomplete_files W_Validate_application 
W_Complete_application W_Call_after_offers W_Validate_application 
W_Complete_application W_Call_after_offers W_Validate_application W_Call_incomplete_files 
W_Complete_application W_Call_after_offers W_Validate_application W_Call_incomplete_files W_Validate_application W_Call_incomplete_files 
W_Complete_application W_Call_after_offers W_Validate_application W_Call_incomplete_files W_Validate_application W_Call_incomplete_files W_Validate_application 
W_Complete_application W_Call_after_offers W_Validate_application W_Call_incomplete_files 
W_Complete_application W_Call_after_offers W_Validate_application W_Call_incomplete_files 
W_Complete_application W_Call_after_offers W_Validate_application W_Call_incomplete_files W_Validate_application 
W_Handle_leads W_Complete_application W_Call_after_offers W_Validate_application 
W_Complete_application W_Call_after_offers 
W_Complete_application W_Call_after_offers W_Validate_application W_Call_incomplete_files W_Validate_application W_Call_incomplete_files W_Validate_application W_Call_incomplete_files 
W_Complete_application W_Call_after_offers W_Validate_application 
W_Call_after_offers 
W_Complete_application W_Call_after_offers W_Validate_application W_Call_incomplete_files 
W_Complete_application W_Call_after_offers W_Validate_application W_Call_incomplete_files W_Validate_application 
W_Complete_application W_Call_after_offers W_Validate_application W_Call_incomplete_files W_Validate_application 
W_Complete_application W_Call_after_offers W_Validate_application W_Call_incomplete_files W_Validate_application W_Call_incomplete_files 
W_Complete_application W_Call_after_offers 
W_Complete_application W_Call_after_offers W_Validate_application W_Call_incomplete_files W_Validate_application 
W_Handle_leads W_Complete_application W_Call_after_offers 
W_Complete_application W_Call_after_offers W_Validate_application W_Validate_application W_Call_incomplete_files 
W_Complete_application W_Call_after_offers W_Validate_application W_Call_incomplete_files W_Validate_application 
W_Complete_application W_Call_after_offers W_Validate_application W_Call_incomplete_files W_Validate_application 
W_Complete_application W_Call_after_offers 
W_Complete_application W_Call_after_offers W_Validate_application W_Call_incomplete_files W_Validate_application W_Call_incomplete_files W_Validate_application W_Call_incomplete_files W_Validate_application W_Call_incomplete_files 
W_Complete_application W_Call_after_offers W_Validate_application 
W_Complete_application W_Call_after_offers W_Validate_application W_Call_incomplete_files W_Validate_application W_Call_incomplete_files 
W_Complete_application W_Call_after_offers W_Validate_application W_Call_incomplete_files W_Validate_application 
W_Complete_application W_Call_after_offers W_Validate_application W_Call_incomplete_files W_Validate_application W_Call_incomplete_files W_Validate_application 
W_Complete_application W_Call_after_offers 
W_Handle_leads W_Complete_application W_Call_after_offers W_Validate_application W_Call_incomplete_files 
W_Complete_application W_Call_after_offers 
W_Handle_leads W_Complete_application W_Call_after_offers 
W_Complete_application W_Call_after_offers W_Validate_application W_Call_incomplete_files W_Validate_application W_Call_incomplete_files W_Validate_application 
W_Complete_application W_Call_after_offers W_Validate_application W_Call_incomplete_files W_Validate_application W_Call_incomplete_files W_Validate_application W_Call_incomplete_files W_Validate_application 
W_Handle_leads W_Complete_application W_Call_after_offers W_Validate_application W_Call_incomplete_files W_Validate_application 
W_Complete_application W_Call_after_offers 
W_Handle_leads W_Complete_application W_Call_after_offers W_Validate_application W_Call_incomplete_files W_Validate_application 
W_Complete_application W_Call_after_offers W_Validate_application W_Call_incomplete_files W_Validate_application 
W_Handle_leads W_Complete_application W_Call_after_offers W_Validate_application W_Call_incomplete_files 
W_Handle_leads W_Complete_application W_Call_after_offers 
W_Handle_leads W_Complete_application W_Call_after_offers W_Validate_application W_Call_incomplete_files 
W_Complete_application W_Call_after_offers W_Validate_application W_Call_incomplete_files W_Validate_application W_Call_incomplete_files W_Validate_application 
W_Handle_leads W_Complete_application W_Call_after_offers W_Validate_application W_Call_incomplete_files W_Validate_application W_Call_incomplete_files 
W_Handle_leads W_Complete_application W_Call_after_offers W_Validate_application 
W_Handle_leads W_Complete_application W_Call_after_offers 
W_Complete_application W_Call_after_offers W_Validate_application 
W_Handle_leads W_Complete_application W_Call_after_offers 
W_Complete_application W_Call_after_offers W_Validate_application 
W_Complete_application W_Call_after_offers 
W_Complete_application W_Call_after_offers 
W_Handle_leads W_Complete_application W_Call_after_offers W_Validate_application 
W_Complete_application W_Call_after_offers W_Validate_application W_Call_incomplete_files 
W_Complete_application W_Call_after_offers 
W_Complete_application W_Call_after_offers W_Validate_application W_Call_incomplete_files W_Validate_application W_Call_incomplete_files 
W_Complete_application W_Call_after_offers W_Validate_application W_Call_incomplete_files W_Validate_application 
W_Complete_application W_Call_after_offers 
W_Complete_application W_Call_after_offers W_Validate_application W_Call_incomplete_files W_Validate_application W_Call_incomplete_files 
W_Complete_application W_Call_after_offers W_Validate_application W_Call_incomplete_files 
W_Complete_application W_Call_after_offers W_Validate_application W_Call_incomplete_files W_Validate_application 
W_Complete_application W_Call_after_offers W_Validate_application 
W_Complete_application W_Call_after_offers 
W_Complete_application W_Call_after_offers W_Call_after_offers 
W_Complete_application W_Call_after_offers 
W_Handle_leads W_Complete_application W_Call_after_offers W_Validate_application W_Call_incomplete_files W_Validate_application W_Call_incomplete_files W_Validate_application 
W_Handle_leads W_Complete_application W_Call_after_offers W_Validate_application W_Call_incomplete_files 
W_Handle_leads W_Complete_application W_Call_after_offers W_Validate_application W_Call_incomplete_files W_Validate_application W_Call_incomplete_files 
W_Complete_application W_Call_after_offers W_Validate_application W_Call_incomplete_files W_Validate_application W_Validate_application W_Call_incomplete_files 
W_Complete_application W_Call_after_offers W_Validate_application 
W_Handle_leads W_Complete_application W_Call_after_offers 
W_Complete_application W_Call_after_offers W_Validate_application W_Call_incomplete_files W_Validate_application W_Call_incomplete_files W_Validate_application 
W_Complete_application W_Call_after_offers W_Validate_application W_Call_incomplete_files W_Validate_application 
W_Handle_leads W_Complete_application W_Call_after_offers W_Validate_application 
W_Handle_leads W_Complete_application W_Call_after_offers W_Validate_application W_Call_incomplete_files 
W_Handle_leads W_Complete_application W_Call_after_offers W_Validate_application W_Call_incomplete_files 
W_Handle_leads W_Complete_application W_Call_after_offers W_Validate_application W_Call_incomplete_files W_Validate_application W_Call_incomplete_files 
W_Complete_application W_Call_after_offers W_Validate_application W_Call_incomplete_files W_Validate_application W_Call_incomplete_files W_Validate_application W_Call_incomplete_files W_Validate_application 
W_Complete_application W_Call_after_offers W_Validate_application W_Call_incomplete_files W_Validate_application W_Call_incomplete_files 
W_Complete_application W_Call_after_offers W_Validate_application W_Call_incomplete_files W_Validate_application W_Call_incomplete_files W_Validate_application 
W_Handle_leads W_Complete_application W_Call_after_offers 
W_Complete_application W_Call_after_offers 
W_Complete_application W_Call_after_offers W_Validate_application W_Validate_application W_Call_incomplete_files W_Validate_application W_Call_incomplete_files 
W_Complete_application W_Call_after_offers 
W_Complete_application W_Call_after_offers 
W_Handle_leads W_Complete_application W_Call_after_offers W_Validate_application 
W_Complete_application W_Call_after_offers 
W_Handle_leads W_Complete_application W_Call_after_offers W_Validate_application W_Call_incomplete_files W_Validate_application 
W_Handle_leads W_Complete_application W_Call_after_offers W_Validate_application 
W_Complete_application W_Call_after_offers W_Validate_application W_Call_incomplete_files 
W_Complete_application W_Call_after_offers 
W_Complete_application W_Call_after_offers 
W_Complete_application W_Call_after_offers 
W_Call_after_offers W_Validate_application W_Call_incomplete_files W_Validate_application W_Call_incomplete_files 
W_Complete_application W_Call_after_offers W_Validate_application W_Call_incomplete_files W_Validate_application W_Validate_application 
W_Complete_application W_Call_after_offers W_Validate_application 
W_Complete_application W_Call_after_offers W_Validate_application W_Call_incomplete_files W_Validate_application W_Call_incomplete_files W_Validate_application 
W_Call_after_offers W_Validate_application W_Call_incomplete_files 
W_Handle_leads W_Complete_application W_Call_after_offers 
W_Complete_application W_Call_after_offers W_Validate_application W_Call_incomplete_files W_Validate_application W_Call_incomplete_files 
W_Complete_application W_Call_after_offers W_Validate_application 
W_Complete_application W_Assess_potential_fraud W_Complete_application W_Call_after_offers W_Validate_application W_Call_incomplete_files W_Validate_application W_Call_incomplete_files 
W_Complete_application W_Call_after_offers W_Validate_application 
W_Complete_application W_Call_after_offers W_Validate_application W_Call_incomplete_files W_Validate_application 
W_Handle_leads W_Complete_application W_Call_after_offers W_Validate_application W_Call_incomplete_files W_Validate_application W_Call_incomplete_files 
W_Complete_application W_Call_after_offers W_Validate_application 
W_Complete_application W_Call_after_offers W_Validate_application W_Call_incomplete_files W_Validate_application 
W_Complete_application W_Call_after_offers 
W_Call_after_offers 
W_Complete_application W_Call_after_offers 
W_Complete_application W_Call_after_offers W_Call_after_offers 
W_Complete_application W_Call_after_offers 
W_Complete_application W_Call_after_offers 
W_Complete_application W_Call_after_offers W_Validate_application W_Call_incomplete_files W_Validate_application W_Call_incomplete_files 
W_Complete_application W_Call_after_offers W_Validate_application 
W_Complete_application W_Call_after_offers W_Validate_application W_Call_incomplete_files 
W_Complete_application W_Call_after_offers 
W_Complete_application W_Call_after_offers W_Validate_application 
W_Complete_application W_Call_after_offers W_Validate_application W_Call_incomplete_files W_Validate_application 
W_Complete_application W_Call_after_offers 
W_Handle_leads W_Complete_application W_Call_after_offers W_Validate_application W_Call_incomplete_files W_Validate_application W_Call_incomplete_files W_Validate_application W_Call_incomplete_files W_Validate_application 
W_Handle_leads W_Complete_application W_Call_after_offers 
W_Complete_application W_Call_after_offers 
W_Complete_application W_Call_after_offers 
W_Complete_application W_Call_after_offers W_Validate_application W_Call_incomplete_files W_Validate_application 
W_Complete_application W_Call_after_offers 
W_Complete_application W_Call_after_offers 
W_Handle_leads W_Complete_application W_Call_after_offers W_Validate_application W_Call_incomplete_files W_Validate_application W_Call_incomplete_files 
W_Complete_application W_Call_after_offers W_Validate_application 
W_Complete_application W_Call_after_offers W_Validate_application W_Call_incomplete_files W_Validate_application 
W_Complete_application W_Call_after_offers W_Validate_application W_Call_incomplete_files 
W_Complete_application W_Call_after_offers W_Validate_application W_Call_incomplete_files W_Call_incomplete_files 
W_Complete_application W_Call_after_offers W_Validate_application W_Call_incomplete_files 
W_Complete_application W_Call_after_offers 
W_Handle_leads W_Complete_application W_Call_after_offers W_Validate_application W_Call_incomplete_files W_Validate_application W_Call_incomplete_files W_Validate_application W_Call_incomplete_files W_Validate_application W_Call_incomplete_files 
W_Handle_leads W_Complete_application W_Call_after_offers 
W_Complete_application W_Call_after_offers W_Validate_application W_Call_incomplete_files W_Validate_application 
W_Complete_application W_Call_after_offers W_Validate_application W_Call_incomplete_files W_Validate_application W_Call_incomplete_files 
W_Handle_leads W_Complete_application W_Call_after_offers W_Validate_application W_Call_incomplete_files 
W_Complete_application W_Call_after_offers 
W_Complete_application W_Call_after_offers W_Validate_application W_Call_incomplete_files W_Validate_application W_Call_incomplete_files 
W_Complete_application W_Call_after_offers W_Validate_application W_Call_incomplete_files W_Validate_application W_Call_incomplete_files 
W_Complete_application W_Call_after_offers W_Validate_application 
W_Complete_application W_Call_after_offers W_Validate_application W_Call_incomplete_files 
W_Complete_application W_Call_after_offers W_Validate_application W_Call_incomplete_files W_Validate_application W_Call_incomplete_files 
W_Complete_application W_Call_after_offers W_Validate_application W_Call_incomplete_files 
W_Complete_application W_Call_after_offers W_Validate_application W_Call_incomplete_files W_Validate_application 
W_Complete_application W_Call_after_offers W_Validate_application W_Call_incomplete_files 
W_Complete_application W_Call_after_offers W_Validate_application W_Call_incomplete_files W_Validate_application W_Call_incomplete_files W_Validate_application W_Call_incomplete_files 
W_Call_after_offers W_Validate_application W_Call_incomplete_files W_Validate_application 
W_Complete_application W_Call_after_offers W_Validate_application W_Call_incomplete_files W_Validate_application W_Call_incomplete_files W_Validate_application W_Call_incomplete_files W_Validate_application W_Call_incomplete_files W_Validate_application 
W_Complete_application W_Call_after_offers W_Validate_application W_Call_incomplete_files 
W_Complete_application W_Call_after_offers W_Validate_application W_Call_incomplete_files W_Validate_application 
W_Handle_leads W_Complete_application W_Call_after_offers W_Validate_application 
W_Handle_leads W_Complete_application W_Call_after_offers 
W_Complete_application W_Call_after_offers W_Validate_application W_Call_incomplete_files 
W_Complete_application W_Call_after_offers W_Validate_application 
W_Handle_leads W_Complete_application W_Call_after_offers W_Validate_application W_Call_incomplete_files W_Validate_application W_Call_incomplete_files W_Validate_application 
W_Complete_application W_Call_after_offers 
W_Complete_application W_Call_after_offers 
W_Complete_application W_Call_after_offers 
W_Complete_application W_Call_after_offers W_Validate_application W_Call_incomplete_files 
W_Handle_leads W_Complete_application W_Call_after_offers 
W_Complete_application W_Call_after_offers W_Validate_application W_Call_incomplete_files W_Validate_application W_Call_incomplete_files W_Validate_application W_Call_incomplete_files 
W_Handle_leads W_Complete_application W_Call_after_offers W_Validate_application W_Call_incomplete_files 
W_Complete_application W_Call_after_offers W_Validate_application W_Call_incomplete_files W_Validate_application W_Call_incomplete_files 
W_Complete_application W_Call_after_offers W_Validate_application W_Call_incomplete_files W_Validate_application 
W_Complete_application W_Call_after_offers W_Validate_application 
W_Complete_application W_Call_after_offers W_Validate_application W_Call_incomplete_files 
W_Complete_application W_Call_after_offers W_Validate_application W_Call_incomplete_files W_Validate_application 
W_Handle_leads W_Complete_application W_Call_after_offers W_Validate_application W_Call_incomplete_files W_Validate_application 
W_Complete_application W_Call_after_offers W_Validate_application W_Call_incomplete_files W_Validate_application W_Call_incomplete_files 
W_Complete_application W_Complete_application W_Complete_application W_Complete_application W_Complete_application W_Call_after_offers W_Validate_application W_Call_incomplete_files W_Validate_application 
W_Handle_leads W_Complete_application W_Call_after_offers 
W_Complete_application W_Call_after_offers W_Validate_application W_Call_incomplete_files W_Validate_application 
W_Complete_application W_Call_after_offers W_Validate_application W_Call_incomplete_files 
W_Complete_application W_Call_after_offers 
W_Complete_application W_Call_after_offers W_Validate_application 
W_Complete_application W_Call_after_offers W_Validate_application W_Call_incomplete_files W_Validate_application 
W_Complete_application W_Call_after_offers W_Validate_application W_Call_incomplete_files W_Validate_application W_Call_incomplete_files W_Validate_application W_Call_incomplete_files 
W_Complete_application W_Call_after_offers W_Validate_application W_Call_incomplete_files W_Validate_application W_Call_incomplete_files 
W_Complete_application W_Call_after_offers W_Validate_application W_Call_incomplete_files W_Validate_application 
W_Complete_application W_Call_after_offers W_Validate_application W_Call_incomplete_files W_Validate_application W_Call_incomplete_files 
W_Complete_application W_Call_after_offers W_Validate_application W_Call_incomplete_files 
W_Complete_application W_Call_after_offers W_Validate_application W_Call_incomplete_files W_Validate_application W_Call_incomplete_files 
W_Complete_application W_Call_after_offers 
W_Complete_application W_Call_after_offers 
W_Complete_application W_Call_after_offers W_Validate_application W_Call_incomplete_files 
W_Complete_application W_Call_after_offers W_Validate_application 
W_Complete_application W_Call_after_offers W_Validate_application W_Call_incomplete_files W_Validate_application W_Call_incomplete_files W_Validate_application 
W_Complete_application W_Call_after_offers 
W_Complete_application W_Call_after_offers W_Validate_application W_Call_incomplete_files W_Validate_application W_Call_incomplete_files W_Validate_application W_Call_incomplete_files 
W_Complete_application W_Call_after_offers W_Validate_application W_Call_incomplete_files W_Validate_application 
W_Complete_application W_Call_after_offers W_Validate_application W_Call_incomplete_files W_Validate_application 
W_Complete_application W_Call_after_offers 
W_Complete_application W_Call_after_offers 
W_Complete_application W_Call_after_offers W_Validate_application W_Call_incomplete_files W_Validate_application W_Call_incomplete_files W_Validate_application W_Call_incomplete_files 
W_Complete_application W_Call_after_offers W_Validate_application W_Call_incomplete_files 
W_Complete_application W_Call_after_offers W_Validate_application W_Call_incomplete_files W_Validate_application 
W_Complete_application W_Call_after_offers W_Validate_application W_Call_incomplete_files 
W_Complete_application W_Call_after_offers W_Validate_application 
W_Handle_leads W_Complete_application W_Call_after_offers W_Validate_application W_Call_incomplete_files W_Validate_application 
W_Call_after_offers W_Validate_application W_Call_incomplete_files 
W_Complete_application W_Call_after_offers W_Validate_application W_Call_incomplete_files 
W_Call_after_offers W_Validate_application W_Call_incomplete_files W_Validate_application W_Call_incomplete_files 
W_Complete_application W_Call_after_offers 
W_Complete_application W_Call_after_offers W_Validate_application W_Call_incomplete_files W_Validate_application W_Call_incomplete_files 
W_Complete_application W_Call_after_offers W_Validate_application W_Call_incomplete_files W_Validate_application W_Call_incomplete_files W_Validate_application 
W_Complete_application W_Call_after_offers 
